--------- beginning of main
10-16 16:39:06.380 D/Tethering( 2877): interfaceLinkStateChanged wlan0, true
10-16 16:39:06.380 D/Tethering( 2877): interfaceStatusChanged wlan0, true
10-16 16:39:06.420 I/WiFiShortCut( 3091): the action is android.net.wifi.SCAN_RESULTS
10-16 16:39:09.980 D/DMD     ( 2488): ----------DoFileOperation-----scount= 112067
10-16 16:39:09.980 D/DMD     ( 2488):     sount = [112067] , rcvoffset = [2092774]  
10-16 16:39:09.980 D/DMD     ( 2488): ----------Buffer Swicthed to First OnE --buff2use==1-----
10-16 16:39:09.980 D/DMD     ( 2488): ----------DoFileOperationThread-----
10-16 16:39:09.980 D/DMD     ( 2488): ----------File String is gsvfileno : /data/slog/sbuff0.sdm  ----------
10-16 16:39:09.990 D/DMD     ( 2488): ----------File Del String is gsvfileno : /data/slog/sbuff1.zip  ----------
10-16 16:39:11.360 D/Tethering( 2877): interfaceLinkStateChanged wlan0, true
10-16 16:39:11.360 D/Tethering( 2877): interfaceStatusChanged wlan0, true
10-16 16:39:11.390 I/WiFiShortCut( 3091): the action is android.net.wifi.SCAN_RESULTS
10-16 16:39:16.380 D/Tethering( 2877): interfaceLinkStateChanged wlan0, true
10-16 16:39:16.380 D/Tethering( 2877): interfaceStatusChanged wlan0, true
10-16 16:39:16.420 I/WiFiShortCut( 3091): the action is android.net.wifi.SCAN_RESULTS
10-16 16:39:18.700 D/SwitchPreference( 3181): switch lintener onCheckedChanged, check:false; isChecked():true
10-16 16:39:18.700 D/NfcService( 3630): Disabling Nfc.
10-16 16:39:18.700 I/NfcService( 3630): Disabling NFC Disabling ESE/UICC
10-16 16:39:18.700 D/BrcmNfcJni( 3630): nfcManager_doDeselectSecureElement: enter
10-16 16:39:18.700 D/BrcmNfcJni( 3630): startRfDiscovery: is start=0
10-16 16:39:18.700 I/BrcmNfcNfa( 3630): NFA_StopRfDiscovery ()
10-16 16:39:18.700 I/BrcmNfcNfa( 3630): NFA got event 0x010F
10-16 16:39:18.700 I/BrcmNfcNfa( 3630): nfa_dm_evt_hdlr event: NFA_DM_API_STOP_RF_DISCOVERY_EVT (0x0f)
10-16 16:39:18.710 I/BrcmNfcNfa( 3630): nfa_dm_act_stop_rf_discovery ()
10-16 16:39:18.710 I/BrcmNfcNfa( 3630): nfa_dm_rf_deactivate () deactivate_type:0x0
10-16 16:39:18.710 I/BrcmNfcNfa( 3630): nfa_dm_disc_sm_execute (): state: DISCOVERY (1), event: DEACTIVATE_CMD(6) disc_flags: 0x2
10-16 16:39:18.710 I/BrcmNfcNfa( 3630): NFC_Deactivate 4 (IDLE) deactivate_type:0
10-16 16:39:18.710 I/BrcmNfcNfa( 3630): nfc_ncif_send_cmd.
10-16 16:39:18.710 D/NfcAdaptation( 3630): NfcAdaptation::HalWrite
10-16 16:39:18.710 D/NxpExtns( 3630): const CNfcParam* CNfcConfig::find(const char*) const found MIFARE_READER_ENABLE=
10-16 16:39:18.710 D/NxpTml  ( 3630): PN54X - Write requested.....
10-16 16:39:18.710 D/NxpTml  ( 3630): PN54X - Invoking I2C Write.....
10-16 16:39:18.710 E/NxpTml  ( 3630): _i2c_write() errno : 5
10-16 16:39:18.710 E/NxpTml  ( 3630): PN54X - Error in I2C Write.....
10-16 16:39:18.710 D/NxpTml  ( 3630): PN54X - Posting Fresh Write message.....
10-16 16:39:18.710 D/NxpTml  ( 3630): PN54X - Tml Writer Thread Running................
10-16 16:39:18.710 E/NxpHal  ( 3630): write error status = 0x1ff
10-16 16:39:18.710 E/NxpHal  ( 3630): write_unlocked failed - PN54X Maybe in Standby Mode - Retry
10-16 16:39:18.710 D/NxpTml  ( 3630): PN54X - Write requested.....
10-16 16:39:18.710 D/NxpTml  ( 3630): PN54X - Invoking I2C Write.....
10-16 16:39:18.710 D/NxpNciX ( 3630): len =   4 > 21060100
10-16 16:39:18.710 D/NxpTml  ( 3630): PN54X - I2C Write successful.....
10-16 16:39:18.710 D/NxpTml  ( 3630): PN54X - Posting Fresh Write message.....
10-16 16:39:18.710 D/NxpTml  ( 3630): PN54X - Tml Writer Thread Running................
10-16 16:39:18.710 D/NxpHal  ( 3630): write successful status = 0x0
10-16 16:39:18.710 I/BrcmNfcNfa( 3630): nfa_dm_disc_sm_execute (): new state: DISCOVERY (1), disc_flags: 0x22
10-16 16:39:18.710 I/BrcmNfcNfa( 3630): nfa_sys_ptim_stop_timer 9792a6b0
10-16 16:39:18.710 I/BrcmNfcNfa( 3630): ptim timer stop
10-16 16:39:18.710 I/BrcmNfcNfa( 3630): Stopped presence check timer (if started)
10-16 16:39:18.710 D/NxpTml  ( 3630): PN54X - I2C Read successful.....
10-16 16:39:18.710 D/NxpNciR ( 3630): len =   4 > 41060100
10-16 16:39:18.710 D/NxpTml  ( 3630): PN54X - Posting read message.....
10-16 16:39:18.710 D/NxpHal  ( 3630): read successful status = 0x0
10-16 16:39:18.710 D/NfcAdaptation( 3630): NfcAdaptation::HalDeviceContextDataCallback: len=4
10-16 16:39:18.710 D/NxpTml  ( 3630): PN54X - Read requested.....
10-16 16:39:18.710 I/BrcmNfcNfa( 3630): NFC received rsp gid:1
10-16 16:39:18.710 D/NxpTml  ( 3630): PN54X - Invoking I2C Read.....
10-16 16:39:18.710 I/BrcmNfcNfa( 3630): P2P_Prio_Logic
10-16 16:39:18.710 I/BrcmNfcNfa( 3630): nfa_dm_p2p_prio_logic type = 0xff
10-16 16:39:18.710 I/BrcmNfcNfa( 3630): returning TRUE
10-16 16:39:18.710 I/BrcmNfcNfa( 3630): nfc_set_state 4 (IDLE)->4 (IDLE)
10-16 16:39:18.710 I/BrcmNfcNfa( 3630): nfa_dm_disc_data_cback ()
10-16 16:39:18.710 I/BrcmNfcNfa( 3630): nfa_dm_disc_discovery_cback (): event:0x4005
10-16 16:39:18.710 I/BrcmNfcNfa( 3630): nfa_dm_disc_sm_execute (): state: DISCOVERY (1), event: DEACTIVATE_RSP(7) disc_flags: 0x22
10-16 16:39:18.710 I/BrcmNfcNfa( 3630): nfa_dm_disc_new_state (): old_state: DISCOVERY (1), new_state: IDLE (0) disc_flags: 0x2
10-16 16:39:18.720 D/BrcmNfcJni( 3630): nfaConnectionCallback: event= 31
10-16 16:39:18.720 D/BrcmNfcJni( 3630): nfaConnectionCallback: NFA_RF_DISCOVERY_STOPPED_EVT: status = 0
10-16 16:39:18.720 D/BrcmNfcJni( 3630): notifyPollingEventwhileNfcOff: sDiscCmdwhleNfcOff=1
10-16 16:39:18.720 E/BrcmNfcJni( 3630): getReconnectState = 0x0
10-16 16:39:18.720 I/BrcmNfcNfa( 3630): nfa_dm_start_rf_discover ()
10-16 16:39:18.720 I/BrcmNfcNfa( 3630): nfa_dm_disc_sm_execute (): new state: IDLE (0), disc_flags: 0x0
10-16 16:39:18.720 D/BrcmNfcJni( 3630): SecureElement::isBusy: 0
10-16 16:39:18.720 D/BrcmNfcJni( 3630): SecureElement::deactivate: enter; seID=0x2, mActiveEeHandle=0xFFFF
10-16 16:39:18.720 D/BrcmNfcJni( 3630): SecureElement::deactivate: handle=0x402
10-16 16:39:18.720 D/BrcmNfcJni( 3630): SecureElement::deactivate: exit; ok=0
10-16 16:39:18.720 D/BrcmNfcJni( 3630): PowerSwitch::setModeOff(deactivated=0x2) : mCurrActivity=0x1
10-16 16:39:18.720 D/BrcmNfcJni( 3630): nfcManager_doDeselectSecureElement: exit
10-16 16:39:18.720 D/BrcmNfcJni( 3630): nfcManager_doDeselectSecureElement: enter
10-16 16:39:18.720 D/BrcmNfcJni( 3630): SecureElement::isBusy: 0
10-16 16:39:18.720 D/BrcmNfcJni( 3630): SecureElement::deactivate: enter; seID=0x1, mActiveEeHandle=0xFFFF
10-16 16:39:18.720 D/BrcmNfcJni( 3630): SecureElement::deactivate: handle=0x4C0
10-16 16:39:18.720 D/BrcmNfcJni( 3630): SecureElement::deactivate: set EE mode activate; h=0x4C0
10-16 16:39:18.720 I/BrcmNfcNfa( 3630): NFA_EeModeSet(): handle:<0x4c0>, mode:0x00
10-16 16:39:18.720 I/BrcmNfcNfa( 3630): NFA got event 0x0203
10-16 16:39:18.720 I/BrcmNfcNfa( 3630): nfa_ee_evt_hdlr (): Event API_MODE_SET(0x203), State: INIT_DONE(1)
10-16 16:39:18.720 I/BrcmNfcNfa( 3630): nfa_ee_api_mode_set() handle:0xc0 mode:0
10-16 16:39:18.720 I/BrcmNfcNfa( 3630): nfc_ncif_send_cmd.
10-16 16:39:18.720 D/NfcAdaptation( 3630): NfcAdaptation::HalWrite
10-16 16:39:18.720 D/NxpExtns( 3630): const CNfcParam* CNfcConfig::find(const char*) const found MIFARE_READER_ENABLE=
10-16 16:39:18.720 D/NxpTml  ( 3630): PN54X - Write requested.....
10-16 16:39:18.720 D/NxpTml  ( 3630): PN54X - Invoking I2C Write.....
10-16 16:39:18.720 D/NxpNciX ( 3630): len =   5 > 220102C000
10-16 16:39:18.720 D/NxpTml  ( 3630): PN54X - I2C Write successful.....
10-16 16:39:18.720 D/NxpTml  ( 3630): PN54X - Posting Fresh Write message.....
10-16 16:39:18.720 D/NxpTml  ( 3630): PN54X - Tml Writer Thread Running................
10-16 16:39:18.720 D/NxpHal  ( 3630): write successful status = 0x0
10-16 16:39:18.720 D/NxpTml  ( 3630): PN54X - I2C Read successful.....
10-16 16:39:18.720 D/NxpNciR ( 3630): len =   4 > 42010100
10-16 16:39:18.720 D/NxpTml  ( 3630): PN54X - Posting read message.....
10-16 16:39:18.720 D/NxpHal  ( 3630): read successful status = 0x0
10-16 16:39:18.720 D/NfcAdaptation( 3630): NfcAdaptation::HalDeviceContextDataCallback: len=4
10-16 16:39:18.720 I/BrcmNfcNfa( 3630): NFC received rsp gid:2
10-16 16:39:18.720 I/BrcmNfcNfa( 3630): nci_proc_ee_management_rsp opcode:0x1
10-16 16:39:18.720 D/NxpTml  ( 3630): PN54X - Read requested.....
10-16 16:39:18.720 I/BrcmNfcNfa( 3630): nfa_dm_nfc_response_cback () NFC_NFCEE_MODE_SET_REVT(0x5006)
10-16 16:39:18.720 D/NxpTml  ( 3630): PN54X - Invoking I2C Read.....
10-16 16:39:18.720 I/BrcmNfcNfa( 3630): nfa_ee_proc_evt: event=0x5006 int_event:0x20f
10-16 16:39:18.720 I/BrcmNfcNfa( 3630): nfa_ee_evt_hdlr (): Event NCI_MODE_SET(0x20f), State: INIT_DONE(1)
10-16 16:39:18.720 I/BrcmNfcNfa( 3630): nfa_ee_nci_mode_set_rsp() handle:0xc0 mode:0
10-16 16:39:18.720 I/BrcmNfcNfa( 3630): nfa_ee_find_ecb ()
10-16 16:39:18.720 I/BrcmNfcNfa( 3630): status:0 ecb_flags  :0x00 ee_cfged:0x02 ee_status:1
10-16 16:39:18.720 D/BrcmNfcJni( 3630): RoutingManager::nfaEeCallback: NFA_EE_MODE_SET_EVT; status: 0x0000  handle: 0x04C0  mActiveEeHandle: 0xFFFF
10-16 16:39:18.720 D/BrcmNfcJni( 3630): SecureElement::notifyModeSet: NFA_EE_MODE_SET_EVT; pEE->ee_status: Connected/Inactive (0x0001)
10-16 16:39:18.720 D/BrcmNfcJni( 3630): SecureElement::deactivate: eeItem.ee_status =0x1  NFC_NFCEE_STATUS_INACTIVE = 1
10-16 16:39:18.720 I/BrcmNfcNfa( 3630): nfa_hci_ee_info_cback (): 2
10-16 16:39:18.720 E/BrcmNfcJni( 3630): SecureElement::deactivate: NFA_EeModeSet success; status=0x0
10-16 16:39:18.720 I/BrcmNfcNfa( 3630): nfa_dm_is_active () flags:0x5
10-16 16:39:18.720 D/BrcmNfcJni( 3630): SecureElement::deactivate: exit; ok=1
10-16 16:39:18.720 D/BrcmNfcJni( 3630): nfaEeCallback: NFA_EE_DISCOVER_REQ_EVT; status=0x0; num ee=0
10-16 16:39:18.720 D/BrcmNfcJni( 3630): PowerSwitch::setModeOff(deactivated=0x2) : mCurrActivity=0x1
10-16 16:39:18.720 D/BrcmNfcJni( 3630): nfcManager_doDeselectSecureElement: exit
10-16 16:39:18.720 D/SwitchPreference( 3181): onSwitchCheckedChange, isChecked:false; isChecked():true
10-16 16:39:18.720 I/NfcService( 3630): Disabling NFC
10-16 16:39:18.730 V/NfcShortCut( 3091): updateViews()_NfcAdapter.STATE_TURNING_OFF
10-16 16:39:18.730 D/NfcP2pLinkManager( 3630): enableDisable: llcp deactivate
10-16 16:39:18.730 I/NfcP2pLinkManager( 3630): LLCP deactivated.
10-16 16:39:18.730 I/NfcP2pLinkManager( 3630): Duplicate onLlcpDectivated()
10-16 16:39:18.730 D/BrcmNfcJni( 3630): nativeLlcpServiceSocket_doClose: enter
10-16 16:39:18.730 D/BrcmNfcJni( 3630): PeerToPeer::deregisterServer: enter; JNI handle: 14
10-16 16:39:18.730 D/BrcmNfcJni( 3630): P2pServer::accept: serverJniHandle: 14; connJniHandle: 17; nfa conn h: 0xFFFF; got incoming connection
10-16 16:39:18.730 D/BrcmNfcJni( 3630): P2pServer::accept: no handle assigned
10-16 16:39:18.730 E/BrcmNfcJni( 3630): nativeLlcpServiceSocket_doAccept: fail accept
10-16 16:39:18.730 D/BrcmNfcJni( 3630): nativeLlcpServiceSocket_doAccept: exit
10-16 16:39:18.730 E/SnepServer( 3630): IO error
10-16 16:39:18.730 E/SnepServer( 3630): java.io.IOException
10-16 16:39:18.730 E/SnepServer( 3630): 	at com.android.nfc.dhimpl.NativeLlcpServiceSocket.accept(NativeLlcpServiceSocket.java:42)
10-16 16:39:18.730 E/SnepServer( 3630): 	at com.android.nfc.snep.SnepServer$ServerThread.run(SnepServer.java:233)
10-16 16:39:18.730 I/BrcmNfcNfa( 3630): NFA_P2pDeregister (): handle:0x504
10-16 16:39:18.730 D/BrcmNfcJni( 3630): PeerToPeer::removeServer: server jni_handle: 14;  nfa_handle: 0x0504; name: urn:nfc:sn:snep; index=1
10-16 16:39:18.730 D/BrcmNfcJni( 3630): PeerToPeer::deregisterServer: exit
10-16 16:39:18.730 I/BrcmNfcNfa( 3630): NFA got event 0x0302
10-16 16:39:18.730 D/BrcmNfcJni( 3630): nativeLlcpServiceSocket_doClose: exit
10-16 16:39:18.730 I/BrcmNfcNfa( 3630): nfa_p2p_evt_hdlr (): LLCP State [Link LISTENING], Event [API_DEREG]
10-16 16:39:18.730 I/BrcmNfcNfa( 3630): nfa_p2p_dereg ()
10-16 16:39:18.730 I/BrcmNfcNfa( 3630): LLCP_Deregister () SAP:0x4
10-16 16:39:18.730 I/BrcmNfcNfa( 3630): LLCP_FlushLogicalLinkRxData () Local SAP:0x4
10-16 16:39:18.730 D/NdefPushServer( 3630): stop, thread = Thread[Thread-72,5,main]
10-16 16:39:18.730 D/NdefPushServer( 3630): shuting down server thread
10-16 16:39:18.730 D/BrcmNfcJni( 3630): nativeLlcpServiceSocket_doClose: enter
10-16 16:39:18.730 D/BrcmNfcJni( 3630): PeerToPeer::deregisterServer: enter; JNI handle: 15
10-16 16:39:18.730 I/BrcmNfcNfa( 3630): NFA_P2pDeregister (): handle:0x511
10-16 16:39:18.730 D/BrcmNfcJni( 3630): P2pServer::accept: serverJniHandle: 15; connJniHandle: 18; nfa conn h: 0xFFFF; got incoming connection
10-16 16:39:18.730 D/BrcmNfcJni( 3630): P2pServer::accept: no handle assigned
10-16 16:39:18.730 E/BrcmNfcJni( 3630): nativeLlcpServiceSocket_doAccept: fail accept
10-16 16:39:18.730 I/BrcmNfcNfa( 3630): NFA_P2pDeregister (): handle:0x511
10-16 16:39:18.730 I/BrcmNfcNfa( 3630): nfa_p2p_set_config ()
10-16 16:39:18.730 I/BrcmNfcNfa( 3630): LLCP_GetDiscoveryConfig ()
10-16 16:39:18.730 I/BrcmNfcNfa( 3630): nfa_dm_check_set_config ()
10-16 16:39:18.730 D/BrcmNfcJni( 3630): nativeLlcpServiceSocket_doAccept: exit
10-16 16:39:18.730 E/NdefPushServer( 3630): IO error
10-16 16:39:18.730 E/NdefPushServer( 3630): java.io.IOException
10-16 16:39:18.730 E/NdefPushServer( 3630): 	at com.android.nfc.dhimpl.NativeLlcpServiceSocket.accept(NativeLlcpServiceSocket.java:42)
10-16 16:39:18.730 E/NdefPushServer( 3630): 	at com.android.nfc.ndefpush.NdefPushServer$ServerThread.run(NdefPushServer.java:154)
10-16 16:39:18.730 D/BrcmNfcJni( 3630): PeerToPeer::removeServer: server jni_handle: 15;  nfa_handle: 0x0511; name: com.android.npp; index=2
10-16 16:39:18.740 I/BrcmNfcNfa( 3630): nfc_ncif_send_cmd.
10-16 16:39:18.740 D/NfcAdaptation( 3630): NfcAdaptation::HalWrite
10-16 16:39:18.740 D/NxpExtns( 3630): const CNfcParam* CNfcConfig::find(const char*) const found MIFARE_READER_ENABLE=
10-16 16:39:18.740 D/NxpTml  ( 3630): PN54X - Write requested.....
10-16 16:39:18.740 D/NxpTml  ( 3630): PN54X - Invoking I2C Write.....
10-16 16:39:18.740 D/BrcmNfcJni( 3630): PeerToPeer::deregisterServer: exit
10-16 16:39:18.740 D/BrcmNfcJni( 3630): nativeLlcpServiceSocket_doClose: exit
10-16 16:39:18.740 D/BrcmNfcJni( 3630): nativeLlcpServiceSocket_doClose: enter
10-16 16:39:18.740 D/BrcmNfcJni( 3630): PeerToPeer::deregisterServer: enter; JNI handle: 13
10-16 16:39:18.740 I/BrcmNfcNfa( 3630): NFA_P2pDeregister (): handle:0x510
10-16 16:39:18.740 D/BrcmNfcJni( 3630): PeerToPeer::removeServer: server jni_handle: 13;  nfa_handle: 0x0510; name: urn:nfc:sn:handover; index=0
10-16 16:39:18.740 D/BrcmNfcJni( 3630): PeerToPeer::deregisterServer: exit
10-16 16:39:18.740 D/NxpNciX ( 3630): len =  26 > 20021701291446666D010111020207FF03020003040164070103
10-16 16:39:18.740 D/NxpTml  ( 3630): PN54X - I2C Write successful.....
10-16 16:39:18.740 D/NxpTml  ( 3630): PN54X - Posting Fresh Write message.....
10-16 16:39:18.740 D/NxpTml  ( 3630): PN54X - Tml Writer Thread Running................
10-16 16:39:18.740 D/NxpHal  ( 3630): write successful status = 0x0
10-16 16:39:18.740 I/BrcmNfcNfa( 3630): nfa_dm_check_set_config ()
10-16 16:39:18.740 I/BrcmNfcNfa( 3630): nfc_ncif_send_cmd.
10-16 16:39:18.740 I/BrcmNfcNfa( 3630): nfc_ncif_check_cmd_queue : making  p_buf NULL.
10-16 16:39:18.740 I/BrcmNfcNfa( 3630): NFA got event 0x0302
10-16 16:39:18.740 I/BrcmNfcNfa( 3630): nfa_p2p_evt_hdlr (): LLCP State [Link LISTENING], Event [API_DEREG]
10-16 16:39:18.740 I/BrcmNfcNfa( 3630): nfa_p2p_dereg ()
10-16 16:39:18.740 I/BrcmNfcNfa( 3630): LLCP_Deregister () SAP:0x11
10-16 16:39:18.740 D/BrcmNfcJni( 3630): nativeLlcpServiceSocket_doClose: exit
10-16 16:39:18.740 I/BrcmNfcNfa( 3630): LLCP_FlushLogicalLinkRxData () Local SAP:0x11
10-16 16:39:18.740 I/BrcmNfcNfa( 3630): NFA got event 0x0302
10-16 16:39:18.740 I/BrcmNfcNfa( 3630): nfa_p2p_evt_hdlr (): LLCP State [Link LISTENING], Event [API_DEREG]
10-16 16:39:18.740 I/BrcmNfcNfa( 3630): nfa_p2p_dereg ()
10-16 16:39:18.740 I/BrcmNfcNfa( 3630): LLCP_Deregister () SAP:0x10
10-16 16:39:18.740 I/BrcmNfcNfa( 3630): LLCP_FlushLogicalLinkRxData () Local SAP:0x10
10-16 16:39:18.740 I/BrcmNfcNfa( 3630): nfa_p2p_disable_listening ()  sys_id = 3, update_wks = 0
10-16 16:39:18.740 I/BrcmNfcNfa( 3630): nfa_dm_delete_rf_discover () handle=0x3
10-16 16:39:18.740 D/BrcmNfcJni( 3630): P2pServer::accept: serverJniHandle: 13; connJniHandle: 16; nfa conn h: 0xFFFF; got incoming connection
10-16 16:39:18.740 D/BrcmNfcJni( 3630): nfcManager_doDeinitialize: enter
10-16 16:39:18.740 D/BrcmNfcJni( 3630): DwpChannel::doDwpChannel_ForceExit: enter:
10-16 16:39:18.740 D/BrcmNfcJni( 3630): DwpChannel::doDwpChannel_ForceExit: exit
10-16 16:39:18.740 I/BrcmNfcNfa( 3630): NFA_HciW4eSETransaction_Complete; type=0
10-16 16:39:18.740 I/BrcmNfcNfa( 3630): NFA_HciW4eSETransaction_Complete; End
10-16 16:39:18.740 D/BrcmNfcJni( 3630): P2pServer::accept: no handle assigned
10-16 16:39:18.740 D/BrcmNfcJni( 3630): pn544InteropAbortNow
10-16 16:39:18.740 E/BrcmNfcJni( 3630): nativeLlcpServiceSocket_doAccept: fail accept
10-16 16:39:18.740 D/BrcmNfcJni( 3630): SecureElement::finalize: enter
10-16 16:39:18.740 D/BrcmNfcJni( 3630): SecureElement::finalize: exit
10-16 16:39:18.740 D/BrcmNfcJni( 3630): nativeLlcpServiceSocket_doAccept: exit
10-16 16:39:18.740 D/BrcmNfcJni( 3630): PowerSwitch::initialize: level=PS-UNKNOWN (0)
10-16 16:39:18.740 D/NfcAdaptation( 3630): const CNfcParam* CNfcConfig::find(const char*) const found SCREEN_OFF_POWER_STATE=(0x1)
10-16 16:39:18.740 D/BrcmNfcJni( 3630): PowerSwitch::initialize: desired screen-off state=1
10-16 16:39:18.740 D/BrcmNfcJni( 3630): SetVenConfigValue: enter
10-16 16:39:18.740 D/BrcmNfcJni( 3630): Setting the VEN_CFG to 2, Disable ESE events
10-16 16:39:18.740 D/BrcmNfcJni( 3630): SetVenConfigValue: Success NFA_SendNxpNciCommand
10-16 16:39:18.740 I/BrcmNfcNfa( 3630): NFA got event 0x011A
10-16 16:39:18.740 I/BrcmNfcNfa( 3630): nfa_dm_evt_hdlr event: Unknown or Vendor Specific (0x1a)
10-16 16:39:18.740 I/BrcmNfcNfa( 3630): nfc_ncif_check_cmd_queue : making  p_buf NULL.
10-16 16:39:18.740 E/HandoverServer( 3630): IO error
10-16 16:39:18.740 E/HandoverServer( 3630): java.io.IOException
10-16 16:39:18.740 E/HandoverServer( 3630): 	at com.android.nfc.dhimpl.NativeLlcpServiceSocket.accept(NativeLlcpServiceSocket.java:42)
10-16 16:39:18.740 E/HandoverServer( 3630): 	at com.android.nfc.handover.HandoverServer$ServerThread.run(HandoverServer.java:129)
10-16 16:39:18.750 D/NxpTml  ( 3630): PN54X - I2C Read successful.....
10-16 16:39:18.750 D/NxpNciR ( 3630): len =   5 > 4002020000
10-16 16:39:18.750 D/NxpTml  ( 3630): PN54X - Posting read message.....
10-16 16:39:18.750 D/NxpHal  ( 3630): read successful status = 0x0
10-16 16:39:18.750 D/NxpHal  ( 3630): phNxpNciHal_print_res_status: response status =STATUS_OK
10-16 16:39:18.750 D/NfcAdaptation( 3630): NfcAdaptation::HalDeviceContextDataCallback: len=5
10-16 16:39:18.760 I/BrcmNfcNfa( 3630): NFC received rsp gid:0
10-16 16:39:18.760 I/BrcmNfcNfa( 3630): nci_proc_core_rsp opcode:0x2
10-16 16:39:18.760 I/BrcmNfcNfa( 3630): nfa_dm_nfc_response_cback () NFC_SET_CONFIG_REVT(0x5002)
10-16 16:39:18.760 D/NfcAdaptation( 3630): NfcAdaptation::HalWrite
10-16 16:39:18.760 D/NxpExtns( 3630): const CNfcParam* CNfcConfig::find(const char*) const found MIFARE_READER_ENABLE=
10-16 16:39:18.760 D/NxpTml  ( 3630): PN54X - Read requested.....
10-16 16:39:18.760 D/NxpTml  ( 3630): PN54X - Invoking I2C Read.....
10-16 16:39:18.760 D/NxpTml  ( 3630): PN54X - Write requested.....
10-16 16:39:18.760 D/NxpTml  ( 3630): PN54X - Invoking I2C Write.....
10-16 16:39:18.760 D/NxpNciX ( 3630): len =  26 > 20021701611446666D010111020207FF03020003040164070103
10-16 16:39:18.760 D/NxpTml  ( 3630): PN54X - I2C Write successful.....
10-16 16:39:18.760 D/NxpTml  ( 3630): PN54X - Posting Fresh Write message.....
10-16 16:39:18.760 D/NxpTml  ( 3630): PN54X - Tml Writer Thread Running................
10-16 16:39:18.760 D/NxpHal  ( 3630): write successful status = 0x0
10-16 16:39:18.770 D/NxpTml  ( 3630): PN54X - I2C Read successful.....
10-16 16:39:18.770 D/NxpNciR ( 3630): len =   5 > 4002020000
10-16 16:39:18.770 D/NxpTml  ( 3630): PN54X - Posting read message.....
10-16 16:39:18.770 D/NxpHal  ( 3630): read successful status = 0x0
10-16 16:39:18.770 D/NxpHal  ( 3630): phNxpNciHal_print_res_status: response status =STATUS_OK
10-16 16:39:18.770 D/NfcAdaptation( 3630): NfcAdaptation::HalDeviceContextDataCallback: len=5
10-16 16:39:18.770 D/NxpTml  ( 3630): PN54X - Read requested.....
10-16 16:39:18.770 D/NxpTml  ( 3630): PN54X - Invoking I2C Read.....
10-16 16:39:18.770 I/BrcmNfcNfa( 3630): NFC received rsp gid:0
10-16 16:39:18.770 I/BrcmNfcNfa( 3630): nci_proc_core_rsp opcode:0x2
10-16 16:39:18.770 I/BrcmNfcNfa( 3630): nfa_dm_nfc_response_cback () NFC_SET_CONFIG_REVT(0x5002)
10-16 16:39:18.770 D/NfcAdaptation( 3630): NfcAdaptation::HalWrite
10-16 16:39:18.770 D/NxpExtns( 3630): const CNfcParam* CNfcConfig::find(const char*) const found MIFARE_READER_ENABLE=
10-16 16:39:18.770 D/NxpTml  ( 3630): PN54X - Write requested.....
10-16 16:39:18.770 D/NxpTml  ( 3630): PN54X - Invoking I2C Write.....
10-16 16:39:18.770 D/NxpNciX ( 3630): len =   8 > 20020501A0070102
10-16 16:39:18.770 D/NxpTml  ( 3630): PN54X - I2C Write successful.....
10-16 16:39:18.770 D/NxpTml  ( 3630): PN54X - Posting Fresh Write message.....
10-16 16:39:18.770 D/NxpTml  ( 3630): PN54X - Tml Writer Thread Running................
10-16 16:39:18.770 D/NxpHal  ( 3630): write successful status = 0x0
10-16 16:39:18.780 D/NxpTml  ( 3630): PN54X - I2C Read successful.....
10-16 16:39:18.780 D/NxpNciR ( 3630): len =   5 > 4002020000
10-16 16:39:18.780 D/NxpTml  ( 3630): PN54X - Posting read message.....
10-16 16:39:18.780 D/NxpHal  ( 3630): read successful status = 0x0
10-16 16:39:18.780 D/NxpHal  ( 3630): phNxpNciHal_print_res_status: response status =STATUS_OK
10-16 16:39:18.780 D/NfcAdaptation( 3630): NfcAdaptation::HalDeviceContextDataCallback: len=5
10-16 16:39:18.780 D/NxpTml  ( 3630): PN54X - Read requested.....
10-16 16:39:18.780 D/BrcmNfcJni( 3630): NxpResponse_SetVenConfig_Cb Received length data = 0x5 status = 0x0
10-16 16:39:18.780 E/BrcmNfcJni( 3630): nfcManager_doDeinitialize: set the VEN_CFG to 2
10-16 16:39:18.780 I/BrcmNfcNfa( 3630): NFA_Disable (graceful=1)
10-16 16:39:18.780 D/BrcmNfcJni( 3630): nfcManager_doDeinitialize: wait for completion
10-16 16:39:18.780 I/BrcmNfcNfa( 3630): NFA got event 0x0101
10-16 16:39:18.780 D/NxpTml  ( 3630): PN54X - Invoking I2C Read.....
10-16 16:39:18.780 I/BrcmNfcNfa( 3630): nfa_dm_evt_hdlr event: NFA_DM_API_DISABLE_EVT (0x01)
10-16 16:39:18.780 I/BrcmNfcNfa( 3630): nfa_dm_disable (): graceful:1
10-16 16:39:18.780 I/BrcmNfcNfa( 3630): nfa_sys_ptim_start_timer 97929130
10-16 16:39:18.780 I/BrcmNfcNfa( 3630): ptim timer start
10-16 16:39:18.780 I/BrcmNfcNfa( 3630): nfa_sys: disabling subsystems:1
10-16 16:39:18.780 I/BrcmNfcNfa( 3630): nfa_ee_sys_disable ()
10-16 16:39:18.780 I/BrcmNfcNfa( 3630): nfa_ee_api_deregister
10-16 16:39:18.780 E/BrcmNfcJni( 3630): RoutingManager::nfaEeCallback: unknown event=2 ????
10-16 16:39:18.780 I/BrcmNfcNfa( 3630): nfa_sys_ptim_stop_timer 97929ac8
10-16 16:39:18.780 I/BrcmNfcNfa( 3630): nfa_sys_ptim_stop_timer 97929af8
10-16 16:39:18.780 I/BrcmNfcNfa( 3630): nfa_ee_report_disc_done() em_state:4 num_ee_expecting:0 notify_enable_done:0
10-16 16:39:18.780 I/BrcmNfcNfa( 3630): NFA_AllEeGetInfo em_state:4 cur_ee:3
10-16 16:39:18.780 D/BluetoothOppHandoverReceiver( 5509): action = android.nfc.action.ADAPTER_STATE_CHANGED
10-16 16:39:18.780 I/BrcmNfcNfa( 3630): xx:0 max_ret:3, num_ret:0 ee_status:0x0
10-16 16:39:18.780 D/BluetoothOppHandoverReceiver( 5509): state = -1
10-16 16:39:18.780 E/BluetoothOppHandoverReceiver( 5509): error: MZ_NFC_P2P_STATE_CHANGED is neither 0nor 1
10-16 16:39:18.780 I/BrcmNfcNfa( 3630): xx:1 max_ret:3, num_ret:1 ee_status:0x1
10-16 16:39:18.780 I/BrcmNfcNfa( 3630): xx:2 max_ret:3, num_ret:2 ee_status:0x2
10-16 16:39:18.780 I/BrcmNfcNfa( 3630): num_ret:3
10-16 16:39:18.780 I/BrcmNfcNfa( 3630): nfa_sys: deregistering subsystem 2
10-16 16:39:18.780 I/BrcmNfcNfa( 3630): nfa_p2p_sys_disable()
10-16 16:39:18.780 I/BrcmNfcNfa( 3630): nfa_sys_ptim_stop_timer 97929fc8
10-16 16:39:18.780 I/BrcmNfcNfa( 3630): nfa_sys: deregistering subsystem 3
10-16 16:39:18.780 I/BrcmNfcNfa( 3630): nfa_sys_ptim_stop_timer 9792a6b0
10-16 16:39:18.780 I/BrcmNfcNfa( 3630): Stopped presence check timer (if started)
10-16 16:39:18.780 I/BrcmNfcNfa( 3630): nfa_sys: deregistering subsystem 6
10-16 16:39:18.780 I/BrcmNfcNfa( 3630): nfa_dm_delete_rf_discover () handle=0x0
10-16 16:39:18.780 I/BrcmNfcNfa( 3630): nfa_dm_delete_rf_discover () handle=0x1
10-16 16:39:18.780 I/BrcmNfcNfa( 3630): nfa_sys: deregistering subsystem 7
10-16 16:39:18.780 I/BrcmNfcNfa( 3630): nfa_sys_ptim_stop_timer 97929b70
10-16 16:39:18.780 D/BrcmNfcJni( 3630): SecureElement::nfaHciCallback: event=0xB
10-16 16:39:18.780 E/BrcmNfcJni( 3630): SecureElement::nfaHciCallback: unknown event code=0xB ????
10-16 16:39:18.780 I/BrcmNfcNfa( 3630): nfc_ncif_send_cmd.
10-16 16:39:18.780 D/NfcAdaptation( 3630): NfcAdaptation::HalWrite
10-16 16:39:18.780 D/NxpExtns( 3630): const CNfcParam* CNfcConfig::find(const char*) const found MIFARE_READER_ENABLE=
10-16 16:39:18.780 D/NxpTml  ( 3630): PN54X - Write requested.....
10-16 16:39:18.780 D/NxpTml  ( 3630): PN54X - Invoking I2C Write.....
10-16 16:39:18.780 D/NxpNciX ( 3630): len =   4 > 20050103
10-16 16:39:18.780 D/NxpTml  ( 3630): PN54X - I2C Write successful.....
10-16 16:39:18.780 D/NxpTml  ( 3630): PN54X - Posting Fresh Write message.....
10-16 16:39:18.780 D/NxpTml  ( 3630): PN54X - Tml Writer Thread Running................
10-16 16:39:18.780 D/NxpHal  ( 3630): write successful status = 0x0
10-16 16:39:18.790 D/NxpTml  ( 3630): PN54X - I2C Read successful.....
10-16 16:39:18.790 D/NxpNciR ( 3630): len =   4 > 40050100
10-16 16:39:18.790 D/NxpTml  ( 3630): PN54X - Posting read message.....
10-16 16:39:18.790 D/NxpHal  ( 3630): read successful status = 0x0
10-16 16:39:18.790 D/NfcAdaptation( 3630): NfcAdaptation::HalDeviceContextDataCallback: len=4
10-16 16:39:18.790 I/BrcmNfcNfa( 3630): NFC received rsp gid:0
10-16 16:39:18.790 I/BrcmNfcNfa( 3630): nci_proc_core_rsp opcode:0x5
10-16 16:39:18.790 I/BrcmNfcNfa( 3630): nfa_sys: deregistering subsystem 8
10-16 16:39:18.790 I/BrcmNfcNfa( 3630): nfa_dm_disable_complete ()
10-16 16:39:18.790 I/BrcmNfcNfa( 3630): nfa_dm_disable_complete (): proceeding with nfc core shutdown.
10-16 16:39:18.790 I/BrcmNfcNfa( 3630): nfa_sys_ptim_stop_timer 97929130
10-16 16:39:18.790 I/BrcmNfcNfa( 3630): ptim timer stop
10-16 16:39:18.790 I/BrcmNfcNfa( 3630): NFC_Disable (): nfc_state = 4
10-16 16:39:18.790 I/BrcmNfcNfa( 3630): nfc_main_flush_cmd_queue ()
10-16 16:39:18.790 I/BrcmNfcNfa( 3630): nfc_set_state 4 (IDLE)->7 (W4_HAL_CLOSE)
10-16 16:39:18.790 D/NfcAdaptation( 3630): NfcAdaptation::HalClose
10-16 16:39:18.790 D/NxpTml  ( 3630): PN54X - Write requested.....
10-16 16:39:18.790 D/NxpTml  ( 3630): PN54X - Invoking I2C Write.....
10-16 16:39:18.790 D/NxpNciX ( 3630): len =  10 > 21030703800181018201
10-16 16:39:18.790 D/NxpTml  ( 3630): PN54X - I2C Write successful.....
10-16 16:39:18.790 D/NxpTml  ( 3630): PN54X - Posting Fresh Write message.....
10-16 16:39:18.790 D/NxpTml  ( 3630): PN54X - Tml Writer Thread Running................
10-16 16:39:18.790 D/NxpHal  ( 3630): write successful status = 0x0
10-16 16:39:18.790 D/NxpHal  ( 3630): Response timer started
10-16 16:39:18.790 D/NxpHal  ( 3630): Waiting after ext cmd sent
10-16 16:39:18.800 D/NxpTml  ( 3630): PN54X - Read requested.....
10-16 16:39:18.800 D/NxpTml  ( 3630): PN54X - Invoking I2C Read.....
10-16 16:39:18.800 D/NxpTml  ( 3630): PN54X - I2C Read successful.....
10-16 16:39:18.800 D/NxpNciR ( 3630): len =   4 > 41030100
10-16 16:39:18.800 D/NxpTml  ( 3630): PN54X - Posting read message.....
10-16 16:39:18.800 D/NxpHal  ( 3630): read successful status = 0x0
10-16 16:39:18.800 D/NxpTml  ( 3630): PN54X - Read requested.....
10-16 16:39:18.800 D/NxpTml  ( 3630): PN54X - Invoking I2C Read.....
10-16 16:39:18.800 D/NxpHal  ( 3630): Response timer stopped
10-16 16:39:18.800 D/NxpHal  ( 3630): Checking response
10-16 16:39:18.800 D/NxpTml  ( 3630): PN54X - Write requested.....
10-16 16:39:18.800 D/NxpTml  ( 3630): PN54X - Invoking I2C Write.....
10-16 16:39:18.800 D/NxpNciX ( 3630): len =   4 > 20000100
10-16 16:39:18.800 D/NxpTml  ( 3630): PN54X - I2C Write successful.....
10-16 16:39:18.800 D/NxpTml  ( 3630): PN54X - Posting Fresh Write message.....
10-16 16:39:18.800 D/NxpTml  ( 3630): PN54X - Tml Writer Thread Running................
10-16 16:39:18.800 D/NxpHal  ( 3630): write successful status = 0x0
10-16 16:39:18.800 D/NxpHal  ( 3630): Response timer started
10-16 16:39:18.800 D/NxpHal  ( 3630): Waiting after ext cmd sent
10-16 16:39:18.810 D/NxpTml  ( 3630): PN54X - I2C Read successful.....
10-16 16:39:18.810 D/NxpNciR ( 3630): len =   6 > 400003001000
10-16 16:39:18.810 D/NxpTml  ( 3630): PN54X - Posting read message.....
10-16 16:39:18.810 D/NxpHal  ( 3630): read successful status = 0x0
10-16 16:39:18.810 D/NxpHal  ( 3630): Response timer stopped
10-16 16:39:18.810 D/NxpHal  ( 3630): Checking response
10-16 16:39:18.810 D/NxpTml  ( 3630): PN54X - read request NOT enabled
10-16 16:39:18.810 D/NfcAdaptation( 3630): NfcAdaptation::HalDeviceContextCallback: event=1
10-16 16:39:18.810 I/BrcmNfcNfa( 3630): nfc_main_hal_cback event: HAL_NFC_CLOSE_CPLT_EVT(0x1), status=0
10-16 16:39:18.810 D/NxpHal  ( 3630): Terminating phNxpNciHal client thread...
10-16 16:39:18.810 D/NxpHal  ( 3630): NxpNciHal thread stopped
10-16 16:39:18.810 D/NxpTml  ( 3630): PN54X - Write request NOT enabled
10-16 16:39:18.820 D/NxpTml  ( 3630): bThreadDone == 0
10-16 16:39:18.820 D/NxpTml  ( 3630): phTmlNfc_i2c_reset(), VEN level 0
10-16 16:39:19.230 D/NxpHal  ( 3630): phNxpNciHal_close - phOsalNfc_DeInit completed
10-16 16:39:19.230 D/NxpHal  ( 3630): Failed to deallocate (list empty)
10-16 16:39:19.230 D/NxpHal  ( 3630): Node dump:
10-16 16:39:19.230 D/NxpHal  ( 3630): Failed to deallocate (list empty)
10-16 16:39:19.230 D/NxpHal  ( 3630): Node dump:
10-16 16:39:19.230 I/BrcmNfcNfa( 3630): LLCP - llcp_cleanup ()
10-16 16:39:19.230 I/BrcmNfcNfa( 3630): LLCP_Deregister () SAP:0x1
10-16 16:39:19.230 I/BrcmNfcNfa( 3630): LLCP_FlushLogicalLinkRxData () Local SAP:0x1
10-16 16:39:19.230 I/BrcmNfcNfa( 3630): nfc_main_handle_hal_evt(): HAL event=0x1
10-16 16:39:19.230 I/BrcmNfcNfa( 3630): nfc_set_state 7 (W4_HAL_CLOSE)->0 (NONE)
10-16 16:39:19.230 I/BrcmNfcNfa( 3630): nfa_dm_nfc_response_cback () NFC_DISABLE_REVT(0x5001)
10-16 16:39:19.230 I/BrcmNfcNfa( 3630): nfa_sys: deregistering subsystem 1
10-16 16:39:19.230 D/BrcmNfcJni( 3630): nfaDeviceManagementCallback: enter; event=0x1
10-16 16:39:19.230 D/BrcmNfcJni( 3630): nfaDeviceManagementCallback: NFA_DM_DISABLE_EVT
10-16 16:39:19.230 D/BrcmNfcJni( 3630): PeerToPeer::handleNfcOnOff: enter; is on=0
10-16 16:39:19.230 D/BrcmNfcJni( 3630): PeerToPeer::handleNfcOnOff: exit
10-16 16:39:19.230 D/BrcmNfcJni( 3630): nativeNfcTag_abortWaits
10-16 16:39:19.230 D/NfcAdaptation( 3630): NfcAdaptation::Finalize: enter
10-16 16:39:20.130 I/BrcmNfcNfa( 3630): GKI TASK_DEAD received. exit thread 3...
10-16 16:39:20.230 D/NfcAdaptation( 3630): NfcAdaptation::Finalize: exit
10-16 16:39:20.230 D/BrcmNfcJni( 3630): nfcManager_doDeinitialize: exit
10-16 16:39:20.230 D/NfcAdaptation( 3630): NfcAdaptation::NFCA_TASK: exit
10-16 16:39:20.230 D/NfcService( 3630): mDeviceHost.deinitialize() = true
10-16 16:39:20.240 V/NfcShortCut( 3091): updateViews()_NfcAdapter.STATE_OFF
10-16 16:39:20.240 D/NfcAdapterMzExt( 3181): set MZ_NFCP2P_ON to DB, the value is 0
--------- beginning of system
10-16 16:39:20.240 V/ActivityManagerServiceMU( 2877): getContentProviderImpl begin: caller=android.app.ApplicationThreadProxy@261fc49b (pid=3091, userId=0) providerName=  com.meizu.usagestats, cpr=ContentProviderRecord{36eafb57 u0 com.meizu.experiencedatasync/com.meizu.stats.UsageStatsProvider}
10-16 16:39:20.240 W/Settings( 3630): Setting airplane_mode_radios has moved from android.provider.Settings.System to android.provider.Settings.Global, returning read-only value.
10-16 16:39:20.240 V/ActivityManagerServiceMU( 2877): getContentProviderImpl end: caller=android.app.ApplicationThreadProxy@261fc49b (pid=3091, userId=0) providerName= com.meizu.usagestats, cpr=ContentProviderRecord{36eafb57 u0 com.meizu.experiencedatasync/com.meizu.stats.UsageStatsProvider}
10-16 16:39:20.240 W/Settings( 3630): Setting airplane_mode_toggleable_radios has moved from android.provider.Settings.System to android.provider.Settings.Global, returning read-only value.
10-16 16:39:20.250 W/ContextImpl( 3181): Calling a method in the system process without a qualified user: android.app.ContextImpl.sendBroadcast:1352 android.content.ContextWrapper.sendBroadcast:377 android.content.ContextWrapper.sendBroadcast:377 android.nfc.NfcAdapterMzExt.disconnectMzNfcP2p:120 com.meizu.settings.nfc.NfcEnablerExt.handleNfcStateChanged:116 
10-16 16:39:20.250 I/NfcAdapterMzExt( 3181): sendBroadcast: mz.android.nfc.action.MZ_NFC_P2P_STATE_CHANGED
10-16 16:39:20.260 D/PhoneStatusBar( 3091): updateNfcEffectView, mIsPanelOpened = false, visible = false
10-16 16:39:20.290 D/NfcAdapterMzExt( 3181): set MZ_NFCP2P_ON to DB, the value is 0
10-16 16:39:20.290 W/ContextImpl( 3181): Calling a method in the system process without a qualified user: android.app.ContextImpl.sendBroadcast:1352 android.content.ContextWrapper.sendBroadcast:377 android.content.ContextWrapper.sendBroadcast:377 android.nfc.NfcAdapterMzExt.disconnectMzNfcP2p:120 com.meizu.settings.nfc.StateChangedReceiver.onReceive:45 
10-16 16:39:20.290 I/NfcAdapterMzExt( 3181): sendBroadcast: mz.android.nfc.action.MZ_NFC_P2P_STATE_CHANGED
10-16 16:39:20.300 D/PhoneStatusBar( 3091): updateNfcEffectView, mIsPanelOpened = false, visible = false
10-16 16:39:20.300 D/BluetoothOppHandoverReceiver( 5509): action = android.nfc.action.ADAPTER_STATE_CHANGED
10-16 16:39:20.300 D/BluetoothOppHandoverReceiver( 5509): state = -1
10-16 16:39:20.300 E/BluetoothOppHandoverReceiver( 5509): error: MZ_NFC_P2P_STATE_CHANGED is neither 0nor 1
10-16 16:39:20.310 W/StateChangedReceiver( 3181): Unknow action: mz.android.nfc.action.MZ_NFC_P2P_STATE_CHANGED
10-16 16:39:20.310 D/BluetoothOppHandoverReceiver( 5509): action = mz.android.nfc.action.MZ_NFC_P2P_STATE_CHANGED
10-16 16:39:20.310 D/BluetoothOppHandoverReceiver( 5509): state = 0
10-16 16:39:20.320 W/StateChangedReceiver( 3181): Unknow action: mz.android.nfc.action.MZ_NFC_P2P_STATE_CHANGED
10-16 16:39:20.320 D/BluetoothOppHandoverReceiver( 5509): action = mz.android.nfc.action.MZ_NFC_P2P_STATE_CHANGED
10-16 16:39:20.320 D/BluetoothOppHandoverReceiver( 5509): state = 0
10-16 16:39:20.850 D/SwitchPreference( 3181): onClick
10-16 16:39:20.850 D/SwitchPreference( 3181): newValue:true; isChecked():false
10-16 16:39:20.850 D/NxpExtns( 3630): const CNfcParam* CNfcConfig::find(const char*) const found NXP_DEFAULT_SE=(0x3)
10-16 16:39:20.850 D/BrcmNfcJni( 3630): 3: nfcManager_GetDefaultSE
10-16 16:39:20.850 I/NfcService( 3630): getDefaultSE 3
10-16 16:39:20.850 W/Settings( 3630): Setting airplane_mode_on has moved from android.provider.Settings.System to android.provider.Settings.Global, returning read-only value.
10-16 16:39:20.850 I/NfcService( 3630): Enabling NFC
10-16 16:39:20.850 D/AudioFlinger( 2476): clientPid = 2877, name = system_server, hifi support = 0
10-16 16:39:20.860 D/BrcmNfcJni( 3630): nfcManager_getNfcInitTimeout: enter
10-16 16:39:20.860 D/BrcmNfcJni( 3630): NAME_NXP_DEFAULT_NFCEE_DISC_TIMEOUT not found
10-16 16:39:20.860 D/NxpExtns( 3630): const CNfcParam* CNfcConfig::find(const char*) const found NXP_DEFAULT_NFCEE_TIMEOUT=(0x6)
10-16 16:39:20.860 D/BrcmNfcJni( 3630):  gNfcInitTimeout = 6000: gdisc_timeout = 0 nfcManager_getNfcInitTimeout
10-16 16:39:20.860 I/NfcService( 3630): Enabling NFC timeout90000
10-16 16:39:20.860 V/NfcShortCut( 3091): updateViews()_NfcAdapter.STATE_TURNING_ON
10-16 16:39:20.860 D/SwitchPreference( 3181): switch lintener onCheckedChanged, check:true; isChecked():true
10-16 16:39:20.870 D/BrcmNfcJni( 3630): nfcManager_doInitialize: enter; ver=NFCDROID-AOSP_L_00.01 nfa=NFA_PI_1.03.66+ NCI_VERSION=0x10
10-16 16:39:20.870 I/BrcmNfcNfa( 3630): 0x2:NFC MW Major Version:
10-16 16:39:20.870 I/BrcmNfcNfa( 3630): 0x0:NFC MW Minor Version:
10-16 16:39:20.870 I/BrcmNfcNfa( 3630): 0x3:NFC Android Version:
10-16 16:39:20.870 I/BrcmNfcNfa( 3630): mwVer:Major=0x2,Minor=0x0
10-16 16:39:20.870 D/BrcmNfcJni( 3630): nfcManager_doInitialize:  MW Version: NFC_NCIHAL2_AR3.2.0
10-16 16:39:20.870 D/BrcmNfcJni( 3630): PowerSwitch::initialize: level=PS-FULL (1)
10-16 16:39:20.870 D/NfcAdaptation( 3630): bool CNfcConfig::readConfig(const char*, bool) Opened base config /etc/libnfc-brcm.conf
10-16 16:39:20.870 D/audio_hw_primary( 2476): start_output_stream(): mode=0, out_device=0x2
10-16 16:39:20.870 D/audio_hw_primary( 2476): start_output_stream(): primary: pcm_open card=0, device=0, sample_rate=48000, format=0, period_size=4096
10-16 16:39:20.870 D/NfcAdaptation( 3630): const CNfcParam* CNfcConfig::find(const char*) const found SCREEN_OFF_POWER_STATE=(0x1)
10-16 16:39:20.870 D/BrcmNfcJni( 3630): PowerSwitch::initialize: desired screen-off state=1
10-16 16:39:20.870 D/NfcAdaptation( 3630): NfcAdaptation::Initialize: enter
10-16 16:39:20.870 E/NfcAdaptation( 3630): NfcAdaptation::Initialize: ver=NFCDROID-AOSP_L_00.01 nfa=NFA_PI_1.03.66+
10-16 16:39:20.870 D/NfcAdaptation( 3630): const CNfcParam* CNfcConfig::find(const char*) const found NFA_STORAGE=/data/nfc
10-16 16:39:20.870 D/NfcAdaptation( 3630): const CNfcParam* CNfcConfig::find(const char*) const found PROTOCOL_TRACE_LEVEL=(0xFFFFFFFF)
10-16 16:39:20.870 D/NfcAdaptation( 3630): const CNfcParam* CNfcConfig::find(const char*) const found NFA_MAX_EE_SUPPORTED=(0x3)
10-16 16:39:20.870 D/NfcAdaptation( 3630): NfcAdaptation::Initialize: Overriding NFA_EE_MAX_EE_SUPPORTED to use 3
10-16 16:39:20.870 D/NfcAdaptation( 3630): const CNfcParam* CNfcConfig::find(const char*) const found APPL_TRACE_LEVEL=(0xFF)
10-16 16:39:20.870 D/BrcmNfcJni( 3630): initializeGlobalAppLogLevel: level=5
10-16 16:39:20.870 D/        ( 3630): verify_stack_non_volatile_store
10-16 16:39:20.870 D/        ( 3630): crcChecksumVerifyIntegrity: filename=/data/nfc/nfaStorage.bin1
10-16 16:39:20.870 D/        ( 3630): crcChecksumVerifyIntegrity: data size=288
10-16 16:39:20.870 D/        ( 3630): crcChecksumVerifyIntegrity: filename=/data/nfc/nfaStorage.bin2
10-16 16:39:20.870 D/        ( 3630): crcChecksumVerifyIntegrity: filename=/data/nfc/nfaStorage.bin3
10-16 16:39:20.870 D/        ( 3630): crcChecksumVerifyIntegrity: filename=/data/nfc/nfaStorage.bin4
10-16 16:39:20.870 D/        ( 3630): crcChecksumVerifyIntegrity: filename=/data/nfc/nfaStorage.bin5
10-16 16:39:20.870 D/NfcAdaptation( 3630): const CNfcParam* CNfcConfig::find(const char*) const found PRESERVE_STORAGE=(0x1)
10-16 16:39:20.870 D/NfcAdaptation( 3630): Initialize: preserve stack NV store
10-16 16:39:20.870 D/NfcAdaptation( 3630): NfcAdaptation::NFCA_TASK: enter
10-16 16:39:20.880 I/BrcmNfcNfa( 3630): GKI_run(): Start/Stop GKI_timer_update_registered!
10-16 16:39:20.880 D/NfcAdaptation( 3630): NfcAdaptation::Thread: enter
10-16 16:39:20.880 I/BrcmNfcNfa( 3630): NFC_TASK started.
10-16 16:39:20.880 D/NfcAdaptation( 3630): NfcAdaptation::Thread: exit
10-16 16:39:20.880 D/NfcAdaptation( 3630): NfcAdaptation::InitializeHalDeviceContext: enter
10-16 16:39:20.880 D/NfcAdaptation( 3630): const CNfcParam* CNfcConfig::find(const char*) const found NCI_HAL_MODULE=nfc_nci.pn54x
10-16 16:39:20.880 I/HAL     ( 3630): (hw_get_module_by_class[194]):MODULE load start ==> class_id = nfc_nci.pn54x // path = /system/lib64/hw/nfc_nci.pn54x.default.so 
10-16 16:39:20.880 D/audio_hw_primary( 2476): start_backend(): open media-dai, rate=48000, format=0,channels=2
10-16 16:39:20.880 D/NxpNfcNciHal( 3630): nfc_open: enter; name=nci
10-16 16:39:20.880 D/NxpNfcNciHal( 3630): nfc_open: exit 0
10-16 16:39:20.880 D/NfcAdaptation( 3630): NfcAdaptation::InitializeHalDeviceContext: exit
10-16 16:39:20.880 D/NfcAdaptation( 3630): NfcAdaptation::Initialize: exit
10-16 16:39:20.880 I/BrcmNfcNfa( 3630): NFA_Init ()
10-16 16:39:20.880 I/BrcmNfcNfa( 3630): nfa_dm_init ()
10-16 16:39:20.880 I/BrcmNfcNfa( 3630): nfa_sys_register () id=1, enable_cplt_mask=0x0
10-16 16:39:20.880 I/BrcmNfcNfa( 3630): nfa_p2p_init ()
10-16 16:39:20.880 I/BrcmNfcNfa( 3630): nfa_sys_register () id=3, enable_cplt_mask=0x8
10-16 16:39:20.880 I/BrcmNfcNfa( 3630): nfa_rw_init ()
10-16 16:39:20.880 I/BrcmNfcNfa( 3630): nfa_sys_register () id=6, enable_cplt_mask=0x48
10-16 16:39:20.880 I/BrcmNfcNfa( 3630): nfa_ce_init ()
10-16 16:39:20.880 I/BrcmNfcNfa( 3630): nfa_sys_register () id=7, enable_cplt_mask=0xc8
10-16 16:39:20.880 I/BrcmNfcNfa( 3630): nfa_ee_init ()
10-16 16:39:20.880 I/BrcmNfcNfa( 3630): nfa_sys_register () id=2, enable_cplt_mask=0xcc
10-16 16:39:20.880 I/BrcmNfcNfa( 3630): nfa_hci_init ()
10-16 16:39:20.880 I/BrcmNfcNfa( 3630): nfa_sys_register () id=8, enable_cplt_mask=0x1cc
10-16 16:39:20.880 I/BrcmNfcNfa( 3630): LLCP - llcp_init ()
10-16 16:39:20.880 I/BrcmNfcNfa( 3630): num_rx_buff = 21, rx_congest_start = 14, rx_congest_end = 10, max_num_ll_rx_buff = 6
10-16 16:39:20.880 I/BrcmNfcNfa( 3630): max_num_tx_buff = 49, max_num_ll_tx_buff = 14
10-16 16:39:20.880 I/BrcmNfcNfa( 3630): LLCP_RegisterServer (): SAP:0x1, link_type:0x2, ServiceName:<urn:nfc:sn:sdp>
10-16 16:39:20.880 I/BrcmNfcNfa( 3630): LLCP_RegisterServer (): Registered SAP = 0x01
10-16 16:39:20.880 I/BrcmNfcNfa( 3630): NFA_Enable ()
10-16 16:39:20.880 D/NfcAdaptation( 3630): const CNfcParam* CNfcConfig::find(const char*) const found APPL_TRACE_LEVEL=(0xFF)
10-16 16:39:20.880 D/BrcmNfcJni( 3630): initializeGlobalAppLogLevel: level=5
10-16 16:39:20.880 I/BrcmNfcNfa( 3630): NFC_SetTraceLevel () new_level = 5
10-16 16:39:20.880 D/audio_hw_primary( 2476): select_devices(): devices 0x2 input src 0 output route media-speaker input route none
10-16 16:39:20.880 I/BrcmNfcNfa( 3630): NFC_SetTraceLevel ()
10-16 16:39:20.890 I/BrcmNfcNfa( 3630): nfa_dm_evt_hdlr event: NFA_DM_API_ENABLE_EVT (0x00)
10-16 16:39:20.890 I/BrcmNfcNfa( 3630): nfa_dm_enable ()
10-16 16:39:20.890 I/BrcmNfcNfa( 3630): NFC_Enable ()
10-16 16:39:20.890 I/BrcmNfcNfa( 3630): nfc_set_state 0 (NONE)->1 (W4_HAL_OPEN)
10-16 16:39:20.890 D/NfcAdaptation( 3630): NfcAdaptation::HalOpen
10-16 16:39:20.900 I/audio_hw_primary( 2476): ++NxpTfa98xx_PowerOn(370)++
10-16 16:39:20.900 D/audio_hw_primary( 2476): NxpTfa98xx_PowerOn(): spa sample rate=48000
10-16 16:39:20.900 D/NxpExtns( 3630): const CNfcParam* CNfcConfig::find(const char*) const found NXPLOG_TML_LOGLEVEL=(0x3)
10-16 16:39:20.900 D/NxpExtns( 3630): const CNfcParam* CNfcConfig::find(const char*) const found NXPLOG_FWDNLD_LOGLEVEL=(0x3)
10-16 16:39:20.900 D/NxpExtns( 3630): const CNfcParam* CNfcConfig::find(const char*) const found NXPLOG_NCIX_LOGLEVEL=(0x3)
10-16 16:39:20.900 D/NxpExtns( 3630): const CNfcParam* CNfcConfig::find(const char*) const found NXPLOG_NCIR_LOGLEVEL=(0x3)
10-16 16:39:20.900 D/        ( 3630): phNxpLog_InitializeLogLevel: global =1, Fwdnld =3, extns =3,                 hal =3, tml =3, ncir =3,                 ncix =3
10-16 16:39:20.900 D/NxpHal  ( 3630): Entering phNxpNciHal_init_monitor
10-16 16:39:20.900 D/NxpHal  ( 3630): Returning with SUCCESS
10-16 16:39:20.900 D/NxpTml  ( 3630): Opening port=/dev/pn544
10-16 16:39:20.900 D/NxpTml  ( 3630): phTmlNfc_i2c_reset(), VEN level 1
10-16 16:39:20.910 D/BluetoothOppHandoverReceiver( 5509): action = android.nfc.action.ADAPTER_STATE_CHANGED
10-16 16:39:20.910 D/BluetoothOppHandoverReceiver( 5509): state = -1
10-16 16:39:20.910 E/BluetoothOppHandoverReceiver( 5509): error: MZ_NFC_P2P_STATE_CHANGED is neither 0nor 1
10-16 16:39:20.910 I/audio_hw_primary( 2476): --NxpTfa98xx_PowerOn(474)--
10-16 16:39:21.110 D/NxpTml  ( 3630): phTmlNfc_i2c_reset(), VEN level 0
10-16 16:39:21.320 D/NxpTml  ( 3630): phTmlNfc_i2c_reset(), VEN level 1
10-16 16:39:21.430 D/NxpTml  ( 3630): PN54X - Tml Reader Thread Started................
10-16 16:39:21.430 D/NxpTml  ( 3630): PN54X - Tml Writer Thread Started................
10-16 16:39:21.430 D/NxpTml  ( 3630): PN54X - Tml Writer Thread Running................
10-16 16:39:21.430 D/NxpTml  ( 3630): PN54X - Write requested.....
10-16 16:39:21.430 D/NxpTml  ( 3630): PN54X - Invoking I2C Write.....
10-16 16:39:21.430 D/NxpTml  ( 3630): PN54X - Read requested.....
10-16 16:39:21.430 D/NxpHal  ( 3630): thread started
10-16 16:39:21.430 D/NxpTml  ( 3630): PN54X - Invoking I2C Read.....
10-16 16:39:21.430 D/NxpNciX ( 3630): len =   4 > 20000101
10-16 16:39:21.430 D/NxpTml  ( 3630): PN54X - I2C Write successful.....
10-16 16:39:21.430 D/NxpTml  ( 3630): PN54X - Posting Fresh Write message.....
10-16 16:39:21.430 D/NxpTml  ( 3630): PN54X - Tml Writer Thread Running................
10-16 16:39:21.430 D/NxpHal  ( 3630): write successful status = 0x0
10-16 16:39:21.430 D/NxpHal  ( 3630): Response timer started
10-16 16:39:21.430 D/NxpHal  ( 3630): Waiting after ext cmd sent
10-16 16:39:21.460 D/NxpTml  ( 3630): PN54X - I2C Read successful.....
10-16 16:39:21.460 D/NxpNciR ( 3630): len =   6 > 400003001001
10-16 16:39:21.460 D/NxpTml  ( 3630): PN54X - Posting read message.....
10-16 16:39:21.460 D/NxpHal  ( 3630): read successful status = 0x0
10-16 16:39:21.460 D/NxpHal  ( 3630): Response timer stopped
10-16 16:39:21.460 D/NxpHal  ( 3630): Checking response
10-16 16:39:21.460 D/NxpTml  ( 3630): PN54X - Read requested.....
10-16 16:39:21.460 D/NxpTml  ( 3630): PN54X - Invoking I2C Read.....
10-16 16:39:21.460 D/NxpTml  ( 3630): PN54X - Write requested.....
10-16 16:39:21.460 D/NxpTml  ( 3630): PN54X - Invoking I2C Write.....
10-16 16:39:21.460 D/NxpNciX ( 3630): len =   3 > 200100
10-16 16:39:21.470 D/NxpTml  ( 3630): PN54X - I2C Write successful.....
10-16 16:39:21.470 D/NxpTml  ( 3630): PN54X - Posting Fresh Write message.....
10-16 16:39:21.470 D/NxpTml  ( 3630): PN54X - Tml Writer Thread Running................
10-16 16:39:21.470 D/NxpHal  ( 3630): write successful status = 0x0
10-16 16:39:21.470 D/NxpHal  ( 3630): Response timer started
10-16 16:39:21.470 D/NxpHal  ( 3630): Waiting after ext cmd sent
10-16 16:39:21.470 D/NxpTml  ( 3630): PN54X - I2C Read successful.....
10-16 16:39:21.470 D/NxpNciR ( 3630): len =  26 > 40011700030E03000600010203818202C800FF02000415080126
10-16 16:39:21.470 D/NxpTml  ( 3630): PN54X - Posting read message.....
10-16 16:39:21.470 D/NxpHal  ( 3630): read successful status = 0x0
10-16 16:39:21.470 D/NxpHal  ( 3630): NxpNci> FW Version: 8.1.26
10-16 16:39:21.470 D/NxpTml  ( 3630): PN54X - Read requested.....
10-16 16:39:21.470 D/NxpTml  ( 3630): PN54X - Invoking I2C Read.....
10-16 16:39:21.470 D/NxpHal  ( 3630): Response timer stopped
10-16 16:39:21.470 D/NxpHal  ( 3630): Checking response
10-16 16:39:21.470 D/NxpExtns( 3630): const CNfcParam* CNfcConfig::find(const char*) const found NXP_I2C_FRAGMENTATION_ENABLED=(0x0)
10-16 16:39:21.470 D/NxpTml  ( 3630): PN54X - Write requested.....
10-16 16:39:21.470 D/NxpTml  ( 3630): PN54X - Invoking I2C Write.....
10-16 16:39:21.470 D/NxpNciX ( 3630): len =   6 > 20030301A005
10-16 16:39:21.470 D/NxpTml  ( 3630): PN54X - I2C Write successful.....
10-16 16:39:21.470 D/NxpTml  ( 3630): PN54X - Posting Fresh Write message.....
10-16 16:39:21.470 D/NxpHal  ( 3630): write successful status = 0x0
10-16 16:39:21.470 D/NxpTml  ( 3630): PN54X - Tml Writer Thread Running................
10-16 16:39:21.470 D/NxpHal  ( 3630): Response timer started
10-16 16:39:21.470 D/NxpHal  ( 3630): Waiting after ext cmd sent
10-16 16:39:21.470 D/NxpTml  ( 3630): PN54X - I2C Read successful.....
10-16 16:39:21.470 D/NxpNciR ( 3630): len =   9 > 4003060001A0050100
10-16 16:39:21.470 D/NxpTml  ( 3630): PN54X - Posting read message.....
10-16 16:39:21.470 D/NxpHal  ( 3630): read successful status = 0x0
10-16 16:39:21.470 D/NxpHal  ( 3630): phNxpNciHal_print_res_status: response status =STATUS_OK
10-16 16:39:21.470 D/NxpHal  ( 3630): Response timer stopped
10-16 16:39:21.470 D/NxpHal  ( 3630): Checking response
10-16 16:39:21.470 D/NxpTml  ( 3630): PN54X - Read requested.....
10-16 16:39:21.470 E/NxpHal  ( 3630): i2c_fragmentation_status existing
10-16 16:39:21.470 D/NxpFwDnld( 3630): Allocating Mem for Dnld Context..
10-16 16:39:21.470 D/NxpTml  ( 3630): PN54X - Invoking I2C Read.....
10-16 16:39:21.480 D/NxpFwDnld( 3630): @@@/system/vendor/firmware/libpn547_fw.so
10-16 16:39:21.480 D/NxpFwDnld( 3630): FW Image Length - ImageInfoLen 34590
10-16 16:39:21.480 D/NxpFwDnld( 3630): FW Image Info Pointer - pImageInfo 97800430
10-16 16:39:21.480 D/NxpFwDnld( 3630): FW Major Version Num - 1
10-16 16:39:21.480 D/NxpFwDnld( 3630): FW Minor Version Num - 26
10-16 16:39:21.480 D/NxpFwDnld( 3630): FW Image Length - 34590
10-16 16:39:21.480 D/NxpFwDnld( 3630): FW Image Info Pointer - 97800430
10-16 16:39:21.480 D/NxpHal  ( 3630): FW version for FW file = 0x126
10-16 16:39:21.480 D/NxpHal  ( 3630): FW version from device = 0x80126
10-16 16:39:21.480 D/NxpHal  ( 3630): FW uptodate not required
10-16 16:39:21.480 E/NxpFwDnld( 3630): Freeing Mem for Dnld Context..
10-16 16:39:21.480 D/NfcAdaptation( 3630): NfcAdaptation::HalDeviceContextCallback: event=0
