10-16 16:39:23.150 I/BrcmNfcNfa( 3630): nfa_hciu_send_msg pipe_id:25   Type: EVENT [0x01] Evt: UNKNOWN [0x10]   len:5
10-16 16:39:23.150 D/BrcmHcpX( 3630): 99500070000001
10-16 16:39:23.150 I/BrcmNfcNfa( 3630): nfc_ncif_send_data :3, num_buff:1 qc:0
10-16 16:39:23.150 D/NfcAdaptation( 3630): NfcAdaptation::HalWrite
10-16 16:39:23.150 D/NxpExtns( 3630): const CNfcParam* CNfcConfig::find(const char*) const found MIFARE_READER_ENABLE=
10-16 16:39:23.150 D/NxpTml  ( 3630): PN54X - Write requested.....
10-16 16:39:23.150 D/NxpTml  ( 3630): PN54X - Invoking I2C Write.....
10-16 16:39:23.150 D/NxpNciX ( 3630): len =  10 > 03000799500070000001
10-16 16:39:23.150 D/NxpTml  ( 3630): PN54X - I2C Write successful.....
10-16 16:39:23.150 D/NxpTml  ( 3630): PN54X - Posting Fresh Write message.....
10-16 16:39:23.150 D/NxpTml  ( 3630): PN54X - Tml Writer Thread Running................
10-16 16:39:23.150 D/NxpHal  ( 3630): write successful status = 0x0
10-16 16:39:23.150 I/BrcmNfcNfa( 3630): nfa_sys_ptim_start_timer 97929b70
10-16 16:39:23.150 I/BrcmNfcNfa( 3630): ptim timer start
10-16 16:39:23.150 D/BrcmNfcJni( 3630): SecureElement::nfaHciCallback: event=0xF
10-16 16:39:23.150 D/BrcmNfcJni( 3630): SecureElement::nfaHciCallback: NFA_HCI_EVENT_SENT_EVT; status=0x0
10-16 16:39:23.160 D/NxpTml  ( 3630): PN54X - I2C Read successful.....
10-16 16:39:23.160 D/NxpNciR ( 3630): len =   6 > 600603010301
10-16 16:39:23.160 D/NxpTml  ( 3630): PN54X - Posting read message.....
10-16 16:39:23.160 D/NxpHal  ( 3630): read successful status = 0x0
10-16 16:39:23.160 D/NfcAdaptation( 3630): NfcAdaptation::HalDeviceContextDataCallback: len=6
10-16 16:39:23.160 D/NxpTml  ( 3630): PN54X - Read requested.....
10-16 16:39:23.160 I/BrcmNfcNfa( 3630): NFC received ntf gid:0
10-16 16:39:23.160 D/NxpTml  ( 3630): PN54X - Invoking I2C Read.....
10-16 16:39:23.160 I/BrcmNfcNfa( 3630): nci_proc_core_ntf opcode:0x6
10-16 16:39:23.160 I/BrcmNfcNfa( 3630): nfc_ncif_send_data :3, num_buff:1 qc:0
10-16 16:39:23.190 D/NxpTml  ( 3630): PN54X - I2C Read successful.....
10-16 16:39:23.190 D/NxpNciR ( 3630): len =   8 > 0300059950019000
10-16 16:39:23.190 D/NxpTml  ( 3630): PN54X - Posting read message.....
10-16 16:39:23.190 D/NxpHal  ( 3630): read successful status = 0x0
10-16 16:39:23.190 D/NfcAdaptation( 3630): NfcAdaptation::HalDeviceContextDataCallback: len=8
10-16 16:39:23.190 I/BrcmNfcNfa( 3630): NFC received data
10-16 16:39:23.190 I/BrcmNfcNfa( 3630): nfc_ncif_proc_data 0x030005
10-16 16:39:23.190 I/BrcmNfcNfa( 3630): nfc_ncif_proc_data len:5
10-16 16:39:23.190 D/BrcmHcpR( 3630): 9950019000
10-16 16:39:23.190 I/BrcmNfcNfa( 3630): nfa_hci_conn_cback Recvd data pipe:25  Type: EVENT [0x01] Evt: UNKNOWN [0x10]   chain:1  assmbl:0  len:5
10-16 16:39:23.190 I/BrcmNfcNfa( 3630): nfa_sys_ptim_stop_timer 97929b70
10-16 16:39:23.190 D/NxpTml  ( 3630): PN54X - Read requested.....
10-16 16:39:23.190 I/BrcmNfcNfa( 3630): ptim timer stop
10-16 16:39:23.190 D/NxpTml  ( 3630): PN54X - Invoking I2C Read.....
10-16 16:39:23.190 D/BrcmNfcJni( 3630): SecureElement::nfaHciCallback: event=0x11
10-16 16:39:23.190 D/BrcmNfcJni( 3630): SecureElement::nfaHciCallback: NFA_HCI_EVENT_RCVD_EVT; code: 0x10; pipe: 0x19; data len: 3
10-16 16:39:23.190 D/BrcmNfcJni( 3630): SecureElement::nfaHciCallback: NFA_HCI_EVENT_RCVD_EVT; ################################### 
10-16 16:39:23.190 D/BrcmNfcJni( 3630): SecureElement::nfaHciCallback: NFA_HCI_EVENT_RCVD_EVT; data from static pipe
10-16 16:39:23.190 I/BrcmNfcNfa( 3630): NFA got event 0x0813
10-16 16:39:23.190 I/BrcmNfcNfa( 3630): nfa_hci_evt_hdlr state: IDLE (3) event: CHECK_QUEUE (0x0813)
10-16 16:39:23.190 D/BrcmNfcJni( 3630): SecureElement::transceive: exit; isSuccess: 1; recvBufferActualSize: 3
10-16 16:39:23.190 D/BrcmNfcJni( 3630): nativeNfcSecureElement_doTransceive: exit: recv len=3
10-16 16:39:23.190 I/SmartMxTerminalSmartcardServiceTOP( 4823): RECV: 019000
10-16 16:39:23.190 I/SmartMxTerminalSmartcardServiceTOP( 4823): SEND: 01A4040009A00000015141434C0000
10-16 16:39:23.200 D/NfceeAccess( 3630): check : com.nxp.nfceeapi.service UID 1500
10-16 16:39:23.200 D/NfceeAccess( 3630): cached = true, uid = 1500
10-16 16:39:23.200 D/BrcmNfcJni( 3630): nativeNfcSecureElement_doTransceive: enter; handle=0x4C0; buf len=15
10-16 16:39:23.200 D/BrcmNfcJni( 3630): SecureElement::transceive: enter; xmitBufferSize=15; recvBufferMaxSize=34816; timeout=30000
10-16 16:39:23.200 D/BrcmNfcJni( 3630): is_ee_recovery_ongoing : recovery
10-16 16:39:23.200 E/BrcmNfcJni( 3630): SecureElement::transceive: Not in Recovery State
10-16 16:39:23.200 I/BrcmNfcNfa( 3630): NFA_HciSendEvent(): hci_handle:0x0800, pipe:0x19  Code: 0x10
10-16 16:39:23.200 I/BrcmNfcNfa( 3630): NFA got event 0x080F
10-16 16:39:23.200 I/BrcmNfcNfa( 3630): nfa_hci_evt_hdlr state: IDLE (3) event: API_SEND_EVENT_EVT (0x080f)
10-16 16:39:23.200 I/BrcmNfcNfa( 3630): nfa_hciu_send_msg pipe_id:25   Type: EVENT [0x01] Evt: UNKNOWN [0x10]   len:15
10-16 16:39:23.200 D/BrcmHcpX( 3630): 995001a4040009a00000015141434c0000
10-16 16:39:23.200 I/BrcmNfcNfa( 3630): nfc_ncif_send_data :3, num_buff:1 qc:0
10-16 16:39:23.200 D/NfcAdaptation( 3630): NfcAdaptation::HalWrite
10-16 16:39:23.200 D/NxpExtns( 3630): const CNfcParam* CNfcConfig::find(const char*) const found MIFARE_READER_ENABLE=
10-16 16:39:23.200 D/NxpTml  ( 3630): PN54X - Write requested.....
10-16 16:39:23.200 D/NxpTml  ( 3630): PN54X - Invoking I2C Write.....
10-16 16:39:23.200 D/NxpNciX ( 3630): len =  20 > 030011995001A4040009A00000015141434C0000
10-16 16:39:23.200 D/NxpTml  ( 3630): PN54X - I2C Write successful.....
10-16 16:39:23.200 D/NxpTml  ( 3630): PN54X - Posting Fresh Write message.....
10-16 16:39:23.200 D/NxpTml  ( 3630): PN54X - Tml Writer Thread Running................
10-16 16:39:23.200 D/NxpHal  ( 3630): write successful status = 0x0
10-16 16:39:23.200 I/BrcmNfcNfa( 3630): nfa_sys_ptim_start_timer 97929b70
10-16 16:39:23.200 I/BrcmNfcNfa( 3630): ptim timer start
10-16 16:39:23.200 D/BrcmNfcJni( 3630): SecureElement::nfaHciCallback: event=0xF
10-16 16:39:23.200 D/BrcmNfcJni( 3630): SecureElement::nfaHciCallback: NFA_HCI_EVENT_SENT_EVT; status=0x0
10-16 16:39:23.200 D/NxpTml  ( 3630): PN54X - I2C Read successful.....
10-16 16:39:23.200 D/NxpNciR ( 3630): len =   6 > 600603010301
10-16 16:39:23.200 D/NxpTml  ( 3630): PN54X - Posting read message.....
10-16 16:39:23.200 D/NxpHal  ( 3630): read successful status = 0x0
10-16 16:39:23.200 D/NfcAdaptation( 3630): NfcAdaptation::HalDeviceContextDataCallback: len=6
10-16 16:39:23.210 I/BrcmNfcNfa( 3630): NFC received ntf gid:0
10-16 16:39:23.210 I/BrcmNfcNfa( 3630): nci_proc_core_ntf opcode:0x6
10-16 16:39:23.210 I/BrcmNfcNfa( 3630): nfc_ncif_send_data :3, num_buff:1 qc:0
10-16 16:39:23.210 D/NxpTml  ( 3630): PN54X - Read requested.....
10-16 16:39:23.210 D/NxpTml  ( 3630): PN54X - Invoking I2C Read.....
10-16 16:39:23.220 D/NxpTml  ( 3630): PN54X - I2C Read successful.....
10-16 16:39:23.220 D/NxpNciR ( 3630): len =  52 > 03003199506F2684A51F9F65009F66033130309F670676312E332E389F680952696368486F7573659F69019F6A109F6B041E9000
10-16 16:39:23.220 D/NxpTml  ( 3630): PN54X - Posting read message.....
10-16 16:39:23.220 D/NxpHal  ( 3630): read successful status = 0x0
10-16 16:39:23.220 D/NfcAdaptation( 3630): NfcAdaptation::HalDeviceContextDataCallback: len=52
10-16 16:39:23.220 I/BrcmNfcNfa( 3630): NFC received data
10-16 16:39:23.220 I/BrcmNfcNfa( 3630): nfc_ncif_proc_data 0x030031
10-16 16:39:23.220 I/BrcmNfcNfa( 3630): nfc_ncif_proc_data len:49
10-16 16:39:23.220 D/BrcmHcpR( 3630): 99506f2684a51f9f65009f66033130309f670676312e332e389f680952696368486f7573659f69019f6a109f6b041e9000
10-16 16:39:23.220 I/BrcmNfcNfa( 3630): nfa_hci_conn_cback Recvd data pipe:25  Type: EVENT [0x01] Evt: UNKNOWN [0x10]   chain:1  assmbl:0  len:49
10-16 16:39:23.220 I/BrcmNfcNfa( 3630): nfa_sys_ptim_stop_timer 97929b70
10-16 16:39:23.220 I/BrcmNfcNfa( 3630): ptim timer stop
10-16 16:39:23.220 D/BrcmNfcJni( 3630): SecureElement::nfaHciCallback: event=0x11
10-16 16:39:23.220 D/BrcmNfcJni( 3630): SecureElement::nfaHciCallback: NFA_HCI_EVENT_RCVD_EVT; code: 0x10; pipe: 0x19; data len: 47
10-16 16:39:23.220 D/BrcmNfcJni( 3630): SecureElement::nfaHciCallback: NFA_HCI_EVENT_RCVD_EVT; ################################### 
10-16 16:39:23.220 D/BrcmNfcJni( 3630): SecureElement::nfaHciCallback: NFA_HCI_EVENT_RCVD_EVT; data from static pipe
10-16 16:39:23.220 I/BrcmNfcNfa( 3630): NFA got event 0x0813
10-16 16:39:23.220 D/BrcmNfcJni( 3630): SecureElement::transceive: exit; isSuccess: 1; recvBufferActualSize: 47
10-16 16:39:23.220 I/BrcmNfcNfa( 3630): nfa_hci_evt_hdlr state: IDLE (3) event: CHECK_QUEUE (0x0813)
10-16 16:39:23.220 D/BrcmNfcJni( 3630): nativeNfcSecureElement_doTransceive: exit: recv len=47
10-16 16:39:23.220 I/SmartMxTerminalSmartcardServiceTOP( 4823): RECV: 6F2684A51F9F65009F66033130309F670676312E332E389F680952696368486F7573659F69019F6A109F6B041E9000
10-16 16:39:23.220 I/TerminalSmartcardServiceMIDDLE( 4823): openLogicalChannel aid end
10-16 16:39:23.220 I/SmartMxTerminalSmartcardServiceTOP( 4823): SEND: 81CADF20F0
10-16 16:39:23.230 D/NxpTml  ( 3630): PN54X - Read requested.....
10-16 16:39:23.230 D/NxpTml  ( 3630): PN54X - Invoking I2C Read.....
10-16 16:39:23.230 D/NfceeAccess( 3630): check : com.nxp.nfceeapi.service UID 1500
10-16 16:39:23.230 D/NfceeAccess( 3630): cached = true, uid = 1500
10-16 16:39:23.230 D/BrcmNfcJni( 3630): nativeNfcSecureElement_doTransceive: enter; handle=0x4C0; buf len=5
10-16 16:39:23.230 D/BrcmNfcJni( 3630): SecureElement::transceive: enter; xmitBufferSize=5; recvBufferMaxSize=34816; timeout=30000
10-16 16:39:23.230 D/BrcmNfcJni( 3630): is_ee_recovery_ongoing : recovery
10-16 16:39:23.230 E/BrcmNfcJni( 3630): SecureElement::transceive: Not in Recovery State
10-16 16:39:23.230 I/BrcmNfcNfa( 3630): NFA_HciSendEvent(): hci_handle:0x0800, pipe:0x19  Code: 0x10
10-16 16:39:23.230 I/BrcmNfcNfa( 3630): NFA got event 0x080F
10-16 16:39:23.230 I/BrcmNfcNfa( 3630): nfa_hci_evt_hdlr state: IDLE (3) event: API_SEND_EVENT_EVT (0x080f)
10-16 16:39:23.230 I/BrcmNfcNfa( 3630): nfa_hciu_send_msg pipe_id:25   Type: EVENT [0x01] Evt: UNKNOWN [0x10]   len:5
10-16 16:39:23.230 D/BrcmHcpX( 3630): 995081cadf20f0
10-16 16:39:23.230 I/BrcmNfcNfa( 3630): nfc_ncif_send_data :3, num_buff:1 qc:0
10-16 16:39:23.230 D/NfcAdaptation( 3630): NfcAdaptation::HalWrite
10-16 16:39:23.230 D/NxpExtns( 3630): const CNfcParam* CNfcConfig::find(const char*) const found MIFARE_READER_ENABLE=
10-16 16:39:23.230 D/NxpTml  ( 3630): PN54X - Write requested.....
10-16 16:39:23.230 D/NxpTml  ( 3630): PN54X - Invoking I2C Write.....
10-16 16:39:23.230 D/NxpNciX ( 3630): len =  10 > 030007995081CADF20F0
10-16 16:39:23.230 D/NxpTml  ( 3630): PN54X - I2C Write successful.....
10-16 16:39:23.230 D/NxpTml  ( 3630): PN54X - Posting Fresh Write message.....
10-16 16:39:23.230 D/NxpTml  ( 3630): PN54X - Tml Writer Thread Running................
10-16 16:39:23.230 D/NxpHal  ( 3630): write successful status = 0x0
10-16 16:39:23.230 I/BrcmNfcNfa( 3630): nfa_sys_ptim_start_timer 97929b70
10-16 16:39:23.230 I/BrcmNfcNfa( 3630): ptim timer start
10-16 16:39:23.230 D/BrcmNfcJni( 3630): SecureElement::nfaHciCallback: event=0xF
10-16 16:39:23.230 D/BrcmNfcJni( 3630): SecureElement::nfaHciCallback: NFA_HCI_EVENT_SENT_EVT; status=0x0
10-16 16:39:23.240 D/NxpTml  ( 3630): PN54X - I2C Read successful.....
10-16 16:39:23.240 D/NxpNciR ( 3630): len =   6 > 600603010301
10-16 16:39:23.240 D/NxpTml  ( 3630): PN54X - Posting read message.....
10-16 16:39:23.240 D/NxpHal  ( 3630): read successful status = 0x0
10-16 16:39:23.240 D/NfcAdaptation( 3630): NfcAdaptation::HalDeviceContextDataCallback: len=6
10-16 16:39:23.240 I/BrcmNfcNfa( 3630): NFC received ntf gid:0
10-16 16:39:23.240 I/BrcmNfcNfa( 3630): nci_proc_core_ntf opcode:0x6
10-16 16:39:23.240 I/BrcmNfcNfa( 3630): nfc_ncif_send_data :3, num_buff:1 qc:0
10-16 16:39:23.240 D/NxpTml  ( 3630): PN54X - Read requested.....
10-16 16:39:23.240 D/NxpTml  ( 3630): PN54X - Invoking I2C Read.....
10-16 16:39:23.240 D/NxpTml  ( 3630): PN54X - I2C Read successful.....
10-16 16:39:23.240 D/NxpNciR ( 3630): len =  18 > 03000F9950DF2008AD99E25838FC71CD9000
10-16 16:39:23.240 D/NxpTml  ( 3630): PN54X - Posting read message.....
10-16 16:39:23.240 D/NxpHal  ( 3630): read successful status = 0x0
10-16 16:39:23.240 D/NfcAdaptation( 3630): NfcAdaptation::HalDeviceContextDataCallback: len=18
10-16 16:39:23.240 I/BrcmNfcNfa( 3630): NFC received data
10-16 16:39:23.240 I/BrcmNfcNfa( 3630): nfc_ncif_proc_data 0x03000f
10-16 16:39:23.240 I/BrcmNfcNfa( 3630): nfc_ncif_proc_data len:15
10-16 16:39:23.240 D/BrcmHcpR( 3630): 9950df2008ad99e25838fc71cd9000
10-16 16:39:23.240 I/BrcmNfcNfa( 3630): nfa_hci_conn_cback Recvd data pipe:25  Type: EVENT [0x01] Evt: UNKNOWN [0x10]   chain:1  assmbl:0  len:15
10-16 16:39:23.240 I/BrcmNfcNfa( 3630): nfa_sys_ptim_stop_timer 97929b70
10-16 16:39:23.240 I/BrcmNfcNfa( 3630): ptim timer stop
10-16 16:39:23.240 D/BrcmNfcJni( 3630): SecureElement::nfaHciCallback: event=0x11
10-16 16:39:23.240 D/BrcmNfcJni( 3630): SecureElement::nfaHciCallback: NFA_HCI_EVENT_RCVD_EVT; code: 0x10; pipe: 0x19; data len: 13
10-16 16:39:23.240 D/BrcmNfcJni( 3630): SecureElement::nfaHciCallback: NFA_HCI_EVENT_RCVD_EVT; ################################### 
10-16 16:39:23.250 D/BrcmNfcJni( 3630): SecureElement::nfaHciCallback: NFA_HCI_EVENT_RCVD_EVT; data from static pipe
10-16 16:39:23.250 I/BrcmNfcNfa( 3630): NFA got event 0x0813
10-16 16:39:23.250 D/BrcmNfcJni( 3630): SecureElement::transceive: exit; isSuccess: 1; recvBufferActualSize: 13
10-16 16:39:23.250 I/BrcmNfcNfa( 3630): nfa_hci_evt_hdlr state: IDLE (3) event: CHECK_QUEUE (0x0813)
10-16 16:39:23.250 D/BrcmNfcJni( 3630): nativeNfcSecureElement_doTransceive: exit: recv len=13
10-16 16:39:23.250 D/NxpTml  ( 3630): PN54X - Read requested.....
10-16 16:39:23.250 D/NxpTml  ( 3630): PN54X - Invoking I2C Read.....
10-16 16:39:23.250 I/SmartMxTerminalSmartcardServiceTOP( 4823): RECV: DF2008AD99E25838FC71CD9000
10-16 16:39:23.250 I/ACE ARASmartcardServiceMIDDLE( 4823): Refresh tag has not changed. Using access rules from cache.
10-16 16:39:23.250 I/TerminalSmartcardServiceMIDDLE( 4823): closeChannel start
10-16 16:39:23.250 I/SmartMxTerminalSmartcardServiceTOP( 4823): SEND: 01708001
10-16 16:39:23.250 D/NfceeAccess( 3630): check : com.nxp.nfceeapi.service UID 1500
10-16 16:39:23.250 D/NfceeAccess( 3630): cached = true, uid = 1500
10-16 16:39:23.250 D/BrcmNfcJni( 3630): nativeNfcSecureElement_doTransceive: enter; handle=0x4C0; buf len=4
10-16 16:39:23.250 D/BrcmNfcJni( 3630): SecureElement::transceive: enter; xmitBufferSize=4; recvBufferMaxSize=34816; timeout=30000
10-16 16:39:23.250 D/BrcmNfcJni( 3630): is_ee_recovery_ongoing : recovery
10-16 16:39:23.250 E/BrcmNfcJni( 3630): SecureElement::transceive: Not in Recovery State
10-16 16:39:23.250 I/BrcmNfcNfa( 3630): NFA_HciSendEvent(): hci_handle:0x0800, pipe:0x19  Code: 0x10
10-16 16:39:23.250 I/BrcmNfcNfa( 3630): NFA got event 0x080F
10-16 16:39:23.250 I/BrcmNfcNfa( 3630): nfa_hci_evt_hdlr state: IDLE (3) event: API_SEND_EVENT_EVT (0x080f)
10-16 16:39:23.250 I/BrcmNfcNfa( 3630): nfa_hciu_send_msg pipe_id:25   Type: EVENT [0x01] Evt: UNKNOWN [0x10]   len:4
10-16 16:39:23.250 D/BrcmHcpX( 3630): 995001708001
10-16 16:39:23.250 I/BrcmNfcNfa( 3630): nfc_ncif_send_data :3, num_buff:1 qc:0
10-16 16:39:23.250 D/NfcAdaptation( 3630): NfcAdaptation::HalWrite
10-16 16:39:23.250 D/NxpExtns( 3630): const CNfcParam* CNfcConfig::find(const char*) const found MIFARE_READER_ENABLE=
10-16 16:39:23.250 D/NxpTml  ( 3630): PN54X - Write requested.....
10-16 16:39:23.250 D/NxpTml  ( 3630): PN54X - Invoking I2C Write.....
10-16 16:39:23.250 D/NxpNciX ( 3630): len =   9 > 030006995001708001
10-16 16:39:23.250 D/NxpTml  ( 3630): PN54X - I2C Write successful.....
10-16 16:39:23.250 D/NxpTml  ( 3630): PN54X - Posting Fresh Write message.....
10-16 16:39:23.250 D/NxpTml  ( 3630): PN54X - Tml Writer Thread Running................
10-16 16:39:23.250 D/NxpHal  ( 3630): write successful status = 0x0
10-16 16:39:23.250 I/BrcmNfcNfa( 3630): nfa_sys_ptim_start_timer 97929b70
10-16 16:39:23.250 I/BrcmNfcNfa( 3630): ptim timer start
10-16 16:39:23.250 D/BrcmNfcJni( 3630): SecureElement::nfaHciCallback: event=0xF
10-16 16:39:23.250 D/BrcmNfcJni( 3630): SecureElement::nfaHciCallback: NFA_HCI_EVENT_SENT_EVT; status=0x0
10-16 16:39:23.260 D/NxpTml  ( 3630): PN54X - I2C Read successful.....
10-16 16:39:23.260 D/NxpNciR ( 3630): len =   6 > 600603010301
10-16 16:39:23.260 D/NxpTml  ( 3630): PN54X - Posting read message.....
10-16 16:39:23.260 D/NxpHal  ( 3630): read successful status = 0x0
10-16 16:39:23.260 D/NfcAdaptation( 3630): NfcAdaptation::HalDeviceContextDataCallback: len=6
10-16 16:39:23.260 D/NxpTml  ( 3630): PN54X - Read requested.....
10-16 16:39:23.260 D/NxpTml  ( 3630): PN54X - Invoking I2C Read.....
10-16 16:39:23.260 I/BrcmNfcNfa( 3630): NFC received ntf gid:0
10-16 16:39:23.260 I/BrcmNfcNfa( 3630): nci_proc_core_ntf opcode:0x6
10-16 16:39:23.260 I/BrcmNfcNfa( 3630): nfc_ncif_send_data :3, num_buff:1 qc:0
10-16 16:39:23.270 D/NxpTml  ( 3630): PN54X - I2C Read successful.....
10-16 16:39:23.270 D/NxpNciR ( 3630): len =   7 > 03000499509000
10-16 16:39:23.270 D/NxpTml  ( 3630): PN54X - Posting read message.....
10-16 16:39:23.270 D/NxpHal  ( 3630): read successful status = 0x0
10-16 16:39:23.270 D/NfcAdaptation( 3630): NfcAdaptation::HalDeviceContextDataCallback: len=7
10-16 16:39:23.270 I/BrcmNfcNfa( 3630): NFC received data
10-16 16:39:23.270 I/BrcmNfcNfa( 3630): nfc_ncif_proc_data 0x030004
10-16 16:39:23.270 I/BrcmNfcNfa( 3630): nfc_ncif_proc_data len:4
10-16 16:39:23.270 D/BrcmHcpR( 3630): 99509000
10-16 16:39:23.270 I/BrcmNfcNfa( 3630): nfa_hci_conn_cback Recvd data pipe:25  Type: EVENT [0x01] Evt: UNKNOWN [0x10]   chain:1  assmbl:0  len:4
10-16 16:39:23.270 I/BrcmNfcNfa( 3630): nfa_sys_ptim_stop_timer 97929b70
10-16 16:39:23.270 I/BrcmNfcNfa( 3630): ptim timer stop
10-16 16:39:23.270 D/BrcmNfcJni( 3630): SecureElement::nfaHciCallback: event=0x11
10-16 16:39:23.270 D/BrcmNfcJni( 3630): SecureElement::nfaHciCallback: NFA_HCI_EVENT_RCVD_EVT; code: 0x10; pipe: 0x19; data len: 2
10-16 16:39:23.270 D/BrcmNfcJni( 3630): SecureElement::nfaHciCallback: NFA_HCI_EVENT_RCVD_EVT; ################################### 
10-16 16:39:23.270 D/BrcmNfcJni( 3630): SecureElement::nfaHciCallback: NFA_HCI_EVENT_RCVD_EVT; data from static pipe
10-16 16:39:23.270 I/BrcmNfcNfa( 3630): NFA got event 0x0813
10-16 16:39:23.270 I/BrcmNfcNfa( 3630): nfa_hci_evt_hdlr state: IDLE (3) event: CHECK_QUEUE (0x0813)
10-16 16:39:23.270 D/NxpTml  ( 3630): PN54X - Read requested.....
10-16 16:39:23.270 D/NxpTml  ( 3630): PN54X - Invoking I2C Read.....
10-16 16:39:23.270 D/BrcmNfcJni( 3630): SecureElement::transceive: exit; isSuccess: 1; recvBufferActualSize: 2
10-16 16:39:23.270 D/BrcmNfcJni( 3630): nativeNfcSecureElement_doTransceive: exit: recv len=2
10-16 16:39:23.270 I/SmartMxTerminalSmartcardServiceTOP( 4823): RECV: 9000
10-16 16:39:23.270 D/NfceeAccess( 3630): check : com.nxp.nfceeapi.service UID 1500
10-16 16:39:23.270 D/NfceeAccess( 3630): cached = true, uid = 1500
10-16 16:39:23.270 D/BrcmNfcJni( 3630): nfcManager_doResetTimeouts
10-16 16:39:23.280 D/BrcmNfcJni( 3630): nativeNfcSecureElement_doDisconnectSecureElementConnection: enter; handle=0x04c0
10-16 16:39:23.280 I/BrcmNfcNfa( 3630): NFA_HciSendEvent(): hci_handle:0x0800, pipe:0x19  Code: 0x21
10-16 16:39:23.280 D/BrcmNfcJni( 3630): SecureElement::disconnectEE: seID=0x4C0; handle=0x04c0
10-16 16:39:23.280 I/BrcmNfcNfa( 3630): NFA_GetConfig (): num_ids: 1
10-16 16:39:23.280 I/BrcmNfcNfa( 3630): NFA got event 0x080F
10-16 16:39:23.280 I/BrcmNfcNfa( 3630): nfa_hci_evt_hdlr state: IDLE (3) event: API_SEND_EVENT_EVT (0x080f)
10-16 16:39:23.280 I/BrcmNfcNfa( 3630): nfa_hciu_send_msg pipe_id:25   Type: EVENT [0x01] Evt: UNKNOWN [0x21]   len:0
10-16 16:39:23.280 D/BrcmHcpX( 3630): 9961
10-16 16:39:23.280 I/BrcmNfcNfa( 3630): nfc_ncif_send_data :3, num_buff:1 qc:0
10-16 16:39:23.280 D/NfcAdaptation( 3630): NfcAdaptation::HalWrite
10-16 16:39:23.280 D/NxpExtns( 3630): const CNfcParam* CNfcConfig::find(const char*) const found MIFARE_READER_ENABLE=
10-16 16:39:23.280 D/NxpTml  ( 3630): PN54X - Write requested.....
10-16 16:39:23.280 D/NxpTml  ( 3630): PN54X - Invoking I2C Write.....
10-16 16:39:23.280 D/NxpNciX ( 3630): len =   5 > 0300029961
10-16 16:39:23.280 D/NxpTml  ( 3630): PN54X - I2C Write successful.....
10-16 16:39:23.280 D/NxpTml  ( 3630): PN54X - Posting Fresh Write message.....
10-16 16:39:23.280 D/NxpTml  ( 3630): PN54X - Tml Writer Thread Running................
10-16 16:39:23.280 D/NxpHal  ( 3630): write successful status = 0x0
10-16 16:39:23.280 D/BrcmNfcJni( 3630): SecureElement::nfaHciCallback: event=0xF
10-16 16:39:23.280 D/BrcmNfcJni( 3630): SecureElement::nfaHciCallback: NFA_HCI_EVENT_SENT_EVT; status=0x0
10-16 16:39:23.280 I/BrcmNfcNfa( 3630): NFA got event 0x0103
10-16 16:39:23.280 I/BrcmNfcNfa( 3630): nfa_dm_evt_hdlr event: NFA_DM_API_GET_CONFIG_EVT (0x03)
10-16 16:39:23.280 I/BrcmNfcNfa( 3630): nfc_ncif_send_cmd.
10-16 16:39:23.280 D/NfcAdaptation( 3630): NfcAdaptation::HalWrite
10-16 16:39:23.280 D/NxpExtns( 3630): const CNfcParam* CNfcConfig::find(const char*) const found MIFARE_READER_ENABLE=
10-16 16:39:23.280 D/NxpTml  ( 3630): PN54X - Write requested.....
10-16 16:39:23.280 D/NxpTml  ( 3630): PN54X - Invoking I2C Write.....
10-16 16:39:23.280 D/NxpNciX ( 3630): len =   5 > 20030201C2
10-16 16:39:23.280 D/NxpTml  ( 3630): PN54X - I2C Write successful.....
10-16 16:39:23.280 D/NxpTml  ( 3630): PN54X - Posting Fresh Write message.....
10-16 16:39:23.280 D/NxpTml  ( 3630): PN54X - Tml Writer Thread Running................
10-16 16:39:23.280 D/NxpHal  ( 3630): write successful status = 0x0
10-16 16:39:23.280 D/NxpTml  ( 3630): PN54X - I2C Read successful.....
10-16 16:39:23.280 D/NxpNciR ( 3630): len =   6 > 600603010301
10-16 16:39:23.280 D/NxpTml  ( 3630): PN54X - Posting read message.....
10-16 16:39:23.280 D/NxpHal  ( 3630): read successful status = 0x0
10-16 16:39:23.280 D/NfcAdaptation( 3630): NfcAdaptation::HalDeviceContextDataCallback: len=6
10-16 16:39:23.280 I/BrcmNfcNfa( 3630): NFC received ntf gid:0
10-16 16:39:23.290 I/BrcmNfcNfa( 3630): nci_proc_core_ntf opcode:0x6
10-16 16:39:23.290 I/BrcmNfcNfa( 3630): nfc_ncif_send_data :3, num_buff:1 qc:0
10-16 16:39:23.290 D/NxpTml  ( 3630): PN54X - Read requested.....
10-16 16:39:23.290 D/NxpTml  ( 3630): PN54X - Invoking I2C Read.....
10-16 16:39:23.290 D/NxpTml  ( 3630): PN54X - I2C Read successful.....
10-16 16:39:23.290 D/NxpNciR ( 3630): len =   7 > 4003040901C200
10-16 16:39:23.290 D/NxpTml  ( 3630): PN54X - Posting read message.....
10-16 16:39:23.290 D/NxpHal  ( 3630): read successful status = 0x0
10-16 16:39:23.290 D/NxpHal  ( 3630): phNxpNciHal_print_res_status: response status =STATUS_INVALID_PARAM
10-16 16:39:23.290 D/NfcAdaptation( 3630): NfcAdaptation::HalDeviceContextDataCallback: len=7
10-16 16:39:23.290 I/BrcmNfcNfa( 3630): NFC received rsp gid:0
10-16 16:39:23.290 I/BrcmNfcNfa( 3630): nci_proc_core_rsp opcode:0x3
10-16 16:39:23.290 I/BrcmNfcNfa( 3630): nfa_dm_nfc_response_cback () NFC_GET_CONFIG_REVT(0x5003)
10-16 16:39:23.290 D/BrcmNfcJni( 3630): nfaDeviceManagementCallback: enter; event=0x3
10-16 16:39:23.290 D/BrcmNfcJni( 3630): nfaDeviceManagementCallback: NFA_DM_GET_CONFIG_EVT
10-16 16:39:23.290 E/BrcmNfcJni( 3630): nfaDeviceManagementCallback: NFA_DM_GET_CONFIG failed
10-16 16:39:23.290 E/BrcmNfcJni( 3630): setUiccIdleTimeout: Config TLV length 0 returned is too short
10-16 16:39:23.290 D/BrcmNfcJni( 3630): startRfDiscovery: is start=1
10-16 16:39:23.290 I/BrcmNfcNfa( 3630): NFA_StartRfDiscovery ()
10-16 16:39:23.290 I/BrcmNfcNfa( 3630): NFA got event 0x010E
10-16 16:39:23.290 I/BrcmNfcNfa( 3630): nfa_dm_evt_hdlr event: NFA_DM_API_START_RF_DISCOVERY_EVT (0x0e)
10-16 16:39:23.290 I/BrcmNfcNfa( 3630): nfa_dm_act_start_rf_discovery ()
10-16 16:39:23.290 I/BrcmNfcNfa( 3630): nfa_dm_start_rf_discover ()
10-16 16:39:23.290 D/NxpTml  ( 3630): PN54X - Read requested.....
10-16 16:39:23.290 D/NxpTml  ( 3630): PN54X - Invoking I2C Read.....
10-16 16:39:23.290 I/BrcmNfcNfa( 3630): nfa_ee_get_tech_route(): 1
10-16 16:39:23.290 I/BrcmNfcNfa( 3630): 0xc0, 0xc0, 0x0, 0x0
10-16 16:39:23.290 I/BrcmNfcNfa( 3630): requested_disc_mask = 0x140000, xx=0
10-16 16:39:23.290 I/BrcmNfcNfa( 3630): listen_mask value after NFC-A = 0x40000
10-16 16:39:23.290 I/BrcmNfcNfa( 3630): listen_mask value after NFC-B = 0x140000
10-16 16:39:23.290 I/BrcmNfcNfa( 3630): listen_mask value after NFC-F = 0x140000
10-16 16:39:23.290 I/BrcmNfcNfa( 3630): listen_mask value after NFC-B Prime = 0x140000
10-16 16:39:23.290 I/BrcmNfcNfa( 3630): dm_disc_mask = 0x0
10-16 16:39:23.290 I/BrcmNfcNfa( 3630): listen_mask value after T1T and T2T = 0x140000
10-16 16:39:23.290 I/BrcmNfcNfa( 3630): listen_mask value after NFC-DEP = 0x140000
10-16 16:39:23.290 I/BrcmNfcNfa( 3630): nfa_dm_cb.disc_cb.entry[0].selected_disc_mask = 0x140000
10-16 16:39:23.290 I/BrcmNfcNfa( 3630): requested_disc_mask = 0x340000, xx=1
10-16 16:39:23.290 I/BrcmNfcNfa( 3630): listen_mask value after NFC-A = 0x40000
10-16 16:39:23.290 I/BrcmNfcNfa( 3630): listen_mask value after NFC-B = 0x140000
10-16 16:39:23.290 I/BrcmNfcNfa( 3630): listen_mask value after NFC-F = 0x340000
10-16 16:39:23.290 I/BrcmNfcNfa( 3630): listen_mask value after NFC-B Prime = 0x340000
10-16 16:39:23.290 I/BrcmNfcNfa( 3630): dm_disc_mask = 0x140000
10-16 16:39:23.290 I/BrcmNfcNfa( 3630): listen_mask value after T1T and T2T = 0x340000
10-16 16:39:23.290 I/BrcmNfcNfa( 3630): listen_mask value after NFC-DEP = 0x340000
10-16 16:39:23.290 I/BrcmNfcNfa( 3630): nfa_dm_cb.disc_cb.entry[1].selected_disc_mask = 0x340000
10-16 16:39:23.290 I/BrcmNfcNfa( 3630): requested_disc_mask = 0x3d7f, xx=2
10-16 16:39:23.290 I/BrcmNfcNfa( 3630): listen_mask value after NFC-A = 0x0
10-16 16:39:23.290 I/BrcmNfcNfa( 3630): listen_mask value after NFC-B = 0x0
10-16 16:39:23.290 I/BrcmNfcNfa( 3630): listen_mask value after NFC-F = 0x0
10-16 16:39:23.290 I/BrcmNfcNfa( 3630): listen_mask value after NFC-B Prime = 0x0
10-16 16:39:23.290 I/BrcmNfcNfa( 3630): dm_disc_mask = 0x340000
10-16 16:39:23.290 I/BrcmNfcNfa( 3630): listen_mask value after T1T and T2T = 0x0
10-16 16:39:23.290 I/BrcmNfcNfa( 3630): listen_mask value after NFC-DEP = 0x0
10-16 16:39:23.290 I/BrcmNfcNfa( 3630): nfa_dm_cb.disc_cb.entry[2].selected_disc_mask = 0x3d7f
10-16 16:39:23.290 I/BrcmNfcNfa( 3630): requested_disc_mask = 0xc400000, xx=3
10-16 16:39:23.290 I/BrcmNfcNfa( 3630): listen_mask value after NFC-A = 0x4000000
10-16 16:39:23.290 I/BrcmNfcNfa( 3630): listen_mask value after NFC-B = 0x4000000
10-16 16:39:23.290 I/BrcmNfcNfa( 3630): listen_mask value after NFC-F = 0xc400000
10-16 16:39:23.290 I/BrcmNfcNfa( 3630): listen_mask value after NFC-B Prime = 0xc400000
10-16 16:39:23.290 I/BrcmNfcNfa( 3630): dm_disc_mask = 0x343d7f
10-16 16:39:23.290 I/BrcmNfcNfa( 3630): listen_mask value after T1T and T2T = 0xc400000
10-16 16:39:23.290 I/BrcmNfcNfa( 3630): listen_mask value after NFC-DEP = 0xc400000
10-16 16:39:23.290 I/BrcmNfcNfa( 3630): nfa_dm_cb.disc_cb.entry[3].selected_disc_mask = 0xc400000
10-16 16:39:23.290 D/NfcAdaptation( 3630): const CNfcParam* CNfcConfig::find(const char*) const found NXP_FWD_FUNCTIONALITY_ENABLE=(0x1)
10-16 16:39:23.290 D/NfcAdaptation( 3630): const CNfcParam* CNfcConfig::find(const char*) const found HOST_LISTEN_ENABLE=(0x1)
10-16 16:39:23.290 I/BrcmNfcNfa( 3630): nfa_ee_find_ecb ()
10-16 16:39:23.290 I/BrcmNfcNfa( 3630): supported tech list is 0x00 for given nfcee_id: 0x2 
10-16 16:39:23.290 I/BrcmNfcNfa( 3630): nfa_p2p_set_config ()
10-16 16:39:23.290 I/BrcmNfcNfa( 3630): LLCP_GetDiscoveryConfig ()
10-16 16:39:23.290 I/BrcmNfcNfa( 3630): nfa_dm_check_set_config ()
10-16 16:39:23.290 I/BrcmNfcNfa( 3630): nfa_dm_check_set_config ()
10-16 16:39:23.290 I/BrcmNfcNfa( 3630): dm_disc_mask = 0xc743d7f
10-16 16:39:23.290 I/BrcmNfcNfa( 3630): nfa_dm_set_rf_listen_mode_config () tech_proto_mask = 0x0C743D7F
10-16 16:39:23.290 D/NfcAdaptation( 3630): const CNfcParam* CNfcConfig::find(const char*) const found HOST_LISTEN_ENABLE=(0x1)
10-16 16:39:23.290 I/BrcmNfcNfa( 3630): nfa_dm_get_sak:HOST_LISTEN_ENABLE=0x01;
10-16 16:39:23.290 D/NfcAdaptation( 3630): const CNfcParam* CNfcConfig::find(const char*) const found NXP_FWD_FUNCTIONALITY_ENABLE=(0x1)
10-16 16:39:23.290 I/BrcmNfcNfa( 3630): nfa_dm_get_sak:NXP_FWD_FUNCTIONALITY_ENABLE=0x01;
10-16 16:39:23.290 I/BrcmNfcNfa( 3630): nfa_ee_find_ecb ()
10-16 16:39:23.290 I/BrcmNfcNfa( 3630): supported tech list is 0x00 for given nfcee_id: 0x2 
10-16 16:39:23.290 I/BrcmNfcNfa( 3630): nfa_dm_set_rf_listen_mode_config: sens_info=0x020;
10-16 16:39:23.290 I/BrcmNfcNfa( 3630): nfa_dm_check_set_config ()
10-16 16:39:23.290 I/BrcmNfcNfa( 3630): nfa_dm_set_total_duration ()
10-16 16:39:23.290 I/BrcmNfcNfa( 3630): nfa_dm_check_set_config ()
10-16 16:39:23.290 I/BrcmNfcNfa( 3630): NFC_DiscoveryStart
10-16 16:39:23.290 D/NfcAdaptation( 3630): NfcAdaptation::HalPrediscover
10-16 16:39:23.290 I/BrcmNfcNfa( 3630): nfc_ncif_send_cmd.
10-16 16:39:23.290 D/NfcAdaptation( 3630): NfcAdaptation::HalWrite
10-16 16:39:23.290 D/NxpExtns( 3630): const CNfcParam* CNfcConfig::find(const char*) const found MIFARE_READER_ENABLE=
10-16 16:39:23.290 D/NxpHal  ( 3630): > Polling Loop Started
10-16 16:39:23.290 D/NxpTml  ( 3630): PN54X - Write requested.....
10-16 16:39:23.290 D/NxpTml  ( 3630): PN54X - Invoking I2C Write.....
10-16 16:39:23.300 D/NxpNciX ( 3630): len =  28 > 2103190C000101010201030105018001810182018301850106017701
10-16 16:39:23.300 D/NxpTml  ( 3630): PN54X - I2C Write successful.....
10-16 16:39:23.300 D/NxpTml  ( 3630): PN54X - Posting Fresh Write message.....
10-16 16:39:23.300 D/NxpTml  ( 3630): PN54X - Tml Writer Thread Running................
10-16 16:39:23.300 D/NxpHal  ( 3630): write successful status = 0x0
10-16 16:39:23.300 I/BrcmNfcNfa( 3630): NFC_DiscoveryStart status: 0xe3
10-16 16:39:23.310 D/NxpTml  ( 3630): PN54X - I2C Read successful.....
10-16 16:39:23.310 D/NxpNciR ( 3630): len =   4 > 41030100
10-16 16:39:23.310 D/NxpTml  ( 3630): PN54X - Posting read message.....
10-16 16:39:23.310 D/NxpHal  ( 3630): read successful status = 0x0
10-16 16:39:23.310 D/NfcAdaptation( 3630): NfcAdaptation::HalDeviceContextDataCallback: len=4
10-16 16:39:23.310 I/BrcmNfcNfa( 3630): NFC received rsp gid:1
10-16 16:39:23.310 I/BrcmNfcNfa( 3630): returning TRUE
10-16 16:39:23.310 I/BrcmNfcNfa( 3630): nfa_dm_disc_discovery_cback (): event:0x4000
10-16 16:39:23.310 I/BrcmNfcNfa( 3630): nfa_dm_disc_sm_execute (): state: IDLE (0), event: DISCOVER_RSP(1) disc_flags: 0x31
10-16 16:39:23.310 D/NxpTml  ( 3630): PN54X - Read requested.....
10-16 16:39:23.310 D/NxpTml  ( 3630): PN54X - Invoking I2C Read.....
10-16 16:39:23.310 I/BrcmNfcNfa( 3630): nfa_dm_disc_new_state (): old_state: IDLE (0), new_state: DISCOVERY (1) disc_flags: 0x11
10-16 16:39:23.310 D/BrcmNfcJni( 3630): nfaConnectionCallback: event= 30
10-16 16:39:23.310 D/BrcmNfcJni( 3630): nfaConnectionCallback: NFA_RF_DISCOVERY_STARTED_EVT: status = 0
10-16 16:39:23.310 I/BrcmNfcNfa( 3630): nfa_dm_disc_sm_execute (): new state: DISCOVERY (1), disc_flags: 0x1
10-16 16:39:23.310 D/BrcmNfcJni( 3630): SecureElement::isBusy: 0
10-16 16:39:23.310 D/BrcmNfcJni( 3630): SecureElement::deactivate: enter; seID=0x4C0, mActiveEeHandle=0x4C0
10-16 16:39:23.310 D/BrcmNfcJni( 3630): SecureElement::deactivate: handle=0xFFFF
10-16 16:39:23.310 D/BrcmNfcJni( 3630): SecureElement::deactivate: exit; ok=0
10-16 16:39:23.310 D/BrcmNfcJni( 3630): PowerSwitch::setModeOff(deactivated=0x4) : mCurrActivity=0x1
10-16 16:39:23.310 D/BrcmNfcJni( 3630): nativeNfcSecureElement_doDisconnectSecureElementConnection: exit
10-16 16:39:23.310 I/TerminalSmartcardServiceMIDDLE( 4823): closeChannel end
10-16 16:39:23.310 I/SmartcardServiceMIDDLE( 4823): ARA applet is used for:eSE - SmartMX
10-16 16:39:23.310 I/SmartcardServiceMIDDLE( 4823): Initializing Access Control end
10-16 16:39:23.910 D/PowerUI ( 3091): buckets   .....20 .. 15 .. 4
10-16 16:39:23.910 D/PowerUI ( 3091): level          73 --> 73
10-16 16:39:23.910 D/PowerUI ( 3091): status         2 --> 2
10-16 16:39:23.910 D/PowerUI ( 3091): plugType       2 --> 2
10-16 16:39:23.910 D/PowerUI ( 3091): invalidCharger 0 --> 0
10-16 16:39:23.910 D/PowerUI ( 3091): bucket         1 --> 1
10-16 16:39:23.910 D/PowerUI ( 3091): plugged        true --> true
10-16 16:39:23.910 D/AlarmAlignManager( 2877): I got broadcast:android.intent.action.BATTERY_CHANGED
10-16 16:39:23.910 D/UsbDeviceManager( 2877): onReceive - BATTERY_CHANGED - mSettingUsbCharging: false, mConnected: true, mSettingUsbBicr: false mPlugType:2
10-16 16:39:23.920 D/audio_hw_primary( 2476): do_out_standby():...
10-16 16:39:23.920 I/audio_hw_primary( 2476): ++NxpTfa98xx_PowerOff(485)++
10-16 16:39:23.950 I/audio_hw_primary( 2476): --NxpTfa98xx_PowerOff(533)--
10-16 16:39:23.960 D/audio_hw_primary( 2476): stop_backend():...
10-16 16:39:23.960 D/audio_hw_primary( 2476): select_devices(): devices 0 input src 0 output route none input route none
10-16 16:39:23.980 D/AlarmManager( 2877): set alarm to RTC 2-26845535-00:00:00
10-16 16:39:23.980 D/AlarmManager( 2877): set alarm to RTC 3-445534-16:40:00
10-16 16:39:23.980 V/AlarmManager( 2877): sending alarm Alarm{32482c13 type 2 when 16:39:23 start 16:39:23 end 16:39:23 android} and operation:com.android.server.task.controllers.BatteryController.ACTION_CHARGING_STABLE
10-16 16:39:24.100 I/art     ( 2877): Background sticky concurrent mark sweep GC freed 27662(1718KB) AllocSpace objects, 0(0B) LOS objects, 5% free, 33MB/35MB, paused 5.612ms total 23.934ms
10-16 16:39:24.420 D/SwitchPreference( 3181): switch lintener onCheckedChanged, check:false; isChecked():true
10-16 16:39:24.420 D/NfcService( 3630): Disabling Nfc.
10-16 16:39:24.420 I/NfcService( 3630): Disabling NFC Disabling ESE/UICC
10-16 16:39:24.420 D/BrcmNfcJni( 3630): nfcManager_doDeselectSecureElement: enter
10-16 16:39:24.420 D/BrcmNfcJni( 3630): startRfDiscovery: is start=0
10-16 16:39:24.420 I/BrcmNfcNfa( 3630): NFA_StopRfDiscovery ()
10-16 16:39:24.420 I/BrcmNfcNfa( 3630): NFA got event 0x010F
10-16 16:39:24.420 I/BrcmNfcNfa( 3630): nfa_dm_evt_hdlr event: NFA_DM_API_STOP_RF_DISCOVERY_EVT (0x0f)
10-16 16:39:24.420 I/BrcmNfcNfa( 3630): nfa_dm_act_stop_rf_discovery ()
10-16 16:39:24.420 I/BrcmNfcNfa( 3630): nfa_dm_rf_deactivate () deactivate_type:0x0
10-16 16:39:24.420 I/BrcmNfcNfa( 3630): nfa_dm_disc_sm_execute (): state: DISCOVERY (1), event: DEACTIVATE_CMD(6) disc_flags: 0x2
10-16 16:39:24.420 I/BrcmNfcNfa( 3630): NFC_Deactivate 4 (IDLE) deactivate_type:0
10-16 16:39:24.420 I/BrcmNfcNfa( 3630): nfc_ncif_send_cmd.
10-16 16:39:24.420 D/NfcAdaptation( 3630): NfcAdaptation::HalWrite
10-16 16:39:24.420 D/NxpExtns( 3630): const CNfcParam* CNfcConfig::find(const char*) const found MIFARE_READER_ENABLE=
10-16 16:39:24.420 D/NxpTml  ( 3630): PN54X - Write requested.....
10-16 16:39:24.420 D/NxpTml  ( 3630): PN54X - Invoking I2C Write.....
10-16 16:39:24.420 E/NxpTml  ( 3630): _i2c_write() errno : 5
10-16 16:39:24.420 E/NxpTml  ( 3630): PN54X - Error in I2C Write.....
10-16 16:39:24.420 D/NxpTml  ( 3630): PN54X - Posting Fresh Write message.....
10-16 16:39:24.420 D/NxpTml  ( 3630): PN54X - Tml Writer Thread Running................
10-16 16:39:24.420 E/NxpHal  ( 3630): write error status = 0x1ff
10-16 16:39:24.420 E/NxpHal  ( 3630): write_unlocked failed - PN54X Maybe in Standby Mode - Retry
10-16 16:39:24.420 D/NxpTml  ( 3630): PN54X - Write requested.....
10-16 16:39:24.420 D/NxpTml  ( 3630): PN54X - Invoking I2C Write.....
10-16 16:39:24.420 D/NxpNciX ( 3630): len =   4 > 21060100
10-16 16:39:24.420 D/NxpTml  ( 3630): PN54X - I2C Write successful.....
10-16 16:39:24.420 D/NxpTml  ( 3630): PN54X - Posting Fresh Write message.....
10-16 16:39:24.420 D/NxpTml  ( 3630): PN54X - Tml Writer Thread Running................
10-16 16:39:24.420 D/NxpHal  ( 3630): write successful status = 0x0
10-16 16:39:24.420 I/BrcmNfcNfa( 3630): nfa_dm_disc_sm_execute (): new state: DISCOVERY (1), disc_flags: 0x22
10-16 16:39:24.420 I/BrcmNfcNfa( 3630): nfa_sys_ptim_stop_timer 9792a6b0
10-16 16:39:24.420 I/BrcmNfcNfa( 3630): ptim timer stop
10-16 16:39:24.420 I/BrcmNfcNfa( 3630): Stopped presence check timer (if started)
10-16 16:39:24.430 D/NxpTml  ( 3630): PN54X - I2C Read successful.....
10-16 16:39:24.430 D/NxpNciR ( 3630): len =   4 > 41060100
10-16 16:39:24.430 D/NxpTml  ( 3630): PN54X - Posting read message.....
10-16 16:39:24.430 D/NxpHal  ( 3630): read successful status = 0x0
10-16 16:39:24.430 D/NfcAdaptation( 3630): NfcAdaptation::HalDeviceContextDataCallback: len=4
10-16 16:39:24.430 I/BrcmNfcNfa( 3630): NFC received rsp gid:1
10-16 16:39:24.430 I/BrcmNfcNfa( 3630): P2P_Prio_Logic
10-16 16:39:24.430 D/NxpTml  ( 3630): PN54X - Read requested.....
10-16 16:39:24.430 I/BrcmNfcNfa( 3630): nfa_dm_p2p_prio_logic type = 0xff
10-16 16:39:24.430 D/NxpTml  ( 3630): PN54X - Invoking I2C Read.....
10-16 16:39:24.430 I/BrcmNfcNfa( 3630): returning TRUE
10-16 16:39:24.430 I/BrcmNfcNfa( 3630): nfc_set_state 4 (IDLE)->4 (IDLE)
10-16 16:39:24.430 I/BrcmNfcNfa( 3630): nfa_dm_disc_data_cback ()
10-16 16:39:24.430 I/BrcmNfcNfa( 3630): nfa_dm_disc_discovery_cback (): event:0x4005
10-16 16:39:24.430 I/BrcmNfcNfa( 3630): nfa_dm_disc_sm_execute (): state: DISCOVERY (1), event: DEACTIVATE_RSP(7) disc_flags: 0x22
10-16 16:39:24.430 I/BrcmNfcNfa( 3630): nfa_dm_disc_new_state (): old_state: DISCOVERY (1), new_state: IDLE (0) disc_flags: 0x2
10-16 16:39:24.430 D/BrcmNfcJni( 3630): nfaConnectionCallback: event= 31
10-16 16:39:24.430 D/BrcmNfcJni( 3630): nfaConnectionCallback: NFA_RF_DISCOVERY_STOPPED_EVT: status = 0
10-16 16:39:24.430 D/BrcmNfcJni( 3630): notifyPollingEventwhileNfcOff: sDiscCmdwhleNfcOff=1
10-16 16:39:24.430 E/BrcmNfcJni( 3630): getReconnectState = 0x0
10-16 16:39:24.430 I/BrcmNfcNfa( 3630): nfa_dm_start_rf_discover ()
10-16 16:39:24.430 I/BrcmNfcNfa( 3630): nfa_dm_disc_sm_execute (): new state: IDLE (0), disc_flags: 0x0
10-16 16:39:24.430 D/BrcmNfcJni( 3630): SecureElement::isBusy: 0
10-16 16:39:24.430 D/BrcmNfcJni( 3630): SecureElement::deactivate: enter; seID=0x2, mActiveEeHandle=0xFFFF
10-16 16:39:24.430 D/BrcmNfcJni( 3630): SecureElement::deactivate: handle=0x402
10-16 16:39:24.430 D/BrcmNfcJni( 3630): SecureElement::deactivate: exit; ok=0
10-16 16:39:24.430 D/BrcmNfcJni( 3630): PowerSwitch::setModeOff(deactivated=0x2) : mCurrActivity=0x1
10-16 16:39:24.430 D/BrcmNfcJni( 3630): nfcManager_doDeselectSecureElement: exit
10-16 16:39:24.430 D/BrcmNfcJni( 3630): nfcManager_doDeselectSecureElement: enter
10-16 16:39:24.430 D/BrcmNfcJni( 3630): SecureElement::isBusy: 0
10-16 16:39:24.430 D/BrcmNfcJni( 3630): SecureElement::deactivate: enter; seID=0x1, mActiveEeHandle=0xFFFF
10-16 16:39:24.430 D/BrcmNfcJni( 3630): SecureElement::deactivate: handle=0x4C0
10-16 16:39:24.430 D/BrcmNfcJni( 3630): SecureElement::deactivate: set EE mode activate; h=0x4C0
10-16 16:39:24.430 I/BrcmNfcNfa( 3630): NFA_EeModeSet(): handle:<0x4c0>, mode:0x00
10-16 16:39:24.430 I/BrcmNfcNfa( 3630): NFA got event 0x0203
10-16 16:39:24.430 I/BrcmNfcNfa( 3630): nfa_ee_evt_hdlr (): Event API_MODE_SET(0x203), State: INIT_DONE(1)
10-16 16:39:24.430 I/BrcmNfcNfa( 3630): nfa_ee_api_mode_set() handle:0xc0 mode:0
10-16 16:39:24.430 I/BrcmNfcNfa( 3630): nfc_ncif_send_cmd.
10-16 16:39:24.430 D/NfcAdaptation( 3630): NfcAdaptation::HalWrite
10-16 16:39:24.430 D/NxpExtns( 3630): const CNfcParam* CNfcConfig::find(const char*) const found MIFARE_READER_ENABLE=
10-16 16:39:24.430 D/NxpTml  ( 3630): PN54X - Write requested.....
10-16 16:39:24.430 D/NxpTml  ( 3630): PN54X - Invoking I2C Write.....
10-16 16:39:24.440 D/NxpNciX ( 3630): len =   5 > 220102C000
10-16 16:39:24.440 D/NxpTml  ( 3630): PN54X - I2C Write successful.....
10-16 16:39:24.440 D/NxpTml  ( 3630): PN54X - Posting Fresh Write message.....
10-16 16:39:24.440 D/NxpTml  ( 3630): PN54X - Tml Writer Thread Running................
10-16 16:39:24.440 D/NxpHal  ( 3630): write successful status = 0x0
10-16 16:39:24.440 D/NxpTml  ( 3630): PN54X - I2C Read successful.....
10-16 16:39:24.440 D/NxpNciR ( 3630): len =   4 > 42010100
10-16 16:39:24.440 D/NxpTml  ( 3630): PN54X - Posting read message.....
10-16 16:39:24.440 D/NxpHal  ( 3630): read successful status = 0x0
10-16 16:39:24.440 D/NfcAdaptation( 3630): NfcAdaptation::HalDeviceContextDataCallback: len=4
10-16 16:39:24.440 I/BrcmNfcNfa( 3630): NFC received rsp gid:2
10-16 16:39:24.440 I/BrcmNfcNfa( 3630): nci_proc_ee_management_rsp opcode:0x1
10-16 16:39:24.440 I/BrcmNfcNfa( 3630): nfa_dm_nfc_response_cback () NFC_NFCEE_MODE_SET_REVT(0x5006)
10-16 16:39:24.440 I/BrcmNfcNfa( 3630): nfa_ee_proc_evt: event=0x5006 int_event:0x20f
10-16 16:39:24.440 I/BrcmNfcNfa( 3630): nfa_ee_evt_hdlr (): Event NCI_MODE_SET(0x20f), State: INIT_DONE(1)
10-16 16:39:24.440 I/BrcmNfcNfa( 3630): nfa_ee_nci_mode_set_rsp() handle:0xc0 mode:0
10-16 16:39:24.440 I/BrcmNfcNfa( 3630): nfa_ee_find_ecb ()
10-16 16:39:24.440 I/BrcmNfcNfa( 3630): status:0 ecb_flags  :0x00 ee_cfged:0x02 ee_status:1
10-16 16:39:24.440 D/BrcmNfcJni( 3630): RoutingManager::nfaEeCallback: NFA_EE_MODE_SET_EVT; status: 0x0000  handle: 0x04C0  mActiveEeHandle: 0xFFFF
10-16 16:39:24.440 D/BrcmNfcJni( 3630): SecureElement::notifyModeSet: NFA_EE_MODE_SET_EVT; pEE->ee_status: Connected/Inactive (0x0001)
10-16 16:39:24.440 I/BrcmNfcNfa( 3630): nfa_hci_ee_info_cback (): 2
10-16 16:39:24.440 I/BrcmNfcNfa( 3630): nfa_dm_is_active () flags:0x5
10-16 16:39:24.440 D/BrcmNfcJni( 3630): nfaEeCallback: NFA_EE_DISCOVER_REQ_EVT; status=0x0; num ee=0
10-16 16:39:24.440 D/BrcmNfcJni( 3630): SecureElement::deactivate: eeItem.ee_status =0x1  NFC_NFCEE_STATUS_INACTIVE = 1
10-16 16:39:24.440 E/BrcmNfcJni( 3630): SecureElement::deactivate: NFA_EeModeSet success; status=0x0
10-16 16:39:24.440 D/BrcmNfcJni( 3630): SecureElement::deactivate: exit; ok=1
10-16 16:39:24.440 D/BrcmNfcJni( 3630): PowerSwitch::setModeOff(deactivated=0x2) : mCurrActivity=0x1
10-16 16:39:24.440 D/BrcmNfcJni( 3630): nfcManager_doDeselectSecureElement: exit
10-16 16:39:24.440 D/NxpTml  ( 3630): PN54X - Read requested.....
10-16 16:39:24.440 D/NxpTml  ( 3630): PN54X - Invoking I2C Read.....
10-16 16:39:24.440 D/SwitchPreference( 3181): onSwitchCheckedChange, isChecked:false; isChecked():true
10-16 16:39:24.450 I/NfcService( 3630): Disabling NFC
10-16 16:39:24.450 V/NfcShortCut( 3091): updateViews()_NfcAdapter.STATE_TURNING_OFF
10-16 16:39:24.450 D/NfcP2pLinkManager( 3630): enableDisable: llcp deactivate
10-16 16:39:24.450 I/NfcP2pLinkManager( 3630): LLCP deactivated.
10-16 16:39:24.450 I/NfcP2pLinkManager( 3630): Duplicate onLlcpDectivated()
10-16 16:39:24.450 D/BrcmNfcJni( 3630): nativeLlcpServiceSocket_doClose: enter
10-16 16:39:24.450 D/BrcmNfcJni( 3630): PeerToPeer::deregisterServer: enter; JNI handle: 19
10-16 16:39:24.450 I/BrcmNfcNfa( 3630): NFA_P2pDeregister (): handle:0x504
10-16 16:39:24.450 D/BrcmNfcJni( 3630): P2pServer::accept: serverJniHandle: 19; connJniHandle: 21; nfa conn h: 0xFFFF; got incoming connection
10-16 16:39:24.450 D/BrcmNfcJni( 3630): P2pServer::accept: no handle assigned
10-16 16:39:24.450 E/BrcmNfcJni( 3630): nativeLlcpServiceSocket_doAccept: fail accept
10-16 16:39:24.450 D/BrcmNfcJni( 3630): nativeLlcpServiceSocket_doAccept: exit
10-16 16:39:24.450 I/BrcmNfcNfa( 3630): NFA got event 0x0302
10-16 16:39:24.450 I/BrcmNfcNfa( 3630): nfa_p2p_evt_hdlr (): LLCP State [Link LISTENING], Event [API_DEREG]
10-16 16:39:24.450 I/BrcmNfcNfa( 3630): nfa_p2p_dereg ()
10-16 16:39:24.450 I/BrcmNfcNfa( 3630): LLCP_Deregister () SAP:0x4
10-16 16:39:24.450 I/BrcmNfcNfa( 3630): LLCP_FlushLogicalLinkRxData () Local SAP:0x4
10-16 16:39:24.450 I/BrcmNfcNfa( 3630): nfa_p2p_enable_listening () sys_id = 3, update_wks = 1
10-16 16:39:24.450 I/BrcmNfcNfa( 3630): nfa_p2p_set_config ()
10-16 16:39:24.450 I/BrcmNfcNfa( 3630): LLCP_GetDiscoveryConfig ()
10-16 16:39:24.450 I/BrcmNfcNfa( 3630): nfa_dm_check_set_config ()
10-16 16:39:24.450 I/BrcmNfcNfa( 3630): nfc_ncif_send_cmd.
10-16 16:39:24.450 D/NfcAdaptation( 3630): NfcAdaptation::HalWrite
10-16 16:39:24.450 D/NxpExtns( 3630): const CNfcParam* CNfcConfig::find(const char*) const found MIFARE_READER_ENABLE=
10-16 16:39:24.450 D/BrcmNfcJni( 3630): PeerToPeer::removeServer: server jni_handle: 19;  nfa_handle: 0x0504; name: urn:nfc:sn:snep; index=0
10-16 16:39:24.450 D/BrcmNfcJni( 3630): PeerToPeer::deregisterServer: exit
10-16 16:39:24.450 D/BrcmNfcJni( 3630): nativeLlcpServiceSocket_doClose: exit
10-16 16:39:24.450 E/SnepServer( 3630): IO error
10-16 16:39:24.450 E/SnepServer( 3630): java.io.IOException
10-16 16:39:24.450 E/SnepServer( 3630): 	at com.android.nfc.dhimpl.NativeLlcpServiceSocket.accept(NativeLlcpServiceSocket.java:42)
10-16 16:39:24.450 E/SnepServer( 3630): 	at com.android.nfc.snep.SnepServer$ServerThread.run(SnepServer.java:233)
10-16 16:39:24.450 D/NdefPushServer( 3630): stop, thread = Thread[Thread-82,5,main]
10-16 16:39:24.450 D/NdefPushServer( 3630): shuting down server thread
10-16 16:39:24.450 D/BrcmNfcJni( 3630): nativeLlcpServiceSocket_doClose: enter
10-16 16:39:24.450 D/BrcmNfcJni( 3630): PeerToPeer::deregisterServer: enter; JNI handle: 20
10-16 16:39:24.450 D/BrcmNfcJni( 3630): P2pServer::accept: serverJniHandle: 20; connJniHandle: 24; nfa conn h: 0xFFFF; got incoming connection
10-16 16:39:24.450 D/BrcmNfcJni( 3630): P2pServer::accept: no handle assigned
10-16 16:39:24.450 E/BrcmNfcJni( 3630): nativeLlcpServiceSocket_doAccept: fail accept
10-16 16:39:24.450 D/BrcmNfcJni( 3630): nativeLlcpServiceSocket_doAccept: exit
10-16 16:39:24.450 D/NxpTml  ( 3630): PN54X - Write requested.....
10-16 16:39:24.450 D/NxpTml  ( 3630): PN54X - Invoking I2C Write.....
10-16 16:39:24.450 E/NdefPushServer( 3630): IO error
10-16 16:39:24.450 E/NdefPushServer( 3630): java.io.IOException
10-16 16:39:24.450 E/NdefPushServer( 3630): 	at com.android.nfc.dhimpl.NativeLlcpServiceSocket.accept(NativeLlcpServiceSocket.java:42)
10-16 16:39:24.450 E/NdefPushServer( 3630): 	at com.android.nfc.ndefpush.NdefPushServer$ServerThread.run(NdefPushServer.java:154)
10-16 16:39:24.450 I/BrcmNfcNfa( 3630): NFA_P2pDeregister (): handle:0x510
10-16 16:39:24.450 D/BrcmNfcJni( 3630): PeerToPeer::removeServer: server jni_handle: 20;  nfa_handle: 0x0510; name: com.android.npp; index=1
10-16 16:39:24.450 D/BrcmNfcJni( 3630): PeerToPeer::deregisterServer: exit
10-16 16:39:24.450 D/BrcmNfcJni( 3630): nativeLlcpServiceSocket_doClose: exit
10-16 16:39:24.450 D/BrcmNfcJni( 3630): nativeLlcpServiceSocket_doClose: enter
10-16 16:39:24.450 D/BrcmNfcJni( 3630): PeerToPeer::deregisterServer: enter; JNI handle: 22
10-16 16:39:24.450 I/BrcmNfcNfa( 3630): NFA_P2pDeregister (): handle:0x511
10-16 16:39:24.450 D/BrcmNfcJni( 3630): PeerToPeer::removeServer: server jni_handle: 22;  nfa_handle: 0x0511; name: urn:nfc:sn:handover; index=2
10-16 16:39:24.450 D/BrcmNfcJni( 3630): PeerToPeer::deregisterServer: exit
10-16 16:39:24.450 D/BrcmNfcJni( 3630): nativeLlcpServiceSocket_doClose: exit
10-16 16:39:24.450 D/BrcmNfcJni( 3630): P2pServer::accept: serverJniHandle: 22; connJniHandle: 23; nfa conn h: 0xFFFF; got incoming connection
10-16 16:39:24.450 D/BrcmNfcJni( 3630): P2pServer::accept: no handle assigned
10-16 16:39:24.450 E/BrcmNfcJni( 3630): nativeLlcpServiceSocket_doAccept: fail accept
10-16 16:39:24.450 D/BrcmNfcJni( 3630): nativeLlcpServiceSocket_doAccept: exit
10-16 16:39:24.450 E/HandoverServer( 3630): IO error
10-16 16:39:24.450 E/HandoverServer( 3630): java.io.IOException
10-16 16:39:24.450 E/HandoverServer( 3630): 	at com.android.nfc.dhimpl.NativeLlcpServiceSocket.accept(NativeLlcpServiceSocket.java:42)
10-16 16:39:24.450 E/HandoverServer( 3630): 	at com.android.nfc.handover.HandoverServer$ServerThread.run(HandoverServer.java:129)
10-16 16:39:24.450 D/NxpNciX ( 3630): len =  26 > 20021701291446666D010111020207FF03020003040164070103
10-16 16:39:24.450 D/NxpTml  ( 3630): PN54X - I2C Write successful.....
10-16 16:39:24.450 D/NxpTml  ( 3630): PN54X - Posting Fresh Write message.....
10-16 16:39:24.450 D/NxpTml  ( 3630): PN54X - Tml Writer Thread Running................
10-16 16:39:24.450 D/NxpHal  ( 3630): write successful status = 0x0
10-16 16:39:24.450 I/BrcmNfcNfa( 3630): nfa_dm_check_set_config ()
10-16 16:39:24.450 I/BrcmNfcNfa( 3630): nfc_ncif_send_cmd.
10-16 16:39:24.450 I/BrcmNfcNfa( 3630): nfc_ncif_check_cmd_queue : making  p_buf NULL.
10-16 16:39:24.450 I/BrcmNfcNfa( 3630): NFA got event 0x0302
10-16 16:39:24.450 I/BrcmNfcNfa( 3630): nfa_p2p_evt_hdlr (): LLCP State [Link LISTENING], Event [API_DEREG]
10-16 16:39:24.450 I/BrcmNfcNfa( 3630): nfa_p2p_dereg ()
10-16 16:39:24.450 I/BrcmNfcNfa( 3630): LLCP_Deregister () SAP:0x10
10-16 16:39:24.450 I/BrcmNfcNfa( 3630): LLCP_FlushLogicalLinkRxData () Local SAP:0x10
10-16 16:39:24.450 I/BrcmNfcNfa( 3630): NFA got event 0x0302
10-16 16:39:24.450 I/BrcmNfcNfa( 3630): nfa_p2p_evt_hdlr (): LLCP State [Link LISTENING], Event [API_DEREG]
10-16 16:39:24.450 I/BrcmNfcNfa( 3630): nfa_p2p_dereg ()
10-16 16:39:24.450 I/BrcmNfcNfa( 3630): LLCP_Deregister () SAP:0x11
10-16 16:39:24.450 I/BrcmNfcNfa( 3630): LLCP_FlushLogicalLinkRxData () Local SAP:0x11
10-16 16:39:24.450 I/BrcmNfcNfa( 3630): nfa_p2p_disable_listening ()  sys_id = 3, update_wks = 0
