10-16 16:39:21.910 D/BrcmNfcJni( 3630): nfaEeCallback: NFA_EE_DISCOVER_REQ_EVT; status=0x0; num ee=1
10-16 16:39:21.910 I/BrcmNfcNfa( 3630): NFA_CeRegisterAidOnDH ()
10-16 16:39:21.910 I/BrcmNfcNfa( 3630): NFA_CeSetIsoDepListenTech (): 0x3
10-16 16:39:21.910 I/BrcmNfcNfa( 3630): NFA_AllEeGetInfo em_
10-16 16:39:21.910 I/BrcmNfcNfa( 3630): NFA_AllEeGetInfo em_state:1 cur_ee:3
10-16 16:39:21.910 I/BrcmNfcNfa( 3630): xx:0 max_ret:5, num_ret:0 ee_status:0x0
10-16 16:39:21.910 I/BrcmNfcNfa( 3630): xx:0 max_ret:5, num_ret:0 ee_status:0x0
10-16 16:39:21.910 I/BrcmNfcNfa( 3630): xx:1 max_ret:5CC/ESE/Felica/Type-4 tag listener. Type=1
10-16 16:39:21.910 I/BrcmNfcNfa( 3630): xx:1 max_ret:5, num_ret:1 ee_status:0x0
10-16 16:39:21.910 I/BrcmNfcNfa( 3630): xx:2 max_ret:5, num_ret:2 ee_status:0x2
10-16 16:39:21.910 I/BrcmNfcNfa( 3630): num_ret:3
10-16 16:39:21.910 I/BrcmNfcNfa( 3630): CE_T4tRegisterAID (): registering callback for wildcard AID 
10-16 16:39:21.910 I/BrcmNfcNfa( 3630): CE_T4tReg
10-16 16:39:21.910 D/BrcmNfcJni( 3630): gSeDiscoverycount = 3
10-16 16:39:21.910 D/        ( 3630): HciRFParams::initialize: enter
10-16 16:39:21.910 I/BrcmNfcNfa( 3630): NFA_GetConfig (): num_ids: 1
10-16 16:39:21.910 I/BrcmNfcNfa( 3630): NFA_GetConfig (): num_ids: 1
10-16 16:39:21.910 I/BrcmNfcNfa( 3630): nfa_dm_add_rf_discover () disc_mask=0x140000
10-16 16:39:21.910 I/BrcmNfcNfa( 3630): nfa_dm_add_rf_discover () disc_mask=0x140000, xx=0
10-16 16:39:21.910 I/BrcmNfcNfa( 3630): nfa_ce_api_reg_listen: registered handle 0x0301
10-16 16:39:21.910 D/BrcmNfcJni( 3630): RoutingManager::stackCallback: event=0x15
10-16 16:39:21.910 D/BrcmNfcJni( 3630): RoutingManager::stackCallback: NFA_CE_REGISTERED_EVT; status=0x0; h=0x301
10-16 16:39:21.910 I/BrcmNfcNfa( 3630): NFA got event 0x0703
10-16 16:39:21.910 I/BrcmNfcNfa( 3630): nfa_ce_handle_event event: NFA_CE_API_CFG_ISODEP_TECH_EVT (0x703), flags: 00000000
10-16 16:39:21.910 I/BrcmNfcNfa( 3630): NFA got event 0x0103
10-16 16:39:21.910 I/BrcmNfcNfa( 3630): nfa_dm_evt_hdlr event: NFA_DM_API_GET_CONFIG_EVT (0x03)
10-16 16:39:21.910 I/BrcmNfcNfa( 3630): nfc_ncif_send_cmd.
10-16 16:39:21.910 D/NfcAdaptation( 3630): NfcAdaptation::HalWrite
10-16 16:39:21.910 D/NxpExtns( 3630): const CNfcParam* CNfcConfig::find(const char*) const found MIFARE_READER_ENABLE=
10-16 16:39:21.910 D/NxpTml  ( 3630): PN54X - Write requested.....
10-16 16:39:21.910 D/NxpTml  ( 3630): PN54X - Invoking I2C Write.....
10-16 16:39:21.910 D/NxpNciX ( 3630): len =   6 > 20030301A0F0
10-16 16:39:21.910 D/NxpTml  ( 3630): PN54X - I2C Write successful.....
10-16 16:39:21.910 D/NxpTml  ( 3630): PN54X - Posting Fresh Write message.....
10-16 16:39:21.910 D/NxpHal  ( 3630): write successful status = 0x0
10-16 16:39:21.910 D/NxpTml  ( 3630): PN54X - Tml Writer Thread Running................
10-16 16:39:21.920 D/NxpTml  ( 3630): PN54X - I2C Read successful.....
10-16 16:39:21.920 D/NxpNciR ( 3630): len =  76 > 4003490001A0F0440202000000000000000000000020040000000000000000000000000000000000800101000001020200000000000000007100000000000000000000000000000000000001
10-16 16:39:21.920 D/NxpTml  ( 3630): PN54X - Posting read message.....
10-16 16:39:21.920 D/NxpHal  ( 3630): read successful status = 0x0
10-16 16:39:21.920 D/NxpHal  ( 3630): phNxpNciHal_print_res_status: response status =STATUS_OK
10-16 16:39:21.920 D/NfcAdaptation( 3630): NfcAdaptation::HalDeviceContextDataCallback: len=76
10-16 16:39:21.920 D/NxpTml  ( 3630): PN54X - Read requested.....
10-16 16:39:21.920 D/NxpTml  ( 3630): PN54X - Invoking I2C Read.....
10-16 16:39:21.920 I/BrcmNfcNfa( 3630): NFC received rsp gid:0
10-16 16:39:21.920 I/BrcmNfcNfa( 3630): nci_proc_core_rsp opcode:0x3
10-16 16:39:21.920 I/BrcmNfcNfa( 3630): nfa_dm_nfc_response_cback () NFC_GET_CONFIG_REVT(0x5003)
10-16 16:39:21.920 D/BrcmNfcJni( 3630): nfaDeviceManagementCallback: enter; event=0x3
10-16 16:39:21.920 D/BrcmNfcJni( 3630): nfaDeviceManagementCallback: NFA_DM_GET_CONFIG_EVT
10-16 16:39:21.920 D/        ( 3630): initialize: status 0
10-16 16:39:21.920 D/        ( 3630): initialize: tlv_size 73
10-16 16:39:21.920 D/        ( 3630): initialize: param_tlvs 1
10-16 16:39:21.920 D/        ( 3630): HciRFParams::initialize: exit
10-16 16:39:21.920 D/BrcmNfcJni( 3630): nativeNfcTag_registerNdefTypeHandler
10-16 16:39:21.920 I/BrcmNfcNfa( 3630): NFA_RegisterNDefTypeHandler (): handle whole ndef message: 1, tnf=0xff
10-16 16:39:21.920 D/BrcmNfcJni( 3630): NfcTag::resetTechnologies
10-16 16:39:21.920 D/BrcmNfcJni( 3630): PeerToPeer::initialize
10-16 16:39:21.920 D/NfcAdaptation( 3630): const CNfcParam* CNfcConfig::find(const char*) const found P2P_LISTEN_TECH_MASK=(0xC4)
10-16 16:39:21.920 I/BrcmNfcNfa( 3630): NFA got event 0x0115
10-16 16:39:21.920 D/BrcmNfcJni( 3630): PeerToPeer::handleNfcOnOff: enter; is on=1
10-16 16:39:21.920 I/BrcmNfcNfa( 3630): nfa_dm_evt_hdlr event: NFA_DM_API_REG_NDEF_HDLR_EVT (0x15)
10-16 16:39:21.920 I/BrcmNfcNfa( 3630): Default NDEF handler successfully registered.
10-16 16:39:21.920 I/BrcmNfcNfa( 3630): NDEF handler successfully registered. Handle=0x00000200
10-16 16:39:21.920 D/BrcmNfcJni( 3630): PeerToPeer::handleNfcOnOff: exit
10-16 16:39:21.920 D/BrcmNfcJni( 3630): gSeDiscoverycount = 3
10-16 16:39:21.920 D/BrcmNfcJni( 3630): GetSwpStausValue: enter
10-16 16:39:21.920 D/BrcmNfcJni( 3630): GetSwpStausValue: Success NFA_SendNxpNciCommand
10-16 16:39:21.920 D/BrcmNfcJni( 3630): ndefHandlerCallback: event=0, eventData=0x7f8a733a78
10-16 16:39:21.920 D/BrcmNfcJni( 3630): ndefHandlerCallback: NFA_NDEF_REGISTER_EVT; status=0x0; h=0x200
10-16 16:39:21.920 I/BrcmNfcNfa( 3630): NFA got event 0x011A
10-16 16:39:21.920 I/BrcmNfcNfa( 3630): nfa_dm_evt_hdlr event: Unknown or Vendor Specific (0x1a)
10-16 16:39:21.920 D/NfcAdaptation( 3630): NfcAdaptation::HalWrite
10-16 16:39:21.920 D/NxpExtns( 3630): const CNfcParam* CNfcConfig::find(const char*) const found MIFARE_READER_ENABLE=
10-16 16:39:21.920 D/NxpTml  ( 3630): PN54X - Write requested.....
10-16 16:39:21.920 D/NxpTml  ( 3630): PN54X - Invoking I2C Write.....
10-16 16:39:21.920 D/NxpNciX ( 3630): len =   8 > 20030502A0ECA0ED
10-16 16:39:21.920 D/NxpTml  ( 3630): PN54X - I2C Write successful.....
10-16 16:39:21.920 D/NxpTml  ( 3630): PN54X - Posting Fresh Write message.....
10-16 16:39:21.920 D/NxpTml  ( 3630): PN54X - Tml Writer Thread Running................
10-16 16:39:21.920 D/NxpHal  ( 3630): write successful status = 0x0
10-16 16:39:21.920 D/NxpTml  ( 3630): PN54X - I2C Read successful.....
10-16 16:39:21.920 D/NxpNciR ( 3630): len =  13 > 40030A0002A0EC0101A0ED0103
10-16 16:39:21.920 D/NxpTml  ( 3630): PN54X - Posting read message.....
10-16 16:39:21.920 D/NxpHal  ( 3630): read successful status = 0x0
10-16 16:39:21.920 D/NxpHal  ( 3630): phNxpNciHal_print_res_status: response status =STATUS_OK
10-16 16:39:21.920 D/NfcAdaptation( 3630): NfcAdaptation::HalDeviceContextDataCallback: len=13
10-16 16:39:21.920 D/BrcmNfcJni( 3630): NxpResponse_GetSwpStausValueCb length data = 0xd status = 0x0
10-16 16:39:21.920 D/BrcmNfcJni( 3630): SWP1 Interface is enabled
10-16 16:39:21.920 D/NxpTml  ( 3630): PN54X - Read requested.....
10-16 16:39:21.920 D/NxpTml  ( 3630): PN54X - Invoking I2C Read.....
10-16 16:39:21.920 D/BrcmNfcJni( 3630): SWP2 Interface is enabled
10-16 16:39:21.930 D/BrcmNfcJni( 3630): GetSwpStausValue : gActualSeCount = 3
10-16 16:39:21.930 D/BrcmNfcJni( 3630): All ESE are discovered 
10-16 16:39:21.930 D/BrcmNfcJni( 3630): checkforNfceeConfig: enter
10-16 16:39:21.930 D/NxpExtns( 3630): const CNfcParam* CNfcConfig::find(const char*) const found NXP_DEFAULT_NFCEE_TIMEOUT=(0x6)
10-16 16:39:21.930 D/BrcmNfcJni( 3630): NAME_DEFAULT_NFCEE_TIMEOUT = 60
10-16 16:39:21.930 D/BrcmNfcJni( 3630): num_nfcee_present = 1
10-16 16:39:21.930 D/BrcmNfcJni( 3630): eSE_flag SET
10-16 16:39:21.930 I/BrcmNfcNfa( 3630): NFA_GetConfig (): num_ids: 1
10-16 16:39:21.930 I/BrcmNfcNfa( 3630): NFA got event 0x0103
10-16 16:39:21.930 I/BrcmNfcNfa( 3630): nfa_dm_evt_hdlr event: NFA_DM_API_GET_CONFIG_EVT (0x03)
10-16 16:39:21.930 I/BrcmNfcNfa( 3630): nfc_ncif_send_cmd.
10-16 16:39:21.930 D/NfcAdaptation( 3630): NfcAdaptation::HalWrite
10-16 16:39:21.930 D/NxpExtns( 3630): const CNfcParam* CNfcConfig::find(const char*) const found MIFARE_READER_ENABLE=
10-16 16:39:21.930 D/NxpTml  ( 3630): PN54X - Write requested.....
10-16 16:39:21.930 D/NxpTml  ( 3630): PN54X - Invoking I2C Write.....
10-16 16:39:21.930 D/NxpNciX ( 3630): len =   6 > 20030301A0EB
10-16 16:39:21.930 D/NxpTml  ( 3630): PN54X - I2C Write successful.....
10-16 16:39:21.930 D/NxpTml  ( 3630): PN54X - Posting Fresh Write message.....
10-16 16:39:21.930 D/NxpTml  ( 3630): PN54X - Tml Writer Thread Running................
10-16 16:39:21.930 D/NxpHal  ( 3630): write successful status = 0x0
10-16 16:39:21.930 D/NxpTml  ( 3630): PN54X - I2C Read successful.....
10-16 16:39:21.930 D/NxpNciR ( 3630): len =  16 > 40030D0001A0EB08E100E5470DA555D8
10-16 16:39:21.930 D/NxpTml  ( 3630): PN54X - Posting read message.....
10-16 16:39:21.930 D/NxpHal  ( 3630): read successful status = 0x0
10-16 16:39:21.930 D/NxpHal  ( 3630): phNxpNciHal_print_res_status: response status =STATUS_OK
10-16 16:39:21.930 D/NfcAdaptation( 3630): NfcAdaptation::HalDeviceContextDataCallback: len=16
10-16 16:39:21.930 I/BrcmNfcNfa( 3630): NFC received rsp gid:0
10-16 16:39:21.930 I/BrcmNfcNfa( 3630): nci_proc_core_rsp opcode:0x3
10-16 16:39:21.930 I/BrcmNfcNfa( 3630): nfa_dm_nfc_response_cback () NFC_GET_CONFIG_REVT(0x5003)
10-16 16:39:21.930 D/BrcmNfcJni( 3630): nfaDeviceManagementCallback: enter; event=0x3
10-16 16:39:21.930 D/NxpTml  ( 3630): PN54X - Read requested.....
10-16 16:39:21.930 D/BrcmNfcJni( 3630): nfaDeviceManagementCallback: NFA_DM_GET_CONFIG_EVT
10-16 16:39:21.930 D/NxpTml  ( 3630): PN54X - Invoking I2C Read.....
10-16 16:39:21.940 D/BrcmNfcJni( 3630): eSE Configured
10-16 16:39:21.940 D/BrcmNfcJni( 3630): getUICC_RF_Param_SetSWPBitRate: enter
10-16 16:39:21.940 I/BrcmNfcNfa( 3630): NFA_GetConfig (): num_ids: 1
10-16 16:39:21.940 I/BrcmNfcNfa( 3630): NFA got event 0x0103
10-16 16:39:21.940 I/BrcmNfcNfa( 3630): nfa_dm_evt_hdlr event: NFA_DM_API_GET_CONFIG_EVT (0x03)
10-16 16:39:21.940 I/BrcmNfcNfa( 3630): nfc_ncif_send_cmd.
10-16 16:39:21.940 D/NfcAdaptation( 3630): NfcAdaptation::HalWrite
10-16 16:39:21.940 D/NxpExtns( 3630): const CNfcParam* CNfcConfig::find(const char*) const found MIFARE_READER_ENABLE=
10-16 16:39:21.940 D/NxpTml  ( 3630): PN54X - Write requested.....
10-16 16:39:21.940 D/NxpTml  ( 3630): PN54X - Invoking I2C Write.....
10-16 16:39:21.940 D/NxpNciX ( 3630): len =   6 > 20030301A0EF
10-16 16:39:21.940 D/NxpTml  ( 3630): PN54X - I2C Write successful.....
10-16 16:39:21.940 D/NxpTml  ( 3630): PN54X - Posting Fresh Write message.....
10-16 16:39:21.940 D/NxpTml  ( 3630): PN54X - Tml Writer Thread Running................
10-16 16:39:21.940 D/NxpHal  ( 3630): write successful status = 0x0
10-16 16:39:21.940 D/NxpTml  ( 3630): PN54X - I2C Read successful.....
10-16 16:39:21.940 D/NxpNciR ( 3630): len =  76 > 4003490001A0EF44020204010203040000000000002001000000000000000000000000000000000081000100000000FF0000000000000000E400000000000000000000000000000000030300
10-16 16:39:21.940 D/NxpTml  ( 3630): PN54X - Posting read message.....
10-16 16:39:21.940 D/NxpHal  ( 3630): read successful status = 0x0
10-16 16:39:21.940 D/NxpHal  ( 3630): phNxpNciHal_print_res_status: response status =STATUS_OK
10-16 16:39:21.940 D/NfcAdaptation( 3630): NfcAdaptation::HalDeviceContextDataCallback: len=76
10-16 16:39:21.940 I/BrcmNfcNfa( 3630): NFC received rsp gid:0
10-16 16:39:21.940 I/BrcmNfcNfa( 3630): nci_proc_core_rsp opcode:0x3
10-16 16:39:21.940 I/BrcmNfcNfa( 3630): nfa_dm_nfc_response_cback () NFC_GET_CONFIG_REVT(0x5003)
10-16 16:39:21.940 D/BrcmNfcJni( 3630): nfaDeviceManagementCallback: enter; event=0x3
10-16 16:39:21.940 D/NxpTml  ( 3630): PN54X - Read requested.....
10-16 16:39:21.940 D/BrcmNfcJni( 3630): nfaDeviceManagementCallback: NFA_DM_GET_CONFIG_EVT
10-16 16:39:21.940 D/NxpTml  ( 3630): PN54X - Invoking I2C Read.....
10-16 16:39:21.940 D/BrcmNfcJni( 3630): SAK Value =0x20
10-16 16:39:21.940 D/BrcmNfcJni( 3630): Setting the SWP_BITRATE_INT1 to 0x04 (910 kb/s)
10-16 16:39:21.940 D/BrcmNfcJni( 3630): SetUICC_SWPBitRate: Success NFA_SendNxpNciCommand
10-16 16:39:21.940 I/BrcmNfcNfa( 3630): NFA got event 0x011A
10-16 16:39:21.940 I/BrcmNfcNfa( 3630): nfa_dm_evt_hdlr event: Unknown or Vendor Specific (0x1a)
10-16 16:39:21.940 D/NfcAdaptation( 3630): NfcAdaptation::HalWrite
10-16 16:39:21.940 D/NxpExtns( 3630): const CNfcParam* CNfcConfig::find(const char*) const found MIFARE_READER_ENABLE=
10-16 16:39:21.940 D/NxpTml  ( 3630): PN54X - Write requested.....
10-16 16:39:21.940 D/NxpTml  ( 3630): PN54X - Invoking I2C Write.....
10-16 16:39:21.950 D/NxpNciX ( 3630): len =   8 > 20020501A0C00104
10-16 16:39:21.950 D/NxpTml  ( 3630): PN54X - I2C Write successful.....
10-16 16:39:21.950 D/NxpTml  ( 3630): PN54X - Posting Fresh Write message.....
10-16 16:39:21.950 D/NxpTml  ( 3630): PN54X - Tml Writer Thread Running................
10-16 16:39:21.950 D/NxpHal  ( 3630): write successful status = 0x0
10-16 16:39:21.950 D/NxpTml  ( 3630): PN54X - I2C Read successful.....
10-16 16:39:21.950 D/NxpNciR ( 3630): len =   5 > 4002020000
10-16 16:39:21.950 D/NxpTml  ( 3630): PN54X - Posting read message.....
10-16 16:39:21.950 D/NxpHal  ( 3630): read successful status = 0x0
10-16 16:39:21.950 D/NxpHal  ( 3630): phNxpNciHal_print_res_status: response status =STATUS_OK
10-16 16:39:21.950 D/NfcAdaptation( 3630): NfcAdaptation::HalDeviceContextDataCallback: len=5
10-16 16:39:21.950 D/BrcmNfcJni( 3630): NxpResponse_SetSWPBitRate_CbReceived length data = 0x5 status = 0x0
10-16 16:39:21.950 D/BrcmNfcJni( 3630): set_transcation_stat: 0
10-16 16:39:21.950 D/NxpTml  ( 3630): PN54X - Read requested.....
10-16 16:39:21.950 D/BrcmNfcJni( 3630): SetVenConfigValue: enter
10-16 16:39:21.950 D/BrcmNfcJni( 3630): Setting the VEN_CFG to 3, Make 
10-16 16:39:21.950 D/NxpTml  ( 3630): PN54X - Invoking I2C Read.....
10-16 16:39:21.950 D/BrcmNfcJni( 3630): SetVenConfigValue: Success NFA_SendNxpNciCommand
10-16 16:39:21.950 I/BrcmNfcNfa( 3630): NFA got event 0x011A
10-16 16:39:21.950 I/BrcmNfcNfa( 3630): nfa_dm_evt_hdlr event: Unknown or Vendor Specific (0x1a)
10-16 16:39:21.950 D/NfcAdaptation( 3630): NfcAdaptation::HalWrite
10-16 16:39:21.950 D/NxpExtns( 3630): const CNfcParam* CNfcConfig::find(const char*) const found MIFARE_READER_ENABLE=
10-16 16:39:21.950 D/NxpTml  ( 3630): PN54X - Write requested.....
10-16 16:39:21.950 D/NxpTml  ( 3630): PN54X - Invoking I2C Write.....
10-16 16:39:21.960 D/NxpNciX ( 3630): len =   8 > 20020501A0070103
10-16 16:39:21.960 D/NxpTml  ( 3630): PN54X - I2C Write successful.....
10-16 16:39:21.960 D/NxpTml  ( 3630): PN54X - Posting Fresh Write message.....
10-16 16:39:21.960 D/NxpTml  ( 3630): PN54X - Tml Writer Thread Running................
10-16 16:39:21.960 D/NxpHal  ( 3630): write successful status = 0x0
10-16 16:39:21.960 D/NxpTml  ( 3630): PN54X - I2C Read successful.....
10-16 16:39:21.960 D/NxpNciR ( 3630): len =   5 > 4002020000
10-16 16:39:21.960 D/NxpTml  ( 3630): PN54X - Posting read message.....
10-16 16:39:21.960 D/NxpHal  ( 3630): read successful status = 0x0
10-16 16:39:21.960 D/NxpHal  ( 3630): phNxpNciHal_print_res_status: response status =STATUS_OK
10-16 16:39:21.960 D/NfcAdaptation( 3630): NfcAdaptation::HalDeviceContextDataCallback: len=5
10-16 16:39:21.960 D/BrcmNfcJni( 3630): NxpResponse_SetVenConfig_Cb Received length data = 0x5 status = 0x0
10-16 16:39:21.960 D/NxpTml  ( 3630): PN54X - Read requested.....
10-16 16:39:21.960 E/BrcmNfcJni( 3630): nfcManager_doInitialize: set the VEN_CFG to VEN_CFG_NFC_ON_POWER_ON
10-16 16:39:21.960 D/NfcAdaptation( 3630): const CNfcParam* CNfcConfig::find(const char*) const found POLLING_TECH_MASK=(0xEF)
10-16 16:39:21.960 D/BrcmNfcJni( 3630): nfcManager_doInitialize: tag polling tech mask=0xEF
10-16 16:39:21.960 I/BrcmNfcNfa( 3630): NFA_SetRfDiscoveryDuration ()
10-16 16:39:21.960 I/BrcmNfcNfa( 3630): NFA got event 0x0110
10-16 16:39:21.960 D/NxpTml  ( 3630): PN54X - Invoking I2C Read.....
10-16 16:39:21.960 I/BrcmNfcNfa( 3630): nfa_dm_evt_hdlr event: NFA_DM_API_SET_RF_DISC_DURATION_EVT (0x10)
10-16 16:39:21.960 D/NxpExtns( 3630): const CNfcParam* CNfcConfig::find(const char*) const found NXP_CE_ROUTE_STRICT_DISABLE=(0x1)
10-16 16:39:21.960 D/BrcmNfcJni( 3630): setCeRouteStrictDisable: mCeRouteScreenLock = 0x1
10-16 16:39:21.960 D/BrcmNfcJni( 3630): PowerSwitch::setLevel: level=PS-LOW-POWER (2)
10-16 16:39:21.960 D/BrcmNfcJni( 3630): PowerSwitch::setLevel: actual power level=PS-FULL
10-16 16:39:21.960 D/BrcmNfcJni( 3630): nfcManager_doInitialize: exit
10-16 16:39:21.960 D/BrcmNfcJni( 3630): nfcManager_doGetSecureElementList
10-16 16:39:21.960 D/BrcmNfcJni( 3630): SecureElement::getListOfEeHandles: enter
10-16 16:39:21.960 D/BrcmNfcJni( 3630): SecureElement::getEeInfo: enter; mbNewEE=0, mActualNumEe=2
10-16 16:39:21.960 I/BrcmNfcNfa( 3630): NFA_EeGetInfo em_state:1 cur_ee:3
10-16 16:39:21.960 I/BrcmNfcNfa( 3630): xx:0 max_ret:5, num_ret:0 ee_status:0x0
10-16 16:39:21.960 I/BrcmNfcNfa( 3630): xx:1 max_ret:5, num_ret:1 ee_status:0x0
10-16 16:39:21.960 I/BrcmNfcNfa( 3630): xx:2 max_ret:5, num_ret:2 ee_status:0x2
10-16 16:39:21.960 I/BrcmNfcNfa( 3630): num_ret:2
10-16 16:39:21.960 D/BrcmNfcJni( 3630): SecureElement::getEeInfo: num EEs discovered: 2
10-16 16:39:21.960 D/BrcmNfcJni( 3630): SecureElement::getEeInfo: EE[0] Handle: 0x0401  Status: Connected/Active  Num I/f: 1: (0x01, 0x00)  Num TLVs: 0, Tech : (LA:0x00, LB:0x00, LF:0x00, LBP:0x00)
10-16 16:39:21.960 D/BrcmNfcJni( 3630): SecureElement::getEeInfo: EE[1] Handle: 0x04c0  Status: Connected/Active  Num I/f: 1: (0x80, 0x00)  Num TLVs: 0, Tech : (LA:0x04, LB:0x04, LF:0x00, LBP:0x00)
10-16 16:39:21.960 D/BrcmNfcJni( 3630): SecureElement::getEeInfo: exit; mActualNumEe=2, mNumEePresent=1
10-16 16:39:21.960 D/BrcmNfcJni( 3630): SecureElement::getListOfEeHandles: 0 = 0x401
10-16 16:39:21.960 D/BrcmNfcJni( 3630): SecureElement::getListOfEeHandles: 1 = 0x4C0
10-16 16:39:21.960 D/BrcmNfcJni( 3630): SecureElement::getListOfEeHandles: Handle 1 = 0xC0
10-16 16:39:21.960 D/BrcmNfcJni( 3630): SecureElement::getListOfEeHandles: Generic id 1 = 0x1
10-16 16:39:21.960 D/BrcmNfcJni( 3630): SecureElement::getListOfEeHandles: exit
10-16 16:39:21.960 D/NxpExtns( 3630): const CNfcParam* CNfcConfig::find(const char*) const found NXP_DEFAULT_SE=(0x3)
10-16 16:39:21.960 D/BrcmNfcJni( 3630): 3: nfcManager_GetDefaultSE
10-16 16:39:21.960 D/NfcService( 3630): Select ALL_SE
10-16 16:39:21.960 D/NxpExtns( 3630): const CNfcParam* CNfcConfig::find(const char*) const found VZW_FEATURE_ENABLE=
10-16 16:39:21.960 D/NxpExtns( 3630): const CNfcParam* CNfcConfig::find(const char*) const found DEFAULT_AID_ROUTE=(0x2)
10-16 16:39:21.960 D/NfcService( 3630): GetDefaultRouteEntry :17
10-16 16:39:21.980 V/ActivityManagerServiceMU( 2877): getContentProviderImpl begin: caller=android.app.ApplicationThreadProxy@10307e4 (pid=3091, userId=0) providerName=  com.meizu.usagestats, cpr=ContentProviderRecord{36eafb57 u0 com.meizu.experiencedatasync/com.meizu.stats.UsageStatsProvider}
10-16 16:39:21.960 D/NfcService( 3630): GetDefaultRouteLoc  :1
10-16 16:39:21.980 V/ActivityManagerServiceMU( 2877): getContentProviderImpl end: caller=android.app.ApplicationThreadProxy@10307e4 (pid=3091, userId=0) providerName= com.meizu.usagestats, cpr=ContentProviderRecord{36eafb57 u0 com.meizu.experiencedatasync/com.meizu.stats.UsageStatsProvider}
10-16 16:39:21.960 D/AidRoutingManager( 3630): mDefaultRoute=0x1
10-16 16:39:21.960 D/AidRoutingManager( 3630): #######Routing AID 325041592E5359532E4444463031 to route 1 with power 1
10-16 16:39:21.960 D/BrcmNfcJni( 3630): RoutingManager::clearAidTable: enter
10-16 16:39:21.970 I/BrcmNfcNfa( 3630): NFA_EeRemoveAidRouting()
10-16 16:39:21.970 I/BrcmNfcNfa( 3630): NFA got event 0x0207
10-16 16:39:21.970 I/BrcmNfcNfa( 3630): nfa_ee_evt_hdlr (): Event API_REMOVE_AID(0x207), State: INIT_DONE(1)
10-16 16:39:21.970 I/BrcmNfcNfa( 3630): nfa_ee_api_remove_aid id:0x0 len=8 aid:ff ff ff ff ff ff ff ff 
10-16 16:39:21.970 D/BrcmNfcJni( 3630): RoutingManager::nfaEeCallback: NFA_EE_REMOVE_AID_EVT  status=0
10-16 16:39:21.970 D/BrcmNfcJni( 3630): RoutingManager::clearAidTable: removed AID
10-16 16:39:21.970 D/BrcmNfcJni( 3630): RoutingManager::clearAidTable: enter
10-16 16:39:21.970 I/BrcmNfcNfa( 3630): NFA_EeRemoveAidRouting()
10-16 16:39:21.970 I/BrcmNfcNfa( 3630): NFA got event 0x0207
10-16 16:39:21.970 I/BrcmNfcNfa( 3630): nfa_ee_evt_hdlr (): Event API_REMOVE_AID(0x207), State: INIT_DONE(1)
10-16 16:39:21.970 I/BrcmNfcNfa( 3630): nfa_ee_api_remove_aid id:0x0 len=8 aid:ff ff ff ff ff ff ff ff 
10-16 16:39:21.970 D/BrcmNfcJni( 3630): RoutingManager::nfaEeCallback: NFA_EE_REMOVE_AID_EVT  status=0
10-16 16:39:21.970 D/BrcmNfcJni( 3630): RoutingManager::clearAidTable: removed AID
10-16 16:39:21.970 E/NfcService( 3630): applyRouting -9
10-16 16:39:21.970 D/RegisteredNfcid2Cache( 3630): updateRoutingLocked:  mNfcid2Cache size 0
10-16 16:39:21.970 D/RegisteredNfcid2Cache( 3630): Finding NFCID2s to be removed
10-16 16:39:21.970 D/NfcService( 3630): Not committing routing because discovery is disabled.
10-16 16:39:21.970 D/Nfcid2RoutingManager( 3630): Not committing routing because table not dirty.
10-16 16:39:21.970 D/NdefPushServer( 3630): start, thread = null
10-16 16:39:21.970 D/NdefPushServer( 3630): starting new server thread
10-16 16:39:21.970 D/BrcmNfcJni( 3630): nfcManager_doCreateLlcpServiceSocket: enter: sap=4; name=urn:nfc:sn:snep; miu=1980; rw=2; buffLen=1024
10-16 16:39:21.970 D/BrcmNfcJni( 3630): PeerToPeer::registerServer: enter; service name: urn:nfc:sn:snep  JNI handle: 19
10-16 16:39:21.970 D/BrcmNfcJni( 3630): PeerToPeer::registerServer: added new p2p server  index: 0  handle: 19  name: urn:nfc:sn:snep
10-16 16:39:21.970 D/BrcmNfcJni( 3630): P2pServer::registerWithStack: enter; service name: urn:nfc:sn:snep  JNI handle: 19
10-16 16:39:21.970 I/BrcmNfcNfa( 3630): NFA_P2pSetLLCPConfig ():link_miu:2175, opt:0x03, wt:7, link_timeout:1000
10-16 16:39:21.970 I/BrcmNfcNfa( 3630):                        inact_timeout(init:0, target:0), symm_delay:20, data_link_timeout:2000
10-16 16:39:21.970 I/BrcmNfcNfa( 3630):                        delay_first_pdu_timeout:50
10-16 16:39:21.970 I/BrcmNfcNfa( 3630): NFA_P2pRegisterServer (): server_sap:0x04, link_type:0x2, SN:<urn:nfc:sn:snep>
10-16 16:39:21.970 D/BrcmNfcJni( 3630): P2pServer::registerWithStack: wait for listen-completion event
10-16 16:39:21.970 I/BrcmNfcNfa( 3630): NFA got event 0x030C
10-16 16:39:21.970 I/BrcmNfcNfa( 3630): nfa_p2p_evt_hdlr (): LLCP State [Link IDLE], Event [API_SET_LLCP_CFG_EVT]
10-16 16:39:21.970 I/BrcmNfcNfa( 3630): LLCP_SetConfig () link_miu:2175, opt:0x03, wt:7, link_timeout:1000
10-16 16:39:21.970 I/BrcmNfcNfa( 3630):                  inact_timeout (init:0,target:0), symm_delay:20, data_link_timeout:2000
10-16 16:39:21.970 I/BrcmNfcNfa( 3630):                  delay_first_pdu_timeout:50
10-16 16:39:21.970 I/BrcmNfcNfa( 3630): NFA got event 0x0300
10-16 16:39:21.970 I/BrcmNfcNfa( 3630): nfa_p2p_evt_hdlr (): LLCP State [Link IDLE], Event [API_REG_SERVER]
10-16 16:39:21.970 I/BrcmNfcNfa( 3630): nfa_p2p_reg_server ()
10-16 16:39:21.970 I/BrcmNfcNfa( 3630): LLCP_RegisterServer (): SAP:0x4, link_type:0x2, ServiceName:<urn:nfc:sn:snep>
10-16 16:39:21.970 I/BrcmNfcNfa( 3630): LLCP_RegisterServer (): Registered SAP = 0x04
10-16 16:39:21.970 I/BrcmNfcNfa( 3630): nfa_p2p_enable_listening () sys_id = 3, update_wks = 1
10-16 16:39:21.970 D/BrcmNfcJni( 3630): PeerToPeer::nfaServerCallback: enter; event=0x0
10-16 16:39:21.970 D/BrcmNfcJni( 3630): PeerToPeer::nfaServerCallback: NFA_P2P_REG_SERVER_EVT; handle: 0x0504; service sap=0x04  name: urn:nfc:sn:snep
10-16 16:39:21.970 D/BrcmNfcJni( 3630): PeerToPeer::nfaServerCallback: exit
10-16 16:39:21.970 D/BrcmNfcJni( 3630): PeerToPeer::registerServer: got new p2p server h=0x504
10-16 16:39:21.970 D/BrcmNfcJni( 3630): nfcManager_doCreateLlcpServiceSocket: socket Handle = 0x13
10-16 16:39:21.970 D/BrcmNfcJni( 3630): nfcManager_doCreateLlcpServiceSocket: buffer length = 1024
10-16 16:39:21.970 D/BrcmNfcJni( 3630): nfcManager_doCreateLlcpServiceSocket: MIU = 1980
10-16 16:39:21.970 D/BrcmNfcJni( 3630): nfcManager_doCreateLlcpServiceSocket:  RW = 2
10-16 16:39:21.970 D/NdefPushServer( 3630): about create LLCP service socket
10-16 16:39:21.970 D/BrcmNfcJni( 3630): nfcManager_doCreateLlcpServiceSocket: exit
10-16 16:39:21.970 D/BrcmNfcJni( 3630): nfcManager_doCreateLlcpServiceSocket: enter: sap=16; name=com.android.npp; miu=248; rw=1; buffLen=1024
10-16 16:39:21.970 D/BrcmNfcJni( 3630): PeerToPeer::registerServer: enter; service name: com.android.npp  JNI handle: 20
10-16 16:39:21.970 D/BrcmNfcJni( 3630): nativeLlcpServiceSocket_doAccept: enter
10-16 16:39:21.970 D/BrcmNfcJni( 3630): PeerToPeer::registerServer: added new p2p server  index: 1  handle: 20  name: com.android.npp
10-16 16:39:21.970 D/BrcmNfcJni( 3630): PeerToPeer::accept: enter; server jni handle: 19; conn jni handle: 21; maxInfoUnit: 1980; recvWindow: 2
10-16 16:39:21.970 D/BrcmNfcJni( 3630): P2pServer::registerWithStack: enter; service name: com.android.npp  JNI handle: 20
10-16 16:39:21.970 D/BrcmNfcJni( 3630): P2pServer::accept: serverJniHandle: 19; connJniHandle: 21; wait for incoming connection
10-16 16:39:21.970 I/NfcService( 3630): Enter: NfcAlaService constructor
10-16 16:39:21.970 I/BrcmNfcNfa( 3630): NFA_P2pSetLLCPConfig ():link_miu:2175, opt:0x03, wt:7, link_timeout:1000
10-16 16:39:21.970 I/NfcService( 3630): Enter: NfcAlaService constructor file open
10-16 16:39:21.970 I/BrcmNfcNfa( 3630):                        inact_timeout(init:0, target:0), symm_delay:20, data_link_timeout:2000
10-16 16:39:21.970 I/BrcmNfcNfa( 3630):                        delay_first_pdu_timeout:50
10-16 16:39:21.970 I/BrcmNfcNfa( 3630): NFA_P2pRegisterServer (): server_sap:0xff, link_type:0x2, SN:<com.android.npp>
10-16 16:39:21.970 I/NfcService( 3630): File Found ls backup
10-16 16:39:21.970 D/BrcmNfcJni( 3630): P2pServer::registerWithStack: wait for listen-completion event
10-16 16:39:21.970 I/BrcmNfcNfa( 3630): NFA got event 0x030C
10-16 16:39:21.970 I/BrcmNfcNfa( 3630): nfa_p2p_evt_hdlr (): LLCP State [Link IDLE], Event [API_SET_LLCP_CFG_EVT]
10-16 16:39:21.970 I/BrcmNfcNfa( 3630): LLCP_SetConfig () link_miu:2175, opt:0x03, wt:7, link_timeout:1000
10-16 16:39:21.970 I/BrcmNfcNfa( 3630):                  inact_timeout (init:0,target:0), symm_delay:20, data_link_timeout:2000
10-16 16:39:21.970 I/BrcmNfcNfa( 3630):                  delay_first_pdu_timeout:50
10-16 16:39:21.970 I/BrcmNfcNfa( 3630): NFA got event 0x0300
10-16 16:39:21.970 I/BrcmNfcNfa( 3630): nfa_p2p_evt_hdlr (): LLCP State [Link IDLE], Event [API_REG_SERVER]
10-16 16:39:21.970 I/BrcmNfcNfa( 3630): nfa_p2p_reg_server ()
10-16 16:39:21.970 I/BrcmNfcNfa( 3630): LLCP_RegisterServer (): SAP:0xff, link_type:0x2, ServiceName:<com.android.npp>
10-16 16:39:21.970 I/BrcmNfcNfa( 3630): LLCP_RegisterServer (): Registered SAP = 0x10
10-16 16:39:21.970 D/BrcmNfcJni( 3630): PeerToPeer::nfaServerCallback: enter; event=0x0
10-16 16:39:21.970 D/BrcmNfcJni( 3630): PeerToPeer::nfaServerCallback: NFA_P2P_REG_SERVER_EVT; handle: 0x0510; service sap=0x10  name: com.android.npp
10-16 16:39:21.970 D/BrcmNfcJni( 3630): PeerToPeer::nfaServerCallback: exit
10-16 16:39:21.970 D/BrcmNfcJni( 3630): PeerToPeer::registerServer: got new p2p server h=0x510
10-16 16:39:21.970 D/BrcmNfcJni( 3630): nfcManager_doCreateLlcpServiceSocket: socket Handle = 0x14
10-16 16:39:21.970 D/BrcmNfcJni( 3630): nfcManager_doCreateLlcpServiceSocket: buffer length = 1024
10-16 16:39:21.970 D/BrcmNfcJni( 3630): nfcManager_doCreateLlcpServiceSocket: enter: sap=20; name=urn:nfc:sn:handover; miu=128; rw=1; buffLen=1024
10-16 16:39:21.970 I/NfcService( 3630): LS Script execution completed
10-16 16:39:21.970 D/BrcmNfcJni( 3630): PeerToPeer::registerServer: enter; service name: urn:nfc:sn:handover  JNI handle: 22
10-16 16:39:21.970 D/BrcmNfcJni( 3630): PeerToPeer::registerServer: added new p2p server  index: 2  handle: 22  name: urn:nfc:sn:handover
10-16 16:39:21.970 D/BrcmNfcJni( 3630): P2pServer::registerWithStack: enter; service name: urn:nfc:sn:handover  JNI handle: 22
10-16 16:39:21.970 I/BrcmNfcNfa( 3630): NFA_P2pSetLLCPConfig ():link_miu:2175, opt:0x03, wt:7, link_timeout:1000
10-16 16:39:21.970 I/BrcmNfcNfa( 3630):                        inact_timeout(init:0, target:0), symm_delay:20, data_link_timeout:2000
10-16 16:39:21.970 I/BrcmNfcNfa( 3630):                        delay_first_pdu_timeout:50
10-16 16:39:21.970 I/BrcmNfcNfa( 3630): NFA got event 0x030C
10-16 16:39:21.970 I/BrcmNfcNfa( 3630): NFA got event 0x030C
10-16 16:39:21.970 D/BrcmNfcJni( 3630): P2pServer::registerWithStack: wait for listen-completion event
10-16 16:39:21.970 I/BrcmNfcNfa( 3630): nfa_p2p_evt_hdlr (): LLCP State [Link IDLE], Event [API_SET_LLCP_CFG_EVT]
10-16 16:39:21.970 I/BrcmNfcNfa( 3630): LLCP_SetConfig () link_miu:2175, opt:0x03, wt:7, link_timeout:1000
10-16 16:39:21.970 I/BrcmNfcNfa( 3630):                  inact_timeout (init:0,target:0), symm_delay:20, data_link_timeout:2000
10-16 16:39:21.970 I/BrcmNfcNfa( 3630):                  delay_first_pdu_timeout:50
10-16 16:39:21.970 I/BrcmNfcNfa( 3630): NFA got event 0x0300
10-16 16:39:21.970 I/BrcmNfcNfa( 3630): nfa_p2p_evt_hdlr (): LLCP State [Link IDLE], Event [API_REG_SERVER]
10-16 16:39:21.970 I/BrcmNfcNfa( 3630): nfa_p2p_reg_server ()
10-16 16:39:21.970 I/BrcmNfcNfa( 3630): LLCP_RegisterServer (): SAP:0xff, link_type:0x2, ServiceName:<urn:nfc:sn:handover>
10-16 16:39:21.970 I/BrcmNfcNfa( 3630): LLCP_RegisterServer (): Registered SAP = 0x11
10-16 16:39:21.970 D/BrcmNfcJni( 3630): PeerToPeer::nfaServerCallback: enter; event=0x0
10-16 16:39:21.970 D/BrcmNfcJni( 3630): PeerToPeer::nfaServerCallback: NFA_P2P_REG_SERVER_EVT; handle: 0x0511; service sap=0x11  name: urn:nfc:sn:handover
10-16 16:39:21.970 D/BrcmNfcJni( 3630): PeerToPeer::nfaServerCallback: exit
10-16 16:39:21.970 D/BrcmNfcJni( 3630): PeerToPeer::registerServer: got new p2p server h=0x511
10-16 16:39:21.970 D/BrcmNfcJni( 3630): nfcManager_doCreateLlcpServiceSocket: socket Handle = 0x16
10-16 16:39:21.970 D/BrcmNfcJni( 3630): nfcManager_doCreateLlcpServiceSocket: buffer length = 1024
10-16 16:39:21.970 D/BrcmNfcJni( 3630): nfcManager_doCreateLlcpServiceSocket: MIU = 128
10-16 16:39:21.970 D/BrcmNfcJni( 3630): nfcManager_doCreateLlcpServiceSocket:  RW = 1
10-16 16:39:21.970 D/BrcmNfcJni( 3630): nfcManager_doCreateLlcpServiceSocket: MIU = 248
10-16 16:39:21.970 D/BrcmNfcJni( 3630): nfcManager_doCheckJcopDlAtBoot
10-16 16:39:21.970 D/NxpExtns( 3630): const CNfcParam* CNfcConfig::find(const char*) const found NXP_JCOPDL_AT_BOOT_ENABLE=(0x0)
10-16 16:39:21.970 D/BrcmNfcJni( 3630): nfcManager_doCreateLlcpServiceSocket: exit
10-16 16:39:21.970 D/HandoverServer( 3630): created LLCP service socket
10-16 16:39:21.970 D/HandoverServer( 3630): about to accept
10-16 16:39:21.970 D/BrcmNfcJni( 3630): nativeLlcpServiceSocket_doAccept: enter
10-16 16:39:21.970 D/BrcmNfcJni( 3630): PeerToPeer::accept: enter; server jni handle: 22; conn jni handle: 23; maxInfoUnit: 128; recvWindow: 1
10-16 16:39:21.970 D/BrcmNfcJni( 3630): P2pServer::accept: serverJniHandle: 22; connJniHandle: 23; wait for incoming connection
10-16 16:39:21.970 D/BrcmNfcJni( 3630): nfcManager_doCreateLlcpServiceSocket:  RW = 1
10-16 16:39:21.970 D/BrcmNfcJni( 3630): nfcManager_doCreateLlcpServiceSocket: exit
10-16 16:39:21.970 V/NfcShortCut( 3091): updateViews()_NfcAdapter.STATE_ON
10-16 16:39:21.970 I/SmartcardServiceBOTTOM( 4823): NFC Adapter is ON. Checking access rules for updates.
10-16 16:39:21.970 D/NdefPushServer( 3630): created LLCP service socket
10-16 16:39:21.970 D/NdefPushServer( 3630): about to accept
10-16 16:39:21.970 D/BrcmNfcJni( 3630): nativeLlcpServiceSocket_doAccept: enter
10-16 16:39:21.970 D/BrcmNfcJni( 3630): PeerToPeer::accept: enter; server jni handle: 20; conn jni handle: 24; maxInfoUnit: 248; recvWindow: 1
10-16 16:39:21.970 D/BrcmNfcJni( 3630): P2pServer::accept: serverJniHandle: 20; connJniHandle: 24; wait for incoming connection
10-16 16:39:21.970 I/SmartcardServiceMIDDLE( 4823): Handle msg: what=2 nbTries=5
10-16 16:39:21.970 I/SmartcardServiceMIDDLE( 4823): Initializing Access Control start
10-16 16:39:21.980 I/ServiceAPI:SmartcardService( 5403): NFC Adapter is ON. Checking access rules for updates.
10-16 16:39:21.980 I/SmartcardService( 5403): Initializing Access Control
10-16 16:39:21.980 I/SmartcardServiceMIDDLE( 4823): isCardPresent starteSE - SmartMX
10-16 16:39:21.980 E/NfcService( 3630): Loader service update start from NFC_ON Broadcast
10-16 16:39:21.980 D/BrcmNfcJni( 3630): nfcManager_getLoaderServiceConfVersion: enter
10-16 16:39:21.980 D/NxpExtns( 3630): const CNfcParam* CNfcConfig::find(const char*) const found NXP_LOADER_SERVICE_VERSION=(0x21)
10-16 16:39:21.980 D/BrcmNfcJni( 3630): nfcManager_getLoaderServiceConfVersion: exit
10-16 16:39:21.980 I/NfcService( 3630): Enter: NfcAlaService constructor file open
10-16 16:39:21.980 I/NfcService( 3630): No LS update
10-16 16:39:21.980 I/MediaPlayerService( 2476): [decode] decode(44, 414952, 63034)
10-16 16:39:21.980 E/NfcService( 3630): applyRouting -3
10-16 16:39:21.980 I/SmartcardServiceMIDDLE( 4823): isCardPresent endeSE - SmartMX
10-16 16:39:21.980 I/SmartcardServiceMIDDLE( 4823): Initializing Access Control for eSE - SmartMX
10-16 16:39:21.980 I/SmartcardServiceMIDDLE( 4823): Reset the ACE for terminal:eSE - SmartMX
10-16 16:39:21.980 I/SmartcardServiceMIDDLE( 4823): Allowed ACE mode: ara=true arf=true fullaccess=false
10-16 16:39:21.980 I/TerminalSmartcardServiceMIDDLE( 4823): openLogicalChannel aid start
10-16 16:39:21.980 D/NfceeAccess( 3630): check : com.nxp.nfceeapi.service UID 1500
10-16 16:39:21.990 D/NfceeAccess( 3630): cached = true, uid = 1500
10-16 16:39:21.990 D/FileSourceProxy( 2476): [registerFd]line:577 Fd: 47 register!
10-16 16:39:21.990 D/MediaPlayerFactory( 2476): Before sniff local sdp
10-16 16:39:21.990 D/MediaPlayerFactory( 2476): After sniff local sdp
10-16 16:39:21.990 D/FileSourceProxy( 2476): [unregisterFd]line:611 Fd: 47 unregister!
10-16 16:39:21.990 D/FileSourceProxy( 2476): [unregisterFd]line:620 Fd: 47, File Cache hit rate: 0.00
10-16 16:39:21.990 I/NuPlayer( 2476): disable trackId:0
10-16 16:39:21.990 I/GenericSource( 2476): GenericSource::initCheck
10-16 16:39:21.990 D/BrcmNfcJni( 3630): nfcManager_doSetScreenState: state = 3
10-16 16:39:21.990 D/BrcmNfcJni( 3630): Screen state is not changed.
10-16 16:39:21.990 D/NfcService( 3630): applyRouting - enter force = true mScreenState = 3
10-16 16:39:21.990 D/NxpExtns( 3630): const CNfcParam* CNfcConfig::find(const char*) const found DEFAULT_DESFIRE_ROUTE=(0x2)
10-16 16:39:21.990 D/BrcmNfcJni( 3630): nfcManager_getDefaultDesfireRoute: enter; NAME_DEFAULT_DESFIRE_ROUTE = 02
10-16 16:39:21.990 D/NfcService( 3630): GetDefaultMifareDesfireRouteEntry :2
10-16 16:39:21.990 D/NxpExtns( 3630): const CNfcParam* CNfcConfig::find(const char*) const found DEFAULT_DESFIRE_ROUTE=(0x2)
10-16 16:39:21.990 D/BrcmNfcJni( 3630): nfcManager_getDefaultDesfireRoute: enter; NAME_DEFAULT_DESFIRE_ROUTE = 02
10-16 16:39:22.000 D/NxpExtns( 3630): const CNfcParam* CNfcConfig::find(const char*) const found DEFAULT_AID_ROUTE=(0x2)
10-16 16:39:22.000 D/NfcService( 3630): GetDefaultRouteEntry :17
10-16 16:39:22.000 D/NxpExtns( 3630): const CNfcParam* CNfcConfig::find(const char*) const found DEFAULT_MIFARE_CLT_ROUTE=(0x2)
10-16 16:39:22.000 D/NfcService( 3630): getDefaultMifareCLTRoute :2
10-16 16:39:22.000 D/NxpExtns( 3630): const CNfcParam* CNfcConfig::find(const char*) const found DEFAULT_MIFARE_CLT_ROUTE=(0x2)
10-16 16:39:22.000 D/NfcService( 3630): Set default Route Entry
10-16 16:39:22.000 D/BrcmNfcJni( 3630): DEFAULT PROTO ROUTE : 11
10-16 16:39:22.000 D/BrcmNfcJni( 3630): RoutingManager::setDefaultRoute: enter, defaultRoute:9 protoRoute:0xb TechRoute:0x2b 
10-16 16:39:22.000 D/BrcmNfcJni( 3630): RoutingManager::setDefaultRoute: enter, defaultSeID:4c0 defaultPowerstate:0x1
10-16 16:39:22.000 D/BrcmNfcJni( 3630): RoutingManager::setDefaultRoute: enter, defaultProtoSeID:4c0 defaultProtoPowerstate:0x3
10-16 16:39:22.000 D/BrcmNfcJni( 3630): RoutingManager::setDefaultRoute: enter, defaultTechSeID:4c0 defaultTechAPowerstate:0x3,defaultTechType:0x1
10-16 16:39:22.000 D/BrcmNfcJni( 3630): SecureElement::getEeHandleList: 0 = 0x401
10-16 16:39:22.000 D/BrcmNfcJni( 3630): SecureElement::getEeHandleList: 1 = 0x4C0
10-16 16:39:22.000 D/BrcmNfcJni( 3630): SecureElement::getEeHandleList: Handle 1 = 0xC0
10-16 16:39:22.000 I/BrcmNfcNfa( 3630): NFA_EeSetDefaultTechRouting(): handle:<0xc0>technology_mask:<0x0>/<0x0>/<0x0><0x0><0x0>
10-16 16:39:22.000 I/BrcmNfcNfa( 3630): nfa_ee_find_ecb ()
10-16 16:39:21.990 D/NfceeAccess( 3630): check : com.nxp.nfceeapi.service UID 1500
10-16 16:39:22.000 I/BrcmNfcNfa( 3630): NFA got event 0x0204
10-16 16:39:22.000 I/BrcmNfcNfa( 3630): nfa_ee_evt_hdlr (): Event API_SET_TECH_CFG(0x204), State: INIT_DONE(1)
10-16 16:39:22.000 I/BrcmNfcNfa( 3630): nfa_ee_update_route_size nfcee_id:0xc0 size_mask:0
10-16 16:39:22.000 I/BrcmNfcNfa( 3630): nfa_ee_total_lmrt_size size:0
10-16 16:39:22.000 I/BrcmNfcNfa( 3630): nfa_dm_is_active () flags:0x1
10-16 16:39:22.000 I/BrcmNfcNfa( 3630): nfa_sys_ptim_start_timer 97929ac8
10-16 16:39:22.000 I/BrcmNfcNfa( 3630): ptim timer start
10-16 16:39:22.000 D/BrcmNfcJni( 3630): RoutingManager::nfaEeCallback: NFA_EE_SET_TECH_CFG_EVT; status=0x0
10-16 16:39:22.000 I/BrcmNfcNfa( 3630): NFA_EeSetDefaultProtoRouting(): handle:<0xc0>protocol_mask:<0x0>/<0x0>/<0x0><0x0><0x0>
10-16 16:39:22.000 I/BrcmNfcNfa( 3630): nfa_ee_find_ecb ()
10-16 16:39:22.000 I/BrcmNfcNfa( 3630): NFA got event 0x0205
10-16 16:39:22.000 I/BrcmNfcNfa( 3630): nfa_ee_evt_hdlr (): Event API_SET_PROTO_CFG(0x205), State: INIT_DONE(1)
10-16 16:39:22.000 I/BrcmNfcNfa( 3630): nfa_ee_update_route_size nfcee_id:0xc0 size_mask:0
10-16 16:39:22.000 I/BrcmNfcNfa( 3630): nfa_ee_total_lmrt_size size:0
10-16 16:39:22.000 I/BrcmNfcNfa( 3630): nfa_dm_is_active () flags:0x1
10-16 16:39:22.000 I/BrcmNfcNfa( 3630): nfa_sys_ptim_start_timer 97929ac8
10-16 16:39:22.000 D/BrcmNfcJni( 3630): RoutingManager::nfaEeCallback: NFA_EE_SET_PROTO_CFG_EVT; status=0x0
10-16 16:39:22.000 I/BrcmNfcNfa( 3630): NFA_EeSetDefaultTechRouting(): handle:<0x400>technology_mask:<0x0>/<0x0>/<0x0><0x0><0x0>
10-16 16:39:22.000 I/BrcmNfcNfa( 3630): nfa_ee_find_ecb ()
10-16 16:39:22.000 I/BrcmNfcNfa( 3630): NFA got event 0x0204
10-16 16:39:22.000 I/BrcmNfcNfa( 3630): nfa_ee_evt_hdlr (): Event API_SET_TECH_CFG(0x204), State: INIT_DONE(1)
10-16 16:39:22.000 I/BrcmNfcNfa( 3630): nfa_ee_update_route_size nfcee_id:0x0 size_mask:0
10-16 16:39:22.000 I/BrcmNfcNfa( 3630): nfa_ee_total_lmrt_size size:0
10-16 16:39:22.000 D/NfceeAccess( 3630): cached = true, uid = 1500
10-16 16:39:22.000 D/NuPlayer( 2476): kWhatSetAudioSink
10-16 16:39:22.050 V/ActivityManagerServiceMU( 2877): getContentProviderImpl begin: caller=android.app.ApplicationThreadProxy@190a044d (pid=3181, userId=0) providerName=  com.meizu.usagestats, cpr=ContentProviderRecord{36eafb57 u0 com.meizu.experiencedatasync/com.meizu.stats.UsageStatsProvider}
10-16 16:39:22.000 D/NuPlayer( 2476): 		audio sink: 0xf477ac00
10-16 16:39:22.050 V/ActivityManagerServiceMU( 2877): getContentProviderImpl end: caller=android.app.ApplicationThreadProxy@190a044d (pid=3181, userId=0) providerName= com.meizu.usagestats, cpr=ContentProviderRecord{36eafb57 u0 com.meizu.experiencedatasync/com.meizu.stats.UsageStatsProvider}
10-16 16:39:22.000 D/NuPlayer( 2476): kWhatSetDataSource
10-16 16:39:22.000 D/NuPlayerDriver( 2476): after notifySetDataSourceCompleted mState=2
10-16 16:39:22.000 D/NuPlayer( 2476): kWhatPrepare, source type = 2
10-16 16:39:22.000 D/FileSourceProxy( 2476): [registerFd]line:577 Fd: 47 register!
10-16 16:39:22.000 D/MediaExtractor( 2476): JB +MediaExtractor::Create
10-16 16:39:22.000 I/BrcmNfcNfa( 3630): nfa_dm_is_active () flags:0x1
10-16 16:39:22.000 I/BrcmNfcNfa( 3630): nfa_sys_ptim_start_timer 97929ac8
10-16 16:39:22.000 D/BrcmNfcJni( 3630): RoutingManager::nfaEeCallback: NFA_EE_SET_TECH_CFG_EVT; status=0x0
10-16 16:39:22.000 I/BrcmNfcNfa( 3630): NFA_EeSetDefaultProtoRouting(): handle:<0x400>protocol_mask:<0x0>/<0x0>/<0x0><0x0><0x0>
10-16 16:39:22.000 I/BrcmNfcNfa( 3630): nfa_ee_find_ecb ()
10-16 16:39:22.000 I/BrcmNfcNfa( 3630): NFA got event 0x0205
10-16 16:39:22.000 I/BrcmNfcNfa( 3630): nfa_ee_evt_hdlr (): Event API_SET_PROTO_CFG(0x205), State: INIT_DONE(1)
10-16 16:39:22.000 I/BrcmNfcNfa( 3630): nfa_ee_update_route_size nfcee_id:0x0 size_mask:0
10-16 16:39:22.000 I/BrcmNfcNfa( 3630): nfa_ee_total_lmrt_size size:0
10-16 16:39:22.000 I/BrcmNfcNfa( 3630): nfa_dm_is_active () flags:0x1
10-16 16:39:22.000 I/BrcmNfcNfa( 3630): nfa_sys_ptim_start_timer 97929ac8
10-16 16:39:22.000 D/BrcmNfcJni( 3630): RoutingManager::nfaEeCallback: NFA_EE_SET_PROTO_CFG_EVT; status=0x0
10-16 16:39:22.000 I/BrcmNfcNfa( 3630): NFA_CeRegisterAidOnDH ()
10-16 16:39:22.000 I/BrcmNfcNfa( 3630): NFA got event 0x0701
10-16 16:39:22.000 I/BrcmNfcNfa( 3630): nfa_ce_handle_event event: NFA_CE_API_REG_LISTEN_EVT (0x701), flags: 00000000
10-16 16:39:22.000 I/BrcmNfcNfa( 3630): Registering UICC/ESE/Felica/Type-4 tag listener. Type=1
10-16 16:39:22.000 I/BrcmNfcNfa( 3630): NFA_CE: adding listen_info entry 2
10-16 16:39:22.000 I/BrcmNfcNfa( 3630): CE_T4tRegisterAID (): registering callback for wildcard AID 
10-16 16:39:22.000 E/BrcmNfcNfa( 3630): CE_T4tRegisterAID (): only one wildcard AID can be registered at time.
10-16 16:39:22.000 E/BrcmNfcNfa( 3630): Unable to register AID
10-16 16:39:22.000 D/BrcmNfcJni( 3630): SecureElement::getEeHandleList: 0 = 0x401
10-16 16:39:22.000 D/BrcmNfcJni( 3630): RoutingManager::stackCallback: event=0x15
10-16 16:39:22.000 D/BrcmNfcJni( 3630): SecureElement::getEeHandleList: 1 = 0x4C0
10-16 16:39:22.000 D/BrcmNfcJni( 3630): RoutingManager::stackCallback: NFA_CE_REGISTERED_EVT; status=0x3; h=0xFFFF
10-16 16:39:22.000 D/BrcmNfcJni( 3630): SecureElement::getEeHandleList: Handle 1 = 0xC0
10-16 16:39:22.000 D/BrcmNfcJni( 3630): RoutingManager::setDefaultRoute: enter, ee_handleList[0]:c0
10-16 16:39:22.000 D/BrcmNfcJni( 3630): RoutingManager::setDefaultRoute: enter, ee_handleList[0]:c0
10-16 16:39:22.000 D/BrcmNfcJni( 3630): RoutingManager::setDefaultRoute: enter, isDefaultProtoSeIDPresent:1
10-16 16:39:22.000 I/BrcmNfcNfa( 3630): NFA_EeSetDefaultProtoRouting(): handle:<0x4c0>protocol_mask:<0x28>/<0x8>/<0x0><0x28><0x28>
10-16 16:39:22.000 I/BrcmNfcNfa( 3630): nfa_ee_find_ecb ()
10-16 16:39:22.000 I/BrcmNfcNfa( 3630): NFA got event 0x0205
10-16 16:39:22.000 I/BrcmNfcNfa( 3630): nfa_ee_evt_hdlr (): Event API_SET_PROTO_CFG(0x205), State: INIT_DONE(1)
10-16 16:39:22.000 I/BrcmNfcNfa( 3630): nfa_ee_update_route_size nfcee_id:0xc0 size_mask:10
10-16 16:39:22.000 I/BrcmNfcNfa( 3630): nfa_ee_total_lmrt_size size:10
10-16 16:39:22.000 I/BrcmNfcNfa( 3630): nfa_dm_is_active () flags:0x1
10-16 16:39:22.000 I/BrcmNfcNfa( 3630): nfa_sys_ptim_start_timer 97929ac8
10-16 16:39:22.000 D/BrcmNfcJni( 3630): RoutingManager::nfaEeCallback: NFA_EE_SET_PROTO_CFG_EVT; status=0x0
10-16 16:39:22.000 D/BrcmNfcJni( 3630): RoutingManager::setDefaultRoute: enter, defaultHandle:4c0
10-16 16:39:22.000 D/BrcmNfcJni( 3630): RoutingManager::setDefaultRoute: enter, preferred_defaultHandle:402
10-16 16:39:22.000 D/BrcmNfcJni( 3630): SecureElement::getEeInfo: enter; mbNewEE=0, mActualNumEe=2
10-16 16:39:22.000 I/BrcmNfcNfa( 3630): NFA_EeGetInfo em_state:1 cur_ee:3
10-16 16:39:22.000 I/BrcmNfcNfa( 3630): xx:0 max_ret:5, num_ret:0 ee_status:0x0
10-16 16:39:22.000 I/BrcmNfcNfa( 3630): xx:1 max_ret:5, num_ret:1 ee_status:0x0
10-16 16:39:22.000 I/BrcmNfcNfa( 3630): xx:2 max_ret:5, num_ret:2 ee_status:0x2
10-16 16:39:22.000 I/BrcmNfcNfa( 3630): num_ret:2
10-16 16:39:22.000 D/BrcmNfcJni( 3630): SecureElement::getEeInfo: num EEs discovered: 2
10-16 16:39:22.000 D/BrcmNfcJni( 3630): SecureElement::getEeInfo: EE[0] Handle: 0x0401  Status: Connected/Active  Num I/f: 1: (0x01, 0x00)  Num TLVs: 0, Tech : (LA:0x00, LB:0x00, LF:0x00, LBP:0x00)
10-16 16:39:22.000 D/BrcmNfcJni( 3630): SecureElement::getEeInfo: EE[1] Handle: 0x04c0  Status: Connected/Active  Num I/f: 1: (0x80, 0x00)  Num TLVs: 0, Tech : (LA:0x04, LB:0x04, LF:0x00, LBP:0x00)
10-16 16:39:22.000 D/BrcmNfcJni( 3630): SecureElement::getEeInfo: exit; mActualNumEe=2, mNumEePresent=1
10-16 16:39:22.000 D/BrcmNfcJni( 3630): RoutingManager::setDefaultRoute: enter,max_tech_mask :3
10-16 16:39:22.000 D/BrcmNfcJni( 3630): RoutingManager::setDefaultRoute: enter, defaultTechSeID:4c0
10-16 16:39:22.000 I/BrcmNfcNfa( 3630): NFA_EeSetDefaultTechRouting(): handle:<0x4c0>technology_mask:<0x3>/<0x3>/<0x0><0x3><0x3>
10-16 16:39:22.000 I/BrcmNfcNfa( 3630): nfa_ee_find_ecb ()
10-16 16:39:22.000 I/BrcmNfcNfa( 3630): NFA got event 0x0204
10-16 16:39:22.000 I/BrcmNfcNfa( 3630): nfa_ee_evt_hdlr (): Event API_SET_TECH_CFG(0x204), State: INIT_DONE(1)
10-16 16:39:22.000 I/BrcmNfcNfa( 3630): nfa_ee_update_route_size nfcee_id:0xc0 size_mask:20
10-16 16:39:22.000 I/BrcmNfcNfa( 3630): nfa_ee_total_lmrt_size size:20
10-16 16:39:22.000 I/BrcmNfcNfa( 3630): nfa_dm_is_active () flags:0x1
10-16 16:39:22.000 I/BrcmNfcNfa( 3630): nfa_sys_ptim_start_timer 97929ac8
10-16 16:39:22.000 D/BrcmNfcJni( 3630): RoutingManager::nfaEeCallback: NFA_EE_SET_TECH_CFG_EVT; status=0x0
10-16 16:39:22.000 D/BrcmNfcJni( 3630): SecureElement::getEeInfo: enter; mbNewEE=0, mActualNumEe=2
10-16 16:39:22.000 I/BrcmNfcNfa( 3630): NFA_EeGetInfo em_state:1 cur_ee:3
10-16 16:39:22.000 I/BrcmNfcNfa( 3630): xx:0 max_ret:5, num_ret:0 ee_status:0x0
10-16 16:39:22.000 I/BrcmNfcNfa( 3630): xx:1 max_ret:5, num_ret:1 ee_status:0x0
10-16 16:39:22.000 I/BrcmNfcNfa( 3630): xx:2 max_ret:5, num_ret:2 ee_status:0x2
10-16 16:39:22.000 I/BrcmNfcNfa( 3630): num_ret:2
10-16 16:39:22.000 D/BrcmNfcJni( 3630): SecureElement::getEeInfo: num EEs discovered: 2
10-16 16:39:22.000 D/BrcmNfcJni( 3630): SecureElement::getEeInfo: EE[0] Handle: 0x0401  Status: Connected/Active  Num I/f: 1: (0x01, 0x00)  Num TLVs: 0, Tech : (LA:0x00, LB:0x00, LF:0x00, LBP:0x00)
10-16 16:39:22.000 D/BrcmNfcJni( 3630): SecureElement::getEeInfo: EE[1] Handle: 0x04c0  Status: Connected/Active  Num I/f: 1: (0x80, 0x00)  Num TLVs: 0, Tech : (LA:0x04, LB:0x04, LF:0x00, LBP:0x00)
10-16 16:39:22.000 D/BrcmNfcJni( 3630): SecureElement::getEeInfo: exit; mActualNumEe=2, mNumEePresent=1
10-16 16:39:22.000 I/BrcmNfcNfa( 3630): NFA_EeSetDefaultTechRouting(): handle:<0x402>technology_mask:<0x0>/<0x0>/<0x0><0x0><0x0>
10-16 16:39:22.000 I/BrcmNfcNfa( 3630): nfa_ee_find_ecb ()
10-16 16:39:22.000 I/BrcmNfcNfa( 3630): NFA got event 0x0204
10-16 16:39:22.000 I/BrcmNfcNfa( 3630): nfa_ee_evt_hdlr (): Event API_SET_TECH_CFG(0x204), State: INIT_DONE(1)
10-16 16:39:22.000 I/BrcmNfcNfa( 3630): nfa_ee_update_route_size nfcee_id:0x2 size_mask:0
10-16 16:39:22.000 I/BrcmNfcNfa( 3630): nfa_ee_total_lmrt_size size:20
10-16 16:39:22.000 I/BrcmNfcNfa( 3630): nfa_dm_is_active () flags:0x1
10-16 16:39:22.000 I/BrcmNfcNfa( 3630): nfa_sys_ptim_start_timer 97929ac8
10-16 16:39:22.000 D/BrcmNfcJni( 3630): RoutingManager::nfaEeCallback: NFA_EE_SET_TECH_CFG_EVT; status=0x0
10-16 16:39:22.000 D/NfcAdaptation( 3630): const CNfcParam* CNfcConfig::find(const char*) const found UICC_LISTEN_TECH_MASK=(0x7)
10-16 16:39:22.000 D/BrcmNfcJni( 3630): setDefaultRoute:UICC_TECH_MASK=0x07;
10-16 16:39:22.000 I/BrcmNfcNfa( 3630): NFA_CeConfigureUiccListenTech () ee_handle = 0x4c0
10-16 16:39:22.000 I/BrcmNfcNfa( 3630): NFA got event 0x0702
10-16 16:39:22.000 I/BrcmNfcNfa( 3630): nfa_ce_handle_event event: NFA_CE_API_DEREG_LISTEN_EVT (0x702), flags: 00000000
10-16 16:39:22.000 E/BrcmNfcNfa( 3630): nfa_ce_api_dereg_listen (): cannot find listen_info for UICC/ESE
10-16 16:39:22.000 D/BrcmNfcJni( 3630): nfaConnectionCallback: event= 29
10-16 16:39:22.000 D/BrcmNfcJni( 3630): nfaConnectionCallback: NFA_CE_UICC_LISTEN_CONFIGURED_EVT : status=0x9
10-16 16:39:22.000 I/BrcmNfcNfa( 3630): NFA_CeConfigureUiccListenTech () ee_handle = 0x4c0
10-16 16:39:22.010 I/BrcmNfcNfa( 3630): NFA got event 0x0701
10-16 16:39:22.010 I/BrcmNfcNfa( 3630): nfa_ce_handle_event event: NFA_CE_API_REG_LISTEN_EVT (0x701), flags: 00000000
10-16 16:39:22.010 I/BrcmNfcNfa( 3630): Registering UICC/ESE/Felica/Type-4 tag listener. Type=3
10-16 16:39:22.010 I/BrcmNfcNfa( 3630): NFA_CE: adding listen_info entry 2
10-16 16:39:22.010 I/BrcmNfcNfa( 3630): nfa_dm_add_rf_discover () disc_mask=0x340000
10-16 16:39:22.010 I/BrcmNfcNfa( 3630): nfa_dm_add_rf_discover () disc_mask=0x340000, xx=1
10-16 16:39:22.010 D/BrcmNfcJni( 3630): nfaConnectionCallback: event= 29
10-16 16:39:22.010 D/BrcmNfcJni( 3630): nfaConnectionCallback: NFA_CE_UICC_LISTEN_CONFIGURED_EVT : status=0x0
10-16 16:39:22.010 D/BrcmNfcJni( 3630): RoutingManager::commitRouting
10-16 16:39:22.010 I/BrcmNfcNfa( 3630): NFA_EeUpdateNow()
10-16 16:39:22.010 I/BrcmNfcNfa( 3630): NFA got event 0x0209
10-16 16:39:22.010 I/BrcmNfcNfa( 3630): nfa_ee_evt_hdlr (): Event API_UPDATE_NOW(0x209), State: INIT_DONE(1)
10-16 16:39:22.010 I/BrcmNfcNfa( 3630): nfa_sys_ptim_stop_timer 97929ac8
10-16 16:39:22.010 I/BrcmNfcNfa( 3630): ptim timer stop
10-16 16:39:22.010 I/BrcmNfcNfa( 3630): nfa_ee_rout_timeout()
