10-16 16:39:24.450 I/BrcmNfcNfa( 3630): nfa_dm_delete_rf_discover () handle=0x3
10-16 16:39:24.450 D/BrcmNfcJni( 3630): nfcManager_doDeinitialize: enter
10-16 16:39:24.450 D/BrcmNfcJni( 3630): DwpChannel::doDwpChannel_ForceExit: enter:
10-16 16:39:24.450 D/BrcmNfcJni( 3630): DwpChannel::doDwpChannel_ForceExit: exit
10-16 16:39:24.460 I/BrcmNfcNfa( 3630): NFA_HciW4eSETransaction_Complete; type=0
10-16 16:39:24.460 I/BrcmNfcNfa( 3630): NFA_HciW4eSETransaction_Complete; End
10-16 16:39:24.460 D/BrcmNfcJni( 3630): pn544InteropAbortNow
10-16 16:39:24.460 D/BrcmNfcJni( 3630): SecureElement::finalize: enter
10-16 16:39:24.460 D/BrcmNfcJni( 3630): SecureElement::finalize: exit
10-16 16:39:24.460 D/BrcmNfcJni( 3630): PowerSwitch::initialize: level=PS-UNKNOWN (0)
10-16 16:39:24.460 D/NfcAdaptation( 3630): const CNfcParam* CNfcConfig::find(const char*) const found SCREEN_OFF_POWER_STATE=(0x1)
10-16 16:39:24.460 D/BrcmNfcJni( 3630): PowerSwitch::initialize: desired screen-off state=1
10-16 16:39:24.460 D/BrcmNfcJni( 3630): SetVenConfigValue: enter
10-16 16:39:24.460 D/BrcmNfcJni( 3630): Setting the VEN_CFG to 2, Disable ESE events
10-16 16:39:24.460 D/BrcmNfcJni( 3630): SetVenConfigValue: Success NFA_SendNxpNciCommand
10-16 16:39:24.460 I/BrcmNfcNfa( 3630): NFA got event 0x011A
10-16 16:39:24.460 I/BrcmNfcNfa( 3630): nfa_dm_evt_hdlr event: Unknown or Vendor Specific (0x1a)
10-16 16:39:24.460 I/BrcmNfcNfa( 3630): nfc_ncif_check_cmd_queue : making  p_buf NULL.
10-16 16:39:24.460 D/NxpTml  ( 3630): PN54X - I2C Read successful.....
10-16 16:39:24.460 D/NxpNciR ( 3630): len =   5 > 4002020000
10-16 16:39:24.460 D/NxpTml  ( 3630): PN54X - Posting read message.....
10-16 16:39:24.460 D/NxpHal  ( 3630): read successful status = 0x0
10-16 16:39:24.460 D/NxpHal  ( 3630): phNxpNciHal_print_res_status: response status =STATUS_OK
10-16 16:39:24.460 D/NfcAdaptation( 3630): NfcAdaptation::HalDeviceContextDataCallback: len=5
10-16 16:39:24.460 I/BrcmNfcNfa( 3630): NFC received rsp gid:0
10-16 16:39:24.460 D/NxpTml  ( 3630): PN54X - Read requested.....
10-16 16:39:24.460 I/BrcmNfcNfa( 3630): nci_proc_core_rsp opcode:0x2
10-16 16:39:24.460 D/NxpTml  ( 3630): PN54X - Invoking I2C Read.....
10-16 16:39:24.460 I/BrcmNfcNfa( 3630): nfa_dm_nfc_response_cback () NFC_SET_CONFIG_REVT(0x5002)
10-16 16:39:24.460 D/NfcAdaptation( 3630): NfcAdaptation::HalWrite
10-16 16:39:24.460 D/NxpExtns( 3630): const CNfcParam* CNfcConfig::find(const char*) const found MIFARE_READER_ENABLE=
10-16 16:39:24.460 D/NxpTml  ( 3630): PN54X - Write requested.....
10-16 16:39:24.460 D/NxpTml  ( 3630): PN54X - Invoking I2C Write.....
10-16 16:39:24.470 D/NxpNciX ( 3630): len =  26 > 20021701611446666D010111020207FF03020003040164070103
10-16 16:39:24.470 D/NxpTml  ( 3630): PN54X - I2C Write successful.....
10-16 16:39:24.470 D/NxpTml  ( 3630): PN54X - Posting Fresh Write message.....
10-16 16:39:24.470 D/NxpTml  ( 3630): PN54X - Tml Writer Thread Running................
10-16 16:39:24.470 D/NxpHal  ( 3630): write successful status = 0x0
10-16 16:39:24.470 D/NxpTml  ( 3630): PN54X - I2C Read successful.....
10-16 16:39:24.470 D/NxpNciR ( 3630): len =   5 > 4002020000
10-16 16:39:24.470 D/NxpTml  ( 3630): PN54X - Posting read message.....
10-16 16:39:24.470 D/NxpHal  ( 3630): read successful status = 0x0
10-16 16:39:24.470 D/NxpHal  ( 3630): phNxpNciHal_print_res_status: response status =STATUS_OK
10-16 16:39:24.470 D/NfcAdaptation( 3630): NfcAdaptation::HalDeviceContextDataCallback: len=5
10-16 16:39:24.470 D/NxpTml  ( 3630): PN54X - Read requested.....
10-16 16:39:24.470 I/BrcmNfcNfa( 3630): NFC received rsp gid:0
10-16 16:39:24.470 D/NxpTml  ( 3630): PN54X - Invoking I2C Read.....
10-16 16:39:24.470 I/BrcmNfcNfa( 3630): nci_proc_core_rsp opcode:0x2
10-16 16:39:24.470 I/BrcmNfcNfa( 3630): nfa_dm_nfc_response_cback () NFC_SET_CONFIG_REVT(0x5002)
10-16 16:39:24.470 D/NfcAdaptation( 3630): NfcAdaptation::HalWrite
10-16 16:39:24.470 D/NxpExtns( 3630): const CNfcParam* CNfcConfig::find(const char*) const found MIFARE_READER_ENABLE=
10-16 16:39:24.470 D/NxpTml  ( 3630): PN54X - Write requested.....
10-16 16:39:24.470 D/NxpTml  ( 3630): PN54X - Invoking I2C Write.....
10-16 16:39:24.480 D/NxpNciX ( 3630): len =   8 > 20020501A0070102
10-16 16:39:24.480 D/NxpTml  ( 3630): PN54X - I2C Write successful.....
10-16 16:39:24.480 D/NxpTml  ( 3630): PN54X - Posting Fresh Write message.....
10-16 16:39:24.480 D/NxpTml  ( 3630): PN54X - Tml Writer Thread Running................
10-16 16:39:24.480 D/NxpHal  ( 3630): write successful status = 0x0
10-16 16:39:24.480 D/NxpTml  ( 3630): PN54X - I2C Read successful.....
10-16 16:39:24.480 D/NxpNciR ( 3630): len =   5 > 4002020000
10-16 16:39:24.480 D/NxpTml  ( 3630): PN54X - Posting read message.....
10-16 16:39:24.480 D/NxpHal  ( 3630): read successful status = 0x0
10-16 16:39:24.480 D/NxpHal  ( 3630): phNxpNciHal_print_res_status: response status =STATUS_OK
10-16 16:39:24.480 D/NfcAdaptation( 3630): NfcAdaptation::HalDeviceContextDataCallback: len=5
10-16 16:39:24.480 D/BrcmNfcJni( 3630): NxpResponse_SetVenConfig_Cb Received length data = 0x5 status = 0x0
10-16 16:39:24.480 E/BrcmNfcJni( 3630): nfcManager_doDeinitialize: set the VEN_CFG to 2
10-16 16:39:24.480 I/BrcmNfcNfa( 3630): NFA_Disable (graceful=1)
10-16 16:39:24.480 D/NxpTml  ( 3630): PN54X - Read requested.....
10-16 16:39:24.480 D/NxpTml  ( 3630): PN54X - Invoking I2C Read.....
10-16 16:39:24.480 I/BrcmNfcNfa( 3630): NFA got event 0x0101
10-16 16:39:24.480 I/BrcmNfcNfa( 3630): nfa_dm_evt_hdlr event: NFA_DM_API_DISABLE_EVT (0x01)
10-16 16:39:24.480 I/BrcmNfcNfa( 3630): nfa_dm_disable (): graceful:1
10-16 16:39:24.480 I/BrcmNfcNfa( 3630): nfa_sys_ptim_start_timer 97929130
10-16 16:39:24.480 D/BrcmNfcJni( 3630): nfcManager_doDeinitialize: wait for completion
10-16 16:39:24.480 I/BrcmNfcNfa( 3630): ptim timer start
10-16 16:39:24.480 I/BrcmNfcNfa( 3630): nfa_sys: disabling subsystems:1
10-16 16:39:24.480 I/BrcmNfcNfa( 3630): nfa_ee_sys_disable ()
10-16 16:39:24.480 I/BrcmNfcNfa( 3630): nfa_ee_api_deregister
10-16 16:39:24.480 E/BrcmNfcJni( 3630): RoutingManager::nfaEeCallback: unknown event=2 ????
10-16 16:39:24.480 I/BrcmNfcNfa( 3630): nfa_sys_ptim_stop_timer 97929ac8
10-16 16:39:24.480 I/BrcmNfcNfa( 3630): nfa_sys_ptim_stop_timer 97929af8
10-16 16:39:24.480 I/BrcmNfcNfa( 3630): nfa_ee_report_disc_done() em_state:4 num_ee_expecting:0 notify_enable_done:0
10-16 16:39:24.480 I/BrcmNfcNfa( 3630): NFA_AllEeGetInfo em_state:4 cur_ee:3
10-16 16:39:24.480 I/BrcmNfcNfa( 3630): xx:0 max_ret:3, num_ret:0 ee_status:0x0
10-16 16:39:24.480 I/BrcmNfcNfa( 3630): xx:1 max_ret:3, num_ret:1 ee_status:0x1
10-16 16:39:24.480 I/BrcmNfcNfa( 3630): xx:2 max_ret:3, num_ret:2 ee_status:0x2
10-16 16:39:24.480 I/BrcmNfcNfa( 3630): num_ret:3
10-16 16:39:24.480 I/BrcmNfcNfa( 3630): nfa_sys: deregistering subsystem 2
10-16 16:39:24.480 I/BrcmNfcNfa( 3630): nfa_p2p_sys_disable()
10-16 16:39:24.480 I/BrcmNfcNfa( 3630): nfa_sys_ptim_stop_timer 97929fc8
10-16 16:39:24.480 I/BrcmNfcNfa( 3630): nfa_sys: deregistering subsystem 3
10-16 16:39:24.480 I/BrcmNfcNfa( 3630): nfa_sys_ptim_stop_timer 9792a6b0
10-16 16:39:24.480 I/BrcmNfcNfa( 3630): Stopped presence check timer (if started)
10-16 16:39:24.480 I/BrcmNfcNfa( 3630): nfa_sys: deregistering subsystem 6
10-16 16:39:24.480 I/BrcmNfcNfa( 3630): nfa_dm_delete_rf_discover () handle=0x0
10-16 16:39:24.480 I/BrcmNfcNfa( 3630): nfa_dm_delete_rf_discover () handle=0x1
10-16 16:39:24.480 I/BrcmNfcNfa( 3630): nfa_sys: deregistering subsystem 7
10-16 16:39:24.480 I/BrcmNfcNfa( 3630): nfa_sys_ptim_stop_timer 97929b70
10-16 16:39:24.480 D/BrcmNfcJni( 3630): SecureElement::nfaHciCallback: event=0xB
10-16 16:39:24.480 E/BrcmNfcJni( 3630): SecureElement::nfaHciCallback: unknown event code=0xB ????
10-16 16:39:24.480 I/BrcmNfcNfa( 3630): nfc_ncif_send_cmd.
10-16 16:39:24.480 D/NfcAdaptation( 3630): NfcAdaptation::HalWrite
10-16 16:39:24.480 D/NxpExtns( 3630): const CNfcParam* CNfcConfig::find(const char*) const found MIFARE_READER_ENABLE=
10-16 16:39:24.480 D/NxpTml  ( 3630): PN54X - Write requested.....
10-16 16:39:24.480 D/NxpTml  ( 3630): PN54X - Invoking I2C Write.....
10-16 16:39:24.480 D/NxpNciX ( 3630): len =   4 > 20050103
10-16 16:39:24.480 D/NxpTml  ( 3630): PN54X - I2C Write successful.....
10-16 16:39:24.480 D/NxpTml  ( 3630): PN54X - Posting Fresh Write message.....
10-16 16:39:24.480 D/NxpTml  ( 3630): PN54X - Tml Writer Thread Running................
10-16 16:39:24.480 D/NxpHal  ( 3630): write successful status = 0x0
10-16 16:39:24.490 D/NxpTml  ( 3630): PN54X - I2C Read successful.....
10-16 16:39:24.490 D/NxpNciR ( 3630): len =   4 > 40050100
10-16 16:39:24.490 D/NxpTml  ( 3630): PN54X - Posting read message.....
10-16 16:39:24.490 D/NxpHal  ( 3630): read successful status = 0x0
10-16 16:39:24.490 D/NfcAdaptation( 3630): NfcAdaptation::HalDeviceContextDataCallback: len=4
10-16 16:39:24.490 D/NxpTml  ( 3630): PN54X - Read requested.....
10-16 16:39:24.490 D/NxpTml  ( 3630): PN54X - Invoking I2C Read.....
10-16 16:39:24.490 I/BrcmNfcNfa( 3630): NFC received rsp gid:0
10-16 16:39:24.490 I/BrcmNfcNfa( 3630): nci_proc_core_rsp opcode:0x5
10-16 16:39:24.490 I/BrcmNfcNfa( 3630): nfa_sys: deregistering subsystem 8
10-16 16:39:24.490 I/BrcmNfcNfa( 3630): nfa_dm_disable_complete ()
10-16 16:39:24.490 I/BrcmNfcNfa( 3630): nfa_dm_disable_complete (): proceeding with nfc core shutdown.
10-16 16:39:24.490 I/BrcmNfcNfa( 3630): nfa_sys_ptim_stop_timer 97929130
10-16 16:39:24.490 I/BrcmNfcNfa( 3630): ptim timer stop
10-16 16:39:24.490 I/BrcmNfcNfa( 3630): NFC_Disable (): nfc_state = 4
10-16 16:39:24.490 I/BrcmNfcNfa( 3630): nfc_main_flush_cmd_queue ()
10-16 16:39:24.490 I/BrcmNfcNfa( 3630): nfc_set_state 4 (IDLE)->7 (W4_HAL_CLOSE)
10-16 16:39:24.490 D/NfcAdaptation( 3630): NfcAdaptation::HalClose
10-16 16:39:24.490 D/NxpTml  ( 3630): PN54X - Write requested.....
10-16 16:39:24.490 D/NxpTml  ( 3630): PN54X - Invoking I2C Write.....
10-16 16:39:24.490 D/NxpNciX ( 3630): len =  10 > 21030703800181018201
10-16 16:39:24.490 D/NxpTml  ( 3630): PN54X - I2C Write successful.....
10-16 16:39:24.490 D/NxpTml  ( 3630): PN54X - Posting Fresh Write message.....
10-16 16:39:24.490 D/NxpTml  ( 3630): PN54X - Tml Writer Thread Running................
10-16 16:39:24.490 D/NxpHal  ( 3630): write successful status = 0x0
10-16 16:39:24.490 D/NxpHal  ( 3630): Response timer started
10-16 16:39:24.490 D/NxpHal  ( 3630): Waiting after ext cmd sent
10-16 16:39:24.500 D/NxpTml  ( 3630): PN54X - I2C Read successful.....
10-16 16:39:24.500 D/NxpNciR ( 3630): len =   4 > 41030100
10-16 16:39:24.500 D/NxpTml  ( 3630): PN54X - Posting read message.....
10-16 16:39:24.500 D/NxpHal  ( 3630): read successful status = 0x0
10-16 16:39:24.500 D/NxpHal  ( 3630): Response timer stopped
10-16 16:39:24.500 D/NxpHal  ( 3630): Checking response
10-16 16:39:24.500 D/NxpTml  ( 3630): PN54X - Read requested.....
10-16 16:39:24.500 D/NxpTml  ( 3630): PN54X - Write requested.....
10-16 16:39:24.500 D/NxpTml  ( 3630): PN54X - Invoking I2C Read.....
10-16 16:39:24.500 D/NxpTml  ( 3630): PN54X - Invoking I2C Write.....
10-16 16:39:24.500 D/NxpNciX ( 3630): len =   4 > 20000100
10-16 16:39:24.500 D/NxpTml  ( 3630): PN54X - I2C Write successful.....
10-16 16:39:24.500 D/NxpTml  ( 3630): PN54X - Posting Fresh Write message.....
10-16 16:39:24.500 D/NxpTml  ( 3630): PN54X - Tml Writer Thread Running................
10-16 16:39:24.500 D/NxpHal  ( 3630): write successful status = 0x0
10-16 16:39:24.500 D/NxpHal  ( 3630): Response timer started
10-16 16:39:24.500 D/NxpHal  ( 3630): Waiting after ext cmd sent
10-16 16:39:24.500 D/BluetoothOppHandoverReceiver( 5509): action = android.nfc.action.ADAPTER_STATE_CHANGED
10-16 16:39:24.500 D/BluetoothOppHandoverReceiver( 5509): state = -1
10-16 16:39:24.500 E/BluetoothOppHandoverReceiver( 5509): error: MZ_NFC_P2P_STATE_CHANGED is neither 0nor 1
10-16 16:39:24.500 D/NxpTml  ( 3630): PN54X - I2C Read successful.....
10-16 16:39:24.500 D/NxpNciR ( 3630): len =   6 > 400003001000
10-16 16:39:24.500 D/NxpTml  ( 3630): PN54X - Posting read message.....
10-16 16:39:24.500 D/NxpHal  ( 3630): read successful status = 0x0
10-16 16:39:24.500 D/NxpHal  ( 3630): Response timer stopped
10-16 16:39:24.500 D/NxpHal  ( 3630): Checking response
10-16 16:39:24.500 D/NfcAdaptation( 3630): NfcAdaptation::HalDeviceContextCallback: event=1
10-16 16:39:24.500 I/BrcmNfcNfa( 3630): nfc_main_hal_cback event: HAL_NFC_CLOSE_CPLT_EVT(0x1), status=0
10-16 16:39:24.500 D/NxpHal  ( 3630): Terminating phNxpNciHal client thread...
10-16 16:39:24.500 D/NxpHal  ( 3630): NxpNciHal thread stopped
10-16 16:39:24.500 D/NxpTml  ( 3630): PN54X - read request NOT enabled
10-16 16:39:24.510 D/NxpTml  ( 3630): PN54X - Write request NOT enabled
10-16 16:39:24.520 D/NxpTml  ( 3630): bThreadDone == 0
10-16 16:39:24.520 D/NxpTml  ( 3630): phTmlNfc_i2c_reset(), VEN level 0
10-16 16:39:24.930 D/NxpHal  ( 3630): phNxpNciHal_close - phOsalNfc_DeInit completed
10-16 16:39:24.930 D/NxpHal  ( 3630): Failed to deallocate (list empty)
10-16 16:39:24.930 D/NxpHal  ( 3630): Node dump:
10-16 16:39:24.930 D/NxpHal  ( 3630): Failed to deallocate (list empty)
10-16 16:39:24.930 D/NxpHal  ( 3630): Node dump:
10-16 16:39:24.930 I/BrcmNfcNfa( 3630): LLCP - llcp_cleanup ()
10-16 16:39:24.930 I/BrcmNfcNfa( 3630): LLCP_Deregister () SAP:0x1
10-16 16:39:24.930 I/BrcmNfcNfa( 3630): LLCP_FlushLogicalLinkRxData () Local SAP:0x1
10-16 16:39:24.930 I/BrcmNfcNfa( 3630): nfc_main_handle_hal_evt(): HAL event=0x1
10-16 16:39:24.930 I/BrcmNfcNfa( 3630): nfc_set_state 7 (W4_HAL_CLOSE)->0 (NONE)
10-16 16:39:24.930 I/BrcmNfcNfa( 3630): nfa_dm_nfc_response_cback () NFC_DISABLE_REVT(0x5001)
10-16 16:39:24.930 I/BrcmNfcNfa( 3630): nfa_sys: deregistering subsystem 1
10-16 16:39:24.930 D/BrcmNfcJni( 3630): nfaDeviceManagementCallback: enter; event=0x1
10-16 16:39:24.930 D/BrcmNfcJni( 3630): nfaDeviceManagementCallback: NFA_DM_DISABLE_EVT
10-16 16:39:24.930 D/BrcmNfcJni( 3630): PeerToPeer::handleNfcOnOff: enter; is on=0
10-16 16:39:24.930 D/BrcmNfcJni( 3630): PeerToPeer::handleNfcOnOff: exit
10-16 16:39:24.930 D/BrcmNfcJni( 3630): nativeNfcTag_abortWaits
10-16 16:39:24.930 D/NfcAdaptation( 3630): NfcAdaptation::Finalize: enter
10-16 16:39:25.830 I/BrcmNfcNfa( 3630): GKI TASK_DEAD received. exit thread 3...
10-16 16:39:25.930 D/NfcAdaptation( 3630): NfcAdaptation::Finalize: exit
10-16 16:39:25.930 D/BrcmNfcJni( 3630): nfcManager_doDeinitialize: exit
10-16 16:39:25.930 D/NfcService( 3630): mDeviceHost.deinitialize() = true
10-16 16:39:25.930 D/NfcAdaptation( 3630): NfcAdaptation::NFCA_TASK: exit
10-16 16:39:25.930 V/NfcShortCut( 3091): updateViews()_NfcAdapter.STATE_OFF
10-16 16:39:25.930 D/NfcAdapterMzExt( 3181): set MZ_NFCP2P_ON to DB, the value is 0
10-16 16:39:25.930 V/ActivityManagerServiceMU( 2877): getContentProviderImpl begin: caller=android.app.ApplicationThreadProxy@fdabe50 (pid=3091, userId=0) providerName=  com.meizu.usagestats, cpr=ContentProviderRecord{36eafb57 u0 com.meizu.experiencedatasync/com.meizu.stats.UsageStatsProvider}
10-16 16:39:25.930 V/ActivityManagerServiceMU( 2877): getContentProviderImpl end: caller=android.app.ApplicationThreadProxy@fdabe50 (pid=3091, userId=0) providerName= com.meizu.usagestats, cpr=ContentProviderRecord{36eafb57 u0 com.meizu.experiencedatasync/com.meizu.stats.UsageStatsProvider}
10-16 16:39:25.930 W/Settings( 3630): Setting airplane_mode_radios has moved from android.provider.Settings.System to android.provider.Settings.Global, returning read-only value.
10-16 16:39:25.930 W/Settings( 3630): Setting airplane_mode_toggleable_radios has moved from android.provider.Settings.System to android.provider.Settings.Global, returning read-only value.
10-16 16:39:25.930 W/ContextImpl( 3181): Calling a method in the system process without a qualified user: android.app.ContextImpl.sendBroadcast:1352 android.content.ContextWrapper.sendBroadcast:377 android.content.ContextWrapper.sendBroadcast:377 android.nfc.NfcAdapterMzExt.disconnectMzNfcP2p:120 com.meizu.settings.nfc.NfcEnablerExt.handleNfcStateChanged:116 
10-16 16:39:25.940 I/NfcAdapterMzExt( 3181): sendBroadcast: mz.android.nfc.action.MZ_NFC_P2P_STATE_CHANGED
10-16 16:39:25.950 D/PhoneStatusBar( 3091): updateNfcEffectView, mIsPanelOpened = false, visible = false
10-16 16:39:25.980 D/NfcAdapterMzExt( 3181): set MZ_NFCP2P_ON to DB, the value is 0
10-16 16:39:25.990 W/ContextImpl( 3181): Calling a method in the system process without a qualified user: android.app.ContextImpl.sendBroadcast:1352 android.content.ContextWrapper.sendBroadcast:377 android.content.ContextWrapper.sendBroadcast:377 android.nfc.NfcAdapterMzExt.disconnectMzNfcP2p:120 com.meizu.settings.nfc.StateChangedReceiver.onReceive:45 
10-16 16:39:25.990 I/NfcAdapterMzExt( 3181): sendBroadcast: mz.android.nfc.action.MZ_NFC_P2P_STATE_CHANGED
10-16 16:39:25.990 D/PhoneStatusBar( 3091): updateNfcEffectView, mIsPanelOpened = false, visible = false
10-16 16:39:25.990 D/BluetoothOppHandoverReceiver( 5509): action = android.nfc.action.ADAPTER_STATE_CHANGED
10-16 16:39:25.990 D/BluetoothOppHandoverReceiver( 5509): state = -1
10-16 16:39:25.990 E/BluetoothOppHandoverReceiver( 5509): error: MZ_NFC_P2P_STATE_CHANGED is neither 0nor 1
10-16 16:39:26.000 W/StateChangedReceiver( 3181): Unknow action: mz.android.nfc.action.MZ_NFC_P2P_STATE_CHANGED
10-16 16:39:26.000 D/BluetoothOppHandoverReceiver( 5509): action = mz.android.nfc.action.MZ_NFC_P2P_STATE_CHANGED
10-16 16:39:26.000 D/BluetoothOppHandoverReceiver( 5509): state = 0
10-16 16:39:26.010 W/StateChangedReceiver( 3181): Unknow action: mz.android.nfc.action.MZ_NFC_P2P_STATE_CHANGED
10-16 16:39:26.010 D/BluetoothOppHandoverReceiver( 5509): action = mz.android.nfc.action.MZ_NFC_P2P_STATE_CHANGED
10-16 16:39:26.010 D/BluetoothOppHandoverReceiver( 5509): state = 0
10-16 16:39:26.350 D/Tethering( 2877): interfaceLinkStateChanged wlan0, true
10-16 16:39:26.350 D/Tethering( 2877): interfaceStatusChanged wlan0, true
10-16 16:39:26.370 I/WiFiShortCut( 3091): the action is android.net.wifi.SCAN_RESULTS
