09-23 13:53:38.241 I/BrcmNfcNfa( 1670): NFC received ntf gid:1
09-23 13:53:38.241 I/BrcmNfcNfa( 1670): nfa_dm_nfc_response_cback () NFC_EE_ACTION_REVT(0x5008)
09-23 13:53:38.241 I/BrcmNfcNfa( 1670): nfa_ee_proc_evt: event=0x5008 int_event:0x212
09-23 13:53:38.241 I/BrcmNfcNfa( 1670): nfa_ee_evt_hdlr (): Event NCI_ACTION(0x212), State: INIT_DONE(1)
09-23 13:53:38.241 D/BrcmNfcJni( 1670): checkforTranscation: enter; event=0xE transaction_data.current_transcation_state = 0x0
09-23 13:53:38.241 D/BrcmNfcJni( 1670): checkforTranscation: exit; event=0xE transaction_data.current_transcation_state = 0x0
09-23 13:53:38.241 D/BrcmNfcJni( 1670): RoutingManager::nfaEeCallback: NFA_EE_ACTION_EVT; h=0x402; trigger=rf tech (0x2)
09-23 13:53:38.241 I/BrcmNfcNfa( 1670): nfc_ncif_process_event: exiting... free = 1
09-23 13:53:38.241 D/NxpTml  ( 1670): PN54X - Read requested.....
09-23 13:53:38.241 D/NxpTml  ( 1670): PN54X - Invoking I2C Read.....
09-23 13:53:38.361 D/NxpTml  ( 1670): PN54X - I2C Read successful.....
09-23 13:53:38.361 D/NxpNciR ( 1670): len =   7 > 61090402020100
09-23 13:53:38.361 D/NxpTml  ( 1670): PN54X - Posting read message.....
09-23 13:53:38.361 D/NxpHal  ( 1670): read successful status = 0x0
09-23 13:53:38.361 D/NfcAdaptation( 1670): NfcAdaptation::HalDeviceContextDataCallback: len=7
09-23 13:53:38.361 I/BrcmNfcNfa( 1670): nfc_ncif_process_event: entering...
09-23 13:53:38.361 I/BrcmNfcNfa( 1670): NFC received ntf gid:1
09-23 13:53:38.361 I/BrcmNfcNfa( 1670): nfa_dm_nfc_response_cback () NFC_EE_ACTION_REVT(0x5008)
09-23 13:53:38.361 I/BrcmNfcNfa( 1670): nfa_ee_proc_evt: event=0x5008 int_event:0x212
09-23 13:53:38.361 I/BrcmNfcNfa( 1670): nfa_ee_evt_hdlr (): Event NCI_ACTION(0x212), State: INIT_DONE(1)
09-23 13:53:38.361 D/BrcmNfcJni( 1670): checkforTranscation: enter; event=0xE transaction_data.current_transcation_state = 0x0
09-23 13:53:38.361 D/BrcmNfcJni( 1670): checkforTranscation: exit; event=0xE transaction_data.current_transcation_state = 0x0
09-23 13:53:38.361 D/BrcmNfcJni( 1670): RoutingManager::nfaEeCallback: NFA_EE_ACTION_EVT; h=0x402; trigger=rf tech (0x2)
09-23 13:53:38.361 I/BrcmNfcNfa( 1670): nfc_ncif_process_event: exiting... free = 1
09-23 13:53:38.361 D/NxpTml  ( 1670): PN54X - Read requested.....
09-23 13:53:38.361 D/NxpTml  ( 1670): PN54X - Invoking I2C Read.....
09-23 13:53:38.491 D/NxpTml  ( 1670): PN54X - I2C Read successful.....
09-23 13:53:38.491 D/NxpNciR ( 1670): len =   7 > 61090402020100
09-23 13:53:38.491 D/NxpTml  ( 1670): PN54X - Posting read message.....
09-23 13:53:38.491 D/NxpHal  ( 1670): read successful status = 0x0
09-23 13:53:38.491 D/NfcAdaptation( 1670): NfcAdaptation::HalDeviceContextDataCallback: len=7
09-23 13:53:38.491 I/BrcmNfcNfa( 1670): nfc_ncif_process_event: entering...
09-23 13:53:38.491 I/BrcmNfcNfa( 1670): NFC received ntf gid:1
09-23 13:53:38.491 I/BrcmNfcNfa( 1670): nfa_dm_nfc_response_cback () NFC_EE_ACTION_REVT(0x5008)
09-23 13:53:38.491 I/BrcmNfcNfa( 1670): nfa_ee_proc_evt: event=0x5008 int_event:0x212
09-23 13:53:38.491 I/BrcmNfcNfa( 1670): nfa_ee_evt_hdlr (): Event NCI_ACTION(0x212), State: INIT_DONE(1)
09-23 13:53:38.491 D/BrcmNfcJni( 1670): checkforTranscation: enter; event=0xE transaction_data.current_transcation_state = 0x0
09-23 13:53:38.491 D/BrcmNfcJni( 1670): checkforTranscation: exit; event=0xE transaction_data.current_transcation_state = 0x0
09-23 13:53:38.491 D/BrcmNfcJni( 1670): RoutingManager::nfaEeCallback: NFA_EE_ACTION_EVT; h=0x402; trigger=rf tech (0x2)
09-23 13:53:38.491 I/BrcmNfcNfa( 1670): nfc_ncif_process_event: exiting... free = 1
09-23 13:53:38.491 D/NxpTml  ( 1670): PN54X - Read requested.....
09-23 13:53:38.491 D/NxpTml  ( 1670): PN54X - Invoking I2C Read.....
09-23 13:53:38.611 D/NxpTml  ( 1670): PN54X - I2C Read successful.....
09-23 13:53:38.611 D/NxpNciR ( 1670): len =   7 > 61090402020100
09-23 13:53:38.611 D/NxpTml  ( 1670): PN54X - Posting read message.....
09-23 13:53:38.611 D/NxpHal  ( 1670): read successful status = 0x0
09-23 13:53:38.611 D/NfcAdaptation( 1670): NfcAdaptation::HalDeviceContextDataCallback: len=7
09-23 13:53:38.611 I/BrcmNfcNfa( 1670): nfc_ncif_process_event: entering...
09-23 13:53:38.611 I/BrcmNfcNfa( 1670): NFC received ntf gid:1
09-23 13:53:38.611 I/BrcmNfcNfa( 1670): nfa_dm_nfc_response_cback () NFC_EE_ACTION_REVT(0x5008)
09-23 13:53:38.611 I/BrcmNfcNfa( 1670): nfa_ee_proc_evt: event=0x5008 int_event:0x212
09-23 13:53:38.611 I/BrcmNfcNfa( 1670): nfa_ee_evt_hdlr (): Event NCI_ACTION(0x212), State: INIT_DONE(1)
09-23 13:53:38.611 D/BrcmNfcJni( 1670): checkforTranscation: enter; event=0xE transaction_data.current_transcation_state = 0x0
09-23 13:53:38.611 D/BrcmNfcJni( 1670): checkforTranscation: exit; event=0xE transaction_data.current_transcation_state = 0x0
09-23 13:53:38.611 D/BrcmNfcJni( 1670): RoutingManager::nfaEeCallback: NFA_EE_ACTION_EVT; h=0x402; trigger=rf tech (0x2)
09-23 13:53:38.611 I/BrcmNfcNfa( 1670): nfc_ncif_process_event: exiting... free = 1
09-23 13:53:38.611 D/NxpTml  ( 1670): PN54X - Read requested.....
09-23 13:53:38.611 D/NxpTml  ( 1670): PN54X - Invoking I2C Read.....
09-23 13:53:38.731 D/NxpTml  ( 1670): PN54X - I2C Read successful.....
09-23 13:53:38.731 D/NxpNciR ( 1670): len =   7 > 61090402020100
09-23 13:53:38.731 D/NxpTml  ( 1670): PN54X - Posting read message.....
09-23 13:53:38.731 D/NxpHal  ( 1670): read successful status = 0x0
09-23 13:53:38.731 D/NfcAdaptation( 1670): NfcAdaptation::HalDeviceContextDataCallback: len=7
09-23 13:53:38.731 I/BrcmNfcNfa( 1670): nfc_ncif_process_event: entering...
09-23 13:53:38.731 I/BrcmNfcNfa( 1670): NFC received ntf gid:1
09-23 13:53:38.731 I/BrcmNfcNfa( 1670): nfa_dm_nfc_response_cback () NFC_EE_ACTION_REVT(0x5008)
09-23 13:53:38.731 I/BrcmNfcNfa( 1670): nfa_ee_proc_evt: event=0x5008 int_event:0x212
09-23 13:53:38.731 I/BrcmNfcNfa( 1670): nfa_ee_evt_hdlr (): Event NCI_ACTION(0x212), State: INIT_DONE(1)
09-23 13:53:38.731 D/BrcmNfcJni( 1670): checkforTranscation: enter; event=0xE transaction_data.current_transcation_state = 0x0
09-23 13:53:38.731 D/BrcmNfcJni( 1670): checkforTranscation: exit; event=0xE transaction_data.current_transcation_state = 0x0
09-23 13:53:38.731 D/BrcmNfcJni( 1670): RoutingManager::nfaEeCallback: NFA_EE_ACTION_EVT; h=0x402; trigger=rf tech (0x2)
09-23 13:53:38.731 I/BrcmNfcNfa( 1670): nfc_ncif_process_event: exiting... free = 1
09-23 13:53:38.731 D/NxpTml  ( 1670): PN54X - Read requested.....
09-23 13:53:38.731 D/NxpTml  ( 1670): PN54X - Invoking I2C Read.....
09-23 13:53:38.861 D/NxpTml  ( 1670): PN54X - I2C Read successful.....
09-23 13:53:38.861 D/NxpNciR ( 1670): len =   7 > 61090402020100
09-23 13:53:38.861 D/NxpTml  ( 1670): PN54X - Posting read message.....
09-23 13:53:38.861 D/NxpHal  ( 1670): read successful status = 0x0
09-23 13:53:38.861 D/NfcAdaptation( 1670): NfcAdaptation::HalDeviceContextDataCallback: len=7
09-23 13:53:38.861 I/BrcmNfcNfa( 1670): nfc_ncif_process_event: entering...
09-23 13:53:38.861 I/BrcmNfcNfa( 1670): NFC received ntf gid:1
09-23 13:53:38.861 I/BrcmNfcNfa( 1670): nfa_dm_nfc_response_cback () NFC_EE_ACTION_REVT(0x5008)
09-23 13:53:38.861 I/BrcmNfcNfa( 1670): nfa_ee_proc_evt: event=0x5008 int_event:0x212
09-23 13:53:38.861 I/BrcmNfcNfa( 1670): nfa_ee_evt_hdlr (): Event NCI_ACTION(0x212), State: INIT_DONE(1)
09-23 13:53:38.861 D/BrcmNfcJni( 1670): checkforTranscation: enter; event=0xE transaction_data.current_transcation_state = 0x0
09-23 13:53:38.861 D/BrcmNfcJni( 1670): checkforTranscation: exit; event=0xE transaction_data.current_transcation_state = 0x0
09-23 13:53:38.861 D/BrcmNfcJni( 1670): RoutingManager::nfaEeCallback: NFA_EE_ACTION_EVT; h=0x402; trigger=rf tech (0x2)
09-23 13:53:38.861 I/BrcmNfcNfa( 1670): nfc_ncif_process_event: exiting... free = 1
09-23 13:53:38.861 D/NxpTml  ( 1670): PN54X - Read requested.....
09-23 13:53:38.861 D/NxpTml  ( 1670): PN54X - Invoking I2C Read.....
09-23 13:53:38.981 D/NxpTml  ( 1670): PN54X - I2C Read successful.....
09-23 13:53:38.981 D/NxpNciR ( 1670): len =   7 > 61090402020100
09-23 13:53:38.981 D/NxpTml  ( 1670): PN54X - Posting read message.....
09-23 13:53:38.981 D/NxpHal  ( 1670): read successful status = 0x0
09-23 13:53:38.981 D/NfcAdaptation( 1670): NfcAdaptation::HalDeviceContextDataCallback: len=7
09-23 13:53:38.981 I/BrcmNfcNfa( 1670): nfc_ncif_process_event: entering...
09-23 13:53:38.981 I/BrcmNfcNfa( 1670): NFC received ntf gid:1
09-23 13:53:38.981 I/BrcmNfcNfa( 1670): nfa_dm_nfc_response_cback () NFC_EE_ACTION_REVT(0x5008)
09-23 13:53:38.981 I/BrcmNfcNfa( 1670): nfa_ee_proc_evt: event=0x5008 int_event:0x212
09-23 13:53:38.981 I/BrcmNfcNfa( 1670): nfa_ee_evt_hdlr (): Event NCI_ACTION(0x212), State: INIT_DONE(1)
09-23 13:53:38.981 D/BrcmNfcJni( 1670): checkforTranscation: enter; event=0xE transaction_data.current_transcation_state = 0x0
09-23 13:53:38.981 D/BrcmNfcJni( 1670): checkforTranscation: exit; event=0xE transaction_data.current_transcation_state = 0x0
09-23 13:53:38.981 D/BrcmNfcJni( 1670): RoutingManager::nfaEeCallback: NFA_EE_ACTION_EVT; h=0x402; trigger=rf tech (0x2)
09-23 13:53:38.981 I/BrcmNfcNfa( 1670): nfc_ncif_process_event: exiting... free = 1
09-23 13:53:38.981 D/NxpTml  ( 1670): PN54X - Read requested.....
09-23 13:53:38.981 D/NxpTml  ( 1670): PN54X - Invoking I2C Read.....
09-23 13:53:39.111 D/NxpTml  ( 1670): PN54X - I2C Read successful.....
09-23 13:53:39.111 D/NxpNciR ( 1670): len =   7 > 61090402020100
09-23 13:53:39.111 D/NxpTml  ( 1670): PN54X - Posting read message.....
09-23 13:53:39.111 D/NxpHal  ( 1670): read successful status = 0x0
09-23 13:53:39.111 D/NfcAdaptation( 1670): NfcAdaptation::HalDeviceContextDataCallback: len=7
09-23 13:53:39.111 I/BrcmNfcNfa( 1670): nfc_ncif_process_event: entering...
09-23 13:53:39.111 I/BrcmNfcNfa( 1670): NFC received ntf gid:1
09-23 13:53:39.111 I/BrcmNfcNfa( 1670): nfa_dm_nfc_response_cback () NFC_EE_ACTION_REVT(0x5008)
09-23 13:53:39.111 I/BrcmNfcNfa( 1670): nfa_ee_proc_evt: event=0x5008 int_event:0x212
09-23 13:53:39.111 I/BrcmNfcNfa( 1670): nfa_ee_evt_hdlr (): Event NCI_ACTION(0x212), State: INIT_DONE(1)
09-23 13:53:39.111 D/BrcmNfcJni( 1670): checkforTranscation: enter; event=0xE transaction_data.current_transcation_state = 0x0
09-23 13:53:39.111 D/BrcmNfcJni( 1670): checkforTranscation: exit; event=0xE transaction_data.current_transcation_state = 0x0
09-23 13:53:39.111 D/BrcmNfcJni( 1670): RoutingManager::nfaEeCallback: NFA_EE_ACTION_EVT; h=0x402; trigger=rf tech (0x2)
09-23 13:53:39.111 I/BrcmNfcNfa( 1670): nfc_ncif_process_event: exiting... free = 1
09-23 13:53:39.111 D/NxpTml  ( 1670): PN54X - Read requested.....
09-23 13:53:39.111 D/NxpTml  ( 1670): PN54X - Invoking I2C Read.....
09-23 13:53:39.231 D/NxpTml  ( 1670): PN54X - I2C Read successful.....
09-23 13:53:39.231 D/NxpNciR ( 1670): len =   7 > 61090402020100
09-23 13:53:39.231 D/NxpTml  ( 1670): PN54X - Posting read message.....
09-23 13:53:39.231 D/NxpHal  ( 1670): read successful status = 0x0
09-23 13:53:39.231 D/NfcAdaptation( 1670): NfcAdaptation::HalDeviceContextDataCallback: len=7
09-23 13:53:39.231 I/BrcmNfcNfa( 1670): nfc_ncif_process_event: entering...
09-23 13:53:39.231 I/BrcmNfcNfa( 1670): NFC received ntf gid:1
09-23 13:53:39.231 I/BrcmNfcNfa( 1670): nfa_dm_nfc_response_cback () NFC_EE_ACTION_REVT(0x5008)
09-23 13:53:39.231 I/BrcmNfcNfa( 1670): nfa_ee_proc_evt: event=0x5008 int_event:0x212
09-23 13:53:39.231 I/BrcmNfcNfa( 1670): nfa_ee_evt_hdlr (): Event NCI_ACTION(0x212), State: INIT_DONE(1)
09-23 13:53:39.231 D/BrcmNfcJni( 1670): checkforTranscation: enter; event=0xE transaction_data.current_transcation_state = 0x0
09-23 13:53:39.231 D/BrcmNfcJni( 1670): checkforTranscation: exit; event=0xE transaction_data.current_transcation_state = 0x0
09-23 13:53:39.231 D/BrcmNfcJni( 1670): RoutingManager::nfaEeCallback: NFA_EE_ACTION_EVT; h=0x402; trigger=rf tech (0x2)
09-23 13:53:39.231 I/BrcmNfcNfa( 1670): nfc_ncif_process_event: exiting... free = 1
09-23 13:53:39.231 D/NxpTml  ( 1670): PN54X - Read requested.....
09-23 13:53:39.231 D/NxpTml  ( 1670): PN54X - Invoking I2C Read.....
09-23 13:53:39.361 D/NxpTml  ( 1670): PN54X - I2C Read successful.....
09-23 13:53:39.361 D/NxpNciR ( 1670): len =   7 > 61090402020100
09-23 13:53:39.361 D/NxpTml  ( 1670): PN54X - Posting read message.....
09-23 13:53:39.361 D/NxpHal  ( 1670): read successful status = 0x0
09-23 13:53:39.361 D/NfcAdaptation( 1670): NfcAdaptation::HalDeviceContextDataCallback: len=7
09-23 13:53:39.361 I/BrcmNfcNfa( 1670): nfc_ncif_process_event: entering...
09-23 13:53:39.361 I/BrcmNfcNfa( 1670): NFC received ntf gid:1
09-23 13:53:39.361 I/BrcmNfcNfa( 1670): nfa_dm_nfc_response_cback () NFC_EE_ACTION_REVT(0x5008)
09-23 13:53:39.361 I/BrcmNfcNfa( 1670): nfa_ee_proc_evt: event=0x5008 int_event:0x212
09-23 13:53:39.361 I/BrcmNfcNfa( 1670): nfa_ee_evt_hdlr (): Event NCI_ACTION(0x212), State: INIT_DONE(1)
09-23 13:53:39.361 D/BrcmNfcJni( 1670): checkforTranscation: enter; event=0xE transaction_data.current_transcation_state = 0x0
09-23 13:53:39.361 D/BrcmNfcJni( 1670): checkforTranscation: exit; event=0xE transaction_data.current_transcation_state = 0x0
09-23 13:53:39.361 D/BrcmNfcJni( 1670): RoutingManager::nfaEeCallback: NFA_EE_ACTION_EVT; h=0x402; trigger=rf tech (0x2)
09-23 13:53:39.361 I/BrcmNfcNfa( 1670): nfc_ncif_process_event: exiting... free = 1
09-23 13:53:39.361 D/NxpTml  ( 1670): PN54X - Read requested.....
09-23 13:53:39.361 D/NxpTml  ( 1670): PN54X - Invoking I2C Read.....
09-23 13:53:39.391 D/VM_BMS  (  577): wake_lock acquired
09-23 13:53:39.391 D/VM_BMS  (  577): New BMS data - Size=56
09-23 13:53:39.391 D/VM_BMS  (  577): Start process_bms_data
09-23 13:53:39.401 D/VM_BMS  (  577): For batt_temp=311 fcc_mah=3101
09-23 13:53:39.401 D/VM_BMS  (  577): For ocv=3680993 batt_temp=311 soc=11
09-23 13:53:39.401 D/VM_BMS  (  577): fifo_count=2 acc_count=0
09-23 13:53:39.401 D/VM_BMS  (  577): INIT: ocv=3680993 last_ocv=3680993 batt_temp=311 soc=11
09-23 13:53:39.401 D/VM_BMS  (  577): For soc=11 batt_temp=311 slope=4500
09-23 13:53:39.401 D/VM_BMS  (  577): For soc=11 batt_temp=311 rbatt_sf=97
09-23 13:53:39.401 D/VM_BMS  (  577): rbatt_mohm_default=141, rbatt_mohm=136, sf=97 batt_temp=311
09-23 13:53:39.401 D/VM_BMS  (  577): For ocv=3681096 batt_temp=311 soc=12
09-23 13:53:39.401 D/VM_BMS  (  577): FIFO=0 fifo_avg=3.720045 rbatt=0.136000 slope=0.450000 ibatt=-0.286766 ocv=3.681097 soc=12 fcc_ah=3.101000 sample_count=128 sample_interval=70 seq_num=14
09-23 13:53:39.401 D/VM_BMS  (  577): For soc=12 batt_temp=311 slope=4500
09-23 13:53:39.401 D/VM_BMS  (  577): For soc=12 batt_temp=311 rbatt_sf=96
09-23 13:53:39.401 D/VM_BMS  (  577): rbatt_mohm_default=141, rbatt_mohm=135, sf=96 batt_temp=311
09-23 13:53:39.401 D/VM_BMS  (  577): For ocv=3681239 batt_temp=311 soc=12
09-23 13:53:39.401 D/VM_BMS  (  577): FIFO=1 fifo_avg=3.734874 rbatt=0.135000 slope=0.450000 ibatt=-0.397823 ocv=3.681240 soc=12 fcc_ah=3.101000 sample_count=128 sample_interval=70 seq_num=14
09-23 13:53:39.401 I/VM_BMS  (  577): power_supply_update: ocv_uv=3681239 ibatt=-397822 soc=12 seq_num=14
09-23 13:53:39.401 D/VM_BMS  (  577): End process_bms_data
09-23 13:53:39.401 D/VM_BMS  (  577): wake_lock released
09-23 13:53:39.441 D/HwLocationPowerTracker(  958): ACTION_BATTERY_CHANGED pluggedType: 2
09-23 13:53:39.441 D/WifiController(  958): handleMessage: E msg.what=155652
09-23 13:53:39.441 D/WifiController(  958): processMsg: ApStaDisabledState
09-23 13:53:39.441 D/WifiController(  958): processMsg: DefaultState
09-23 13:53:39.441 D/WifiController(  958): DefaultState{ when=0 what=155652 arg1=2 target=com.android.internal.util.StateMachine$SmHandler }
09-23 13:53:39.441 D/WifiController(  958): handleMessage: X
09-23 13:53:39.441 E/ZipFileCache( 1395): init failed when open zip file.
09-23 13:53:39.441 E/ZipFileCache( 1395): init failed when open zip file.
09-23 13:53:39.441 D/KeyguardUpdateMonitor( 1693): received broadcast android.intent.action.BATTERY_CHANGED
09-23 13:53:39.441 D/KeyguardUpdateMonitor( 1693): handleBatteryUpdate
09-23 13:53:39.451 I/HwSystemManager( 2017): BgPowerManagerService:BgPowerManagerSerivce plugged =2 currentThreshold = 8 mRawLevel = 9mLastRawLevel9
09-23 13:53:39.451 I/HwSystemManager( 2017): BgPowerManagerService: mTimes = 181321 firstTime = 112385 firstmBatteryCapacity =270
09-23 13:53:39.481 D/NxpTml  ( 1670): PN54X - I2C Read successful.....
09-23 13:53:39.481 D/NxpNciR ( 1670): len =   7 > 61090402020100
09-23 13:53:39.481 D/NxpTml  ( 1670): PN54X - Posting read message.....
09-23 13:53:39.481 D/NxpHal  ( 1670): read successful status = 0x0
09-23 13:53:39.481 D/NfcAdaptation( 1670): NfcAdaptation::HalDeviceContextDataCallback: len=7
09-23 13:53:39.481 I/BrcmNfcNfa( 1670): nfc_ncif_process_event: entering...
09-23 13:53:39.481 I/BrcmNfcNfa( 1670): NFC received ntf gid:1
09-23 13:53:39.481 I/BrcmNfcNfa( 1670): nfa_dm_nfc_response_cback () NFC_EE_ACTION_REVT(0x5008)
09-23 13:53:39.481 I/BrcmNfcNfa( 1670): nfa_ee_proc_evt: event=0x5008 int_event:0x212
09-23 13:53:39.481 I/BrcmNfcNfa( 1670): nfa_ee_evt_hdlr (): Event NCI_ACTION(0x212), State: INIT_DONE(1)
09-23 13:53:39.481 D/BrcmNfcJni( 1670): checkforTranscation: enter; event=0xE transaction_data.current_transcation_state = 0x0
09-23 13:53:39.481 D/BrcmNfcJni( 1670): checkforTranscation: exit; event=0xE transaction_data.current_transcation_state = 0x0
09-23 13:53:39.481 D/BrcmNfcJni( 1670): RoutingManager::nfaEeCallback: NFA_EE_ACTION_EVT; h=0x402; trigger=rf tech (0x2)
09-23 13:53:39.481 I/BrcmNfcNfa( 1670): nfc_ncif_process_event: exiting... free = 1
09-23 13:53:39.481 D/NxpTml  ( 1670): PN54X - Read requested.....
09-23 13:53:39.481 D/NxpTml  ( 1670): PN54X - Invoking I2C Read.....
09-23 13:53:39.611 D/NxpTml  ( 1670): PN54X - I2C Read successful.....
09-23 13:53:39.611 D/NxpNciR ( 1670): len =   7 > 61090402020100
09-23 13:53:39.611 D/NxpTml  ( 1670): PN54X - Posting read message.....
09-23 13:53:39.611 D/NxpHal  ( 1670): read successful status = 0x0
09-23 13:53:39.611 D/NfcAdaptation( 1670): NfcAdaptation::HalDeviceContextDataCallback: len=7
09-23 13:53:39.611 I/BrcmNfcNfa( 1670): nfc_ncif_process_event: entering...
09-23 13:53:39.611 I/BrcmNfcNfa( 1670): NFC received ntf gid:1
09-23 13:53:39.611 I/BrcmNfcNfa( 1670): nfa_dm_nfc_response_cback () NFC_EE_ACTION_REVT(0x5008)
09-23 13:53:39.611 I/BrcmNfcNfa( 1670): nfa_ee_proc_evt: event=0x5008 int_event:0x212
09-23 13:53:39.611 I/BrcmNfcNfa( 1670): nfa_ee_evt_hdlr (): Event NCI_ACTION(0x212), State: INIT_DONE(1)
09-23 13:53:39.611 D/BrcmNfcJni( 1670): checkforTranscation: enter; event=0xE transaction_data.current_transcation_state = 0x0
09-23 13:53:39.611 D/BrcmNfcJni( 1670): checkforTranscation: exit; event=0xE transaction_data.current_transcation_state = 0x0
09-23 13:53:39.611 D/BrcmNfcJni( 1670): RoutingManager::nfaEeCallback: NFA_EE_ACTION_EVT; h=0x402; trigger=rf tech (0x2)
09-23 13:53:39.611 I/BrcmNfcNfa( 1670): nfc_ncif_process_event: exiting... free = 1
09-23 13:53:39.611 D/NxpTml  ( 1670): PN54X - Read requested.....
09-23 13:53:39.611 D/NxpTml  ( 1670): PN54X - Invoking I2C Read.....
09-23 13:53:39.731 D/NxpTml  ( 1670): PN54X - I2C Read successful.....
09-23 13:53:39.731 D/NxpNciR ( 1670): len =   7 > 61090402020100
09-23 13:53:39.731 D/NxpTml  ( 1670): PN54X - Posting read message.....
09-23 13:53:39.731 D/NxpHal  ( 1670): read successful status = 0x0
09-23 13:53:39.731 D/NfcAdaptation( 1670): NfcAdaptation::HalDeviceContextDataCallback: len=7
09-23 13:53:39.731 I/BrcmNfcNfa( 1670): nfc_ncif_process_event: entering...
09-23 13:53:39.731 I/BrcmNfcNfa( 1670): NFC received ntf gid:1
09-23 13:53:39.731 I/BrcmNfcNfa( 1670): nfa_dm_nfc_response_cback () NFC_EE_ACTION_REVT(0x5008)
09-23 13:53:39.731 I/BrcmNfcNfa( 1670): nfa_ee_proc_evt: event=0x5008 int_event:0x212
09-23 13:53:39.731 I/BrcmNfcNfa( 1670): nfa_ee_evt_hdlr (): Event NCI_ACTION(0x212), State: INIT_DONE(1)
09-23 13:53:39.731 D/BrcmNfcJni( 1670): checkforTranscation: enter; event=0xE transaction_data.current_transcation_state = 0x0
09-23 13:53:39.731 D/BrcmNfcJni( 1670): checkforTranscation: exit; event=0xE transaction_data.current_transcation_state = 0x0
09-23 13:53:39.731 D/BrcmNfcJni( 1670): RoutingManager::nfaEeCallback: NFA_EE_ACTION_EVT; h=0x402; trigger=rf tech (0x2)
09-23 13:53:39.731 I/BrcmNfcNfa( 1670): nfc_ncif_process_event: exiting... free = 1
09-23 13:53:39.731 D/NxpTml  ( 1670): PN54X - Read requested.....
09-23 13:53:39.731 D/NxpTml  ( 1670): PN54X - Invoking I2C Read.....
09-23 13:53:39.861 D/NxpTml  ( 1670): PN54X - I2C Read successful.....
09-23 13:53:39.861 D/NxpNciR ( 1670): len =   7 > 61090402020100
09-23 13:53:39.861 D/NxpTml  ( 1670): PN54X - Posting read message.....
09-23 13:53:39.861 D/NxpHal  ( 1670): read successful status = 0x0
09-23 13:53:39.861 D/NfcAdaptation( 1670): NfcAdaptation::HalDeviceContextDataCallback: len=7
09-23 13:53:39.861 I/BrcmNfcNfa( 1670): nfc_ncif_process_event: entering...
09-23 13:53:39.861 I/BrcmNfcNfa( 1670): NFC received ntf gid:1
09-23 13:53:39.861 I/BrcmNfcNfa( 1670): nfa_dm_nfc_response_cback () NFC_EE_ACTION_REVT(0x5008)
09-23 13:53:39.861 I/BrcmNfcNfa( 1670): nfa_ee_proc_evt: event=0x5008 int_event:0x212
09-23 13:53:39.861 I/BrcmNfcNfa( 1670): nfa_ee_evt_hdlr (): Event NCI_ACTION(0x212), State: INIT_DONE(1)
09-23 13:53:39.861 D/BrcmNfcJni( 1670): checkforTranscation: enter; event=0xE transaction_data.current_transcation_state = 0x0
09-23 13:53:39.861 D/BrcmNfcJni( 1670): checkforTranscation: exit; event=0xE transaction_data.current_transcation_state = 0x0
09-23 13:53:39.861 D/BrcmNfcJni( 1670): RoutingManager::nfaEeCallback: NFA_EE_ACTION_EVT; h=0x402; trigger=rf tech (0x2)
09-23 13:53:39.861 I/BrcmNfcNfa( 1670): nfc_ncif_process_event: exiting... free = 1
09-23 13:53:39.861 D/NxpTml  ( 1670): PN54X - Read requested.....
09-23 13:53:39.861 D/NxpTml  ( 1670): PN54X - Invoking I2C Read.....
09-23 13:53:39.931 V/AudioManager(  958): isMusicActive...
09-23 13:53:39.931 V/AudioManager(  958): isWiredHeadsetOn...
09-23 13:53:39.981 D/NxpTml  ( 1670): PN54X - I2C Read successful.....
09-23 13:53:39.981 D/NxpNciR ( 1670): len =   7 > 61090402020100
09-23 13:53:39.981 D/NxpTml  ( 1670): PN54X - Posting read message.....
09-23 13:53:39.981 D/NxpHal  ( 1670): read successful status = 0x0
09-23 13:53:39.981 D/NfcAdaptation( 1670): NfcAdaptation::HalDeviceContextDataCallback: len=7
09-23 13:53:39.981 I/BrcmNfcNfa( 1670): nfc_ncif_process_event: entering...
09-23 13:53:39.981 I/BrcmNfcNfa( 1670): NFC received ntf gid:1
09-23 13:53:39.981 I/BrcmNfcNfa( 1670): nfa_dm_nfc_response_cback () NFC_EE_ACTION_REVT(0x5008)
09-23 13:53:39.981 I/BrcmNfcNfa( 1670): nfa_ee_proc_evt: event=0x5008 int_event:0x212
09-23 13:53:39.981 I/BrcmNfcNfa( 1670): nfa_ee_evt_hdlr (): Event NCI_ACTION(0x212), State: INIT_DONE(1)
09-23 13:53:39.981 D/BrcmNfcJni( 1670): checkforTranscation: enter; event=0xE transaction_data.current_transcation_state = 0x0
09-23 13:53:39.981 D/BrcmNfcJni( 1670): checkforTranscation: exit; event=0xE transaction_data.current_transcation_state = 0x0
09-23 13:53:39.981 D/BrcmNfcJni( 1670): RoutingManager::nfaEeCallback: NFA_EE_ACTION_EVT; h=0x402; trigger=rf tech (0x2)
09-23 13:53:39.981 I/BrcmNfcNfa( 1670): nfc_ncif_process_event: exiting... free = 1
09-23 13:53:39.981 D/NxpTml  ( 1670): PN54X - Read requested.....
09-23 13:53:39.981 D/NxpTml  ( 1670): PN54X - Invoking I2C Read.....
09-23 13:53:40.111 D/NxpTml  ( 1670): PN54X - I2C Read successful.....
09-23 13:53:40.111 D/NxpNciR ( 1670): len =   7 > 61090402020100
09-23 13:53:40.111 D/NxpTml  ( 1670): PN54X - Posting read message.....
09-23 13:53:40.111 D/NxpHal  ( 1670): read successful status = 0x0
09-23 13:53:40.111 D/NfcAdaptation( 1670): NfcAdaptation::HalDeviceContextDataCallback: len=7
09-23 13:53:40.111 I/BrcmNfcNfa( 1670): nfc_ncif_process_event: entering...
09-23 13:53:40.111 I/BrcmNfcNfa( 1670): NFC received ntf gid:1
09-23 13:53:40.111 I/BrcmNfcNfa( 1670): nfa_dm_nfc_response_cback () NFC_EE_ACTION_REVT(0x5008)
09-23 13:53:40.111 I/BrcmNfcNfa( 1670): nfa_ee_proc_evt: event=0x5008 int_event:0x212
09-23 13:53:40.111 I/BrcmNfcNfa( 1670): nfa_ee_evt_hdlr (): Event NCI_ACTION(0x212), State: INIT_DONE(1)
09-23 13:53:40.111 D/BrcmNfcJni( 1670): checkforTranscation: enter; event=0xE transaction_data.current_transcation_state = 0x0
09-23 13:53:40.111 D/BrcmNfcJni( 1670): checkforTranscation: exit; event=0xE transaction_data.current_transcation_state = 0x0
09-23 13:53:40.111 D/BrcmNfcJni( 1670): RoutingManager::nfaEeCallback: NFA_EE_ACTION_EVT; h=0x402; trigger=rf tech (0x2)
09-23 13:53:40.111 I/BrcmNfcNfa( 1670): nfc_ncif_process_event: exiting... free = 1
09-23 13:53:40.111 D/NxpTml  ( 1670): PN54X - Read requested.....
09-23 13:53:40.111 D/NxpTml  ( 1670): PN54X - Invoking I2C Read.....
09-23 13:53:40.231 D/NxpTml  ( 1670): PN54X - I2C Read successful.....
09-23 13:53:40.231 D/NxpNciR ( 1670): len =   7 > 61090402020100
09-23 13:53:40.231 D/NxpTml  ( 1670): PN54X - Posting read message.....
09-23 13:53:40.231 D/NxpHal  ( 1670): read successful status = 0x0
09-23 13:53:40.231 D/NfcAdaptation( 1670): NfcAdaptation::HalDeviceContextDataCallback: len=7
09-23 13:53:40.231 I/BrcmNfcNfa( 1670): nfc_ncif_process_event: entering...
09-23 13:53:40.231 I/BrcmNfcNfa( 1670): NFC received ntf gid:1
09-23 13:53:40.231 I/BrcmNfcNfa( 1670): nfa_dm_nfc_response_cback () NFC_EE_ACTION_REVT(0x5008)
09-23 13:53:40.231 I/BrcmNfcNfa( 1670): nfa_ee_proc_evt: event=0x5008 int_event:0x212
09-23 13:53:40.231 I/BrcmNfcNfa( 1670): nfa_ee_evt_hdlr (): Event NCI_ACTION(0x212), State: INIT_DONE(1)
09-23 13:53:40.231 D/BrcmNfcJni( 1670): checkforTranscation: enter; event=0xE transaction_data.current_transcation_state = 0x0
09-23 13:53:40.231 D/BrcmNfcJni( 1670): checkforTranscation: exit; event=0xE transaction_data.current_transcation_state = 0x0
09-23 13:53:40.231 D/BrcmNfcJni( 1670): RoutingManager::nfaEeCallback: NFA_EE_ACTION_EVT; h=0x402; trigger=rf tech (0x2)
09-23 13:53:40.231 I/BrcmNfcNfa( 1670): nfc_ncif_process_event: exiting... free = 1
09-23 13:53:40.231 D/NxpTml  ( 1670): PN54X - Read requested.....
09-23 13:53:40.231 D/NxpTml  ( 1670): PN54X - Invoking I2C Read.....
09-23 13:53:40.361 D/NxpTml  ( 1670): PN54X - I2C Read successful.....
09-23 13:53:40.361 D/NxpNciR ( 1670): len =   7 > 61090402020100
09-23 13:53:40.361 D/NxpTml  ( 1670): PN54X - Posting read message.....
09-23 13:53:40.361 D/NxpHal  ( 1670): read successful status = 0x0
09-23 13:53:40.361 D/NfcAdaptation( 1670): NfcAdaptation::HalDeviceContextDataCallback: len=7
09-23 13:53:40.361 I/BrcmNfcNfa( 1670): nfc_ncif_process_event: entering...
09-23 13:53:40.361 I/BrcmNfcNfa( 1670): NFC received ntf gid:1
09-23 13:53:40.361 I/BrcmNfcNfa( 1670): nfa_dm_nfc_response_cback () NFC_EE_ACTION_REVT(0x5008)
09-23 13:53:40.361 I/BrcmNfcNfa( 1670): nfa_ee_proc_evt: event=0x5008 int_event:0x212
09-23 13:53:40.361 I/BrcmNfcNfa( 1670): nfa_ee_evt_hdlr (): Event NCI_ACTION(0x212), State: INIT_DONE(1)
09-23 13:53:40.361 D/BrcmNfcJni( 1670): checkforTranscation: enter; event=0xE transaction_data.current_transcation_state = 0x0
09-23 13:53:40.361 D/BrcmNfcJni( 1670): checkforTranscation: exit; event=0xE transaction_data.current_transcation_state = 0x0
09-23 13:53:40.361 D/BrcmNfcJni( 1670): RoutingManager::nfaEeCallback: NFA_EE_ACTION_EVT; h=0x402; trigger=rf tech (0x2)
09-23 13:53:40.361 I/BrcmNfcNfa( 1670): nfc_ncif_process_event: exiting... free = 1
09-23 13:53:40.361 D/NxpTml  ( 1670): PN54X - Read requested.....
09-23 13:53:40.361 D/NxpTml  ( 1670): PN54X - Invoking I2C Read.....
09-23 13:53:40.481 D/NxpTml  ( 1670): PN54X - I2C Read successful.....
09-23 13:53:40.481 D/NxpNciR ( 1670): len =   7 > 61090402020100
09-23 13:53:40.481 D/NxpTml  ( 1670): PN54X - Posting read message.....
09-23 13:53:40.481 D/NxpHal  ( 1670): read successful status = 0x0
09-23 13:53:40.481 D/NfcAdaptation( 1670): NfcAdaptation::HalDeviceContextDataCallback: len=7
09-23 13:53:40.481 I/BrcmNfcNfa( 1670): nfc_ncif_process_event: entering...
09-23 13:53:40.481 I/BrcmNfcNfa( 1670): NFC received ntf gid:1
09-23 13:53:40.481 I/BrcmNfcNfa( 1670): nfa_dm_nfc_response_cback () NFC_EE_ACTION_REVT(0x5008)
09-23 13:53:40.481 I/BrcmNfcNfa( 1670): nfa_ee_proc_evt: event=0x5008 int_event:0x212
09-23 13:53:40.481 I/BrcmNfcNfa( 1670): nfa_ee_evt_hdlr (): Event NCI_ACTION(0x212), State: INIT_DONE(1)
09-23 13:53:40.481 D/BrcmNfcJni( 1670): checkforTranscation: enter; event=0xE transaction_data.current_transcation_state = 0x0
09-23 13:53:40.481 D/BrcmNfcJni( 1670): checkforTranscation: exit; event=0xE transaction_data.current_transcation_state = 0x0
09-23 13:53:40.481 D/BrcmNfcJni( 1670): RoutingManager::nfaEeCallback: NFA_EE_ACTION_EVT; h=0x402; trigger=rf tech (0x2)
09-23 13:53:40.481 I/BrcmNfcNfa( 1670): nfc_ncif_process_event: exiting... free = 1
09-23 13:53:40.481 D/NxpTml  ( 1670): PN54X - Read requested.....
09-23 13:53:40.481 D/NxpTml  ( 1670): PN54X - Invoking I2C Read.....
09-23 13:53:40.521 I/ServiceManager(  400): Waiting for service AtCmdFwd...
09-23 13:53:40.601 D/NxpTml  ( 1670): PN54X - I2C Read successful.....
09-23 13:53:40.601 D/NxpNciR ( 1670): len =   7 > 61090402020100
09-23 13:53:40.601 D/NxpTml  ( 1670): PN54X - Posting read message.....
09-23 13:53:40.601 D/NxpHal  ( 1670): read successful status = 0x0
09-23 13:53:40.601 D/NfcAdaptation( 1670): NfcAdaptation::HalDeviceContextDataCallback: len=7
09-23 13:53:40.601 I/BrcmNfcNfa( 1670): nfc_ncif_process_event: entering...
09-23 13:53:40.601 I/BrcmNfcNfa( 1670): NFC received ntf gid:1
09-23 13:53:40.611 I/BrcmNfcNfa( 1670): nfa_dm_nfc_response_cback () NFC_EE_ACTION_REVT(0x5008)
09-23 13:53:40.611 I/BrcmNfcNfa( 1670): nfa_ee_proc_evt: event=0x5008 int_event:0x212
09-23 13:53:40.611 I/BrcmNfcNfa( 1670): nfa_ee_evt_hdlr (): Event NCI_ACTION(0x212), State: INIT_DONE(1)
09-23 13:53:40.611 D/BrcmNfcJni( 1670): checkforTranscation: enter; event=0xE transaction_data.current_transcation_state = 0x0
09-23 13:53:40.611 D/BrcmNfcJni( 1670): checkforTranscation: exit; event=0xE transaction_data.current_transcation_state = 0x0
09-23 13:53:40.611 D/BrcmNfcJni( 1670): RoutingManager::nfaEeCallback: NFA_EE_ACTION_EVT; h=0x402; trigger=rf tech (0x2)
09-23 13:53:40.611 I/BrcmNfcNfa( 1670): nfc_ncif_process_event: exiting... free = 1
09-23 13:53:40.611 D/NxpTml  ( 1670): PN54X - Read requested.....
09-23 13:53:40.611 D/NxpTml  ( 1670): PN54X - Invoking I2C Read.....
09-23 13:53:40.731 D/NxpTml  ( 1670): PN54X - I2C Read successful.....
09-23 13:53:40.731 D/NxpNciR ( 1670): len =   7 > 61090402020100
09-23 13:53:40.731 D/NxpTml  ( 1670): PN54X - Posting read message.....
09-23 13:53:40.731 D/NxpHal  ( 1670): read successful status = 0x0
09-23 13:53:40.731 D/NfcAdaptation( 1670): NfcAdaptation::HalDeviceContextDataCallback: len=7
09-23 13:53:40.731 I/BrcmNfcNfa( 1670): nfc_ncif_process_event: entering...
09-23 13:53:40.731 I/BrcmNfcNfa( 1670): NFC received ntf gid:1
09-23 13:53:40.731 I/BrcmNfcNfa( 1670): nfa_dm_nfc_response_cback () NFC_EE_ACTION_REVT(0x5008)
09-23 13:53:40.731 I/BrcmNfcNfa( 1670): nfa_ee_proc_evt: event=0x5008 int_event:0x212
09-23 13:53:40.731 I/BrcmNfcNfa( 1670): nfa_ee_evt_hdlr (): Event NCI_ACTION(0x212), State: INIT_DONE(1)
09-23 13:53:40.731 D/BrcmNfcJni( 1670): checkforTranscation: enter; event=0xE transaction_data.current_transcation_state = 0x0
09-23 13:53:40.731 D/BrcmNfcJni( 1670): checkforTranscation: exit; event=0xE transaction_data.current_transcation_state = 0x0
09-23 13:53:40.731 D/BrcmNfcJni( 1670): RoutingManager::nfaEeCallback: NFA_EE_ACTION_EVT; h=0x402; trigger=rf tech (0x2)
09-23 13:53:40.731 I/BrcmNfcNfa( 1670): nfc_ncif_process_event: exiting... free = 1
09-23 13:53:40.731 D/NxpTml  ( 1670): PN54X - Read requested.....
09-23 13:53:40.731 D/NxpTml  ( 1670): PN54X - Invoking I2C Read.....
09-23 13:53:40.861 D/NxpTml  ( 1670): PN54X - I2C Read successful.....
09-23 13:53:40.861 D/NxpNciR ( 1670): len =   7 > 61090402020100
09-23 13:53:40.861 D/NxpTml  ( 1670): PN54X - Posting read message.....
09-23 13:53:40.861 D/NxpHal  ( 1670): read successful status = 0x0
09-23 13:53:40.861 D/NfcAdaptation( 1670): NfcAdaptation::HalDeviceContextDataCallback: len=7
09-23 13:53:40.861 I/BrcmNfcNfa( 1670): nfc_ncif_process_event: entering...
09-23 13:53:40.861 I/BrcmNfcNfa( 1670): NFC received ntf gid:1
09-23 13:53:40.861 I/BrcmNfcNfa( 1670): nfa_dm_nfc_response_cback () NFC_EE_ACTION_REVT(0x5008)
09-23 13:53:40.861 I/BrcmNfcNfa( 1670): nfa_ee_proc_evt: event=0x5008 int_event:0x212
09-23 13:53:40.861 I/BrcmNfcNfa( 1670): nfa_ee_evt_hdlr (): Event NCI_ACTION(0x212), State: INIT_DONE(1)
09-23 13:53:40.861 D/BrcmNfcJni( 1670): checkforTranscation: enter; event=0xE transaction_data.current_transcation_state = 0x0
09-23 13:53:40.861 D/BrcmNfcJni( 1670): checkforTranscation: exit; event=0xE transaction_data.current_transcation_state = 0x0
09-23 13:53:40.861 D/BrcmNfcJni( 1670): RoutingManager::nfaEeCallback: NFA_EE_ACTION_EVT; h=0x402; trigger=rf tech (0x2)
09-23 13:53:40.861 I/BrcmNfcNfa( 1670): nfc_ncif_process_event: exiting... free = 1
09-23 13:53:40.861 D/NxpTml  ( 1670): PN54X - Read requested.....
09-23 13:53:40.861 D/NxpTml  ( 1670): PN54X - Invoking I2C Read.....
09-23 13:53:40.881 I/ThermalEngine(  381): sensor_type 0 ,temp 36  ,threshold_report 1 ,pre_temp 36 
09-23 13:53:40.881 I/ThermalEngine(  381): sensor_type 1 ,temp 33  ,threshold_report 3 ,pre_temp 33 
09-23 13:53:40.881 I/ThermalEngine(  381): sensor_type 2 ,temp 31  ,threshold_report 3 ,pre_temp 29 
09-23 13:53:40.881 I/ThermalEngine(  381): sensor_type 3 ,temp 0  ,threshold_report 1 ,pre_temp 0 
09-23 13:53:40.981 D/NxpTml  ( 1670): PN54X - I2C Read successful.....
09-23 13:53:40.981 D/NxpNciR ( 1670): len =   7 > 61090402020100
09-23 13:53:40.981 D/NxpTml  ( 1670): PN54X - Posting read message.....
09-23 13:53:40.981 D/NxpHal  ( 1670): read successful status = 0x0
09-23 13:53:40.981 D/NfcAdaptation( 1670): NfcAdaptation::HalDeviceContextDataCallback: len=7
09-23 13:53:40.981 I/BrcmNfcNfa( 1670): nfc_ncif_process_event: entering...
09-23 13:53:40.981 I/BrcmNfcNfa( 1670): NFC received ntf gid:1
09-23 13:53:40.981 I/BrcmNfcNfa( 1670): nfa_dm_nfc_response_cback () NFC_EE_ACTION_REVT(0x5008)
09-23 13:53:40.981 I/BrcmNfcNfa( 1670): nfa_ee_proc_evt: event=0x5008 int_event:0x212
09-23 13:53:40.981 I/BrcmNfcNfa( 1670): nfa_ee_evt_hdlr (): Event NCI_ACTION(0x212), State: INIT_DONE(1)
09-23 13:53:40.981 D/BrcmNfcJni( 1670): checkforTranscation: enter; event=0xE transaction_data.current_transcation_state = 0x0
09-23 13:53:40.981 D/BrcmNfcJni( 1670): checkforTranscation: exit; event=0xE transaction_data.current_transcation_state = 0x0
09-23 13:53:40.981 D/BrcmNfcJni( 1670): RoutingManager::nfaEeCallback: NFA_EE_ACTION_EVT; h=0x402; trigger=rf tech (0x2)
09-23 13:53:40.981 I/BrcmNfcNfa( 1670): nfc_ncif_process_event: exiting... free = 1
09-23 13:53:40.981 D/NxpTml  ( 1670): PN54X - Read requested.....
09-23 13:53:40.981 D/NxpTml  ( 1670): PN54X - Invoking I2C Read.....
09-23 13:53:41.111 D/NxpTml  ( 1670): PN54X - I2C Read successful.....
09-23 13:53:41.111 D/NxpNciR ( 1670): len =   7 > 61090402020100
09-23 13:53:41.111 D/NxpTml  ( 1670): PN54X - Posting read message.....
09-23 13:53:41.111 D/NxpHal  ( 1670): read successful status = 0x0
09-23 13:53:41.111 D/NfcAdaptation( 1670): NfcAdaptation::HalDeviceContextDataCallback: len=7
09-23 13:53:41.111 I/BrcmNfcNfa( 1670): nfc_ncif_process_event: entering...
09-23 13:53:41.111 I/BrcmNfcNfa( 1670): NFC received ntf gid:1
09-23 13:53:41.111 I/BrcmNfcNfa( 1670): nfa_dm_nfc_response_cback () NFC_EE_ACTION_REVT(0x5008)
09-23 13:53:41.111 I/BrcmNfcNfa( 1670): nfa_ee_proc_evt: event=0x5008 int_event:0x212
09-23 13:53:41.111 I/BrcmNfcNfa( 1670): nfa_ee_evt_hdlr (): Event NCI_ACTION(0x212), State: INIT_DONE(1)
09-23 13:53:41.111 D/BrcmNfcJni( 1670): checkforTranscation: enter; event=0xE transaction_data.current_transcation_state = 0x0
09-23 13:53:41.111 D/BrcmNfcJni( 1670): checkforTranscation: exit; event=0xE transaction_data.current_transcation_state = 0x0
09-23 13:53:41.111 D/BrcmNfcJni( 1670): RoutingManager::nfaEeCallback: NFA_EE_ACTION_EVT; h=0x402; trigger=rf tech (0x2)
09-23 13:53:41.111 I/BrcmNfcNfa( 1670): nfc_ncif_process_event: exiting... free = 1
09-23 13:53:41.111 D/NxpTml  ( 1670): PN54X - Read requested.....
09-23 13:53:41.111 D/NxpTml  ( 1670): PN54X - Invoking I2C Read.....
09-23 13:53:41.161 E/        (  664): qmi_common.c: Qmi service received message from modem.
09-23 13:53:41.161 E/        (  664): enter common_qmi_handle_req_cb :ms_id1
09-23 13:53:41.161 E/        (  664): enter common_qmi_handle_req_cb 0001
09-23 13:53:41.161 E/        (  664): test qmi id:[3],antenna position : 1
09-23 13:53:41.161 E/        (  664): 
09-23 13:53:41.161 E/        (  664):  ########asdiv_sar_enable######## 
09-23 13:53:41.161 E/        (  664): enter common_qmi_handle_req_cb 0002
09-23 13:53:41.161 I/Rf_Sar  (  341): main , Line: 00416: oem-sar: Connection accepted
09-23 13:53:41.161 I/Rf_Sar  (  341): main , Line: 00425: the opera is 1
09-23 13:53:41.161 I/Rf_Sar  (  341): setSarStatusWithPrioritySvc , Line: 00269: set sar status:8 in setSarStatusWithPrioritySvc
09-23 13:53:41.161 I/Rf_Sar  (  341): setSarStatusWithPrioritySvc , Line: 00273: setSarStatusWithPriority:current_max_priority is 0!
09-23 13:53:41.161 E/Rf_Sar  (  341): setSarStatusWithPrioritySvc , Line: 00274: setSarStatusWithPriority:priority is more than current max priority!
09-23 13:53:41.161 I/Rf_Sar  (  341): addItemToList , Line: 00126: addItemToList:sar handle tag:4001
09-23 13:53:41.161 I/Rf_Sar  (  341): isInSarList , Line: 00046: isInSarList:the queue is empty!
09-23 13:53:41.161 I/Rf_Sar  (  341): addItemToList , Line: 00135: addItemToList:sar handle  is not in queue
09-23 13:53:41.161 I/Rf_Sar  (  341): addItemToList , Line: 00145: addItemToList:add handle to index 8
09-23 13:53:41.161 I/Rf_Sar  (  341): addItemToList , Line: 00150: addItemToList: add sar handle to queue
09-23 13:53:41.161 I/Rf_Sar  (  341): setSarStatusWithPrioritySvc , Line: 00284: setSarStatusWithPriority:set state to modem,state:8
09-23 13:53:41.161 E/        (  341): come into oem_qmi_common_stream_from_modem --->modem 
09-23 13:53:41.161 D/        (  341): Lib:oem_qmi_cmd:Build socket connection success. And retry:0
09-23 13:53:41.161 E/        (  341): Lib:oem_qmi_cmd: Send to server  passed!!
09-23 13:53:41.161 E/        (  366): oem-qmi: Connection accepted
09-23 13:53:41.161 E/        (  366): oem-qmi: Waiting to accept connection
09-23 13:53:41.171 E/        (  341): ######  output 1
09-23 13:53:41.171 E/        (  341): ---qmi : rapi_event_type=141, qmi_ret=0, return_status=1. 
09-23 13:53:41.171 E/        (  341): come into oem_qmi_common_stream_from_modem --->modem 
09-23 13:53:41.171 D/        (  341): Lib:oem_qmi_cmd:Build socket connection success. And retry:0
09-23 13:53:41.171 E/        (  341): Lib:oem_qmi_cmd: Send to server  passed!!
09-23 13:53:41.171 E/        (  366): oem-qmi: Connection accepted
09-23 13:53:41.171 E/        (  366): oem-qmi: Waiting to accept connection
09-23 13:53:41.171 E/        (  341): ######  output 1
09-23 13:53:41.171 E/        (  341): ---qmi : rapi_event_type=141, qmi_ret=0, return_status=1. 
09-23 13:53:41.171 I/Rf_Sar  (  341): main , Line: 00408: oem-sar: Waiting to accept connection
09-23 13:53:41.231 D/NxpTml  ( 1670): PN54X - I2C Read successful.....
09-23 13:53:41.231 D/NxpNciR ( 1670): len =   7 > 61090402020100
09-23 13:53:41.231 D/NxpTml  ( 1670): PN54X - Posting read message.....
09-23 13:53:41.231 D/NxpHal  ( 1670): read successful status = 0x0
09-23 13:53:41.231 D/NfcAdaptation( 1670): NfcAdaptation::HalDeviceContextDataCallback: len=7
09-23 13:53:41.231 I/BrcmNfcNfa( 1670): nfc_ncif_process_event: entering...
09-23 13:53:41.231 I/BrcmNfcNfa( 1670): NFC received ntf gid:1
09-23 13:53:41.231 I/BrcmNfcNfa( 1670): nfa_dm_nfc_response_cback () NFC_EE_ACTION_REVT(0x5008)
09-23 13:53:41.231 I/BrcmNfcNfa( 1670): nfa_ee_proc_evt: event=0x5008 int_event:0x212
09-23 13:53:41.231 I/BrcmNfcNfa( 1670): nfa_ee_evt_hdlr (): Event NCI_ACTION(0x212), State: INIT_DONE(1)
09-23 13:53:41.231 D/BrcmNfcJni( 1670): checkforTranscation: enter; event=0xE transaction_data.current_transcation_state = 0x0
09-23 13:53:41.231 D/BrcmNfcJni( 1670): checkforTranscation: exit; event=0xE transaction_data.current_transcation_state = 0x0
09-23 13:53:41.231 D/BrcmNfcJni( 1670): RoutingManager::nfaEeCallback: NFA_EE_ACTION_EVT; h=0x402; trigger=rf tech (0x2)
09-23 13:53:41.231 I/BrcmNfcNfa( 1670): nfc_ncif_process_event: exiting... free = 1
09-23 13:53:41.231 D/NxpTml  ( 1670): PN54X - Read requested.....
09-23 13:53:41.231 D/NxpTml  ( 1670): PN54X - Invoking I2C Read.....
09-23 13:53:41.321 E/        (  664): qmi_common.c: Qmi service received message from modem.
09-23 13:53:41.321 E/        (  664): enter common_qmi_handle_req_cb :ms_id1
09-23 13:53:41.321 E/        (  664): enter common_qmi_handle_req_cb 0001
09-23 13:53:41.321 E/        (  664): test qmi id:[3],antenna position : 0
09-23 13:53:41.321 E/        (  664): 
09-23 13:53:41.321 E/        (  664):  ########asdiv_sar_enable######## 
09-23 13:53:41.321 E/        (  664): enter common_qmi_handle_req_cb 0002
09-23 13:53:41.321 I/Rf_Sar  (  341): main , Line: 00416: oem-sar: Connection accepted
09-23 13:53:41.321 I/Rf_Sar  (  341): main , Line: 00425: the opera is 0
09-23 13:53:41.321 I/Rf_Sar  (  341): setSarStatusToDefaultSvc , Line: 00323: cancle sar status:8 in setSarStatusToDefaultSvc
09-23 13:53:41.321 I/Rf_Sar  (  341): setSarStatusToDefaultSvc , Line: 00339: setSarStatusToDefault:priority is equal current max priority!
09-23 13:53:41.321 I/Rf_Sar  (  341): setSarStatusToDefaultSvc , Line: 00340: setSarStatusToDefault:remove the item from queue!
09-23 13:53:41.321 I/Rf_Sar  (  341): removeItemFromList , Line: 00176: removeItemFromList:sar handle tag:4001
09-23 13:53:41.321 I/Rf_Sar  (  341): isInSarList , Line: 00057: isInSarList:the item is queue!
09-23 13:53:41.321 I/Rf_Sar  (  341): removeItemFromList , Line: 00185: removeItemFromList:sar handle  is in the queue
09-23 13:53:41.321 I/Rf_Sar  (  341): removeItemFromList , Line: 00202: removeItemFromList:find the handle in the queue:,handle tag:4001
09-23 13:53:41.321 I/Rf_Sar  (  341): removeItemFromList , Line: 00212: removeItemFromList: the handle in the tail of the queue
09-23 13:53:41.321 I/Rf_Sar  (  341): removeItemFromList , Line: 00221: removeItemFromList: remove the handle from the queue
09-23 13:53:41.321 I/Rf_Sar  (  341): setSarStatusToDefaultSvc , Line: 00349: setSarStatusToDefault:set state default value to modem
09-23 13:53:41.321 E/        (  341): come into oem_qmi_common_stream_from_modem --->modem 
09-23 13:53:41.321 D/        (  341): Lib:oem_qmi_cmd:Build socket connection success. And retry:0
09-23 13:53:41.321 E/        (  341): Lib:oem_qmi_cmd: Send to server  passed!!
09-23 13:53:41.321 E/        (  366): oem-qmi: Connection accepted
09-23 13:53:41.321 E/        (  366): oem-qmi: Waiting to accept connection
09-23 13:53:41.321 E/        (  341): ######  output 1
09-23 13:53:41.321 E/        (  341): ---qmi : rapi_event_type=141, qmi_ret=0, return_status=1. 
09-23 13:53:41.321 E/Rf_Sar  (  341): getMaxPriorityFromList , Line: 00237: getMaxPriorityFromList:find the highest priority
09-23 13:53:41.321 I/Rf_Sar  (  341): setSarStatusToDefaultSvc , Line: 00353: setSarStatusToDefault:get the max priority:0!
09-23 13:53:41.321 I/Rf_Sar  (  341): setSarStatusToDefaultSvc , Line: 00366: setSarStatusToDefault:setSarStatusToDefault complete
09-23 13:53:41.321 I/Rf_Sar  (  341): main , Line: 00408: oem-sar: Waiting to accept connection
09-23 13:53:41.331 E/        (  664): qmi_common.c: Qmi service received message from modem.
09-23 13:53:41.331 E/        (  664): enter common_qmi_handle_req_cb :ms_id1
09-23 13:53:41.331 E/        (  664): enter common_qmi_handle_req_cb 0001
09-23 13:53:41.331 E/        (  664): test qmi id:[3],antenna position : 1
09-23 13:53:41.331 E/        (  664): 
09-23 13:53:41.331 E/        (  664):  ########asdiv_sar_enable######## 
09-23 13:53:41.331 E/        (  664): enter common_qmi_handle_req_cb 0002
09-23 13:53:41.331 I/Rf_Sar  (  341): main , Line: 00416: oem-sar: Connection accepted
09-23 13:53:41.331 I/Rf_Sar  (  341): main , Line: 00425: the opera is 1
09-23 13:53:41.331 I/Rf_Sar  (  341): setSarStatusWithPrioritySvc , Line: 00269: set sar status:8 in setSarStatusWithPrioritySvc
09-23 13:53:41.331 I/Rf_Sar  (  341): setSarStatusWithPrioritySvc , Line: 00273: setSarStatusWithPriority:current_max_priority is 0!
09-23 13:53:41.331 E/Rf_Sar  (  341): setSarStatusWithPrioritySvc , Line: 00274: setSarStatusWithPriority:priority is more than current max priority!
09-23 13:53:41.331 I/Rf_Sar  (  341): addItemToList , Line: 00126: addItemToList:sar handle tag:4001
09-23 13:53:41.331 I/Rf_Sar  (  341): isInSarList , Line: 00046: isInSarList:the queue is empty!
09-23 13:53:41.331 I/Rf_Sar  (  341): addItemToList , Line: 00135: addItemToList:sar handle  is not in queue
09-23 13:53:41.331 I/Rf_Sar  (  341): addItemToList , Line: 00145: addItemToList:add handle to index 8
09-23 13:53:41.331 I/Rf_Sar  (  341): addItemToList , Line: 00150: addItemToList: add sar handle to queue
09-23 13:53:41.331 I/Rf_Sar  (  341): setSarStatusWithPrioritySvc , Line: 00284: setSarStatusWithPriority:set state to modem,state:8
09-23 13:53:41.331 E/        (  341): come into oem_qmi_common_stream_from_modem --->modem 
09-23 13:53:41.331 D/        (  341): Lib:oem_qmi_cmd:Build socket connection success. And retry:0
09-23 13:53:41.331 E/        (  341): Lib:oem_qmi_cmd: Send to server  passed!!
09-23 13:53:41.331 E/        (  366): oem-qmi: Connection accepted
09-23 13:53:41.331 E/        (  366): oem-qmi: Waiting to accept connection
09-23 13:53:41.331 E/        (  341): ######  output 1
09-23 13:53:41.331 E/        (  341): ---qmi : rapi_event_type=141, qmi_ret=0, return_status=1. 
09-23 13:53:41.331 E/        (  341): come into oem_qmi_common_stream_from_modem --->modem 
09-23 13:53:41.331 D/        (  341): Lib:oem_qmi_cmd:Build socket connection success. And retry:0
09-23 13:53:41.331 E/        (  341): Lib:oem_qmi_cmd: Send to server  passed!!
09-23 13:53:41.331 E/        (  366): oem-qmi: Connection accepted
09-23 13:53:41.331 E/        (  366): oem-qmi: Waiting to accept connection
09-23 13:53:41.331 E/        (  341): ######  output 1
09-23 13:53:41.331 E/        (  341): ---qmi : rapi_event_type=141, qmi_ret=0, return_status=1. 
09-23 13:53:41.331 I/Rf_Sar  (  341): main , Line: 00408: oem-sar: Waiting to accept connection
09-23 13:53:41.361 D/NxpTml  ( 1670): PN54X - I2C Read successful.....
09-23 13:53:41.361 D/NxpNciR ( 1670): len =   7 > 61090402020100
09-23 13:53:41.361 D/NxpTml  ( 1670): PN54X - Posting read message.....
09-23 13:53:41.361 D/NxpHal  ( 1670): read successful status = 0x0
09-23 13:53:41.361 D/NfcAdaptation( 1670): NfcAdaptation::HalDeviceContextDataCallback: len=7
09-23 13:53:41.361 I/BrcmNfcNfa( 1670): nfc_ncif_process_event: entering...
09-23 13:53:41.361 I/BrcmNfcNfa( 1670): NFC received ntf gid:1
09-23 13:53:41.361 I/BrcmNfcNfa( 1670): nfa_dm_nfc_response_cback () NFC_EE_ACTION_REVT(0x5008)
09-23 13:53:41.361 I/BrcmNfcNfa( 1670): nfa_ee_proc_evt: event=0x5008 int_event:0x212
09-23 13:53:41.361 I/BrcmNfcNfa( 1670): nfa_ee_evt_hdlr (): Event NCI_ACTION(0x212), State: INIT_DONE(1)
09-23 13:53:41.361 D/BrcmNfcJni( 1670): checkforTranscation: enter; event=0xE transaction_data.current_transcation_state = 0x0
09-23 13:53:41.361 D/BrcmNfcJni( 1670): checkforTranscation: exit; event=0xE transaction_data.current_transcation_state = 0x0
09-23 13:53:41.361 D/BrcmNfcJni( 1670): RoutingManager::nfaEeCallback: NFA_EE_ACTION_EVT; h=0x402; trigger=rf tech (0x2)
09-23 13:53:41.361 I/BrcmNfcNfa( 1670): nfc_ncif_process_event: exiting... free = 1
09-23 13:53:41.361 D/NxpTml  ( 1670): PN54X - Read requested.....
09-23 13:53:41.361 D/NxpTml  ( 1670): PN54X - Invoking I2C Read.....
09-23 13:53:41.481 D/NxpTml  ( 1670): PN54X - I2C Read successful.....
09-23 13:53:41.481 D/NxpNciR ( 1670): len =   7 > 61090402020100
09-23 13:53:41.481 D/NxpTml  ( 1670): PN54X - Posting read message.....
09-23 13:53:41.481 D/NxpHal  ( 1670): read successful status = 0x0
09-23 13:53:41.481 D/NfcAdaptation( 1670): NfcAdaptation::HalDeviceContextDataCallback: len=7
09-23 13:53:41.481 I/BrcmNfcNfa( 1670): nfc_ncif_process_event: entering...
09-23 13:53:41.481 I/BrcmNfcNfa( 1670): NFC received ntf gid:1
09-23 13:53:41.481 I/BrcmNfcNfa( 1670): nfa_dm_nfc_response_cback () NFC_EE_ACTION_REVT(0x5008)
09-23 13:53:41.481 I/BrcmNfcNfa( 1670): nfa_ee_proc_evt: event=0x5008 int_event:0x212
09-23 13:53:41.481 I/BrcmNfcNfa( 1670): nfa_ee_evt_hdlr (): Event NCI_ACTION(0x212), State: INIT_DONE(1)
09-23 13:53:41.481 D/BrcmNfcJni( 1670): checkforTranscation: enter; event=0xE transaction_data.current_transcation_state = 0x0
09-23 13:53:41.481 D/BrcmNfcJni( 1670): checkforTranscation: exit; event=0xE transaction_data.current_transcation_state = 0x0
09-23 13:53:41.481 D/BrcmNfcJni( 1670): RoutingManager::nfaEeCallback: NFA_EE_ACTION_EVT; h=0x402; trigger=rf tech (0x2)
09-23 13:53:41.481 I/BrcmNfcNfa( 1670): nfc_ncif_process_event: exiting... free = 1
09-23 13:53:41.481 D/NxpTml  ( 1670): PN54X - Read requested.....
09-23 13:53:41.481 D/NxpTml  ( 1670): PN54X - Invoking I2C Read.....
09-23 13:53:41.521 I/ServiceManager(  400): Waiting for service AtCmdFwd...
