09-23 13:53:45.751 I/Rf_Sar  (  341): setSarStatusToDefaultSvc , Line: 00349: setSarStatusToDefault:set state default value to modem
09-23 13:53:45.751 E/        (  341): come into oem_qmi_common_stream_from_modem --->modem 
09-23 13:53:45.751 E/        (  664): enter common_qmi_handle_req_cb 0002
09-23 13:53:45.751 E/        (  366): oem-qmi: Connection accepted
09-23 13:53:45.751 E/        (  366): oem-qmi: Waiting to accept connection
09-23 13:53:45.751 D/        (  341): Lib:oem_qmi_cmd:Build socket connection success. And retry:0
09-23 13:53:45.751 E/        (  664): qmi_common.c: Qmi service received message from modem.
09-23 13:53:45.751 E/        (  664): enter common_qmi_handle_req_cb :ms_id1
09-23 13:53:45.751 E/        (  664): enter common_qmi_handle_req_cb 0001
09-23 13:53:45.751 E/        (  664): test qmi id:[3],antenna position : 1
09-23 13:53:45.751 E/        (  664): 
09-23 13:53:45.751 E/        (  664):  ########asdiv_sar_enable######## 
09-23 13:53:45.751 E/        (  664): enter common_qmi_handle_req_cb 0002
09-23 13:53:45.751 E/        (  341): Lib:oem_qmi_cmd: Send to server  passed!!
09-23 13:53:45.761 E/        (  341): ######  output 1
09-23 13:53:45.761 E/        (  341): ---qmi : rapi_event_type=141, qmi_ret=0, return_status=1. 
09-23 13:53:45.761 E/Rf_Sar  (  341): getMaxPriorityFromList , Line: 00237: getMaxPriorityFromList:find the highest priority
09-23 13:53:45.761 I/Rf_Sar  (  341): setSarStatusToDefaultSvc , Line: 00353: setSarStatusToDefault:get the max priority:0!
09-23 13:53:45.761 I/Rf_Sar  (  341): setSarStatusToDefaultSvc , Line: 00366: setSarStatusToDefault:setSarStatusToDefault complete
09-23 13:53:45.761 I/Rf_Sar  (  341): main , Line: 00408: oem-sar: Waiting to accept connection
09-23 13:53:45.761 I/Rf_Sar  (  341): main , Line: 00416: oem-sar: Connection accepted
09-23 13:53:45.761 I/Rf_Sar  (  341): main , Line: 00425: the opera is 1
09-23 13:53:45.761 I/Rf_Sar  (  341): setSarStatusWithPrioritySvc , Line: 00269: set sar status:8 in setSarStatusWithPrioritySvc
09-23 13:53:45.761 I/Rf_Sar  (  341): setSarStatusWithPrioritySvc , Line: 00273: setSarStatusWithPriority:current_max_priority is 0!
09-23 13:53:45.761 E/Rf_Sar  (  341): setSarStatusWithPrioritySvc , Line: 00274: setSarStatusWithPriority:priority is more than current max priority!
09-23 13:53:45.761 I/Rf_Sar  (  341): addItemToList , Line: 00126: addItemToList:sar handle tag:4001
09-23 13:53:45.761 I/Rf_Sar  (  341): isInSarList , Line: 00046: isInSarList:the queue is empty!
09-23 13:53:45.761 I/Rf_Sar  (  341): addItemToList , Line: 00135: addItemToList:sar handle  is not in queue
09-23 13:53:45.761 I/Rf_Sar  (  341): addItemToList , Line: 00145: addItemToList:add handle to index 8
09-23 13:53:45.761 I/Rf_Sar  (  341): addItemToList , Line: 00150: addItemToList: add sar handle to queue
09-23 13:53:45.761 I/Rf_Sar  (  341): setSarStatusWithPrioritySvc , Line: 00284: setSarStatusWithPriority:set state to modem,state:8
09-23 13:53:45.761 E/        (  341): come into oem_qmi_common_stream_from_modem --->modem 
09-23 13:53:45.761 D/        (  341): Lib:oem_qmi_cmd:Build socket connection success. And retry:0
09-23 13:53:45.761 E/        (  341): Lib:oem_qmi_cmd: Send to server  passed!!
09-23 13:53:45.761 E/        (  366): oem-qmi: Connection accepted
09-23 13:53:45.761 E/        (  366): oem-qmi: Waiting to accept connection
09-23 13:53:45.761 E/        (  341): ######  output 1
09-23 13:53:45.761 E/        (  341): ---qmi : rapi_event_type=141, qmi_ret=0, return_status=1. 
09-23 13:53:45.761 E/        (  341): come into oem_qmi_common_stream_from_modem --->modem 
09-23 13:53:45.761 D/        (  341): Lib:oem_qmi_cmd:Build socket connection success. And retry:0
09-23 13:53:45.761 E/        (  341): Lib:oem_qmi_cmd: Send to server  passed!!
09-23 13:53:45.761 E/        (  366): oem-qmi: Connection accepted
09-23 13:53:45.761 E/        (  366): oem-qmi: Waiting to accept connection
09-23 13:53:45.771 E/        (  341): ######  output 1
09-23 13:53:45.771 E/        (  341): ---qmi : rapi_event_type=141, qmi_ret=0, return_status=1. 
09-23 13:53:45.771 I/Rf_Sar  (  341): main , Line: 00408: oem-sar: Waiting to accept connection
09-23 13:53:45.841 E/        (  664): qmi_common.c: Qmi service received message from modem.
09-23 13:53:45.841 E/        (  664): enter common_qmi_handle_req_cb :ms_id1
09-23 13:53:45.841 E/        (  664): enter common_qmi_handle_req_cb 0001
09-23 13:53:45.841 E/        (  664): test qmi id:[3],antenna position : 0
09-23 13:53:45.841 E/        (  664): 
09-23 13:53:45.841 E/        (  664):  ########asdiv_sar_enable######## 
09-23 13:53:45.841 E/        (  664): enter common_qmi_handle_req_cb 0002
09-23 13:53:45.841 I/Rf_Sar  (  341): main , Line: 00416: oem-sar: Connection accepted
09-23 13:53:45.841 I/Rf_Sar  (  341): main , Line: 00425: the opera is 0
09-23 13:53:45.841 I/Rf_Sar  (  341): setSarStatusToDefaultSvc , Line: 00323: cancle sar status:8 in setSarStatusToDefaultSvc
09-23 13:53:45.841 I/Rf_Sar  (  341): setSarStatusToDefaultSvc , Line: 00339: setSarStatusToDefault:priority is equal current max priority!
09-23 13:53:45.841 I/Rf_Sar  (  341): setSarStatusToDefaultSvc , Line: 00340: setSarStatusToDefault:remove the item from queue!
09-23 13:53:45.841 I/Rf_Sar  (  341): removeItemFromList , Line: 00176: removeItemFromList:sar handle tag:4001
09-23 13:53:45.841 I/Rf_Sar  (  341): isInSarList , Line: 00057: isInSarList:the item is queue!
09-23 13:53:45.841 I/Rf_Sar  (  341): removeItemFromList , Line: 00185: removeItemFromList:sar handle  is in the queue
09-23 13:53:45.841 I/Rf_Sar  (  341): removeItemFromList , Line: 00202: removeItemFromList:find the handle in the queue:,handle tag:4001
09-23 13:53:45.841 I/Rf_Sar  (  341): removeItemFromList , Line: 00212: removeItemFromList: the handle in the tail of the queue
09-23 13:53:45.841 I/Rf_Sar  (  341): removeItemFromList , Line: 00221: removeItemFromList: remove the handle from the queue
09-23 13:53:45.841 I/Rf_Sar  (  341): setSarStatusToDefaultSvc , Line: 00349: setSarStatusToDefault:set state default value to modem
09-23 13:53:45.841 E/        (  341): come into oem_qmi_common_stream_from_modem --->modem 
09-23 13:53:45.841 D/        (  341): Lib:oem_qmi_cmd:Build socket connection success. And retry:0
09-23 13:53:45.841 E/        (  341): Lib:oem_qmi_cmd: Send to server  passed!!
09-23 13:53:45.841 E/        (  366): oem-qmi: Connection accepted
09-23 13:53:45.841 E/        (  366): oem-qmi: Waiting to accept connection
09-23 13:53:45.841 E/        (  664): qmi_common.c: Qmi service received message from modem.
09-23 13:53:45.841 E/        (  664): enter common_qmi_handle_req_cb :ms_id1
09-23 13:53:45.841 E/        (  664): enter common_qmi_handle_req_cb 0001
09-23 13:53:45.841 E/        (  664): test qmi id:[3],antenna position : 1
09-23 13:53:45.841 E/        (  664): 
09-23 13:53:45.841 E/        (  664):  ########asdiv_sar_enable######## 
09-23 13:53:45.851 E/        (  664): enter common_qmi_handle_req_cb 0002
09-23 13:53:45.851 E/        (  341): ######  output 1
09-23 13:53:45.851 E/        (  341): ---qmi : rapi_event_type=141, qmi_ret=0, return_status=1. 
09-23 13:53:45.851 E/Rf_Sar  (  341): getMaxPriorityFromList , Line: 00237: getMaxPriorityFromList:find the highest priority
09-23 13:53:45.851 I/Rf_Sar  (  341): setSarStatusToDefaultSvc , Line: 00353: setSarStatusToDefault:get the max priority:0!
09-23 13:53:45.851 I/Rf_Sar  (  341): setSarStatusToDefaultSvc , Line: 00366: setSarStatusToDefault:setSarStatusToDefault complete
09-23 13:53:45.851 I/Rf_Sar  (  341): main , Line: 00408: oem-sar: Waiting to accept connection
09-23 13:53:45.851 I/Rf_Sar  (  341): main , Line: 00416: oem-sar: Connection accepted
09-23 13:53:45.851 I/Rf_Sar  (  341): main , Line: 00425: the opera is 1
09-23 13:53:45.851 I/Rf_Sar  (  341): setSarStatusWithPrioritySvc , Line: 00269: set sar status:8 in setSarStatusWithPrioritySvc
09-23 13:53:45.851 D/NxpTml  ( 1670): PN54X - I2C Read successful.....
09-23 13:53:45.851 I/Rf_Sar  (  341): setSarStatusWithPrioritySvc , Line: 00273: setSarStatusWithPriority:current_max_priority is 0!
09-23 13:53:45.851 E/Rf_Sar  (  341): setSarStatusWithPrioritySvc , Line: 00274: setSarStatusWithPriority:priority is more than current max priority!
09-23 13:53:45.851 D/NxpNciR ( 1670): len =   7 > 61090402020100
09-23 13:53:45.851 I/Rf_Sar  (  341): addItemToList , Line: 00126: addItemToList:sar handle tag:4001
09-23 13:53:45.851 D/NxpTml  ( 1670): PN54X - Posting read message.....
09-23 13:53:45.851 I/Rf_Sar  (  341): isInSarList , Line: 00046: isInSarList:the queue is empty!
09-23 13:53:45.851 I/Rf_Sar  (  341): addItemToList , Line: 00135: addItemToList:sar handle  is not in queue
09-23 13:53:45.851 I/Rf_Sar  (  341): addItemToList , Line: 00145: addItemToList:add handle to index 8
09-23 13:53:45.851 I/Rf_Sar  (  341): addItemToList , Line: 00150: addItemToList: add sar handle to queue
09-23 13:53:45.851 I/Rf_Sar  (  341): setSarStatusWithPrioritySvc , Line: 00284: setSarStatusWithPriority:set state to modem,state:8
09-23 13:53:45.851 D/NxpHal  ( 1670): read successful status = 0x0
09-23 13:53:45.851 E/        (  341): come into oem_qmi_common_stream_from_modem --->modem 
09-23 13:53:45.851 D/NfcAdaptation( 1670): NfcAdaptation::HalDeviceContextDataCallback: len=7
09-23 13:53:45.851 I/BrcmNfcNfa( 1670): nfc_ncif_process_event: entering...
09-23 13:53:45.851 I/BrcmNfcNfa( 1670): NFC received ntf gid:1
09-23 13:53:45.851 I/BrcmNfcNfa( 1670): nfa_dm_nfc_response_cback () NFC_EE_ACTION_REVT(0x5008)
09-23 13:53:45.851 I/BrcmNfcNfa( 1670): nfa_ee_proc_evt: event=0x5008 int_event:0x212
09-23 13:53:45.851 D/        (  341): Lib:oem_qmi_cmd:Build socket connection success. And retry:0
09-23 13:53:45.851 I/BrcmNfcNfa( 1670): nfa_ee_evt_hdlr (): Event NCI_ACTION(0x212), State: INIT_DONE(1)
09-23 13:53:45.851 E/        (  341): Lib:oem_qmi_cmd: Send to server  passed!!
09-23 13:53:45.851 D/BrcmNfcJni( 1670): checkforTranscation: enter; event=0xE transaction_data.current_transcation_state = 0x0
09-23 13:53:45.851 D/BrcmNfcJni( 1670): checkforTranscation: exit; event=0xE transaction_data.current_transcation_state = 0x0
09-23 13:53:45.851 D/BrcmNfcJni( 1670): RoutingManager::nfaEeCallback: NFA_EE_ACTION_EVT; h=0x402; trigger=rf tech (0x2)
09-23 13:53:45.851 I/BrcmNfcNfa( 1670): nfc_ncif_process_event: exiting... free = 1
09-23 13:53:45.851 E/        (  366): oem-qmi: Connection accepted
09-23 13:53:45.851 D/NxpTml  ( 1670): PN54X - Read requested.....
09-23 13:53:45.851 D/NxpTml  ( 1670): PN54X - Invoking I2C Read.....
09-23 13:53:45.851 E/        (  366): oem-qmi: Waiting to accept connection
09-23 13:53:45.851 E/        (  341): ######  output 1
09-23 13:53:45.851 E/        (  341): ---qmi : rapi_event_type=141, qmi_ret=0, return_status=1. 
09-23 13:53:45.851 E/        (  341): come into oem_qmi_common_stream_from_modem --->modem 
09-23 13:53:45.851 D/        (  341): Lib:oem_qmi_cmd:Build socket connection success. And retry:0
09-23 13:53:45.851 E/        (  341): Lib:oem_qmi_cmd: Send to server  passed!!
09-23 13:53:45.851 E/        (  366): oem-qmi: Connection accepted
09-23 13:53:45.851 E/        (  366): oem-qmi: Waiting to accept connection
09-23 13:53:45.851 E/        (  341): ######  output 1
09-23 13:53:45.851 E/        (  341): ---qmi : rapi_event_type=141, qmi_ret=0, return_status=1. 
09-23 13:53:45.851 I/Rf_Sar  (  341): main , Line: 00408: oem-sar: Waiting to accept connection
09-23 13:53:45.881 E/        (  664): qmi_common.c: Qmi service received message from modem.
09-23 13:53:45.881 I/ThermalEngine(  381): sensor_type 0 ,temp 36  ,threshold_report 1 ,pre_temp 36 
09-23 13:53:45.881 E/        (  664): enter common_qmi_handle_req_cb :ms_id1
09-23 13:53:45.881 E/        (  664): enter common_qmi_handle_req_cb 0001
09-23 13:53:45.881 E/        (  664): test qmi id:[3],antenna position : 0
09-23 13:53:45.881 E/        (  664): 
09-23 13:53:45.881 E/        (  664):  ########asdiv_sar_enable######## 
09-23 13:53:45.881 I/Rf_Sar  (  341): main , Line: 00416: oem-sar: Connection accepted
09-23 13:53:45.881 I/Rf_Sar  (  341): main , Line: 00425: the opera is 0
09-23 13:53:45.881 I/Rf_Sar  (  341): setSarStatusToDefaultSvc , Line: 00323: cancle sar status:8 in setSarStatusToDefaultSvc
09-23 13:53:45.881 I/Rf_Sar  (  341): setSarStatusToDefaultSvc , Line: 00339: setSarStatusToDefault:priority is equal current max priority!
09-23 13:53:45.881 I/Rf_Sar  (  341): setSarStatusToDefaultSvc , Line: 00340: setSarStatusToDefault:remove the item from queue!
09-23 13:53:45.881 I/Rf_Sar  (  341): removeItemFromList , Line: 00176: removeItemFromList:sar handle tag:4001
09-23 13:53:45.881 I/Rf_Sar  (  341): isInSarList , Line: 00057: isInSarList:the item is queue!
09-23 13:53:45.881 I/Rf_Sar  (  341): removeItemFromList , Line: 00185: removeItemFromList:sar handle  is in the queue
09-23 13:53:45.881 I/Rf_Sar  (  341): removeItemFromList , Line: 00202: removeItemFromList:find the handle in the queue:,handle tag:4001
09-23 13:53:45.881 I/Rf_Sar  (  341): removeItemFromList , Line: 00212: removeItemFromList: the handle in the tail of the queue
09-23 13:53:45.881 I/Rf_Sar  (  341): removeItemFromList , Line: 00221: removeItemFromList: remove the handle from the queue
09-23 13:53:45.881 I/Rf_Sar  (  341): setSarStatusToDefaultSvc , Line: 00349: setSarStatusToDefault:set state default value to modem
09-23 13:53:45.881 E/        (  341): come into oem_qmi_common_stream_from_modem --->modem 
09-23 13:53:45.881 D/        (  341): Lib:oem_qmi_cmd:Build socket connection success. And retry:0
09-23 13:53:45.881 E/        (  341): Lib:oem_qmi_cmd: Send to server  passed!!
09-23 13:53:45.881 I/ThermalEngine(  381): sensor_type 1 ,temp 33  ,threshold_report 3 ,pre_temp 33 
09-23 13:53:45.881 E/        (  664): enter common_qmi_handle_req_cb 0002
09-23 13:53:45.881 E/        (  366): oem-qmi: Connection accepted
09-23 13:53:45.881 E/        (  664): qmi_common.c: Qmi service received message from modem.
09-23 13:53:45.891 E/        (  366): oem-qmi: Waiting to accept connection
09-23 13:53:45.891 E/        (  664): enter common_qmi_handle_req_cb :ms_id1
09-23 13:53:45.891 E/        (  664): enter common_qmi_handle_req_cb 0001
09-23 13:53:45.891 E/        (  664): test qmi id:[3],antenna position : 1
09-23 13:53:45.891 E/        (  664): 
09-23 13:53:45.891 E/        (  664):  ########asdiv_sar_enable######## 
09-23 13:53:45.891 E/        (  664): enter common_qmi_handle_req_cb 0002
09-23 13:53:45.891 E/        (  341): ######  output 1
09-23 13:53:45.891 E/        (  341): ---qmi : rapi_event_type=141, qmi_ret=0, return_status=1. 
09-23 13:53:45.891 E/Rf_Sar  (  341): getMaxPriorityFromList , Line: 00237: getMaxPriorityFromList:find the highest priority
09-23 13:53:45.891 I/Rf_Sar  (  341): setSarStatusToDefaultSvc , Line: 00353: setSarStatusToDefault:get the max priority:0!
09-23 13:53:45.891 I/Rf_Sar  (  341): setSarStatusToDefaultSvc , Line: 00366: setSarStatusToDefault:setSarStatusToDefault complete
09-23 13:53:45.891 I/Rf_Sar  (  341): main , Line: 00408: oem-sar: Waiting to accept connection
09-23 13:53:45.891 I/Rf_Sar  (  341): main , Line: 00416: oem-sar: Connection accepted
09-23 13:53:45.891 I/Rf_Sar  (  341): main , Line: 00425: the opera is 1
09-23 13:53:45.891 I/Rf_Sar  (  341): setSarStatusWithPrioritySvc , Line: 00269: set sar status:8 in setSarStatusWithPrioritySvc
09-23 13:53:45.891 I/Rf_Sar  (  341): setSarStatusWithPrioritySvc , Line: 00273: setSarStatusWithPriority:current_max_priority is 0!
09-23 13:53:45.891 E/Rf_Sar  (  341): setSarStatusWithPrioritySvc , Line: 00274: setSarStatusWithPriority:priority is more than current max priority!
09-23 13:53:45.891 I/Rf_Sar  (  341): addItemToList , Line: 00126: addItemToList:sar handle tag:4001
09-23 13:53:45.891 I/Rf_Sar  (  341): isInSarList , Line: 00046: isInSarList:the queue is empty!
09-23 13:53:45.891 I/Rf_Sar  (  341): addItemToList , Line: 00135: addItemToList:sar handle  is not in queue
09-23 13:53:45.891 I/Rf_Sar  (  341): addItemToList , Line: 00145: addItemToList:add handle to index 8
09-23 13:53:45.891 I/Rf_Sar  (  341): addItemToList , Line: 00150: addItemToList: add sar handle to queue
09-23 13:53:45.891 I/Rf_Sar  (  341): setSarStatusWithPrioritySvc , Line: 00284: setSarStatusWithPriority:set state to modem,state:8
09-23 13:53:45.891 E/        (  341): come into oem_qmi_common_stream_from_modem --->modem 
09-23 13:53:45.891 D/        (  341): Lib:oem_qmi_cmd:Build socket connection success. And retry:0
09-23 13:53:45.891 E/        (  341): Lib:oem_qmi_cmd: Send to server  passed!!
09-23 13:53:45.891 E/        (  366): oem-qmi: Connection accepted
09-23 13:53:45.891 E/        (  366): oem-qmi: Waiting to accept connection
09-23 13:53:45.891 I/ThermalEngine(  381): sensor_type 2 ,temp 31  ,threshold_report 3 ,pre_temp 29 
09-23 13:53:45.891 I/ThermalEngine(  381): sensor_type 3 ,temp 0  ,threshold_report 1 ,pre_temp 0 
09-23 13:53:45.891 E/        (  341): ######  output 1
09-23 13:53:45.891 E/        (  341): ---qmi : rapi_event_type=141, qmi_ret=0, return_status=1. 
09-23 13:53:45.891 E/        (  341): come into oem_qmi_common_stream_from_modem --->modem 
09-23 13:53:45.891 D/        (  341): Lib:oem_qmi_cmd:Build socket connection success. And retry:0
09-23 13:53:45.891 E/        (  341): Lib:oem_qmi_cmd: Send to server  passed!!
09-23 13:53:45.891 E/        (  366): oem-qmi: Connection accepted
09-23 13:53:45.891 E/        (  366): oem-qmi: Waiting to accept connection
09-23 13:53:45.891 E/        (  341): ######  output 1
09-23 13:53:45.891 E/        (  341): ---qmi : rapi_event_type=141, qmi_ret=0, return_status=1. 
09-23 13:53:45.891 I/Rf_Sar  (  341): main , Line: 00408: oem-sar: Waiting to accept connection
09-23 13:53:45.971 D/NxpTml  ( 1670): PN54X - I2C Read successful.....
09-23 13:53:45.971 D/NxpNciR ( 1670): len =   7 > 61090402020100
09-23 13:53:45.971 D/NxpTml  ( 1670): PN54X - Posting read message.....
09-23 13:53:45.971 D/NxpHal  ( 1670): read successful status = 0x0
09-23 13:53:45.971 D/NfcAdaptation( 1670): NfcAdaptation::HalDeviceContextDataCallback: len=7
09-23 13:53:45.971 I/BrcmNfcNfa( 1670): nfc_ncif_process_event: entering...
09-23 13:53:45.971 I/BrcmNfcNfa( 1670): NFC received ntf gid:1
09-23 13:53:45.971 I/BrcmNfcNfa( 1670): nfa_dm_nfc_response_cback () NFC_EE_ACTION_REVT(0x5008)
09-23 13:53:45.971 I/BrcmNfcNfa( 1670): nfa_ee_proc_evt: event=0x5008 int_event:0x212
09-23 13:53:45.971 I/BrcmNfcNfa( 1670): nfa_ee_evt_hdlr (): Event NCI_ACTION(0x212), State: INIT_DONE(1)
09-23 13:53:45.971 D/BrcmNfcJni( 1670): checkforTranscation: enter; event=0xE transaction_data.current_transcation_state = 0x0
09-23 13:53:45.971 D/BrcmNfcJni( 1670): checkforTranscation: exit; event=0xE transaction_data.current_transcation_state = 0x0
09-23 13:53:45.971 D/BrcmNfcJni( 1670): RoutingManager::nfaEeCallback: NFA_EE_ACTION_EVT; h=0x402; trigger=rf tech (0x2)
09-23 13:53:45.971 I/BrcmNfcNfa( 1670): nfc_ncif_process_event: exiting... free = 1
09-23 13:53:45.971 D/NxpTml  ( 1670): PN54X - Read requested.....
09-23 13:53:45.971 D/NxpTml  ( 1670): PN54X - Invoking I2C Read.....
09-23 13:53:45.971 E/        (  664): qmi_common.c: Qmi service received message from modem.
09-23 13:53:45.971 E/        (  664): enter common_qmi_handle_req_cb :ms_id1
09-23 13:53:45.971 E/        (  664): enter common_qmi_handle_req_cb 0001
09-23 13:53:45.971 E/        (  664): test qmi id:[3],antenna position : 0
09-23 13:53:45.971 E/        (  664): 
09-23 13:53:45.971 E/        (  664):  ########asdiv_sar_enable######## 
09-23 13:53:45.971 E/        (  664): enter common_qmi_handle_req_cb 0002
09-23 13:53:45.971 I/Rf_Sar  (  341): main , Line: 00416: oem-sar: Connection accepted
09-23 13:53:45.971 I/Rf_Sar  (  341): main , Line: 00425: the opera is 0
09-23 13:53:45.971 I/Rf_Sar  (  341): setSarStatusToDefaultSvc , Line: 00323: cancle sar status:8 in setSarStatusToDefaultSvc
09-23 13:53:45.971 I/Rf_Sar  (  341): setSarStatusToDefaultSvc , Line: 00339: setSarStatusToDefault:priority is equal current max priority!
09-23 13:53:45.971 I/Rf_Sar  (  341): setSarStatusToDefaultSvc , Line: 00340: setSarStatusToDefault:remove the item from queue!
09-23 13:53:45.971 I/Rf_Sar  (  341): removeItemFromList , Line: 00176: removeItemFromList:sar handle tag:4001
09-23 13:53:45.971 I/Rf_Sar  (  341): isInSarList , Line: 00057: isInSarList:the item is queue!
09-23 13:53:45.971 I/Rf_Sar  (  341): removeItemFromList , Line: 00185: removeItemFromList:sar handle  is in the queue
09-23 13:53:45.971 I/Rf_Sar  (  341): removeItemFromList , Line: 00202: removeItemFromList:find the handle in the queue:,handle tag:4001
09-23 13:53:45.971 I/Rf_Sar  (  341): removeItemFromList , Line: 00212: removeItemFromList: the handle in the tail of the queue
09-23 13:53:45.971 I/Rf_Sar  (  341): removeItemFromList , Line: 00221: removeItemFromList: remove the handle from the queue
09-23 13:53:45.971 I/Rf_Sar  (  341): setSarStatusToDefaultSvc , Line: 00349: setSarStatusToDefault:set state default value to modem
09-23 13:53:45.971 E/        (  341): come into oem_qmi_common_stream_from_modem --->modem 
09-23 13:53:45.971 D/        (  341): Lib:oem_qmi_cmd:Build socket connection success. And retry:0
09-23 13:53:45.971 E/        (  341): Lib:oem_qmi_cmd: Send to server  passed!!
09-23 13:53:45.971 E/        (  366): oem-qmi: Connection accepted
09-23 13:53:45.971 E/        (  366): oem-qmi: Waiting to accept connection
09-23 13:53:45.971 E/        (  341): ######  output 1
09-23 13:53:45.971 E/        (  341): ---qmi : rapi_event_type=141, qmi_ret=0, return_status=1. 
09-23 13:53:45.971 E/Rf_Sar  (  341): getMaxPriorityFromList , Line: 00237: getMaxPriorityFromList:find the highest priority
09-23 13:53:45.971 I/Rf_Sar  (  341): setSarStatusToDefaultSvc , Line: 00353: setSarStatusToDefault:get the max priority:0!
09-23 13:53:45.971 I/Rf_Sar  (  341): setSarStatusToDefaultSvc , Line: 00366: setSarStatusToDefault:setSarStatusToDefault complete
09-23 13:53:45.971 I/Rf_Sar  (  341): main , Line: 00408: oem-sar: Waiting to accept connection
09-23 13:53:45.971 E/        (  664): qmi_common.c: Qmi service received message from modem.
09-23 13:53:45.971 E/        (  664): enter common_qmi_handle_req_cb :ms_id1
09-23 13:53:45.971 E/        (  664): enter common_qmi_handle_req_cb 0001
09-23 13:53:45.971 E/        (  664): test qmi id:[3],antenna position : 1
09-23 13:53:45.971 E/        (  664): 
09-23 13:53:45.971 E/        (  664):  ########asdiv_sar_enable######## 
09-23 13:53:45.971 E/        (  664): enter common_qmi_handle_req_cb 0002
09-23 13:53:45.971 I/Rf_Sar  (  341): main , Line: 00416: oem-sar: Connection accepted
09-23 13:53:45.971 I/Rf_Sar  (  341): main , Line: 00425: the opera is 1
09-23 13:53:45.971 I/Rf_Sar  (  341): setSarStatusWithPrioritySvc , Line: 00269: set sar status:8 in setSarStatusWithPrioritySvc
09-23 13:53:45.971 I/Rf_Sar  (  341): setSarStatusWithPrioritySvc , Line: 00273: setSarStatusWithPriority:current_max_priority is 0!
09-23 13:53:45.981 E/Rf_Sar  (  341): setSarStatusWithPrioritySvc , Line: 00274: setSarStatusWithPriority:priority is more than current max priority!
09-23 13:53:45.981 I/Rf_Sar  (  341): addItemToList , Line: 00126: addItemToList:sar handle tag:4001
09-23 13:53:45.981 I/Rf_Sar  (  341): isInSarList , Line: 00046: isInSarList:the queue is empty!
09-23 13:53:45.981 I/Rf_Sar  (  341): addItemToList , Line: 00135: addItemToList:sar handle  is not in queue
09-23 13:53:45.981 I/Rf_Sar  (  341): addItemToList , Line: 00145: addItemToList:add handle to index 8
09-23 13:53:45.981 I/Rf_Sar  (  341): addItemToList , Line: 00150: addItemToList: add sar handle to queue
09-23 13:53:45.981 I/Rf_Sar  (  341): setSarStatusWithPrioritySvc , Line: 00284: setSarStatusWithPriority:set state to modem,state:8
09-23 13:53:45.981 E/        (  341): come into oem_qmi_common_stream_from_modem --->modem 
09-23 13:53:45.981 D/        (  341): Lib:oem_qmi_cmd:Build socket connection success. And retry:0
09-23 13:53:45.981 E/        (  341): Lib:oem_qmi_cmd: Send to server  passed!!
09-23 13:53:45.981 E/        (  366): oem-qmi: Connection accepted
09-23 13:53:45.981 E/        (  366): oem-qmi: Waiting to accept connection
09-23 13:53:45.981 E/        (  341): ######  output 1
09-23 13:53:45.981 E/        (  341): ---qmi : rapi_event_type=141, qmi_ret=0, return_status=1. 
09-23 13:53:45.981 E/        (  341): come into oem_qmi_common_stream_from_modem --->modem 
09-23 13:53:45.981 D/        (  341): Lib:oem_qmi_cmd:Build socket connection success. And retry:0
09-23 13:53:45.981 E/        (  341): Lib:oem_qmi_cmd: Send to server  passed!!
09-23 13:53:45.981 E/        (  366): oem-qmi: Connection accepted
09-23 13:53:45.981 E/        (  366): oem-qmi: Waiting to accept connection
09-23 13:53:45.981 E/        (  341): ######  output 1
09-23 13:53:45.981 E/        (  341): ---qmi : rapi_event_type=141, qmi_ret=0, return_status=1. 
09-23 13:53:45.981 I/Rf_Sar  (  341): main , Line: 00408: oem-sar: Waiting to accept connection
09-23 13:53:46.101 D/NxpTml  ( 1670): PN54X - I2C Read successful.....
09-23 13:53:46.101 D/NxpNciR ( 1670): len =   7 > 61090402020100
09-23 13:53:46.101 D/NxpTml  ( 1670): PN54X - Posting read message.....
09-23 13:53:46.101 D/NxpHal  ( 1670): read successful status = 0x0
09-23 13:53:46.101 D/NfcAdaptation( 1670): NfcAdaptation::HalDeviceContextDataCallback: len=7
09-23 13:53:46.101 I/BrcmNfcNfa( 1670): nfc_ncif_process_event: entering...
09-23 13:53:46.101 I/BrcmNfcNfa( 1670): NFC received ntf gid:1
09-23 13:53:46.101 I/BrcmNfcNfa( 1670): nfa_dm_nfc_response_cback () NFC_EE_ACTION_REVT(0x5008)
09-23 13:53:46.101 I/BrcmNfcNfa( 1670): nfa_ee_proc_evt: event=0x5008 int_event:0x212
09-23 13:53:46.101 I/BrcmNfcNfa( 1670): nfa_ee_evt_hdlr (): Event NCI_ACTION(0x212), State: INIT_DONE(1)
09-23 13:53:46.101 D/BrcmNfcJni( 1670): checkforTranscation: enter; event=0xE transaction_data.current_transcation_state = 0x0
09-23 13:53:46.101 D/BrcmNfcJni( 1670): checkforTranscation: exit; event=0xE transaction_data.current_transcation_state = 0x0
09-23 13:53:46.101 D/BrcmNfcJni( 1670): RoutingManager::nfaEeCallback: NFA_EE_ACTION_EVT; h=0x402; trigger=rf tech (0x2)
09-23 13:53:46.101 I/BrcmNfcNfa( 1670): nfc_ncif_process_event: exiting... free = 1
09-23 13:53:46.101 D/NxpTml  ( 1670): PN54X - Read requested.....
09-23 13:53:46.101 D/NxpTml  ( 1670): PN54X - Invoking I2C Read.....
09-23 13:53:46.221 D/NxpTml  ( 1670): PN54X - I2C Read successful.....
09-23 13:53:46.221 D/NxpNciR ( 1670): len =   7 > 61090402020100
09-23 13:53:46.221 D/NxpTml  ( 1670): PN54X - Posting read message.....
09-23 13:53:46.221 D/NxpHal  ( 1670): read successful status = 0x0
09-23 13:53:46.221 D/NfcAdaptation( 1670): NfcAdaptation::HalDeviceContextDataCallback: len=7
09-23 13:53:46.221 I/BrcmNfcNfa( 1670): nfc_ncif_process_event: entering...
09-23 13:53:46.221 I/BrcmNfcNfa( 1670): NFC received ntf gid:1
09-23 13:53:46.221 I/BrcmNfcNfa( 1670): nfa_dm_nfc_response_cback () NFC_EE_ACTION_REVT(0x5008)
09-23 13:53:46.221 I/BrcmNfcNfa( 1670): nfa_ee_proc_evt: event=0x5008 int_event:0x212
09-23 13:53:46.221 I/BrcmNfcNfa( 1670): nfa_ee_evt_hdlr (): Event NCI_ACTION(0x212), State: INIT_DONE(1)
09-23 13:53:46.221 D/BrcmNfcJni( 1670): checkforTranscation: enter; event=0xE transaction_data.current_transcation_state = 0x0
09-23 13:53:46.221 D/BrcmNfcJni( 1670): checkforTranscation: exit; event=0xE transaction_data.current_transcation_state = 0x0
09-23 13:53:46.221 D/BrcmNfcJni( 1670): RoutingManager::nfaEeCallback: NFA_EE_ACTION_EVT; h=0x402; trigger=rf tech (0x2)
09-23 13:53:46.221 I/BrcmNfcNfa( 1670): nfc_ncif_process_event: exiting... free = 1
09-23 13:53:46.221 D/NxpTml  ( 1670): PN54X - Read requested.....
09-23 13:53:46.221 D/NxpTml  ( 1670): PN54X - Invoking I2C Read.....
09-23 13:53:46.351 D/NxpTml  ( 1670): PN54X - I2C Read successful.....
09-23 13:53:46.351 D/NxpNciR ( 1670): len =   7 > 61090402020100
09-23 13:53:46.351 D/NxpTml  ( 1670): PN54X - Posting read message.....
09-23 13:53:46.351 D/NxpHal  ( 1670): read successful status = 0x0
09-23 13:53:46.351 D/NfcAdaptation( 1670): NfcAdaptation::HalDeviceContextDataCallback: len=7
09-23 13:53:46.351 I/BrcmNfcNfa( 1670): nfc_ncif_process_event: entering...
09-23 13:53:46.351 I/BrcmNfcNfa( 1670): NFC received ntf gid:1
09-23 13:53:46.351 I/BrcmNfcNfa( 1670): nfa_dm_nfc_response_cback () NFC_EE_ACTION_REVT(0x5008)
09-23 13:53:46.351 I/BrcmNfcNfa( 1670): nfa_ee_proc_evt: event=0x5008 int_event:0x212
09-23 13:53:46.351 I/BrcmNfcNfa( 1670): nfa_ee_evt_hdlr (): Event NCI_ACTION(0x212), State: INIT_DONE(1)
09-23 13:53:46.351 D/BrcmNfcJni( 1670): checkforTranscation: enter; event=0xE transaction_data.current_transcation_state = 0x0
09-23 13:53:46.351 D/BrcmNfcJni( 1670): checkforTranscation: exit; event=0xE transaction_data.current_transcation_state = 0x0
09-23 13:53:46.351 D/BrcmNfcJni( 1670): RoutingManager::nfaEeCallback: NFA_EE_ACTION_EVT; h=0x402; trigger=rf tech (0x2)
09-23 13:53:46.351 I/BrcmNfcNfa( 1670): nfc_ncif_process_event: exiting... free = 1
09-23 13:53:46.351 D/NxpTml  ( 1670): PN54X - Read requested.....
09-23 13:53:46.351 D/NxpTml  ( 1670): PN54X - Invoking I2C Read.....
09-23 13:53:46.471 D/NxpTml  ( 1670): PN54X - I2C Read successful.....
09-23 13:53:46.471 D/NxpNciR ( 1670): len =   7 > 61090402020100
09-23 13:53:46.471 D/NxpTml  ( 1670): PN54X - Posting read message.....
09-23 13:53:46.471 D/NxpHal  ( 1670): read successful status = 0x0
09-23 13:53:46.471 D/NfcAdaptation( 1670): NfcAdaptation::HalDeviceContextDataCallback: len=7
09-23 13:53:46.471 I/BrcmNfcNfa( 1670): nfc_ncif_process_event: entering...
09-23 13:53:46.471 I/BrcmNfcNfa( 1670): NFC received ntf gid:1
09-23 13:53:46.471 I/BrcmNfcNfa( 1670): nfa_dm_nfc_response_cback () NFC_EE_ACTION_REVT(0x5008)
09-23 13:53:46.471 I/BrcmNfcNfa( 1670): nfa_ee_proc_evt: event=0x5008 int_event:0x212
09-23 13:53:46.471 I/BrcmNfcNfa( 1670): nfa_ee_evt_hdlr (): Event NCI_ACTION(0x212), State: INIT_DONE(1)
09-23 13:53:46.471 D/BrcmNfcJni( 1670): checkforTranscation: enter; event=0xE transaction_data.current_transcation_state = 0x0
09-23 13:53:46.471 D/BrcmNfcJni( 1670): checkforTranscation: exit; event=0xE transaction_data.current_transcation_state = 0x0
09-23 13:53:46.471 D/BrcmNfcJni( 1670): RoutingManager::nfaEeCallback: NFA_EE_ACTION_EVT; h=0x402; trigger=rf tech (0x2)
09-23 13:53:46.471 I/BrcmNfcNfa( 1670): nfc_ncif_process_event: exiting... free = 1
09-23 13:53:46.471 D/NxpTml  ( 1670): PN54X - Read requested.....
09-23 13:53:46.471 D/NxpTml  ( 1670): PN54X - Invoking I2C Read.....
09-23 13:53:46.551 E/        (  664): qmi_common.c: Qmi service received message from modem.
09-23 13:53:46.551 E/        (  664): enter common_qmi_handle_req_cb :ms_id1
09-23 13:53:46.551 E/        (  664): enter common_qmi_handle_req_cb 0001
09-23 13:53:46.551 E/        (  664): test qmi id:[3],antenna position : 0
09-23 13:53:46.551 E/        (  664): 
09-23 13:53:46.551 E/        (  664):  ########asdiv_sar_enable######## 
09-23 13:53:46.551 E/        (  664): enter common_qmi_handle_req_cb 0002
09-23 13:53:46.551 I/Rf_Sar  (  341): main , Line: 00416: oem-sar: Connection accepted
09-23 13:53:46.551 I/Rf_Sar  (  341): main , Line: 00425: the opera is 0
09-23 13:53:46.551 I/Rf_Sar  (  341): setSarStatusToDefaultSvc , Line: 00323: cancle sar status:8 in setSarStatusToDefaultSvc
09-23 13:53:46.551 I/Rf_Sar  (  341): setSarStatusToDefaultSvc , Line: 00339: setSarStatusToDefault:priority is equal current max priority!
09-23 13:53:46.551 I/Rf_Sar  (  341): setSarStatusToDefaultSvc , Line: 00340: setSarStatusToDefault:remove the item from queue!
09-23 13:53:46.551 I/Rf_Sar  (  341): removeItemFromList , Line: 00176: removeItemFromList:sar handle tag:4001
09-23 13:53:46.551 I/Rf_Sar  (  341): isInSarList , Line: 00057: isInSarList:the item is queue!
09-23 13:53:46.551 I/Rf_Sar  (  341): removeItemFromList , Line: 00185: removeItemFromList:sar handle  is in the queue
09-23 13:53:46.551 I/Rf_Sar  (  341): removeItemFromList , Line: 00202: removeItemFromList:find the handle in the queue:,handle tag:4001
09-23 13:53:46.551 I/Rf_Sar  (  341): removeItemFromList , Line: 00212: removeItemFromList: the handle in the tail of the queue
09-23 13:53:46.551 I/Rf_Sar  (  341): removeItemFromList , Line: 00221: removeItemFromList: remove the handle from the queue
09-23 13:53:46.551 I/Rf_Sar  (  341): setSarStatusToDefaultSvc , Line: 00349: setSarStatusToDefault:set state default value to modem
09-23 13:53:46.551 E/        (  341): come into oem_qmi_common_stream_from_modem --->modem 
09-23 13:53:46.551 D/        (  341): Lib:oem_qmi_cmd:Build socket connection success. And retry:0
09-23 13:53:46.551 E/        (  341): Lib:oem_qmi_cmd: Send to server  passed!!
09-23 13:53:46.551 E/        (  366): oem-qmi: Connection accepted
09-23 13:53:46.551 E/        (  366): oem-qmi: Waiting to accept connection
09-23 13:53:46.561 E/        (  341): ######  output 1
09-23 13:53:46.561 E/        (  341): ---qmi : rapi_event_type=141, qmi_ret=0, return_status=1. 
09-23 13:53:46.561 E/Rf_Sar  (  341): getMaxPriorityFromList , Line: 00237: getMaxPriorityFromList:find the highest priority
09-23 13:53:46.561 I/Rf_Sar  (  341): setSarStatusToDefaultSvc , Line: 00353: setSarStatusToDefault:get the max priority:0!
09-23 13:53:46.561 I/Rf_Sar  (  341): setSarStatusToDefaultSvc , Line: 00366: setSarStatusToDefault:setSarStatusToDefault complete
09-23 13:53:46.561 I/Rf_Sar  (  341): main , Line: 00408: oem-sar: Waiting to accept connection
09-23 13:53:46.601 D/NxpTml  ( 1670): PN54X - I2C Read successful.....
09-23 13:53:46.601 D/NxpNciR ( 1670): len =   7 > 61090402020100
09-23 13:53:46.601 D/NxpTml  ( 1670): PN54X - Posting read message.....
09-23 13:53:46.601 D/NxpHal  ( 1670): read successful status = 0x0
09-23 13:53:46.601 D/NfcAdaptation( 1670): NfcAdaptation::HalDeviceContextDataCallback: len=7
09-23 13:53:46.601 I/BrcmNfcNfa( 1670): nfc_ncif_process_event: entering...
09-23 13:53:46.601 I/BrcmNfcNfa( 1670): NFC received ntf gid:1
09-23 13:53:46.601 I/BrcmNfcNfa( 1670): nfa_dm_nfc_response_cback () NFC_EE_ACTION_REVT(0x5008)
09-23 13:53:46.601 I/BrcmNfcNfa( 1670): nfa_ee_proc_evt: event=0x5008 int_event:0x212
09-23 13:53:46.601 I/BrcmNfcNfa( 1670): nfa_ee_evt_hdlr (): Event NCI_ACTION(0x212), State: INIT_DONE(1)
09-23 13:53:46.601 D/BrcmNfcJni( 1670): checkforTranscation: enter; event=0xE transaction_data.current_transcation_state = 0x0
09-23 13:53:46.601 D/BrcmNfcJni( 1670): checkforTranscation: exit; event=0xE transaction_data.current_transcation_state = 0x0
09-23 13:53:46.601 D/BrcmNfcJni( 1670): RoutingManager::nfaEeCallback: NFA_EE_ACTION_EVT; h=0x402; trigger=rf tech (0x2)
09-23 13:53:46.601 I/BrcmNfcNfa( 1670): nfc_ncif_process_event: exiting... free = 1
09-23 13:53:46.601 D/NxpTml  ( 1670): PN54X - Read requested.....
09-23 13:53:46.601 D/NxpTml  ( 1670): PN54X - Invoking I2C Read.....
09-23 13:53:46.721 D/NxpTml  ( 1670): PN54X - I2C Read successful.....
09-23 13:53:46.721 D/NxpNciR ( 1670): len =   7 > 61090402020100
09-23 13:53:46.721 D/NxpTml  ( 1670): PN54X - Posting read message.....
09-23 13:53:46.721 D/NxpHal  ( 1670): read successful status = 0x0
09-23 13:53:46.721 D/NfcAdaptation( 1670): NfcAdaptation::HalDeviceContextDataCallback: len=7
09-23 13:53:46.721 I/BrcmNfcNfa( 1670): nfc_ncif_process_event: entering...
09-23 13:53:46.721 I/BrcmNfcNfa( 1670): NFC received ntf gid:1
09-23 13:53:46.721 I/BrcmNfcNfa( 1670): nfa_dm_nfc_response_cback () NFC_EE_ACTION_REVT(0x5008)
09-23 13:53:46.721 I/BrcmNfcNfa( 1670): nfa_ee_proc_evt: event=0x5008 int_event:0x212
09-23 13:53:46.721 I/BrcmNfcNfa( 1670): nfa_ee_evt_hdlr (): Event NCI_ACTION(0x212), State: INIT_DONE(1)
09-23 13:53:46.721 D/BrcmNfcJni( 1670): checkforTranscation: enter; event=0xE transaction_data.current_transcation_state = 0x0
09-23 13:53:46.721 D/BrcmNfcJni( 1670): checkforTranscation: exit; event=0xE transaction_data.current_transcation_state = 0x0
09-23 13:53:46.721 D/BrcmNfcJni( 1670): RoutingManager::nfaEeCallback: NFA_EE_ACTION_EVT; h=0x402; trigger=rf tech (0x2)
09-23 13:53:46.721 I/BrcmNfcNfa( 1670): nfc_ncif_process_event: exiting... free = 1
09-23 13:53:46.721 D/NxpTml  ( 1670): PN54X - Read requested.....
09-23 13:53:46.721 D/NxpTml  ( 1670): PN54X - Invoking I2C Read.....
09-23 13:53:46.851 D/NxpTml  ( 1670): PN54X - I2C Read successful.....
09-23 13:53:46.851 D/NxpNciR ( 1670): len =   7 > 61090402020100
09-23 13:53:46.851 D/NxpTml  ( 1670): PN54X - Posting read message.....
09-23 13:53:46.851 D/NxpHal  ( 1670): read successful status = 0x0
09-23 13:53:46.851 D/NfcAdaptation( 1670): NfcAdaptation::HalDeviceContextDataCallback: len=7
09-23 13:53:46.851 I/BrcmNfcNfa( 1670): nfc_ncif_process_event: entering...
09-23 13:53:46.851 I/BrcmNfcNfa( 1670): NFC received ntf gid:1
09-23 13:53:46.851 I/BrcmNfcNfa( 1670): nfa_dm_nfc_response_cback () NFC_EE_ACTION_REVT(0x5008)
09-23 13:53:46.851 I/BrcmNfcNfa( 1670): nfa_ee_proc_evt: event=0x5008 int_event:0x212
09-23 13:53:46.851 I/BrcmNfcNfa( 1670): nfa_ee_evt_hdlr (): Event NCI_ACTION(0x212), State: INIT_DONE(1)
09-23 13:53:46.851 D/BrcmNfcJni( 1670): checkforTranscation: enter; event=0xE transaction_data.current_transcation_state = 0x0
09-23 13:53:46.851 D/BrcmNfcJni( 1670): checkforTranscation: exit; event=0xE transaction_data.current_transcation_state = 0x0
09-23 13:53:46.851 D/BrcmNfcJni( 1670): RoutingManager::nfaEeCallback: NFA_EE_ACTION_EVT; h=0x402; trigger=rf tech (0x2)
09-23 13:53:46.851 I/BrcmNfcNfa( 1670): nfc_ncif_process_event: exiting... free = 1
09-23 13:53:46.851 D/NxpTml  ( 1670): PN54X - Read requested.....
09-23 13:53:46.851 D/NxpTml  ( 1670): PN54X - Invoking I2C Read.....
09-23 13:53:46.971 D/NxpTml  ( 1670): PN54X - I2C Read successful.....
09-23 13:53:46.971 D/NxpNciR ( 1670): len =   7 > 61090402020100
09-23 13:53:46.971 D/NxpTml  ( 1670): PN54X - Posting read message.....
09-23 13:53:46.971 D/NxpHal  ( 1670): read successful status = 0x0
09-23 13:53:46.971 D/NfcAdaptation( 1670): NfcAdaptation::HalDeviceContextDataCallback: len=7
09-23 13:53:46.971 I/BrcmNfcNfa( 1670): nfc_ncif_process_event: entering...
09-23 13:53:46.971 I/BrcmNfcNfa( 1670): NFC received ntf gid:1
09-23 13:53:46.971 I/BrcmNfcNfa( 1670): nfa_dm_nfc_response_cback () NFC_EE_ACTION_REVT(0x5008)
09-23 13:53:46.971 I/BrcmNfcNfa( 1670): nfa_ee_proc_evt: event=0x5008 int_event:0x212
09-23 13:53:46.971 I/BrcmNfcNfa( 1670): nfa_ee_evt_hdlr (): Event NCI_ACTION(0x212), State: INIT_DONE(1)
09-23 13:53:46.971 D/BrcmNfcJni( 1670): checkforTranscation: enter; event=0xE transaction_data.current_transcation_state = 0x0
09-23 13:53:46.971 D/BrcmNfcJni( 1670): checkforTranscation: exit; event=0xE transaction_data.current_transcation_state = 0x0
09-23 13:53:46.971 D/BrcmNfcJni( 1670): RoutingManager::nfaEeCallback: NFA_EE_ACTION_EVT; h=0x402; trigger=rf tech (0x2)
09-23 13:53:46.971 I/BrcmNfcNfa( 1670): nfc_ncif_process_event: exiting... free = 1
09-23 13:53:46.971 D/NxpTml  ( 1670): PN54X - Read requested.....
09-23 13:53:46.971 D/NxpTml  ( 1670): PN54X - Invoking I2C Read.....
09-23 13:53:46.971 E/        (  664): qmi_common.c: Qmi service received message from modem.
09-23 13:53:46.971 E/        (  664): enter common_qmi_handle_req_cb :ms_id1
09-23 13:53:46.971 E/        (  664): enter common_qmi_handle_req_cb 0001
09-23 13:53:46.971 E/        (  664): test qmi id:[3],antenna position : 1
09-23 13:53:46.971 E/        (  664): 
09-23 13:53:46.971 E/        (  664):  ########asdiv_sar_enable######## 
09-23 13:53:46.971 E/        (  664): enter common_qmi_handle_req_cb 0002
09-23 13:53:46.971 I/Rf_Sar  (  341): main , Line: 00416: oem-sar: Connection accepted
09-23 13:53:46.971 I/Rf_Sar  (  341): main , Line: 00425: the opera is 1
09-23 13:53:46.971 I/Rf_Sar  (  341): setSarStatusWithPrioritySvc , Line: 00269: set sar status:8 in setSarStatusWithPrioritySvc
09-23 13:53:46.971 I/Rf_Sar  (  341): setSarStatusWithPrioritySvc , Line: 00273: setSarStatusWithPriority:current_max_priority is 0!
09-23 13:53:46.971 E/Rf_Sar  (  341): setSarStatusWithPrioritySvc , Line: 00274: setSarStatusWithPriority:priority is more than current max priority!
09-23 13:53:46.971 I/Rf_Sar  (  341): addItemToList , Line: 00126: addItemToList:sar handle tag:4001
09-23 13:53:46.971 I/Rf_Sar  (  341): isInSarList , Line: 00046: isInSarList:the queue is empty!
09-23 13:53:46.971 I/Rf_Sar  (  341): addItemToList , Line: 00135: addItemToList:sar handle  is not in queue
09-23 13:53:46.971 I/Rf_Sar  (  341): addItemToList , Line: 00145: addItemToList:add handle to index 8
09-23 13:53:46.971 I/Rf_Sar  (  341): addItemToList , Line: 00150: addItemToList: add sar handle to queue
09-23 13:53:46.971 I/Rf_Sar  (  341): setSarStatusWithPrioritySvc , Line: 00284: setSarStatusWithPriority:set state to modem,state:8
09-23 13:53:46.971 E/        (  341): come into oem_qmi_common_stream_from_modem --->modem 
09-23 13:53:46.971 D/        (  341): Lib:oem_qmi_cmd:Build socket connection success. And retry:0
09-23 13:53:46.971 E/        (  341): Lib:oem_qmi_cmd: Send to server  passed!!
09-23 13:53:46.971 E/        (  366): oem-qmi: Connection accepted
09-23 13:53:46.971 E/        (  366): oem-qmi: Waiting to accept connection
09-23 13:53:46.971 E/        (  341): ######  output 1
09-23 13:53:46.971 E/        (  341): ---qmi : rapi_event_type=141, qmi_ret=0, return_status=1. 
09-23 13:53:46.971 E/        (  341): come into oem_qmi_common_stream_from_modem --->modem 
09-23 13:53:46.971 D/        (  341): Lib:oem_qmi_cmd:Build socket connection success. And retry:0
09-23 13:53:46.971 E/        (  366): oem-qmi: Connection accepted
09-23 13:53:46.971 E/        (  341): Lib:oem_qmi_cmd: Send to server  passed!!
09-23 13:53:46.971 E/        (  366): oem-qmi: Waiting to accept connection
09-23 13:53:46.981 E/        (  341): ######  output 1
09-23 13:53:46.981 E/        (  341): ---qmi : rapi_event_type=141, qmi_ret=0, return_status=1. 
09-23 13:53:46.981 I/Rf_Sar  (  341): main , Line: 00408: oem-sar: Waiting to accept connection
09-23 13:53:47.101 D/NxpTml  ( 1670): PN54X - I2C Read successful.....
09-23 13:53:47.101 D/NxpNciR ( 1670): len =   7 > 61090402020100
09-23 13:53:47.101 D/NxpTml  ( 1670): PN54X - Posting read message.....
09-23 13:53:47.101 D/NxpHal  ( 1670): read successful status = 0x0
09-23 13:53:47.101 D/NfcAdaptation( 1670): NfcAdaptation::HalDeviceContextDataCallback: len=7
09-23 13:53:47.101 I/BrcmNfcNfa( 1670): nfc_ncif_process_event: entering...
09-23 13:53:47.101 I/BrcmNfcNfa( 1670): NFC received ntf gid:1
09-23 13:53:47.101 I/BrcmNfcNfa( 1670): nfa_dm_nfc_response_cback () NFC_EE_ACTION_REVT(0x5008)
09-23 13:53:47.101 I/BrcmNfcNfa( 1670): nfa_ee_proc_evt: event=0x5008 int_event:0x212
09-23 13:53:47.101 I/BrcmNfcNfa( 1670): nfa_ee_evt_hdlr (): Event NCI_ACTION(0x212), State: INIT_DONE(1)
09-23 13:53:47.101 D/BrcmNfcJni( 1670): checkforTranscation: enter; event=0xE transaction_data.current_transcation_state = 0x0
09-23 13:53:47.101 D/BrcmNfcJni( 1670): checkforTranscation: exit; event=0xE transaction_data.current_transcation_state = 0x0
09-23 13:53:47.101 D/BrcmNfcJni( 1670): RoutingManager::nfaEeCallback: NFA_EE_ACTION_EVT; h=0x402; trigger=rf tech (0x2)
09-23 13:53:47.101 I/BrcmNfcNfa( 1670): nfc_ncif_process_event: exiting... free = 1
09-23 13:53:47.101 D/NxpTml  ( 1670): PN54X - Read requested.....
09-23 13:53:47.101 D/NxpTml  ( 1670): PN54X - Invoking I2C Read.....
09-23 13:53:47.221 D/NxpTml  ( 1670): PN54X - I2C Read successful.....
09-23 13:53:47.221 D/NxpNciR ( 1670): len =   7 > 61090402020100
09-23 13:53:47.221 D/NxpTml  ( 1670): PN54X - Posting read message.....
09-23 13:53:47.221 D/NxpHal  ( 1670): read successful status = 0x0
09-23 13:53:47.221 D/NfcAdaptation( 1670): NfcAdaptation::HalDeviceContextDataCallback: len=7
09-23 13:53:47.221 I/BrcmNfcNfa( 1670): nfc_ncif_process_event: entering...
09-23 13:53:47.221 I/BrcmNfcNfa( 1670): NFC received ntf gid:1
09-23 13:53:47.221 I/BrcmNfcNfa( 1670): nfa_dm_nfc_response_cback () NFC_EE_ACTION_REVT(0x5008)
09-23 13:53:47.221 I/BrcmNfcNfa( 1670): nfa_ee_proc_evt: event=0x5008 int_event:0x212
09-23 13:53:47.221 I/BrcmNfcNfa( 1670): nfa_ee_evt_hdlr (): Event NCI_ACTION(0x212), State: INIT_DONE(1)
09-23 13:53:47.221 D/BrcmNfcJni( 1670): checkforTranscation: enter; event=0xE transaction_data.current_transcation_state = 0x0
09-23 13:53:47.221 D/BrcmNfcJni( 1670): checkforTranscation: exit; event=0xE transaction_data.current_transcation_state = 0x0
09-23 13:53:47.221 D/BrcmNfcJni( 1670): RoutingManager::nfaEeCallback: NFA_EE_ACTION_EVT; h=0x402; trigger=rf tech (0x2)
09-23 13:53:47.221 I/BrcmNfcNfa( 1670): nfc_ncif_process_event: exiting... free = 1
09-23 13:53:47.221 D/NxpTml  ( 1670): PN54X - Read requested.....
09-23 13:53:47.221 D/NxpTml  ( 1670): PN54X - Invoking I2C Read.....
09-23 13:53:47.351 D/NxpTml  ( 1670): PN54X - I2C Read successful.....
09-23 13:53:47.351 D/NxpNciR ( 1670): len =   7 > 61090402020100
09-23 13:53:47.351 D/NxpTml  ( 1670): PN54X - Posting read message.....
09-23 13:53:47.351 D/NxpHal  ( 1670): read successful status = 0x0
09-23 13:53:47.351 D/NfcAdaptation( 1670): NfcAdaptation::HalDeviceContextDataCallback: len=7
09-23 13:53:47.351 I/BrcmNfcNfa( 1670): nfc_ncif_process_event: entering...
09-23 13:53:47.351 I/BrcmNfcNfa( 1670): NFC received ntf gid:1
09-23 13:53:47.351 I/BrcmNfcNfa( 1670): nfa_dm_nfc_response_cback () NFC_EE_ACTION_REVT(0x5008)
09-23 13:53:47.351 I/BrcmNfcNfa( 1670): nfa_ee_proc_evt: event=0x5008 int_event:0x212
09-23 13:53:47.351 I/BrcmNfcNfa( 1670): nfa_ee_evt_hdlr (): Event NCI_ACTION(0x212), State: INIT_DONE(1)
09-23 13:53:47.351 D/BrcmNfcJni( 1670): checkforTranscation: enter; event=0xE transaction_data.current_transcation_state = 0x0
09-23 13:53:47.351 D/BrcmNfcJni( 1670): checkforTranscation: exit; event=0xE transaction_data.current_transcation_state = 0x0
09-23 13:53:47.351 D/BrcmNfcJni( 1670): RoutingManager::nfaEeCallback: NFA_EE_ACTION_EVT; h=0x402; trigger=rf tech (0x2)
09-23 13:53:47.351 I/BrcmNfcNfa( 1670): nfc_ncif_process_event: exiting... free = 1
09-23 13:53:47.351 D/NxpTml  ( 1670): PN54X - Read requested.....
09-23 13:53:47.351 D/NxpTml  ( 1670): PN54X - Invoking I2C Read.....
09-23 13:53:47.471 D/NxpTml  ( 1670): PN54X - I2C Read successful.....
09-23 13:53:47.471 D/NxpNciR ( 1670): len =   7 > 61090402020100
09-23 13:53:47.471 D/NxpTml  ( 1670): PN54X - Posting read message.....
09-23 13:53:47.471 D/NxpHal  ( 1670): read successful status = 0x0
09-23 13:53:47.471 D/NfcAdaptation( 1670): NfcAdaptation::HalDeviceContextDataCallback: len=7
09-23 13:53:47.471 I/BrcmNfcNfa( 1670): nfc_ncif_process_event: entering...
09-23 13:53:47.471 I/BrcmNfcNfa( 1670): NFC received ntf gid:1
09-23 13:53:47.471 I/BrcmNfcNfa( 1670): nfa_dm_nfc_response_cback () NFC_EE_ACTION_REVT(0x5008)
09-23 13:53:47.471 I/BrcmNfcNfa( 1670): nfa_ee_proc_evt: event=0x5008 int_event:0x212
09-23 13:53:47.471 I/BrcmNfcNfa( 1670): nfa_ee_evt_hdlr (): Event NCI_ACTION(0x212), State: INIT_DONE(1)
09-23 13:53:47.471 D/BrcmNfcJni( 1670): checkforTranscation: enter; event=0xE transaction_data.current_transcation_state = 0x0
09-23 13:53:47.471 D/BrcmNfcJni( 1670): checkforTranscation: exit; event=0xE transaction_data.current_transcation_state = 0x0
09-23 13:53:47.471 D/BrcmNfcJni( 1670): RoutingManager::nfaEeCallback: NFA_EE_ACTION_EVT; h=0x402; trigger=rf tech (0x2)
09-23 13:53:47.471 I/BrcmNfcNfa( 1670): nfc_ncif_process_event: exiting... free = 1
09-23 13:53:47.471 D/NxpTml  ( 1670): PN54X - Read requested.....
09-23 13:53:47.471 D/NxpTml  ( 1670): PN54X - Invoking I2C Read.....
09-23 13:53:47.521 E/        (  664): qmi_common.c: Qmi service received message from modem.
09-23 13:53:47.521 E/        (  664): enter common_qmi_handle_req_cb :ms_id1
09-23 13:53:47.521 E/        (  664): enter common_qmi_handle_req_cb 0001
09-23 13:53:47.521 E/        (  664): test qmi id:[3],antenna position : 0
09-23 13:53:47.521 E/        (  664): 
09-23 13:53:47.521 E/        (  664):  ########asdiv_sar_enable######## 
09-23 13:53:47.521 E/        (  664): enter common_qmi_handle_req_cb 0002
09-23 13:53:47.521 I/Rf_Sar  (  341): main , Line: 00416: oem-sar: Connection accepted
09-23 13:53:47.521 I/Rf_Sar  (  341): main , Line: 00425: the opera is 0
09-23 13:53:47.521 I/Rf_Sar  (  341): setSarStatusToDefaultSvc , Line: 00323: cancle sar status:8 in setSarStatusToDefaultSvc
09-23 13:53:47.521 I/Rf_Sar  (  341): setSarStatusToDefaultSvc , Line: 00339: setSarStatusToDefault:priority is equal current max priority!
09-23 13:53:47.521 I/Rf_Sar  (  341): setSarStatusToDefaultSvc , Line: 00340: setSarStatusToDefault:remove the item from queue!
09-23 13:53:47.521 I/Rf_Sar  (  341): removeItemFromList , Line: 00176: removeItemFromList:sar handle tag:4001
09-23 13:53:47.521 I/Rf_Sar  (  341): isInSarList , Line: 00057: isInSarList:the item is queue!
09-23 13:53:47.521 I/Rf_Sar  (  341): removeItemFromList , Line: 00185: removeItemFromList:sar handle  is in the queue
09-23 13:53:47.521 I/Rf_Sar  (  341): removeItemFromList , Line: 00202: removeItemFromList:find the handle in the queue:,handle tag:4001
09-23 13:53:47.521 I/Rf_Sar  (  341): removeItemFromList , Line: 00212: removeItemFromList: the handle in the tail of the queue
09-23 13:53:47.521 I/Rf_Sar  (  341): removeItemFromList , Line: 00221: removeItemFromList: remove the handle from the queue
