09-23 13:53:35.871 D/NxpTml  ( 1670): PN54X - I2C Read successful.....
09-23 13:53:35.871 D/NxpNciR ( 1670): len =   7 > 61090402020100
09-23 13:53:35.871 D/NxpTml  ( 1670): PN54X - Posting read message.....
09-23 13:53:35.871 D/NxpHal  ( 1670): read successful status = 0x0
09-23 13:53:35.871 D/NfcAdaptation( 1670): NfcAdaptation::HalDeviceContextDataCallback: len=7
09-23 13:53:35.871 I/BrcmNfcNfa( 1670): nfc_ncif_process_event: entering...
09-23 13:53:35.871 I/BrcmNfcNfa( 1670): NFC received ntf gid:1
09-23 13:53:35.871 I/BrcmNfcNfa( 1670): nfa_dm_nfc_response_cback () NFC_EE_ACTION_REVT(0x5008)
09-23 13:53:35.871 I/BrcmNfcNfa( 1670): nfa_ee_proc_evt: event=0x5008 int_event:0x212
09-23 13:53:35.871 I/BrcmNfcNfa( 1670): nfa_ee_evt_hdlr (): Event NCI_ACTION(0x212), State: INIT_DONE(1)
09-23 13:53:35.871 D/BrcmNfcJni( 1670): checkforTranscation: enter; event=0xE transaction_data.current_transcation_state = 0x0
09-23 13:53:35.871 D/BrcmNfcJni( 1670): checkforTranscation: exit; event=0xE transaction_data.current_transcation_state = 0x0
09-23 13:53:35.871 D/BrcmNfcJni( 1670): RoutingManager::nfaEeCallback: NFA_EE_ACTION_EVT; h=0x402; trigger=rf tech (0x2)
09-23 13:53:35.871 I/BrcmNfcNfa( 1670): nfc_ncif_process_event: exiting... free = 1
09-23 13:53:35.871 D/NxpTml  ( 1670): PN54X - Read requested.....
09-23 13:53:35.871 D/NxpTml  ( 1670): PN54X - Invoking I2C Read.....
09-23 13:53:35.871 I/ThermalEngine(  381): sensor_type 0 ,temp 36  ,threshold_report 1 ,pre_temp 37 
09-23 13:53:35.871 I/ThermalEngine(  381): report_therm_msg : sensor_type 0 ,temp 36  ,threshold_report 1
09-23 13:53:35.871 D/ThermalStateManager( 1717): Thermal type: 0 cur_temperature:36
09-23 13:53:35.871 I/ThermalEngine(  381): sensor_type 1 ,temp 33  ,threshold_report 3 ,pre_temp 33 
09-23 13:53:35.871 I/ThermalEngine(  381): sensor_type 2 ,temp 31  ,threshold_report 3 ,pre_temp 29 
09-23 13:53:35.881 I/ThermalEngine(  381): sensor_type 3 ,temp 0  ,threshold_report 1 ,pre_temp 0 
09-23 13:53:35.991 D/NxpTml  ( 1670): PN54X - I2C Read successful.....
09-23 13:53:35.991 D/NxpNciR ( 1670): len =   7 > 61090402020100
09-23 13:53:35.991 D/NxpTml  ( 1670): PN54X - Posting read message.....
09-23 13:53:35.991 D/NxpHal  ( 1670): read successful status = 0x0
09-23 13:53:35.991 D/NfcAdaptation( 1670): NfcAdaptation::HalDeviceContextDataCallback: len=7
09-23 13:53:35.991 I/BrcmNfcNfa( 1670): nfc_ncif_process_event: entering...
09-23 13:53:35.991 I/BrcmNfcNfa( 1670): NFC received ntf gid:1
09-23 13:53:35.991 I/BrcmNfcNfa( 1670): nfa_dm_nfc_response_cback () NFC_EE_ACTION_REVT(0x5008)
09-23 13:53:35.991 I/BrcmNfcNfa( 1670): nfa_ee_proc_evt: event=0x5008 int_event:0x212
09-23 13:53:35.991 I/BrcmNfcNfa( 1670): nfa_ee_evt_hdlr (): Event NCI_ACTION(0x212), State: INIT_DONE(1)
09-23 13:53:35.991 D/BrcmNfcJni( 1670): checkforTranscation: enter; event=0xE transaction_data.current_transcation_state = 0x0
09-23 13:53:35.991 D/BrcmNfcJni( 1670): checkforTranscation: exit; event=0xE transaction_data.current_transcation_state = 0x0
09-23 13:53:35.991 D/BrcmNfcJni( 1670): RoutingManager::nfaEeCallback: NFA_EE_ACTION_EVT; h=0x402; trigger=rf tech (0x2)
09-23 13:53:35.991 I/BrcmNfcNfa( 1670): nfc_ncif_process_event: exiting... free = 1
09-23 13:53:35.991 D/NxpTml  ( 1670): PN54X - Read requested.....
09-23 13:53:35.991 D/NxpTml  ( 1670): PN54X - Invoking I2C Read.....
09-23 13:53:36.111 D/NxpTml  ( 1670): PN54X - I2C Read successful.....
09-23 13:53:36.111 D/NxpNciR ( 1670): len =   7 > 61090402020100
09-23 13:53:36.111 D/NxpTml  ( 1670): PN54X - Posting read message.....
09-23 13:53:36.111 D/NxpHal  ( 1670): read successful status = 0x0
09-23 13:53:36.111 D/NfcAdaptation( 1670): NfcAdaptation::HalDeviceContextDataCallback: len=7
09-23 13:53:36.111 I/BrcmNfcNfa( 1670): nfc_ncif_process_event: entering...
09-23 13:53:36.111 I/BrcmNfcNfa( 1670): NFC received ntf gid:1
09-23 13:53:36.111 I/BrcmNfcNfa( 1670): nfa_dm_nfc_response_cback () NFC_EE_ACTION_REVT(0x5008)
09-23 13:53:36.111 I/BrcmNfcNfa( 1670): nfa_ee_proc_evt: event=0x5008 int_event:0x212
09-23 13:53:36.111 I/BrcmNfcNfa( 1670): nfa_ee_evt_hdlr (): Event NCI_ACTION(0x212), State: INIT_DONE(1)
09-23 13:53:36.111 D/BrcmNfcJni( 1670): checkforTranscation: enter; event=0xE transaction_data.current_transcation_state = 0x0
09-23 13:53:36.111 D/BrcmNfcJni( 1670): checkforTranscation: exit; event=0xE transaction_data.current_transcation_state = 0x0
09-23 13:53:36.111 D/BrcmNfcJni( 1670): RoutingManager::nfaEeCallback: NFA_EE_ACTION_EVT; h=0x402; trigger=rf tech (0x2)
09-23 13:53:36.111 I/BrcmNfcNfa( 1670): nfc_ncif_process_event: exiting... free = 1
09-23 13:53:36.111 D/NxpTml  ( 1670): PN54X - Read requested.....
09-23 13:53:36.111 D/NxpTml  ( 1670): PN54X - Invoking I2C Read.....
09-23 13:53:36.241 D/NxpTml  ( 1670): PN54X - I2C Read successful.....
09-23 13:53:36.241 D/NxpNciR ( 1670): len =   7 > 61090402020100
09-23 13:53:36.241 D/NxpTml  ( 1670): PN54X - Posting read message.....
09-23 13:53:36.241 D/NxpHal  ( 1670): read successful status = 0x0
09-23 13:53:36.241 D/NfcAdaptation( 1670): NfcAdaptation::HalDeviceContextDataCallback: len=7
09-23 13:53:36.241 I/BrcmNfcNfa( 1670): nfc_ncif_process_event: entering...
09-23 13:53:36.241 I/BrcmNfcNfa( 1670): NFC received ntf gid:1
09-23 13:53:36.241 I/BrcmNfcNfa( 1670): nfa_dm_nfc_response_cback () NFC_EE_ACTION_REVT(0x5008)
09-23 13:53:36.241 I/BrcmNfcNfa( 1670): nfa_ee_proc_evt: event=0x5008 int_event:0x212
09-23 13:53:36.241 I/BrcmNfcNfa( 1670): nfa_ee_evt_hdlr (): Event NCI_ACTION(0x212), State: INIT_DONE(1)
09-23 13:53:36.241 D/BrcmNfcJni( 1670): checkforTranscation: enter; event=0xE transaction_data.current_transcation_state = 0x0
09-23 13:53:36.241 D/BrcmNfcJni( 1670): checkforTranscation: exit; event=0xE transaction_data.current_transcation_state = 0x0
09-23 13:53:36.241 D/BrcmNfcJni( 1670): RoutingManager::nfaEeCallback: NFA_EE_ACTION_EVT; h=0x402; trigger=rf tech (0x2)
09-23 13:53:36.241 I/BrcmNfcNfa( 1670): nfc_ncif_process_event: exiting... free = 1
09-23 13:53:36.241 D/NxpTml  ( 1670): PN54X - Read requested.....
09-23 13:53:36.241 D/NxpTml  ( 1670): PN54X - Invoking I2C Read.....
09-23 13:53:36.361 D/NxpTml  ( 1670): PN54X - I2C Read successful.....
09-23 13:53:36.361 D/NxpNciR ( 1670): len =   7 > 61090402020100
09-23 13:53:36.361 D/NxpTml  ( 1670): PN54X - Posting read message.....
09-23 13:53:36.361 D/NxpHal  ( 1670): read successful status = 0x0
09-23 13:53:36.361 D/NfcAdaptation( 1670): NfcAdaptation::HalDeviceContextDataCallback: len=7
09-23 13:53:36.361 I/BrcmNfcNfa( 1670): nfc_ncif_process_event: entering...
09-23 13:53:36.361 I/BrcmNfcNfa( 1670): NFC received ntf gid:1
09-23 13:53:36.361 I/BrcmNfcNfa( 1670): nfa_dm_nfc_response_cback () NFC_EE_ACTION_REVT(0x5008)
09-23 13:53:36.361 I/BrcmNfcNfa( 1670): nfa_ee_proc_evt: event=0x5008 int_event:0x212
09-23 13:53:36.361 I/BrcmNfcNfa( 1670): nfa_ee_evt_hdlr (): Event NCI_ACTION(0x212), State: INIT_DONE(1)
09-23 13:53:36.361 D/BrcmNfcJni( 1670): checkforTranscation: enter; event=0xE transaction_data.current_transcation_state = 0x0
09-23 13:53:36.361 D/BrcmNfcJni( 1670): checkforTranscation: exit; event=0xE transaction_data.current_transcation_state = 0x0
09-23 13:53:36.361 D/BrcmNfcJni( 1670): RoutingManager::nfaEeCallback: NFA_EE_ACTION_EVT; h=0x402; trigger=rf tech (0x2)
09-23 13:53:36.361 I/BrcmNfcNfa( 1670): nfc_ncif_process_event: exiting... free = 1
09-23 13:53:36.361 D/NxpTml  ( 1670): PN54X - Read requested.....
09-23 13:53:36.361 D/NxpTml  ( 1670): PN54X - Invoking I2C Read.....
09-23 13:53:36.491 D/NxpTml  ( 1670): PN54X - I2C Read successful.....
09-23 13:53:36.491 D/NxpNciR ( 1670): len =   7 > 61090402020100
09-23 13:53:36.491 D/NxpTml  ( 1670): PN54X - Posting read message.....
09-23 13:53:36.491 D/NxpHal  ( 1670): read successful status = 0x0
09-23 13:53:36.491 D/NfcAdaptation( 1670): NfcAdaptation::HalDeviceContextDataCallback: len=7
09-23 13:53:36.491 I/BrcmNfcNfa( 1670): nfc_ncif_process_event: entering...
09-23 13:53:36.491 I/BrcmNfcNfa( 1670): NFC received ntf gid:1
09-23 13:53:36.491 I/BrcmNfcNfa( 1670): nfa_dm_nfc_response_cback () NFC_EE_ACTION_REVT(0x5008)
09-23 13:53:36.491 I/BrcmNfcNfa( 1670): nfa_ee_proc_evt: event=0x5008 int_event:0x212
09-23 13:53:36.491 I/BrcmNfcNfa( 1670): nfa_ee_evt_hdlr (): Event NCI_ACTION(0x212), State: INIT_DONE(1)
09-23 13:53:36.491 D/BrcmNfcJni( 1670): checkforTranscation: enter; event=0xE transaction_data.current_transcation_state = 0x0
09-23 13:53:36.491 D/BrcmNfcJni( 1670): checkforTranscation: exit; event=0xE transaction_data.current_transcation_state = 0x0
09-23 13:53:36.491 D/BrcmNfcJni( 1670): RoutingManager::nfaEeCallback: NFA_EE_ACTION_EVT; h=0x402; trigger=rf tech (0x2)
09-23 13:53:36.491 I/BrcmNfcNfa( 1670): nfc_ncif_process_event: exiting... free = 1
09-23 13:53:36.491 D/NxpTml  ( 1670): PN54X - Read requested.....
09-23 13:53:36.491 D/NxpTml  ( 1670): PN54X - Invoking I2C Read.....
09-23 13:53:36.611 D/NxpTml  ( 1670): PN54X - I2C Read successful.....
09-23 13:53:36.611 D/NxpNciR ( 1670): len =   7 > 61090402020100
09-23 13:53:36.611 D/NxpTml  ( 1670): PN54X - Posting read message.....
09-23 13:53:36.611 D/NxpHal  ( 1670): read successful status = 0x0
09-23 13:53:36.611 D/NfcAdaptation( 1670): NfcAdaptation::HalDeviceContextDataCallback: len=7
09-23 13:53:36.611 I/BrcmNfcNfa( 1670): nfc_ncif_process_event: entering...
09-23 13:53:36.611 I/BrcmNfcNfa( 1670): NFC received ntf gid:1
09-23 13:53:36.611 I/BrcmNfcNfa( 1670): nfa_dm_nfc_response_cback () NFC_EE_ACTION_REVT(0x5008)
09-23 13:53:36.611 I/BrcmNfcNfa( 1670): nfa_ee_proc_evt: event=0x5008 int_event:0x212
09-23 13:53:36.611 I/BrcmNfcNfa( 1670): nfa_ee_evt_hdlr (): Event NCI_ACTION(0x212), State: INIT_DONE(1)
09-23 13:53:36.611 D/BrcmNfcJni( 1670): checkforTranscation: enter; event=0xE transaction_data.current_transcation_state = 0x0
09-23 13:53:36.611 D/BrcmNfcJni( 1670): checkforTranscation: exit; event=0xE transaction_data.current_transcation_state = 0x0
09-23 13:53:36.611 D/BrcmNfcJni( 1670): RoutingManager::nfaEeCallback: NFA_EE_ACTION_EVT; h=0x402; trigger=rf tech (0x2)
09-23 13:53:36.611 I/BrcmNfcNfa( 1670): nfc_ncif_process_event: exiting... free = 1
09-23 13:53:36.611 D/NxpTml  ( 1670): PN54X - Read requested.....
09-23 13:53:36.611 D/NxpTml  ( 1670): PN54X - Invoking I2C Read.....
09-23 13:53:36.721 E/        (  664): qmi_common.c: Qmi service received message from modem.
09-23 13:53:36.721 E/        (  664): enter common_qmi_handle_req_cb :ms_id1
09-23 13:53:36.721 E/        (  664): enter common_qmi_handle_req_cb 0001
09-23 13:53:36.721 E/        (  664): test qmi id:[3],antenna position : 1
09-23 13:53:36.721 E/        (  664): 
09-23 13:53:36.721 E/        (  664):  ########asdiv_sar_enable######## 
09-23 13:53:36.721 E/        (  664): enter common_qmi_handle_req_cb 0002
09-23 13:53:36.731 I/Rf_Sar  (  341): main , Line: 00416: oem-sar: Connection accepted
09-23 13:53:36.731 I/Rf_Sar  (  341): main , Line: 00425: the opera is 1
09-23 13:53:36.731 I/Rf_Sar  (  341): setSarStatusWithPrioritySvc , Line: 00269: set sar status:8 in setSarStatusWithPrioritySvc
09-23 13:53:36.731 I/Rf_Sar  (  341): setSarStatusWithPrioritySvc , Line: 00290: setSarStatusWithPriority:priority is less than or equal current max priority!
09-23 13:53:36.731 I/Rf_Sar  (  341): addItemToList , Line: 00126: addItemToList:sar handle tag:4001
09-23 13:53:36.731 I/Rf_Sar  (  341): isInSarList , Line: 00057: isInSarList:the item is queue!
09-23 13:53:36.731 I/Rf_Sar  (  341): addItemToList , Line: 00130: addItemToList:the sar item is already in queue!,do not add again
09-23 13:53:36.731 I/Rf_Sar  (  341): main , Line: 00408: oem-sar: Waiting to accept connection
09-23 13:53:36.731 E/        (  664): qmi_common.c: Qmi service received message from modem.
09-23 13:53:36.731 E/        (  664): enter common_qmi_handle_req_cb :ms_id1
09-23 13:53:36.731 E/        (  664): enter common_qmi_handle_req_cb 0001
09-23 13:53:36.731 E/        (  664): test qmi id:[3],antenna position : 0
09-23 13:53:36.731 E/        (  664): 
09-23 13:53:36.731 E/        (  664):  ########asdiv_sar_enable######## 
09-23 13:53:36.731 E/        (  664): enter common_qmi_handle_req_cb 0002
09-23 13:53:36.731 I/Rf_Sar  (  341): main , Line: 00416: oem-sar: Connection accepted
09-23 13:53:36.731 I/Rf_Sar  (  341): main , Line: 00425: the opera is 0
09-23 13:53:36.731 I/Rf_Sar  (  341): setSarStatusToDefaultSvc , Line: 00323: cancle sar status:8 in setSarStatusToDefaultSvc
09-23 13:53:36.731 I/Rf_Sar  (  341): setSarStatusToDefaultSvc , Line: 00339: setSarStatusToDefault:priority is equal current max priority!
09-23 13:53:36.731 I/Rf_Sar  (  341): setSarStatusToDefaultSvc , Line: 00340: setSarStatusToDefault:remove the item from queue!
09-23 13:53:36.731 I/Rf_Sar  (  341): removeItemFromList , Line: 00176: removeItemFromList:sar handle tag:4001
09-23 13:53:36.731 I/Rf_Sar  (  341): isInSarList , Line: 00057: isInSarList:the item is queue!
09-23 13:53:36.731 I/Rf_Sar  (  341): removeItemFromList , Line: 00185: removeItemFromList:sar handle  is in the queue
09-23 13:53:36.731 I/Rf_Sar  (  341): removeItemFromList , Line: 00202: removeItemFromList:find the handle in the queue:,handle tag:4001
09-23 13:53:36.731 I/Rf_Sar  (  341): removeItemFromList , Line: 00212: removeItemFromList: the handle in the tail of the queue
09-23 13:53:36.731 I/Rf_Sar  (  341): removeItemFromList , Line: 00221: removeItemFromList: remove the handle from the queue
09-23 13:53:36.731 I/Rf_Sar  (  341): setSarStatusToDefaultSvc , Line: 00349: setSarStatusToDefault:set state default value to modem
09-23 13:53:36.731 E/        (  341): come into oem_qmi_common_stream_from_modem --->modem 
09-23 13:53:36.731 D/        (  341): Lib:oem_qmi_cmd:Build socket connection success. And retry:0
09-23 13:53:36.731 E/        (  341): Lib:oem_qmi_cmd: Send to server  passed!!
09-23 13:53:36.731 E/        (  366): oem-qmi: Connection accepted
09-23 13:53:36.731 E/        (  366): oem-qmi: Waiting to accept connection
09-23 13:53:36.731 E/        (  341): ######  output 1
09-23 13:53:36.731 E/        (  341): ---qmi : rapi_event_type=141, qmi_ret=0, return_status=1. 
09-23 13:53:36.731 E/Rf_Sar  (  341): getMaxPriorityFromList , Line: 00237: getMaxPriorityFromList:find the highest priority
09-23 13:53:36.731 I/Rf_Sar  (  341): setSarStatusToDefaultSvc , Line: 00353: setSarStatusToDefault:get the max priority:0!
09-23 13:53:36.731 I/Rf_Sar  (  341): setSarStatusToDefaultSvc , Line: 00366: setSarStatusToDefault:setSarStatusToDefault complete
09-23 13:53:36.731 I/Rf_Sar  (  341): main , Line: 00408: oem-sar: Waiting to accept connection
09-23 13:53:36.741 D/NxpTml  ( 1670): PN54X - I2C Read successful.....
09-23 13:53:36.741 D/NxpNciR ( 1670): len =   7 > 61090402020100
09-23 13:53:36.741 D/NxpTml  ( 1670): PN54X - Posting read message.....
09-23 13:53:36.741 D/NxpHal  ( 1670): read successful status = 0x0
09-23 13:53:36.741 D/NfcAdaptation( 1670): NfcAdaptation::HalDeviceContextDataCallback: len=7
09-23 13:53:36.741 I/BrcmNfcNfa( 1670): nfc_ncif_process_event: entering...
09-23 13:53:36.741 I/BrcmNfcNfa( 1670): NFC received ntf gid:1
09-23 13:53:36.741 I/BrcmNfcNfa( 1670): nfa_dm_nfc_response_cback () NFC_EE_ACTION_REVT(0x5008)
09-23 13:53:36.741 I/BrcmNfcNfa( 1670): nfa_ee_proc_evt: event=0x5008 int_event:0x212
09-23 13:53:36.741 I/BrcmNfcNfa( 1670): nfa_ee_evt_hdlr (): Event NCI_ACTION(0x212), State: INIT_DONE(1)
09-23 13:53:36.741 D/BrcmNfcJni( 1670): checkforTranscation: enter; event=0xE transaction_data.current_transcation_state = 0x0
09-23 13:53:36.741 D/BrcmNfcJni( 1670): checkforTranscation: exit; event=0xE transaction_data.current_transcation_state = 0x0
09-23 13:53:36.741 D/BrcmNfcJni( 1670): RoutingManager::nfaEeCallback: NFA_EE_ACTION_EVT; h=0x402; trigger=rf tech (0x2)
09-23 13:53:36.741 I/BrcmNfcNfa( 1670): nfc_ncif_process_event: exiting... free = 1
09-23 13:53:36.741 D/NxpTml  ( 1670): PN54X - Read requested.....
09-23 13:53:36.741 D/NxpTml  ( 1670): PN54X - Invoking I2C Read.....
09-23 13:53:36.861 D/NxpTml  ( 1670): PN54X - I2C Read successful.....
09-23 13:53:36.861 D/NxpNciR ( 1670): len =   7 > 61090402020100
09-23 13:53:36.861 D/NxpTml  ( 1670): PN54X - Posting read message.....
09-23 13:53:36.861 D/NxpHal  ( 1670): read successful status = 0x0
09-23 13:53:36.861 D/NfcAdaptation( 1670): NfcAdaptation::HalDeviceContextDataCallback: len=7
09-23 13:53:36.861 I/BrcmNfcNfa( 1670): nfc_ncif_process_event: entering...
09-23 13:53:36.861 I/BrcmNfcNfa( 1670): NFC received ntf gid:1
09-23 13:53:36.861 I/BrcmNfcNfa( 1670): nfa_dm_nfc_response_cback () NFC_EE_ACTION_REVT(0x5008)
09-23 13:53:36.861 I/BrcmNfcNfa( 1670): nfa_ee_proc_evt: event=0x5008 int_event:0x212
09-23 13:53:36.861 I/BrcmNfcNfa( 1670): nfa_ee_evt_hdlr (): Event NCI_ACTION(0x212), State: INIT_DONE(1)
09-23 13:53:36.861 D/BrcmNfcJni( 1670): checkforTranscation: enter; event=0xE transaction_data.current_transcation_state = 0x0
09-23 13:53:36.861 D/BrcmNfcJni( 1670): checkforTranscation: exit; event=0xE transaction_data.current_transcation_state = 0x0
09-23 13:53:36.861 D/BrcmNfcJni( 1670): RoutingManager::nfaEeCallback: NFA_EE_ACTION_EVT; h=0x402; trigger=rf tech (0x2)
09-23 13:53:36.861 I/BrcmNfcNfa( 1670): nfc_ncif_process_event: exiting... free = 1
09-23 13:53:36.861 D/NxpTml  ( 1670): PN54X - Read requested.....
09-23 13:53:36.861 D/NxpTml  ( 1670): PN54X - Invoking I2C Read.....
09-23 13:53:36.991 D/NxpTml  ( 1670): PN54X - I2C Read successful.....
09-23 13:53:36.991 D/NxpNciR ( 1670): len =   7 > 61090402020100
09-23 13:53:36.991 D/NxpTml  ( 1670): PN54X - Posting read message.....
09-23 13:53:36.991 D/NxpHal  ( 1670): read successful status = 0x0
09-23 13:53:36.991 D/NfcAdaptation( 1670): NfcAdaptation::HalDeviceContextDataCallback: len=7
09-23 13:53:36.991 I/BrcmNfcNfa( 1670): nfc_ncif_process_event: entering...
09-23 13:53:36.991 I/BrcmNfcNfa( 1670): NFC received ntf gid:1
09-23 13:53:36.991 I/BrcmNfcNfa( 1670): nfa_dm_nfc_response_cback () NFC_EE_ACTION_REVT(0x5008)
09-23 13:53:36.991 I/BrcmNfcNfa( 1670): nfa_ee_proc_evt: event=0x5008 int_event:0x212
09-23 13:53:36.991 I/BrcmNfcNfa( 1670): nfa_ee_evt_hdlr (): Event NCI_ACTION(0x212), State: INIT_DONE(1)
09-23 13:53:36.991 D/BrcmNfcJni( 1670): checkforTranscation: enter; event=0xE transaction_data.current_transcation_state = 0x0
09-23 13:53:36.991 D/BrcmNfcJni( 1670): checkforTranscation: exit; event=0xE transaction_data.current_transcation_state = 0x0
09-23 13:53:36.991 D/BrcmNfcJni( 1670): RoutingManager::nfaEeCallback: NFA_EE_ACTION_EVT; h=0x402; trigger=rf tech (0x2)
09-23 13:53:36.991 I/BrcmNfcNfa( 1670): nfc_ncif_process_event: exiting... free = 1
09-23 13:53:36.991 D/NxpTml  ( 1670): PN54X - Read requested.....
09-23 13:53:36.991 D/NxpTml  ( 1670): PN54X - Invoking I2C Read.....
09-23 13:53:37.111 D/NxpTml  ( 1670): PN54X - I2C Read successful.....
09-23 13:53:37.111 D/NxpNciR ( 1670): len =   7 > 61090402020100
09-23 13:53:37.111 D/NxpTml  ( 1670): PN54X - Posting read message.....
09-23 13:53:37.111 D/NxpHal  ( 1670): read successful status = 0x0
09-23 13:53:37.111 D/NfcAdaptation( 1670): NfcAdaptation::HalDeviceContextDataCallback: len=7
09-23 13:53:37.111 I/BrcmNfcNfa( 1670): nfc_ncif_process_event: entering...
09-23 13:53:37.111 I/BrcmNfcNfa( 1670): NFC received ntf gid:1
09-23 13:53:37.111 I/BrcmNfcNfa( 1670): nfa_dm_nfc_response_cback () NFC_EE_ACTION_REVT(0x5008)
09-23 13:53:37.111 I/BrcmNfcNfa( 1670): nfa_ee_proc_evt: event=0x5008 int_event:0x212
09-23 13:53:37.111 I/BrcmNfcNfa( 1670): nfa_ee_evt_hdlr (): Event NCI_ACTION(0x212), State: INIT_DONE(1)
09-23 13:53:37.111 D/BrcmNfcJni( 1670): checkforTranscation: enter; event=0xE transaction_data.current_transcation_state = 0x0
09-23 13:53:37.111 D/BrcmNfcJni( 1670): checkforTranscation: exit; event=0xE transaction_data.current_transcation_state = 0x0
09-23 13:53:37.111 D/BrcmNfcJni( 1670): RoutingManager::nfaEeCallback: NFA_EE_ACTION_EVT; h=0x402; trigger=rf tech (0x2)
09-23 13:53:37.111 I/BrcmNfcNfa( 1670): nfc_ncif_process_event: exiting... free = 1
09-23 13:53:37.111 D/NxpTml  ( 1670): PN54X - Read requested.....
09-23 13:53:37.111 D/NxpTml  ( 1670): PN54X - Invoking I2C Read.....
09-23 13:53:37.241 D/NxpTml  ( 1670): PN54X - I2C Read successful.....
09-23 13:53:37.241 D/NxpNciR ( 1670): len =   7 > 61090402020100
09-23 13:53:37.241 D/NxpTml  ( 1670): PN54X - Posting read message.....
09-23 13:53:37.241 D/NxpHal  ( 1670): read successful status = 0x0
09-23 13:53:37.241 D/NfcAdaptation( 1670): NfcAdaptation::HalDeviceContextDataCallback: len=7
09-23 13:53:37.241 I/BrcmNfcNfa( 1670): nfc_ncif_process_event: entering...
09-23 13:53:37.241 I/BrcmNfcNfa( 1670): NFC received ntf gid:1
09-23 13:53:37.241 I/BrcmNfcNfa( 1670): nfa_dm_nfc_response_cback () NFC_EE_ACTION_REVT(0x5008)
09-23 13:53:37.241 I/BrcmNfcNfa( 1670): nfa_ee_proc_evt: event=0x5008 int_event:0x212
09-23 13:53:37.241 I/BrcmNfcNfa( 1670): nfa_ee_evt_hdlr (): Event NCI_ACTION(0x212), State: INIT_DONE(1)
09-23 13:53:37.241 D/BrcmNfcJni( 1670): checkforTranscation: enter; event=0xE transaction_data.current_transcation_state = 0x0
09-23 13:53:37.241 D/BrcmNfcJni( 1670): checkforTranscation: exit; event=0xE transaction_data.current_transcation_state = 0x0
09-23 13:53:37.241 D/BrcmNfcJni( 1670): RoutingManager::nfaEeCallback: NFA_EE_ACTION_EVT; h=0x402; trigger=rf tech (0x2)
09-23 13:53:37.241 I/BrcmNfcNfa( 1670): nfc_ncif_process_event: exiting... free = 1
09-23 13:53:37.241 D/NxpTml  ( 1670): PN54X - Read requested.....
09-23 13:53:37.241 D/NxpTml  ( 1670): PN54X - Invoking I2C Read.....
09-23 13:53:37.351 E/        (  664): qmi_common.c: Qmi service received message from modem.
09-23 13:53:37.351 E/        (  664): enter common_qmi_handle_req_cb :ms_id1
09-23 13:53:37.351 E/        (  664): enter common_qmi_handle_req_cb 0001
09-23 13:53:37.351 E/        (  664): test qmi id:[3],antenna position : 1
09-23 13:53:37.351 E/        (  664): 
09-23 13:53:37.351 E/        (  664):  ########asdiv_sar_enable######## 
09-23 13:53:37.351 E/        (  664): enter common_qmi_handle_req_cb 0002
09-23 13:53:37.351 I/Rf_Sar  (  341): main , Line: 00416: oem-sar: Connection accepted
09-23 13:53:37.351 I/Rf_Sar  (  341): main , Line: 00425: the opera is 1
09-23 13:53:37.351 I/Rf_Sar  (  341): setSarStatusWithPrioritySvc , Line: 00269: set sar status:8 in setSarStatusWithPrioritySvc
09-23 13:53:37.351 I/Rf_Sar  (  341): setSarStatusWithPrioritySvc , Line: 00273: setSarStatusWithPriority:current_max_priority is 0!
09-23 13:53:37.351 E/Rf_Sar  (  341): setSarStatusWithPrioritySvc , Line: 00274: setSarStatusWithPriority:priority is more than current max priority!
09-23 13:53:37.351 I/Rf_Sar  (  341): addItemToList , Line: 00126: addItemToList:sar handle tag:4001
09-23 13:53:37.351 I/Rf_Sar  (  341): isInSarList , Line: 00046: isInSarList:the queue is empty!
09-23 13:53:37.351 I/Rf_Sar  (  341): addItemToList , Line: 00135: addItemToList:sar handle  is not in queue
09-23 13:53:37.351 I/Rf_Sar  (  341): addItemToList , Line: 00145: addItemToList:add handle to index 8
09-23 13:53:37.351 I/Rf_Sar  (  341): addItemToList , Line: 00150: addItemToList: add sar handle to queue
09-23 13:53:37.351 I/Rf_Sar  (  341): setSarStatusWithPrioritySvc , Line: 00284: setSarStatusWithPriority:set state to modem,state:8
09-23 13:53:37.351 E/        (  341): come into oem_qmi_common_stream_from_modem --->modem 
09-23 13:53:37.351 D/        (  341): Lib:oem_qmi_cmd:Build socket connection success. And retry:0
09-23 13:53:37.351 E/        (  341): Lib:oem_qmi_cmd: Send to server  passed!!
09-23 13:53:37.351 E/        (  366): oem-qmi: Connection accepted
09-23 13:53:37.351 E/        (  366): oem-qmi: Waiting to accept connection
09-23 13:53:37.351 E/        (  341): ######  output 1
09-23 13:53:37.351 E/        (  341): ---qmi : rapi_event_type=141, qmi_ret=0, return_status=1. 
09-23 13:53:37.351 E/        (  341): come into oem_qmi_common_stream_from_modem --->modem 
09-23 13:53:37.351 D/        (  341): Lib:oem_qmi_cmd:Build socket connection success. And retry:0
09-23 13:53:37.351 E/        (  341): Lib:oem_qmi_cmd: Send to server  passed!!
09-23 13:53:37.351 E/        (  366): oem-qmi: Connection accepted
09-23 13:53:37.351 E/        (  366): oem-qmi: Waiting to accept connection
09-23 13:53:37.351 E/        (  341): ######  output 1
09-23 13:53:37.351 E/        (  341): ---qmi : rapi_event_type=141, qmi_ret=0, return_status=1. 
09-23 13:53:37.351 I/Rf_Sar  (  341): main , Line: 00408: oem-sar: Waiting to accept connection
09-23 13:53:37.361 D/NxpTml  ( 1670): PN54X - I2C Read successful.....
09-23 13:53:37.361 D/NxpNciR ( 1670): len =   7 > 61090402020100
09-23 13:53:37.361 D/NxpTml  ( 1670): PN54X - Posting read message.....
09-23 13:53:37.361 D/NxpHal  ( 1670): read successful status = 0x0
09-23 13:53:37.361 D/NfcAdaptation( 1670): NfcAdaptation::HalDeviceContextDataCallback: len=7
09-23 13:53:37.361 I/BrcmNfcNfa( 1670): nfc_ncif_process_event: entering...
09-23 13:53:37.361 I/BrcmNfcNfa( 1670): NFC received ntf gid:1
09-23 13:53:37.361 I/BrcmNfcNfa( 1670): nfa_dm_nfc_response_cback () NFC_EE_ACTION_REVT(0x5008)
09-23 13:53:37.361 I/BrcmNfcNfa( 1670): nfa_ee_proc_evt: event=0x5008 int_event:0x212
09-23 13:53:37.361 I/BrcmNfcNfa( 1670): nfa_ee_evt_hdlr (): Event NCI_ACTION(0x212), State: INIT_DONE(1)
09-23 13:53:37.361 D/BrcmNfcJni( 1670): checkforTranscation: enter; event=0xE transaction_data.current_transcation_state = 0x0
09-23 13:53:37.361 D/BrcmNfcJni( 1670): checkforTranscation: exit; event=0xE transaction_data.current_transcation_state = 0x0
09-23 13:53:37.361 D/BrcmNfcJni( 1670): RoutingManager::nfaEeCallback: NFA_EE_ACTION_EVT; h=0x402; trigger=rf tech (0x2)
09-23 13:53:37.361 I/BrcmNfcNfa( 1670): nfc_ncif_process_event: exiting... free = 1
09-23 13:53:37.361 D/NxpTml  ( 1670): PN54X - Read requested.....
09-23 13:53:37.361 D/NxpTml  ( 1670): PN54X - Invoking I2C Read.....
09-23 13:53:37.481 D/NxpTml  ( 1670): PN54X - I2C Read successful.....
09-23 13:53:37.481 D/NxpNciR ( 1670): len =   7 > 61090402020100
09-23 13:53:37.481 D/NxpTml  ( 1670): PN54X - Posting read message.....
09-23 13:53:37.481 D/NxpHal  ( 1670): read successful status = 0x0
09-23 13:53:37.481 D/NfcAdaptation( 1670): NfcAdaptation::HalDeviceContextDataCallback: len=7
09-23 13:53:37.491 I/BrcmNfcNfa( 1670): nfc_ncif_process_event: entering...
09-23 13:53:37.491 I/BrcmNfcNfa( 1670): NFC received ntf gid:1
09-23 13:53:37.491 I/BrcmNfcNfa( 1670): nfa_dm_nfc_response_cback () NFC_EE_ACTION_REVT(0x5008)
09-23 13:53:37.491 I/BrcmNfcNfa( 1670): nfa_ee_proc_evt: event=0x5008 int_event:0x212
09-23 13:53:37.491 I/BrcmNfcNfa( 1670): nfa_ee_evt_hdlr (): Event NCI_ACTION(0x212), State: INIT_DONE(1)
09-23 13:53:37.491 D/BrcmNfcJni( 1670): checkforTranscation: enter; event=0xE transaction_data.current_transcation_state = 0x0
09-23 13:53:37.491 D/BrcmNfcJni( 1670): checkforTranscation: exit; event=0xE transaction_data.current_transcation_state = 0x0
09-23 13:53:37.491 D/BrcmNfcJni( 1670): RoutingManager::nfaEeCallback: NFA_EE_ACTION_EVT; h=0x402; trigger=rf tech (0x2)
09-23 13:53:37.491 I/BrcmNfcNfa( 1670): nfc_ncif_process_event: exiting... free = 1
09-23 13:53:37.491 D/NxpTml  ( 1670): PN54X - Read requested.....
09-23 13:53:37.491 D/NxpTml  ( 1670): PN54X - Invoking I2C Read.....
09-23 13:53:37.581 E/        (  664): qmi_common.c: Qmi service received message from modem.
09-23 13:53:37.581 E/        (  664): enter common_qmi_handle_req_cb :ms_id1
09-23 13:53:37.581 E/        (  664): enter common_qmi_handle_req_cb 0001
09-23 13:53:37.581 E/        (  664): test qmi id:[3],antenna position : 0
09-23 13:53:37.581 E/        (  664): 
09-23 13:53:37.581 E/        (  664):  ########asdiv_sar_enable######## 
09-23 13:53:37.591 I/Rf_Sar  (  341): main , Line: 00416: oem-sar: Connection accepted
09-23 13:53:37.591 E/        (  664): enter common_qmi_handle_req_cb 0002
09-23 13:53:37.591 I/Rf_Sar  (  341): main , Line: 00425: the opera is 0
09-23 13:53:37.591 I/Rf_Sar  (  341): setSarStatusToDefaultSvc , Line: 00323: cancle sar status:8 in setSarStatusToDefaultSvc
09-23 13:53:37.591 I/Rf_Sar  (  341): setSarStatusToDefaultSvc , Line: 00339: setSarStatusToDefault:priority is equal current max priority!
09-23 13:53:37.591 I/Rf_Sar  (  341): setSarStatusToDefaultSvc , Line: 00340: setSarStatusToDefault:remove the item from queue!
09-23 13:53:37.591 I/Rf_Sar  (  341): removeItemFromList , Line: 00176: removeItemFromList:sar handle tag:4001
09-23 13:53:37.591 I/Rf_Sar  (  341): isInSarList , Line: 00057: isInSarList:the item is queue!
09-23 13:53:37.591 I/Rf_Sar  (  341): removeItemFromList , Line: 00185: removeItemFromList:sar handle  is in the queue
09-23 13:53:37.591 I/Rf_Sar  (  341): removeItemFromList , Line: 00202: removeItemFromList:find the handle in the queue:,handle tag:4001
09-23 13:53:37.591 I/Rf_Sar  (  341): removeItemFromList , Line: 00212: removeItemFromList: the handle in the tail of the queue
09-23 13:53:37.591 I/Rf_Sar  (  341): removeItemFromList , Line: 00221: removeItemFromList: remove the handle from the queue
09-23 13:53:37.591 I/Rf_Sar  (  341): setSarStatusToDefaultSvc , Line: 00349: setSarStatusToDefault:set state default value to modem
09-23 13:53:37.591 E/        (  341): come into oem_qmi_common_stream_from_modem --->modem 
09-23 13:53:37.591 D/        (  341): Lib:oem_qmi_cmd:Build socket connection success. And retry:0
09-23 13:53:37.591 E/        (  341): Lib:oem_qmi_cmd: Send to server  passed!!
09-23 13:53:37.591 E/        (  366): oem-qmi: Connection accepted
09-23 13:53:37.591 E/        (  366): oem-qmi: Waiting to accept connection
09-23 13:53:37.591 E/        (  341): ######  output 1
09-23 13:53:37.591 E/        (  341): ---qmi : rapi_event_type=141, qmi_ret=0, return_status=1. 
09-23 13:53:37.591 E/Rf_Sar  (  341): getMaxPriorityFromList , Line: 00237: getMaxPriorityFromList:find the highest priority
09-23 13:53:37.591 I/Rf_Sar  (  341): setSarStatusToDefaultSvc , Line: 00353: setSarStatusToDefault:get the max priority:0!
09-23 13:53:37.591 I/Rf_Sar  (  341): setSarStatusToDefaultSvc , Line: 00366: setSarStatusToDefault:setSarStatusToDefault complete
09-23 13:53:37.591 I/Rf_Sar  (  341): main , Line: 00408: oem-sar: Waiting to accept connection
09-23 13:53:37.611 D/NxpTml  ( 1670): PN54X - I2C Read successful.....
09-23 13:53:37.611 D/NxpNciR ( 1670): len =   7 > 61090402020100
09-23 13:53:37.611 D/NxpTml  ( 1670): PN54X - Posting read message.....
09-23 13:53:37.611 D/NxpHal  ( 1670): read successful status = 0x0
09-23 13:53:37.611 D/NfcAdaptation( 1670): NfcAdaptation::HalDeviceContextDataCallback: len=7
09-23 13:53:37.611 I/BrcmNfcNfa( 1670): nfc_ncif_process_event: entering...
09-23 13:53:37.611 I/BrcmNfcNfa( 1670): NFC received ntf gid:1
09-23 13:53:37.611 I/BrcmNfcNfa( 1670): nfa_dm_nfc_response_cback () NFC_EE_ACTION_REVT(0x5008)
09-23 13:53:37.611 I/BrcmNfcNfa( 1670): nfa_ee_proc_evt: event=0x5008 int_event:0x212
09-23 13:53:37.611 I/BrcmNfcNfa( 1670): nfa_ee_evt_hdlr (): Event NCI_ACTION(0x212), State: INIT_DONE(1)
09-23 13:53:37.611 D/BrcmNfcJni( 1670): checkforTranscation: enter; event=0xE transaction_data.current_transcation_state = 0x0
09-23 13:53:37.611 D/BrcmNfcJni( 1670): checkforTranscation: exit; event=0xE transaction_data.current_transcation_state = 0x0
09-23 13:53:37.611 D/BrcmNfcJni( 1670): RoutingManager::nfaEeCallback: NFA_EE_ACTION_EVT; h=0x402; trigger=rf tech (0x2)
09-23 13:53:37.611 I/BrcmNfcNfa( 1670): nfc_ncif_process_event: exiting... free = 1
09-23 13:53:37.611 D/NxpTml  ( 1670): PN54X - Read requested.....
09-23 13:53:37.611 D/NxpTml  ( 1670): PN54X - Invoking I2C Read.....
09-23 13:53:37.721 E/        (  664): qmi_common.c: Qmi service received message from modem.
09-23 13:53:37.721 E/        (  664): enter common_qmi_handle_req_cb :ms_id1
09-23 13:53:37.721 E/        (  664): enter common_qmi_handle_req_cb 0001
09-23 13:53:37.721 E/        (  664): test qmi id:[3],antenna position : 1
09-23 13:53:37.721 E/        (  664): 
09-23 13:53:37.721 E/        (  664):  ########asdiv_sar_enable######## 
09-23 13:53:37.721 E/        (  664): enter common_qmi_handle_req_cb 0002
09-23 13:53:37.721 I/Rf_Sar  (  341): main , Line: 00416: oem-sar: Connection accepted
09-23 13:53:37.721 I/Rf_Sar  (  341): main , Line: 00425: the opera is 1
09-23 13:53:37.721 I/Rf_Sar  (  341): setSarStatusWithPrioritySvc , Line: 00269: set sar status:8 in setSarStatusWithPrioritySvc
09-23 13:53:37.721 I/Rf_Sar  (  341): setSarStatusWithPrioritySvc , Line: 00273: setSarStatusWithPriority:current_max_priority is 0!
09-23 13:53:37.721 E/Rf_Sar  (  341): setSarStatusWithPrioritySvc , Line: 00274: setSarStatusWithPriority:priority is more than current max priority!
09-23 13:53:37.721 I/Rf_Sar  (  341): addItemToList , Line: 00126: addItemToList:sar handle tag:4001
09-23 13:53:37.721 I/Rf_Sar  (  341): isInSarList , Line: 00046: isInSarList:the queue is empty!
09-23 13:53:37.721 I/Rf_Sar  (  341): addItemToList , Line: 00135: addItemToList:sar handle  is not in queue
09-23 13:53:37.721 I/Rf_Sar  (  341): addItemToList , Line: 00145: addItemToList:add handle to index 8
09-23 13:53:37.721 I/Rf_Sar  (  341): addItemToList , Line: 00150: addItemToList: add sar handle to queue
09-23 13:53:37.721 I/Rf_Sar  (  341): setSarStatusWithPrioritySvc , Line: 00284: setSarStatusWithPriority:set state to modem,state:8
09-23 13:53:37.721 E/        (  341): come into oem_qmi_common_stream_from_modem --->modem 
09-23 13:53:37.721 D/        (  341): Lib:oem_qmi_cmd:Build socket connection success. And retry:0
09-23 13:53:37.721 E/        (  341): Lib:oem_qmi_cmd: Send to server  passed!!
09-23 13:53:37.731 E/        (  366): oem-qmi: Connection accepted
09-23 13:53:37.731 E/        (  366): oem-qmi: Waiting to accept connection
09-23 13:53:37.731 E/        (  341): ######  output 1
09-23 13:53:37.731 E/        (  341): ---qmi : rapi_event_type=141, qmi_ret=0, return_status=1. 
09-23 13:53:37.731 E/        (  341): come into oem_qmi_common_stream_from_modem --->modem 
09-23 13:53:37.731 D/        (  341): Lib:oem_qmi_cmd:Build socket connection success. And retry:0
09-23 13:53:37.731 E/        (  341): Lib:oem_qmi_cmd: Send to server  passed!!
09-23 13:53:37.731 E/        (  366): oem-qmi: Connection accepted
09-23 13:53:37.731 E/        (  366): oem-qmi: Waiting to accept connection
09-23 13:53:37.731 E/        (  664): qmi_common.c: Qmi service received message from modem.
09-23 13:53:37.731 E/        (  664): enter common_qmi_handle_req_cb :ms_id1
09-23 13:53:37.731 E/        (  664): enter common_qmi_handle_req_cb 0001
09-23 13:53:37.731 E/        (  664): test qmi id:[3],antenna position : 0
09-23 13:53:37.731 E/        (  664): 
09-23 13:53:37.731 E/        (  664):  ########asdiv_sar_enable######## 
09-23 13:53:37.731 E/        (  664): enter common_qmi_handle_req_cb 0002
09-23 13:53:37.731 E/        (  341): ######  output 1
09-23 13:53:37.731 E/        (  341): ---qmi : rapi_event_type=141, qmi_ret=0, return_status=1. 
09-23 13:53:37.731 I/Rf_Sar  (  341): main , Line: 00408: oem-sar: Waiting to accept connection
09-23 13:53:37.731 I/Rf_Sar  (  341): main , Line: 00416: oem-sar: Connection accepted
09-23 13:53:37.731 I/Rf_Sar  (  341): main , Line: 00425: the opera is 0
09-23 13:53:37.731 I/Rf_Sar  (  341): setSarStatusToDefaultSvc , Line: 00323: cancle sar status:8 in setSarStatusToDefaultSvc
09-23 13:53:37.731 I/Rf_Sar  (  341): setSarStatusToDefaultSvc , Line: 00339: setSarStatusToDefault:priority is equal current max priority!
09-23 13:53:37.731 I/Rf_Sar  (  341): setSarStatusToDefaultSvc , Line: 00340: setSarStatusToDefault:remove the item from queue!
09-23 13:53:37.731 I/Rf_Sar  (  341): removeItemFromList , Line: 00176: removeItemFromList:sar handle tag:4001
09-23 13:53:37.731 I/Rf_Sar  (  341): isInSarList , Line: 00057: isInSarList:the item is queue!
09-23 13:53:37.731 I/Rf_Sar  (  341): removeItemFromList , Line: 00185: removeItemFromList:sar handle  is in the queue
09-23 13:53:37.731 I/Rf_Sar  (  341): removeItemFromList , Line: 00202: removeItemFromList:find the handle in the queue:,handle tag:4001
09-23 13:53:37.731 I/Rf_Sar  (  341): removeItemFromList , Line: 00212: removeItemFromList: the handle in the tail of the queue
09-23 13:53:37.731 I/Rf_Sar  (  341): removeItemFromList , Line: 00221: removeItemFromList: remove the handle from the queue
09-23 13:53:37.731 I/Rf_Sar  (  341): setSarStatusToDefaultSvc , Line: 00349: setSarStatusToDefault:set state default value to modem
09-23 13:53:37.731 E/        (  341): come into oem_qmi_common_stream_from_modem --->modem 
09-23 13:53:37.731 D/        (  341): Lib:oem_qmi_cmd:Build socket connection success. And retry:0
09-23 13:53:37.731 E/        (  341): Lib:oem_qmi_cmd: Send to server  passed!!
09-23 13:53:37.731 E/        (  366): oem-qmi: Connection accepted
09-23 13:53:37.731 E/        (  366): oem-qmi: Waiting to accept connection
09-23 13:53:37.731 E/        (  341): ######  output 1
09-23 13:53:37.731 E/        (  341): ---qmi : rapi_event_type=141, qmi_ret=0, return_status=1. 
09-23 13:53:37.731 E/Rf_Sar  (  341): getMaxPriorityFromList , Line: 00237: getMaxPriorityFromList:find the highest priority
09-23 13:53:37.731 I/Rf_Sar  (  341): setSarStatusToDefaultSvc , Line: 00353: setSarStatusToDefault:get the max priority:0!
09-23 13:53:37.731 I/Rf_Sar  (  341): setSarStatusToDefaultSvc , Line: 00366: setSarStatusToDefault:setSarStatusToDefault complete
09-23 13:53:37.731 I/Rf_Sar  (  341): main , Line: 00408: oem-sar: Waiting to accept connection
09-23 13:53:37.731 D/NxpTml  ( 1670): PN54X - I2C Read successful.....
09-23 13:53:37.731 D/NxpNciR ( 1670): len =   7 > 61090402020100
09-23 13:53:37.731 D/NxpTml  ( 1670): PN54X - Posting read message.....
09-23 13:53:37.731 D/NxpHal  ( 1670): read successful status = 0x0
09-23 13:53:37.731 D/NfcAdaptation( 1670): NfcAdaptation::HalDeviceContextDataCallback: len=7
09-23 13:53:37.731 I/BrcmNfcNfa( 1670): nfc_ncif_process_event: entering...
09-23 13:53:37.731 I/BrcmNfcNfa( 1670): NFC received ntf gid:1
09-23 13:53:37.731 I/BrcmNfcNfa( 1670): nfa_dm_nfc_response_cback () NFC_EE_ACTION_REVT(0x5008)
09-23 13:53:37.731 I/BrcmNfcNfa( 1670): nfa_ee_proc_evt: event=0x5008 int_event:0x212
09-23 13:53:37.731 I/BrcmNfcNfa( 1670): nfa_ee_evt_hdlr (): Event NCI_ACTION(0x212), State: INIT_DONE(1)
09-23 13:53:37.731 D/BrcmNfcJni( 1670): checkforTranscation: enter; event=0xE transaction_data.current_transcation_state = 0x0
09-23 13:53:37.731 D/BrcmNfcJni( 1670): checkforTranscation: exit; event=0xE transaction_data.current_transcation_state = 0x0
09-23 13:53:37.731 D/BrcmNfcJni( 1670): RoutingManager::nfaEeCallback: NFA_EE_ACTION_EVT; h=0x402; trigger=rf tech (0x2)
09-23 13:53:37.731 I/BrcmNfcNfa( 1670): nfc_ncif_process_event: exiting... free = 1
09-23 13:53:37.731 D/NxpTml  ( 1670): PN54X - Read requested.....
09-23 13:53:37.731 D/NxpTml  ( 1670): PN54X - Invoking I2C Read.....
09-23 13:53:37.861 D/NxpTml  ( 1670): PN54X - I2C Read successful.....
09-23 13:53:37.861 D/NxpNciR ( 1670): len =   7 > 61090402020100
09-23 13:53:37.861 D/NxpTml  ( 1670): PN54X - Posting read message.....
09-23 13:53:37.861 D/NxpHal  ( 1670): read successful status = 0x0
09-23 13:53:37.861 D/NfcAdaptation( 1670): NfcAdaptation::HalDeviceContextDataCallback: len=7
09-23 13:53:37.861 I/BrcmNfcNfa( 1670): nfc_ncif_process_event: entering...
09-23 13:53:37.861 I/BrcmNfcNfa( 1670): NFC received ntf gid:1
09-23 13:53:37.861 I/BrcmNfcNfa( 1670): nfa_dm_nfc_response_cback () NFC_EE_ACTION_REVT(0x5008)
09-23 13:53:37.861 I/BrcmNfcNfa( 1670): nfa_ee_proc_evt: event=0x5008 int_event:0x212
09-23 13:53:37.861 I/BrcmNfcNfa( 1670): nfa_ee_evt_hdlr (): Event NCI_ACTION(0x212), State: INIT_DONE(1)
09-23 13:53:37.861 D/BrcmNfcJni( 1670): checkforTranscation: enter; event=0xE transaction_data.current_transcation_state = 0x0
09-23 13:53:37.861 D/BrcmNfcJni( 1670): checkforTranscation: exit; event=0xE transaction_data.current_transcation_state = 0x0
09-23 13:53:37.861 D/BrcmNfcJni( 1670): RoutingManager::nfaEeCallback: NFA_EE_ACTION_EVT; h=0x402; trigger=rf tech (0x2)
09-23 13:53:37.861 I/BrcmNfcNfa( 1670): nfc_ncif_process_event: exiting... free = 1
09-23 13:53:37.861 D/NxpTml  ( 1670): PN54X - Read requested.....
09-23 13:53:37.861 D/NxpTml  ( 1670): PN54X - Invoking I2C Read.....
09-23 13:53:37.931 E/        (  664): qmi_common.c: Qmi service received message from modem.
09-23 13:53:37.931 E/        (  664): enter common_qmi_handle_req_cb :ms_id1
09-23 13:53:37.931 E/        (  664): enter common_qmi_handle_req_cb 0001
09-23 13:53:37.931 E/        (  664): test qmi id:[3],antenna position : 1
09-23 13:53:37.931 E/        (  664): 
09-23 13:53:37.931 E/        (  664):  ########asdiv_sar_enable######## 
09-23 13:53:37.931 E/        (  664): enter common_qmi_handle_req_cb 0002
09-23 13:53:37.931 I/Rf_Sar  (  341): main , Line: 00416: oem-sar: Connection accepted
09-23 13:53:37.931 I/Rf_Sar  (  341): main , Line: 00425: the opera is 1
09-23 13:53:37.931 I/Rf_Sar  (  341): setSarStatusWithPrioritySvc , Line: 00269: set sar status:8 in setSarStatusWithPrioritySvc
09-23 13:53:37.931 I/Rf_Sar  (  341): setSarStatusWithPrioritySvc , Line: 00273: setSarStatusWithPriority:current_max_priority is 0!
09-23 13:53:37.931 E/Rf_Sar  (  341): setSarStatusWithPrioritySvc , Line: 00274: setSarStatusWithPriority:priority is more than current max priority!
09-23 13:53:37.931 I/Rf_Sar  (  341): addItemToList , Line: 00126: addItemToList:sar handle tag:4001
09-23 13:53:37.931 I/Rf_Sar  (  341): isInSarList , Line: 00046: isInSarList:the queue is empty!
09-23 13:53:37.931 I/Rf_Sar  (  341): addItemToList , Line: 00135: addItemToList:sar handle  is not in queue
09-23 13:53:37.931 I/Rf_Sar  (  341): addItemToList , Line: 00145: addItemToList:add handle to index 8
09-23 13:53:37.931 I/Rf_Sar  (  341): addItemToList , Line: 00150: addItemToList: add sar handle to queue
09-23 13:53:37.931 I/Rf_Sar  (  341): setSarStatusWithPrioritySvc , Line: 00284: setSarStatusWithPriority:set state to modem,state:8
09-23 13:53:37.931 E/        (  341): come into oem_qmi_common_stream_from_modem --->modem 
09-23 13:53:37.931 D/        (  341): Lib:oem_qmi_cmd:Build socket connection success. And retry:0
09-23 13:53:37.931 E/        (  341): Lib:oem_qmi_cmd: Send to server  passed!!
09-23 13:53:37.931 E/        (  366): oem-qmi: Connection accepted
09-23 13:53:37.931 E/        (  366): oem-qmi: Waiting to accept connection
09-23 13:53:37.931 E/        (  341): ######  output 1
09-23 13:53:37.931 E/        (  341): ---qmi : rapi_event_type=141, qmi_ret=0, return_status=1. 
09-23 13:53:37.931 E/        (  341): come into oem_qmi_common_stream_from_modem --->modem 
09-23 13:53:37.931 D/        (  341): Lib:oem_qmi_cmd:Build socket connection success. And retry:0
09-23 13:53:37.931 E/        (  341): Lib:oem_qmi_cmd: Send to server  passed!!
09-23 13:53:37.931 E/        (  366): oem-qmi: Connection accepted
09-23 13:53:37.931 E/        (  366): oem-qmi: Waiting to accept connection
09-23 13:53:37.931 E/        (  664): qmi_common.c: Qmi service received message from modem.
09-23 13:53:37.931 E/        (  664): enter common_qmi_handle_req_cb :ms_id1
09-23 13:53:37.931 E/        (  664): enter common_qmi_handle_req_cb 0001
09-23 13:53:37.931 E/        (  664): test qmi id:[3],antenna position : 0
09-23 13:53:37.931 E/        (  664): 
09-23 13:53:37.931 E/        (  664):  ########asdiv_sar_enable######## 
09-23 13:53:37.931 E/        (  664): enter common_qmi_handle_req_cb 0002
09-23 13:53:37.931 E/        (  341): ######  output 1
09-23 13:53:37.931 E/        (  341): ---qmi : rapi_event_type=141, qmi_ret=0, return_status=1. 
09-23 13:53:37.931 I/Rf_Sar  (  341): main , Line: 00408: oem-sar: Waiting to accept connection
09-23 13:53:37.931 I/Rf_Sar  (  341): main , Line: 00416: oem-sar: Connection accepted
09-23 13:53:37.931 I/Rf_Sar  (  341): main , Line: 00425: the opera is 0
09-23 13:53:37.931 I/Rf_Sar  (  341): setSarStatusToDefaultSvc , Line: 00323: cancle sar status:8 in setSarStatusToDefaultSvc
09-23 13:53:37.931 I/Rf_Sar  (  341): setSarStatusToDefaultSvc , Line: 00339: setSarStatusToDefault:priority is equal current max priority!
09-23 13:53:37.931 I/Rf_Sar  (  341): setSarStatusToDefaultSvc , Line: 00340: setSarStatusToDefault:remove the item from queue!
09-23 13:53:37.931 I/Rf_Sar  (  341): removeItemFromList , Line: 00176: removeItemFromList:sar handle tag:4001
09-23 13:53:37.931 I/Rf_Sar  (  341): isInSarList , Line: 00057: isInSarList:the item is queue!
09-23 13:53:37.931 I/Rf_Sar  (  341): removeItemFromList , Line: 00185: removeItemFromList:sar handle  is in the queue
09-23 13:53:37.931 I/Rf_Sar  (  341): removeItemFromList , Line: 00202: removeItemFromList:find the handle in the queue:,handle tag:4001
09-23 13:53:37.931 I/Rf_Sar  (  341): removeItemFromList , Line: 00212: removeItemFromList: the handle in the tail of the queue
09-23 13:53:37.931 I/Rf_Sar  (  341): removeItemFromList , Line: 00221: removeItemFromList: remove the handle from the queue
09-23 13:53:37.931 I/Rf_Sar  (  341): setSarStatusToDefaultSvc , Line: 00349: setSarStatusToDefault:set state default value to modem
09-23 13:53:37.931 E/        (  341): come into oem_qmi_common_stream_from_modem --->modem 
09-23 13:53:37.931 D/        (  341): Lib:oem_qmi_cmd:Build socket connection success. And retry:0
09-23 13:53:37.931 E/        (  341): Lib:oem_qmi_cmd: Send to server  passed!!
09-23 13:53:37.931 E/        (  366): oem-qmi: Connection accepted
09-23 13:53:37.931 E/        (  366): oem-qmi: Waiting to accept connection
09-23 13:53:37.931 E/        (  341): ######  output 1
09-23 13:53:37.931 E/        (  341): ---qmi : rapi_event_type=141, qmi_ret=0, return_status=1. 
09-23 13:53:37.931 E/Rf_Sar  (  341): getMaxPriorityFromList , Line: 00237: getMaxPriorityFromList:find the highest priority
09-23 13:53:37.931 I/Rf_Sar  (  341): setSarStatusToDefaultSvc , Line: 00353: setSarStatusToDefault:get the max priority:0!
09-23 13:53:37.931 I/Rf_Sar  (  341): setSarStatusToDefaultSvc , Line: 00366: setSarStatusToDefault:setSarStatusToDefault complete
09-23 13:53:37.931 I/Rf_Sar  (  341): main , Line: 00408: oem-sar: Waiting to accept connection
09-23 13:53:37.991 D/NxpTml  ( 1670): PN54X - I2C Read successful.....
09-23 13:53:37.991 D/NxpNciR ( 1670): len =   7 > 61090402020100
09-23 13:53:37.991 D/NxpTml  ( 1670): PN54X - Posting read message.....
09-23 13:53:37.991 D/NxpHal  ( 1670): read successful status = 0x0
09-23 13:53:37.991 D/NfcAdaptation( 1670): NfcAdaptation::HalDeviceContextDataCallback: len=7
09-23 13:53:37.991 I/BrcmNfcNfa( 1670): nfc_ncif_process_event: entering...
09-23 13:53:37.991 I/BrcmNfcNfa( 1670): NFC received ntf gid:1
09-23 13:53:37.991 I/BrcmNfcNfa( 1670): nfa_dm_nfc_response_cback () NFC_EE_ACTION_REVT(0x5008)
09-23 13:53:37.991 I/BrcmNfcNfa( 1670): nfa_ee_proc_evt: event=0x5008 int_event:0x212
09-23 13:53:37.991 I/BrcmNfcNfa( 1670): nfa_ee_evt_hdlr (): Event NCI_ACTION(0x212), State: INIT_DONE(1)
09-23 13:53:37.991 D/BrcmNfcJni( 1670): checkforTranscation: enter; event=0xE transaction_data.current_transcation_state = 0x0
09-23 13:53:37.991 D/BrcmNfcJni( 1670): checkforTranscation: exit; event=0xE transaction_data.current_transcation_state = 0x0
09-23 13:53:37.991 D/BrcmNfcJni( 1670): RoutingManager::nfaEeCallback: NFA_EE_ACTION_EVT; h=0x402; trigger=rf tech (0x2)
09-23 13:53:37.991 I/BrcmNfcNfa( 1670): nfc_ncif_process_event: exiting... free = 1
09-23 13:53:37.991 D/NxpTml  ( 1670): PN54X - Read requested.....
09-23 13:53:37.991 D/NxpTml  ( 1670): PN54X - Invoking I2C Read.....
09-23 13:53:38.111 D/NxpTml  ( 1670): PN54X - I2C Read successful.....
09-23 13:53:38.111 D/NxpNciR ( 1670): len =   7 > 61090402020100
09-23 13:53:38.111 D/NxpTml  ( 1670): PN54X - Posting read message.....
09-23 13:53:38.111 D/NxpHal  ( 1670): read successful status = 0x0
09-23 13:53:38.111 D/NfcAdaptation( 1670): NfcAdaptation::HalDeviceContextDataCallback: len=7
09-23 13:53:38.111 I/BrcmNfcNfa( 1670): nfc_ncif_process_event: entering...
09-23 13:53:38.111 I/BrcmNfcNfa( 1670): NFC received ntf gid:1
09-23 13:53:38.111 I/BrcmNfcNfa( 1670): nfa_dm_nfc_response_cback () NFC_EE_ACTION_REVT(0x5008)
09-23 13:53:38.111 I/BrcmNfcNfa( 1670): nfa_ee_proc_evt: event=0x5008 int_event:0x212
09-23 13:53:38.111 I/BrcmNfcNfa( 1670): nfa_ee_evt_hdlr (): Event NCI_ACTION(0x212), State: INIT_DONE(1)
09-23 13:53:38.111 D/BrcmNfcJni( 1670): checkforTranscation: enter; event=0xE transaction_data.current_transcation_state = 0x0
09-23 13:53:38.111 D/BrcmNfcJni( 1670): checkforTranscation: exit; event=0xE transaction_data.current_transcation_state = 0x0
09-23 13:53:38.111 D/BrcmNfcJni( 1670): RoutingManager::nfaEeCallback: NFA_EE_ACTION_EVT; h=0x402; trigger=rf tech (0x2)
09-23 13:53:38.111 I/BrcmNfcNfa( 1670): nfc_ncif_process_event: exiting... free = 1
09-23 13:53:38.111 D/NxpTml  ( 1670): PN54X - Read requested.....
09-23 13:53:38.111 D/NxpTml  ( 1670): PN54X - Invoking I2C Read.....
09-23 13:53:38.241 D/NxpTml  ( 1670): PN54X - I2C Read successful.....
09-23 13:53:38.241 D/NxpNciR ( 1670): len =   7 > 61090402020100
09-23 13:53:38.241 D/NxpTml  ( 1670): PN54X - Posting read message.....
09-23 13:53:38.241 D/NxpHal  ( 1670): read successful status = 0x0
09-23 13:53:38.241 D/NfcAdaptation( 1670): NfcAdaptation::HalDeviceContextDataCallback: len=7
09-23 13:53:38.241 I/BrcmNfcNfa( 1670): nfc_ncif_process_event: entering...
