09-23 13:53:24.011 I/BrcmNfcNfa( 1670): nfc_ncif_process_event: exiting... free = 1
09-23 13:53:24.011 D/NxpTml  ( 1670): PN54X - Read requested.....
09-23 13:53:24.011 D/NxpTml  ( 1670): PN54X - Invoking I2C Read.....
09-23 13:53:24.021 I/art     ( 1768): Explicit concurrent mark sweep GC freed 3(96B) AllocSpace objects, 0(0B) LOS objects, 40% free, 20MB/33MB, paused 1.168ms total 55.031ms at Binder_5 thread CareAboutPauseTimes 1
09-23 13:53:24.101 I/art     ( 1768): Explicit concurrent mark sweep GC freed 3(96B) AllocSpace objects, 0(0B) LOS objects, 40% free, 20MB/33MB, paused 1.060ms total 53.468ms at Binder_5 thread CareAboutPauseTimes 1
09-23 13:53:24.131 D/NxpTml  ( 1670): PN54X - I2C Read successful.....
09-23 13:53:24.131 D/NxpNciR ( 1670): len =   7 > 61090402020100
09-23 13:53:24.131 D/NxpTml  ( 1670): PN54X - Posting read message.....
09-23 13:53:24.131 D/NxpHal  ( 1670): read successful status = 0x0
09-23 13:53:24.131 D/NfcAdaptation( 1670): NfcAdaptation::HalDeviceContextDataCallback: len=7
09-23 13:53:24.131 I/BrcmNfcNfa( 1670): nfc_ncif_process_event: entering...
09-23 13:53:24.131 I/BrcmNfcNfa( 1670): NFC received ntf gid:1
09-23 13:53:24.131 I/BrcmNfcNfa( 1670): nfa_dm_nfc_response_cback () NFC_EE_ACTION_REVT(0x5008)
09-23 13:53:24.131 I/BrcmNfcNfa( 1670): nfa_ee_proc_evt: event=0x5008 int_event:0x212
09-23 13:53:24.131 I/BrcmNfcNfa( 1670): nfa_ee_evt_hdlr (): Event NCI_ACTION(0x212), State: INIT_DONE(1)
09-23 13:53:24.131 D/BrcmNfcJni( 1670): checkforTranscation: enter; event=0xE transaction_data.current_transcation_state = 0x0
09-23 13:53:24.131 D/BrcmNfcJni( 1670): checkforTranscation: exit; event=0xE transaction_data.current_transcation_state = 0x0
09-23 13:53:24.131 D/BrcmNfcJni( 1670): RoutingManager::nfaEeCallback: NFA_EE_ACTION_EVT; h=0x402; trigger=rf tech (0x2)
09-23 13:53:24.131 I/BrcmNfcNfa( 1670): nfc_ncif_process_event: exiting... free = 1
09-23 13:53:24.131 D/NxpTml  ( 1670): PN54X - Read requested.....
09-23 13:53:24.131 D/NxpTml  ( 1670): PN54X - Invoking I2C Read.....
09-23 13:53:24.211 I/art     ( 1743): Explicit concurrent mark sweep GC freed 1487(88KB) AllocSpace objects, 1(20KB) LOS objects, 41% free, 16MB/28MB, paused 865us total 28.173ms at Binder_1 thread CareAboutPauseTimes 1
09-23 13:53:24.261 D/NxpTml  ( 1670): PN54X - I2C Read successful.....
09-23 13:53:24.261 D/NxpNciR ( 1670): len =   7 > 61090402020100
09-23 13:53:24.261 D/NxpTml  ( 1670): PN54X - Posting read message.....
09-23 13:53:24.261 D/NxpHal  ( 1670): read successful status = 0x0
09-23 13:53:24.261 D/NfcAdaptation( 1670): NfcAdaptation::HalDeviceContextDataCallback: len=7
09-23 13:53:24.261 I/BrcmNfcNfa( 1670): nfc_ncif_process_event: entering...
09-23 13:53:24.261 I/BrcmNfcNfa( 1670): NFC received ntf gid:1
09-23 13:53:24.261 I/BrcmNfcNfa( 1670): nfa_dm_nfc_response_cback () NFC_EE_ACTION_REVT(0x5008)
09-23 13:53:24.261 I/BrcmNfcNfa( 1670): nfa_ee_proc_evt: event=0x5008 int_event:0x212
09-23 13:53:24.261 I/BrcmNfcNfa( 1670): nfa_ee_evt_hdlr (): Event NCI_ACTION(0x212), State: INIT_DONE(1)
09-23 13:53:24.261 D/BrcmNfcJni( 1670): checkforTranscation: enter; event=0xE transaction_data.current_transcation_state = 0x0
09-23 13:53:24.261 D/BrcmNfcJni( 1670): checkforTranscation: exit; event=0xE transaction_data.current_transcation_state = 0x0
09-23 13:53:24.261 D/BrcmNfcJni( 1670): RoutingManager::nfaEeCallback: NFA_EE_ACTION_EVT; h=0x402; trigger=rf tech (0x2)
09-23 13:53:24.261 I/BrcmNfcNfa( 1670): nfc_ncif_process_event: exiting... free = 1
09-23 13:53:24.261 D/NxpTml  ( 1670): PN54X - Read requested.....
09-23 13:53:24.261 D/NxpTml  ( 1670): PN54X - Invoking I2C Read.....
09-23 13:53:24.271 I/art     ( 1743): Explicit concurrent mark sweep GC freed 18(640B) AllocSpace objects, 0(0B) LOS objects, 41% free, 16MB/28MB, paused 913us total 30.367ms at Binder_1 thread CareAboutPauseTimes 1
09-23 13:53:24.331 I/art     ( 1743): Explicit concurrent mark sweep GC freed 3(96B) AllocSpace objects, 0(0B) LOS objects, 41% free, 16MB/28MB, paused 713us total 27.840ms at Binder_1 thread CareAboutPauseTimes 1
09-23 13:53:24.381 I/art     ( 1743): Explicit concurrent mark sweep GC freed 3(96B) AllocSpace objects, 0(0B) LOS objects, 41% free, 16MB/28MB, paused 1.453ms total 28.448ms at Binder_1 thread CareAboutPauseTimes 1
09-23 13:53:24.381 D/NxpTml  ( 1670): PN54X - I2C Read successful.....
09-23 13:53:24.381 D/NxpNciR ( 1670): len =   7 > 61090402020100
09-23 13:53:24.381 D/NxpTml  ( 1670): PN54X - Posting read message.....
09-23 13:53:24.381 D/NxpHal  ( 1670): read successful status = 0x0
09-23 13:53:24.381 D/NfcAdaptation( 1670): NfcAdaptation::HalDeviceContextDataCallback: len=7
09-23 13:53:24.381 I/BrcmNfcNfa( 1670): nfc_ncif_process_event: entering...
09-23 13:53:24.381 I/BrcmNfcNfa( 1670): NFC received ntf gid:1
09-23 13:53:24.381 I/BrcmNfcNfa( 1670): nfa_dm_nfc_response_cback () NFC_EE_ACTION_REVT(0x5008)
09-23 13:53:24.381 I/BrcmNfcNfa( 1670): nfa_ee_proc_evt: event=0x5008 int_event:0x212
09-23 13:53:24.381 I/BrcmNfcNfa( 1670): nfa_ee_evt_hdlr (): Event NCI_ACTION(0x212), State: INIT_DONE(1)
09-23 13:53:24.381 D/BrcmNfcJni( 1670): checkforTranscation: enter; event=0xE transaction_data.current_transcation_state = 0x0
09-23 13:53:24.381 D/BrcmNfcJni( 1670): checkforTranscation: exit; event=0xE transaction_data.current_transcation_state = 0x0
09-23 13:53:24.381 D/BrcmNfcJni( 1670): RoutingManager::nfaEeCallback: NFA_EE_ACTION_EVT; h=0x402; trigger=rf tech (0x2)
09-23 13:53:24.381 I/BrcmNfcNfa( 1670): nfc_ncif_process_event: exiting... free = 1
09-23 13:53:24.381 D/NxpTml  ( 1670): PN54X - Read requested.....
09-23 13:53:24.381 D/NxpTml  ( 1670): PN54X - Invoking I2C Read.....
09-23 13:53:24.431 I/art     ( 1743): Explicit concurrent mark sweep GC freed 3(96B) AllocSpace objects, 0(0B) LOS objects, 41% free, 16MB/28MB, paused 669us total 26.854ms at Binder_1 thread CareAboutPauseTimes 1
09-23 13:53:24.511 D/NxpTml  ( 1670): PN54X - I2C Read successful.....
09-23 13:53:24.511 D/NxpNciR ( 1670): len =   7 > 61090402020100
09-23 13:53:24.511 D/NxpTml  ( 1670): PN54X - Posting read message.....
09-23 13:53:24.511 D/NxpHal  ( 1670): read successful status = 0x0
09-23 13:53:24.511 D/NfcAdaptation( 1670): NfcAdaptation::HalDeviceContextDataCallback: len=7
09-23 13:53:24.511 I/BrcmNfcNfa( 1670): nfc_ncif_process_event: entering...
09-23 13:53:24.511 I/BrcmNfcNfa( 1670): NFC received ntf gid:1
09-23 13:53:24.511 I/BrcmNfcNfa( 1670): nfa_dm_nfc_response_cback () NFC_EE_ACTION_REVT(0x5008)
09-23 13:53:24.511 I/BrcmNfcNfa( 1670): nfa_ee_proc_evt: event=0x5008 int_event:0x212
09-23 13:53:24.511 I/BrcmNfcNfa( 1670): nfa_ee_evt_hdlr (): Event NCI_ACTION(0x212), State: INIT_DONE(1)
09-23 13:53:24.511 D/BrcmNfcJni( 1670): checkforTranscation: enter; event=0xE transaction_data.current_transcation_state = 0x0
09-23 13:53:24.511 D/BrcmNfcJni( 1670): checkforTranscation: exit; event=0xE transaction_data.current_transcation_state = 0x0
09-23 13:53:24.511 D/BrcmNfcJni( 1670): RoutingManager::nfaEeCallback: NFA_EE_ACTION_EVT; h=0x402; trigger=rf tech (0x2)
09-23 13:53:24.511 I/BrcmNfcNfa( 1670): nfc_ncif_process_event: exiting... free = 1
09-23 13:53:24.511 D/NxpTml  ( 1670): PN54X - Read requested.....
09-23 13:53:24.511 D/NxpTml  ( 1670): PN54X - Invoking I2C Read.....
09-23 13:53:24.541 I/art     ( 1717): Explicit concurrent mark sweep GC freed 1762(113KB) AllocSpace objects, 2(40KB) LOS objects, 40% free, 17MB/29MB, paused 910us total 33.911ms at Binder_2 thread CareAboutPauseTimes 1
09-23 13:53:24.621 I/art     ( 1717): Explicit concurrent mark sweep GC freed 28(1056B) AllocSpace objects, 0(0B) LOS objects, 40% free, 17MB/29MB, paused 1.206ms total 44.819ms at Binder_2 thread CareAboutPauseTimes 1
09-23 13:53:24.631 D/NxpTml  ( 1670): PN54X - I2C Read successful.....
09-23 13:53:24.631 D/NxpNciR ( 1670): len =   7 > 61090402020100
09-23 13:53:24.631 D/NxpTml  ( 1670): PN54X - Posting read message.....
09-23 13:53:24.631 D/NxpHal  ( 1670): read successful status = 0x0
09-23 13:53:24.631 D/NfcAdaptation( 1670): NfcAdaptation::HalDeviceContextDataCallback: len=7
09-23 13:53:24.631 I/BrcmNfcNfa( 1670): nfc_ncif_process_event: entering...
09-23 13:53:24.631 I/BrcmNfcNfa( 1670): NFC received ntf gid:1
09-23 13:53:24.631 I/BrcmNfcNfa( 1670): nfa_dm_nfc_response_cback () NFC_EE_ACTION_REVT(0x5008)
09-23 13:53:24.631 I/BrcmNfcNfa( 1670): nfa_ee_proc_evt: event=0x5008 int_event:0x212
09-23 13:53:24.631 I/BrcmNfcNfa( 1670): nfa_ee_evt_hdlr (): Event NCI_ACTION(0x212), State: INIT_DONE(1)
09-23 13:53:24.631 D/BrcmNfcJni( 1670): checkforTranscation: enter; event=0xE transaction_data.current_transcation_state = 0x0
09-23 13:53:24.631 D/BrcmNfcJni( 1670): checkforTranscation: exit; event=0xE transaction_data.current_transcation_state = 0x0
09-23 13:53:24.631 D/BrcmNfcJni( 1670): RoutingManager::nfaEeCallback: NFA_EE_ACTION_EVT; h=0x402; trigger=rf tech (0x2)
09-23 13:53:24.631 I/BrcmNfcNfa( 1670): nfc_ncif_process_event: exiting... free = 1
09-23 13:53:24.631 D/NxpTml  ( 1670): PN54X - Read requested.....
09-23 13:53:24.631 D/NxpTml  ( 1670): PN54X - Invoking I2C Read.....
09-23 13:53:24.691 I/art     ( 1717): Explicit concurrent mark sweep GC freed 3(96B) AllocSpace objects, 0(0B) LOS objects, 40% free, 17MB/29MB, paused 1.123ms total 37.564ms at Binder_2 thread CareAboutPauseTimes 1
09-23 13:53:24.761 D/NxpTml  ( 1670): PN54X - I2C Read successful.....
09-23 13:53:24.761 D/NxpNciR ( 1670): len =   7 > 61090402020100
09-23 13:53:24.761 D/NxpTml  ( 1670): PN54X - Posting read message.....
09-23 13:53:24.761 D/NxpHal  ( 1670): read successful status = 0x0
09-23 13:53:24.761 D/NfcAdaptation( 1670): NfcAdaptation::HalDeviceContextDataCallback: len=7
09-23 13:53:24.761 I/BrcmNfcNfa( 1670): nfc_ncif_process_event: entering...
09-23 13:53:24.761 I/BrcmNfcNfa( 1670): NFC received ntf gid:1
09-23 13:53:24.761 I/BrcmNfcNfa( 1670): nfa_dm_nfc_response_cback () NFC_EE_ACTION_REVT(0x5008)
09-23 13:53:24.761 I/BrcmNfcNfa( 1670): nfa_ee_proc_evt: event=0x5008 int_event:0x212
09-23 13:53:24.761 I/BrcmNfcNfa( 1670): nfa_ee_evt_hdlr (): Event NCI_ACTION(0x212), State: INIT_DONE(1)
09-23 13:53:24.761 D/BrcmNfcJni( 1670): checkforTranscation: enter; event=0xE transaction_data.current_transcation_state = 0x0
09-23 13:53:24.761 D/BrcmNfcJni( 1670): checkforTranscation: exit; event=0xE transaction_data.current_transcation_state = 0x0
09-23 13:53:24.761 D/BrcmNfcJni( 1670): RoutingManager::nfaEeCallback: NFA_EE_ACTION_EVT; h=0x402; trigger=rf tech (0x2)
09-23 13:53:24.761 I/BrcmNfcNfa( 1670): nfc_ncif_process_event: exiting... free = 1
09-23 13:53:24.761 D/NxpTml  ( 1670): PN54X - Read requested.....
09-23 13:53:24.761 D/NxpTml  ( 1670): PN54X - Invoking I2C Read.....
09-23 13:53:24.761 I/art     ( 1717): Explicit concurrent mark sweep GC freed 3(96B) AllocSpace objects, 0(0B) LOS objects, 40% free, 17MB/29MB, paused 1.048ms total 38.154ms at Binder_2 thread CareAboutPauseTimes 1
09-23 13:53:24.821 I/art     ( 1717): Explicit concurrent mark sweep GC freed 3(96B) AllocSpace objects, 0(0B) LOS objects, 40% free, 17MB/29MB, paused 846us total 34.529ms at Binder_2 thread CareAboutPauseTimes 1
09-23 13:53:24.881 D/NxpTml  ( 1670): PN54X - I2C Read successful.....
09-23 13:53:24.881 D/NxpNciR ( 1670): len =   7 > 61090402020100
09-23 13:53:24.881 D/NxpTml  ( 1670): PN54X - Posting read message.....
09-23 13:53:24.881 D/NxpHal  ( 1670): read successful status = 0x0
09-23 13:53:24.881 D/NfcAdaptation( 1670): NfcAdaptation::HalDeviceContextDataCallback: len=7
09-23 13:53:24.881 I/BrcmNfcNfa( 1670): nfc_ncif_process_event: entering...
09-23 13:53:24.881 I/BrcmNfcNfa( 1670): NFC received ntf gid:1
09-23 13:53:24.881 I/BrcmNfcNfa( 1670): nfa_dm_nfc_response_cback () NFC_EE_ACTION_REVT(0x5008)
09-23 13:53:24.881 I/BrcmNfcNfa( 1670): nfa_ee_proc_evt: event=0x5008 int_event:0x212
09-23 13:53:24.881 I/BrcmNfcNfa( 1670): nfa_ee_evt_hdlr (): Event NCI_ACTION(0x212), State: INIT_DONE(1)
09-23 13:53:24.881 D/BrcmNfcJni( 1670): checkforTranscation: enter; event=0xE transaction_data.current_transcation_state = 0x0
09-23 13:53:24.881 D/BrcmNfcJni( 1670): checkforTranscation: exit; event=0xE transaction_data.current_transcation_state = 0x0
09-23 13:53:24.881 D/BrcmNfcJni( 1670): RoutingManager::nfaEeCallback: NFA_EE_ACTION_EVT; h=0x402; trigger=rf tech (0x2)
09-23 13:53:24.881 I/BrcmNfcNfa( 1670): nfc_ncif_process_event: exiting... free = 1
09-23 13:53:24.881 D/NxpTml  ( 1670): PN54X - Read requested.....
09-23 13:53:24.881 D/NxpTml  ( 1670): PN54X - Invoking I2C Read.....
09-23 13:53:24.921 V/AudioManager(  958): isMusicActive...
09-23 13:53:24.931 V/AudioManager(  958): isWiredHeadsetOn...
09-23 13:53:24.981 I/art     ( 1693): Explicit concurrent mark sweep GC freed 1715(99KB) AllocSpace objects, 1(20KB) LOS objects, 29% free, 39MB/55MB, paused 937us total 43.280ms at Binder_3 thread CareAboutPauseTimes 1
09-23 13:53:25.001 D/NxpTml  ( 1670): PN54X - I2C Read successful.....
09-23 13:53:25.001 D/NxpNciR ( 1670): len =   7 > 61090402020100
09-23 13:53:25.001 D/NxpTml  ( 1670): PN54X - Posting read message.....
09-23 13:53:25.001 D/NxpHal  ( 1670): read successful status = 0x0
09-23 13:53:25.001 D/NfcAdaptation( 1670): NfcAdaptation::HalDeviceContextDataCallback: len=7
09-23 13:53:25.001 I/BrcmNfcNfa( 1670): nfc_ncif_process_event: entering...
09-23 13:53:25.001 I/BrcmNfcNfa( 1670): NFC received ntf gid:1
09-23 13:53:25.001 I/BrcmNfcNfa( 1670): nfa_dm_nfc_response_cback () NFC_EE_ACTION_REVT(0x5008)
09-23 13:53:25.001 I/BrcmNfcNfa( 1670): nfa_ee_proc_evt: event=0x5008 int_event:0x212
09-23 13:53:25.011 I/BrcmNfcNfa( 1670): nfa_ee_evt_hdlr (): Event NCI_ACTION(0x212), State: INIT_DONE(1)
09-23 13:53:25.011 D/BrcmNfcJni( 1670): checkforTranscation: enter; event=0xE transaction_data.current_transcation_state = 0x0
09-23 13:53:25.011 D/BrcmNfcJni( 1670): checkforTranscation: exit; event=0xE transaction_data.current_transcation_state = 0x0
09-23 13:53:25.011 D/BrcmNfcJni( 1670): RoutingManager::nfaEeCallback: NFA_EE_ACTION_EVT; h=0x402; trigger=rf tech (0x2)
09-23 13:53:25.011 I/BrcmNfcNfa( 1670): nfc_ncif_process_event: exiting... free = 1
09-23 13:53:25.011 D/NxpTml  ( 1670): PN54X - Read requested.....
09-23 13:53:25.011 D/NxpTml  ( 1670): PN54X - Invoking I2C Read.....
09-23 13:53:25.061 I/art     ( 1693): Explicit concurrent mark sweep GC freed 18(640B) AllocSpace objects, 0(0B) LOS objects, 29% free, 39MB/55MB, paused 1.127ms total 50.682ms at Binder_3 thread CareAboutPauseTimes 1
09-23 13:53:25.131 D/NxpTml  ( 1670): PN54X - I2C Read successful.....
09-23 13:53:25.131 D/NxpNciR ( 1670): len =   7 > 61090402020100
09-23 13:53:25.131 D/NxpTml  ( 1670): PN54X - Posting read message.....
09-23 13:53:25.131 D/NxpHal  ( 1670): read successful status = 0x0
09-23 13:53:25.131 D/NfcAdaptation( 1670): NfcAdaptation::HalDeviceContextDataCallback: len=7
09-23 13:53:25.131 I/BrcmNfcNfa( 1670): nfc_ncif_process_event: entering...
09-23 13:53:25.131 I/BrcmNfcNfa( 1670): NFC received ntf gid:1
09-23 13:53:25.131 I/BrcmNfcNfa( 1670): nfa_dm_nfc_response_cback () NFC_EE_ACTION_REVT(0x5008)
09-23 13:53:25.131 I/BrcmNfcNfa( 1670): nfa_ee_proc_evt: event=0x5008 int_event:0x212
09-23 13:53:25.131 I/BrcmNfcNfa( 1670): nfa_ee_evt_hdlr (): Event NCI_ACTION(0x212), State: INIT_DONE(1)
09-23 13:53:25.131 D/BrcmNfcJni( 1670): checkforTranscation: enter; event=0xE transaction_data.current_transcation_state = 0x0
09-23 13:53:25.131 D/BrcmNfcJni( 1670): checkforTranscation: exit; event=0xE transaction_data.current_transcation_state = 0x0
09-23 13:53:25.131 D/BrcmNfcJni( 1670): RoutingManager::nfaEeCallback: NFA_EE_ACTION_EVT; h=0x402; trigger=rf tech (0x2)
09-23 13:53:25.131 I/BrcmNfcNfa( 1670): nfc_ncif_process_event: exiting... free = 1
09-23 13:53:25.141 D/NxpTml  ( 1670): PN54X - Read requested.....
09-23 13:53:25.141 D/NxpTml  ( 1670): PN54X - Invoking I2C Read.....
09-23 13:53:25.141 I/art     ( 1693): Explicit concurrent mark sweep GC freed 3(96B) AllocSpace objects, 0(0B) LOS objects, 29% free, 39MB/55MB, paused 828us total 48.825ms at Binder_3 thread CareAboutPauseTimes 1
09-23 13:53:25.221 I/art     ( 1693): Explicit concurrent mark sweep GC freed 3(96B) AllocSpace objects, 0(0B) LOS objects, 29% free, 39MB/55MB, paused 1.078ms total 48.113ms at Binder_3 thread CareAboutPauseTimes 1
09-23 13:53:25.251 D/NxpTml  ( 1670): PN54X - I2C Read successful.....
09-23 13:53:25.251 D/NxpNciR ( 1670): len =   7 > 61090402020100
09-23 13:53:25.251 D/NxpTml  ( 1670): PN54X - Posting read message.....
09-23 13:53:25.251 D/NxpHal  ( 1670): read successful status = 0x0
09-23 13:53:25.251 D/NfcAdaptation( 1670): NfcAdaptation::HalDeviceContextDataCallback: len=7
09-23 13:53:25.251 I/BrcmNfcNfa( 1670): nfc_ncif_process_event: entering...
09-23 13:53:25.251 I/BrcmNfcNfa( 1670): NFC received ntf gid:1
09-23 13:53:25.251 I/BrcmNfcNfa( 1670): nfa_dm_nfc_response_cback () NFC_EE_ACTION_REVT(0x5008)
09-23 13:53:25.251 I/BrcmNfcNfa( 1670): nfa_ee_proc_evt: event=0x5008 int_event:0x212
09-23 13:53:25.251 I/BrcmNfcNfa( 1670): nfa_ee_evt_hdlr (): Event NCI_ACTION(0x212), State: INIT_DONE(1)
09-23 13:53:25.251 D/BrcmNfcJni( 1670): checkforTranscation: enter; event=0xE transaction_data.current_transcation_state = 0x0
09-23 13:53:25.251 D/BrcmNfcJni( 1670): checkforTranscation: exit; event=0xE transaction_data.current_transcation_state = 0x0
09-23 13:53:25.251 D/BrcmNfcJni( 1670): RoutingManager::nfaEeCallback: NFA_EE_ACTION_EVT; h=0x402; trigger=rf tech (0x2)
09-23 13:53:25.251 I/BrcmNfcNfa( 1670): nfc_ncif_process_event: exiting... free = 1
09-23 13:53:25.251 D/NxpTml  ( 1670): PN54X - Read requested.....
09-23 13:53:25.251 D/NxpTml  ( 1670): PN54X - Invoking I2C Read.....
09-23 13:53:25.301 I/art     ( 1693): Explicit concurrent mark sweep GC freed 3(96B) AllocSpace objects, 0(0B) LOS objects, 29% free, 39MB/55MB, paused 1.124ms total 43.540ms at Binder_3 thread CareAboutPauseTimes 1
09-23 13:53:25.381 D/NxpTml  ( 1670): PN54X - I2C Read successful.....
09-23 13:53:25.381 D/NxpNciR ( 1670): len =   7 > 61090402020100
09-23 13:53:25.381 D/NxpTml  ( 1670): PN54X - Posting read message.....
09-23 13:53:25.381 D/NxpHal  ( 1670): read successful status = 0x0
09-23 13:53:25.381 D/NfcAdaptation( 1670): NfcAdaptation::HalDeviceContextDataCallback: len=7
09-23 13:53:25.381 D/NxpTml  ( 1670): PN54X - Read requested.....
09-23 13:53:25.381 D/NxpTml  ( 1670): PN54X - Invoking I2C Read.....
09-23 13:53:25.381 I/BrcmNfcNfa( 1670): nfc_ncif_process_event: entering...
09-23 13:53:25.381 I/BrcmNfcNfa( 1670): NFC received ntf gid:1
09-23 13:53:25.381 I/BrcmNfcNfa( 1670): nfa_dm_nfc_response_cback () NFC_EE_ACTION_REVT(0x5008)
09-23 13:53:25.381 I/BrcmNfcNfa( 1670): nfa_ee_proc_evt: event=0x5008 int_event:0x212
09-23 13:53:25.381 I/BrcmNfcNfa( 1670): nfa_ee_evt_hdlr (): Event NCI_ACTION(0x212), State: INIT_DONE(1)
09-23 13:53:25.381 D/BrcmNfcJni( 1670): checkforTranscation: enter; event=0xE transaction_data.current_transcation_state = 0x0
09-23 13:53:25.381 D/BrcmNfcJni( 1670): checkforTranscation: exit; event=0xE transaction_data.current_transcation_state = 0x0
09-23 13:53:25.381 D/BrcmNfcJni( 1670): RoutingManager::nfaEeCallback: NFA_EE_ACTION_EVT; h=0x402; trigger=rf tech (0x2)
09-23 13:53:25.381 I/BrcmNfcNfa( 1670): nfc_ncif_process_event: exiting... free = 1
09-23 13:53:25.421 I/art     ( 1670): Explicit concurrent mark sweep GC freed 2944(186KB) AllocSpace objects, 2(40KB) LOS objects, 40% free, 17MB/29MB, paused 740us total 33.776ms at Binder_2 thread CareAboutPauseTimes 1
09-23 13:53:25.481 I/art     ( 1670): Explicit concurrent mark sweep GC freed 35(1280B) AllocSpace objects, 0(0B) LOS objects, 40% free, 17MB/29MB, paused 1.399ms total 35.527ms at Binder_2 thread CareAboutPauseTimes 1
09-23 13:53:25.501 D/NxpTml  ( 1670): PN54X - I2C Read successful.....
09-23 13:53:25.501 D/NxpNciR ( 1670): len =   7 > 61090402020100
09-23 13:53:25.501 D/NxpTml  ( 1670): PN54X - Posting read message.....
09-23 13:53:25.501 D/NxpHal  ( 1670): read successful status = 0x0
09-23 13:53:25.501 D/NfcAdaptation( 1670): NfcAdaptation::HalDeviceContextDataCallback: len=7
09-23 13:53:25.501 I/BrcmNfcNfa( 1670): nfc_ncif_process_event: entering...
09-23 13:53:25.501 I/BrcmNfcNfa( 1670): NFC received ntf gid:1
09-23 13:53:25.501 I/BrcmNfcNfa( 1670): nfa_dm_nfc_response_cback () NFC_EE_ACTION_REVT(0x5008)
09-23 13:53:25.501 I/BrcmNfcNfa( 1670): nfa_ee_proc_evt: event=0x5008 int_event:0x212
09-23 13:53:25.501 I/BrcmNfcNfa( 1670): nfa_ee_evt_hdlr (): Event NCI_ACTION(0x212), State: INIT_DONE(1)
09-23 13:53:25.501 D/BrcmNfcJni( 1670): checkforTranscation: enter; event=0xE transaction_data.current_transcation_state = 0x0
09-23 13:53:25.501 D/BrcmNfcJni( 1670): checkforTranscation: exit; event=0xE transaction_data.current_transcation_state = 0x0
09-23 13:53:25.501 D/BrcmNfcJni( 1670): RoutingManager::nfaEeCallback: NFA_EE_ACTION_EVT; h=0x402; trigger=rf tech (0x2)
09-23 13:53:25.501 I/BrcmNfcNfa( 1670): nfc_ncif_process_event: exiting... free = 1
09-23 13:53:25.501 D/NxpTml  ( 1670): PN54X - Read requested.....
09-23 13:53:25.501 D/NxpTml  ( 1670): PN54X - Invoking I2C Read.....
09-23 13:53:25.551 I/art     ( 1670): Explicit concurrent mark sweep GC freed 3(96B) AllocSpace objects, 0(0B) LOS objects, 40% free, 17MB/29MB, paused 1.002ms total 37.362ms at Binder_2 thread CareAboutPauseTimes 1
09-23 13:53:25.611 I/art     ( 1670): Explicit concurrent mark sweep GC freed 3(96B) AllocSpace objects, 0(0B) LOS objects, 40% free, 17MB/29MB, paused 875us total 33.971ms at Binder_2 thread CareAboutPauseTimes 1
09-23 13:53:25.631 D/NxpTml  ( 1670): PN54X - I2C Read successful.....
09-23 13:53:25.631 D/NxpNciR ( 1670): len =   7 > 61090402020100
09-23 13:53:25.631 D/NxpTml  ( 1670): PN54X - Posting read message.....
09-23 13:53:25.631 D/NxpHal  ( 1670): read successful status = 0x0
09-23 13:53:25.631 D/NfcAdaptation( 1670): NfcAdaptation::HalDeviceContextDataCallback: len=7
09-23 13:53:25.631 I/BrcmNfcNfa( 1670): nfc_ncif_process_event: entering...
09-23 13:53:25.631 I/BrcmNfcNfa( 1670): NFC received ntf gid:1
09-23 13:53:25.631 I/BrcmNfcNfa( 1670): nfa_dm_nfc_response_cback () NFC_EE_ACTION_REVT(0x5008)
09-23 13:53:25.631 I/BrcmNfcNfa( 1670): nfa_ee_proc_evt: event=0x5008 int_event:0x212
09-23 13:53:25.631 I/BrcmNfcNfa( 1670): nfa_ee_evt_hdlr (): Event NCI_ACTION(0x212), State: INIT_DONE(1)
09-23 13:53:25.631 D/BrcmNfcJni( 1670): checkforTranscation: enter; event=0xE transaction_data.current_transcation_state = 0x0
09-23 13:53:25.631 D/BrcmNfcJni( 1670): checkforTranscation: exit; event=0xE transaction_data.current_transcation_state = 0x0
09-23 13:53:25.631 D/BrcmNfcJni( 1670): RoutingManager::nfaEeCallback: NFA_EE_ACTION_EVT; h=0x402; trigger=rf tech (0x2)
09-23 13:53:25.631 I/BrcmNfcNfa( 1670): nfc_ncif_process_event: exiting... free = 1
09-23 13:53:25.631 D/NxpTml  ( 1670): PN54X - Read requested.....
09-23 13:53:25.631 D/NxpTml  ( 1670): PN54X - Invoking I2C Read.....
09-23 13:53:25.681 I/art     ( 1670): Explicit concurrent mark sweep GC freed 3(96B) AllocSpace objects, 0(0B) LOS objects, 40% free, 17MB/29MB, paused 926us total 40.391ms at Binder_2 thread CareAboutPauseTimes 1
09-23 13:53:25.751 D/NxpTml  ( 1670): PN54X - I2C Read successful.....
09-23 13:53:25.751 D/NxpNciR ( 1670): len =   7 > 61090402020100
09-23 13:53:25.751 D/NxpTml  ( 1670): PN54X - Posting read message.....
09-23 13:53:25.751 D/NxpHal  ( 1670): read successful status = 0x0
09-23 13:53:25.751 D/NfcAdaptation( 1670): NfcAdaptation::HalDeviceContextDataCallback: len=7
09-23 13:53:25.751 I/BrcmNfcNfa( 1670): nfc_ncif_process_event: entering...
09-23 13:53:25.751 I/BrcmNfcNfa( 1670): NFC received ntf gid:1
09-23 13:53:25.751 I/BrcmNfcNfa( 1670): nfa_dm_nfc_response_cback () NFC_EE_ACTION_REVT(0x5008)
09-23 13:53:25.751 I/BrcmNfcNfa( 1670): nfa_ee_proc_evt: event=0x5008 int_event:0x212
09-23 13:53:25.751 I/BrcmNfcNfa( 1670): nfa_ee_evt_hdlr (): Event NCI_ACTION(0x212), State: INIT_DONE(1)
09-23 13:53:25.751 D/BrcmNfcJni( 1670): checkforTranscation: enter; event=0xE transaction_data.current_transcation_state = 0x0
09-23 13:53:25.751 D/BrcmNfcJni( 1670): checkforTranscation: exit; event=0xE transaction_data.current_transcation_state = 0x0
09-23 13:53:25.751 D/BrcmNfcJni( 1670): RoutingManager::nfaEeCallback: NFA_EE_ACTION_EVT; h=0x402; trigger=rf tech (0x2)
09-23 13:53:25.751 I/BrcmNfcNfa( 1670): nfc_ncif_process_event: exiting... free = 1
09-23 13:53:25.751 D/NxpTml  ( 1670): PN54X - Read requested.....
09-23 13:53:25.751 D/NxpTml  ( 1670): PN54X - Invoking I2C Read.....
09-23 13:53:25.801 I/art     ( 1536): Explicit concurrent mark sweep GC freed 1408(84KB) AllocSpace objects, 1(20KB) LOS objects, 40% free, 17MB/29MB, paused 831us total 34.510ms at Binder_2 thread CareAboutPauseTimes 1
09-23 13:53:25.861 I/ThermalEngine(  381): sensor_type 0 ,temp 37  ,threshold_report 1 ,pre_temp 37 
09-23 13:53:25.861 I/ThermalEngine(  381): sensor_type 1 ,temp 33  ,threshold_report 3 ,pre_temp 33 
09-23 13:53:25.861 I/art     ( 1536): Explicit concurrent mark sweep GC freed 18(640B) AllocSpace objects, 0(0B) LOS objects, 40% free, 17MB/29MB, paused 686us total 31.915ms at Binder_2 thread CareAboutPauseTimes 1
09-23 13:53:25.861 I/ThermalEngine(  381): sensor_type 2 ,temp 31  ,threshold_report 3 ,pre_temp 29 
09-23 13:53:25.861 I/ThermalEngine(  381): sensor_type 3 ,temp 0  ,threshold_report 1 ,pre_temp 0 
09-23 13:53:25.881 D/NxpTml  ( 1670): PN54X - I2C Read successful.....
09-23 13:53:25.881 D/NxpNciR ( 1670): len =   7 > 61090402020100
09-23 13:53:25.881 D/NxpTml  ( 1670): PN54X - Posting read message.....
09-23 13:53:25.881 D/NxpHal  ( 1670): read successful status = 0x0
09-23 13:53:25.881 D/NfcAdaptation( 1670): NfcAdaptation::HalDeviceContextDataCallback: len=7
09-23 13:53:25.881 I/BrcmNfcNfa( 1670): nfc_ncif_process_event: entering...
09-23 13:53:25.881 I/BrcmNfcNfa( 1670): NFC received ntf gid:1
09-23 13:53:25.881 I/BrcmNfcNfa( 1670): nfa_dm_nfc_response_cback () NFC_EE_ACTION_REVT(0x5008)
09-23 13:53:25.881 I/BrcmNfcNfa( 1670): nfa_ee_proc_evt: event=0x5008 int_event:0x212
09-23 13:53:25.881 I/BrcmNfcNfa( 1670): nfa_ee_evt_hdlr (): Event NCI_ACTION(0x212), State: INIT_DONE(1)
09-23 13:53:25.881 D/BrcmNfcJni( 1670): checkforTranscation: enter; event=0xE transaction_data.current_transcation_state = 0x0
09-23 13:53:25.881 D/BrcmNfcJni( 1670): checkforTranscation: exit; event=0xE transaction_data.current_transcation_state = 0x0
09-23 13:53:25.881 D/BrcmNfcJni( 1670): RoutingManager::nfaEeCallback: NFA_EE_ACTION_EVT; h=0x402; trigger=rf tech (0x2)
09-23 13:53:25.881 I/BrcmNfcNfa( 1670): nfc_ncif_process_event: exiting... free = 1
09-23 13:53:25.881 D/NxpTml  ( 1670): PN54X - Read requested.....
09-23 13:53:25.881 D/NxpTml  ( 1670): PN54X - Invoking I2C Read.....
09-23 13:53:25.931 I/art     ( 1536): Explicit concurrent mark sweep GC freed 3(96B) AllocSpace objects, 0(0B) LOS objects, 40% free, 17MB/29MB, paused 1.049ms total 42.809ms at Binder_2 thread CareAboutPauseTimes 1
09-23 13:53:26.001 I/art     ( 1536): Explicit concurrent mark sweep GC freed 3(96B) AllocSpace objects, 0(0B) LOS objects, 40% free, 17MB/29MB, paused 715us total 36.287ms at Binder_2 thread CareAboutPauseTimes 1
09-23 13:53:26.011 D/NxpTml  ( 1670): PN54X - I2C Read successful.....
09-23 13:53:26.011 D/NxpNciR ( 1670): len =   7 > 61090402020100
09-23 13:53:26.011 D/NxpTml  ( 1670): PN54X - Posting read message.....
09-23 13:53:26.011 D/NxpHal  ( 1670): read successful status = 0x0
09-23 13:53:26.011 D/NfcAdaptation( 1670): NfcAdaptation::HalDeviceContextDataCallback: len=7
09-23 13:53:26.011 I/BrcmNfcNfa( 1670): nfc_ncif_process_event: entering...
09-23 13:53:26.011 I/BrcmNfcNfa( 1670): NFC received ntf gid:1
09-23 13:53:26.011 I/BrcmNfcNfa( 1670): nfa_dm_nfc_response_cback () NFC_EE_ACTION_REVT(0x5008)
09-23 13:53:26.011 I/BrcmNfcNfa( 1670): nfa_ee_proc_evt: event=0x5008 int_event:0x212
09-23 13:53:26.011 I/BrcmNfcNfa( 1670): nfa_ee_evt_hdlr (): Event NCI_ACTION(0x212), State: INIT_DONE(1)
09-23 13:53:26.011 D/BrcmNfcJni( 1670): checkforTranscation: enter; event=0xE transaction_data.current_transcation_state = 0x0
09-23 13:53:26.011 D/BrcmNfcJni( 1670): checkforTranscation: exit; event=0xE transaction_data.current_transcation_state = 0x0
09-23 13:53:26.011 D/BrcmNfcJni( 1670): RoutingManager::nfaEeCallback: NFA_EE_ACTION_EVT; h=0x402; trigger=rf tech (0x2)
09-23 13:53:26.011 I/BrcmNfcNfa( 1670): nfc_ncif_process_event: exiting... free = 1
09-23 13:53:26.011 D/NxpTml  ( 1670): PN54X - Read requested.....
09-23 13:53:26.011 D/NxpTml  ( 1670): PN54X - Invoking I2C Read.....
09-23 13:53:26.071 I/art     ( 1536): Explicit concurrent mark sweep GC freed 3(96B) AllocSpace objects, 0(0B) LOS objects, 40% free, 17MB/29MB, paused 918us total 35.899ms at Binder_2 thread CareAboutPauseTimes 1
09-23 13:53:26.131 D/NxpTml  ( 1670): PN54X - I2C Read successful.....
09-23 13:53:26.131 D/NxpNciR ( 1670): len =   7 > 61090402020100
09-23 13:53:26.131 D/NxpTml  ( 1670): PN54X - Posting read message.....
09-23 13:53:26.131 D/NxpHal  ( 1670): read successful status = 0x0
09-23 13:53:26.131 D/NfcAdaptation( 1670): NfcAdaptation::HalDeviceContextDataCallback: len=7
09-23 13:53:26.131 I/BrcmNfcNfa( 1670): nfc_ncif_process_event: entering...
09-23 13:53:26.131 I/BrcmNfcNfa( 1670): NFC received ntf gid:1
09-23 13:53:26.131 I/BrcmNfcNfa( 1670): nfa_dm_nfc_response_cback () NFC_EE_ACTION_REVT(0x5008)
09-23 13:53:26.131 I/BrcmNfcNfa( 1670): nfa_ee_proc_evt: event=0x5008 int_event:0x212
09-23 13:53:26.131 I/BrcmNfcNfa( 1670): nfa_ee_evt_hdlr (): Event NCI_ACTION(0x212), State: INIT_DONE(1)
09-23 13:53:26.131 D/BrcmNfcJni( 1670): checkforTranscation: enter; event=0xE transaction_data.current_transcation_state = 0x0
09-23 13:53:26.131 D/BrcmNfcJni( 1670): checkforTranscation: exit; event=0xE transaction_data.current_transcation_state = 0x0
09-23 13:53:26.131 D/BrcmNfcJni( 1670): RoutingManager::nfaEeCallback: NFA_EE_ACTION_EVT; h=0x402; trigger=rf tech (0x2)
09-23 13:53:26.131 I/BrcmNfcNfa( 1670): nfc_ncif_process_event: exiting... free = 1
09-23 13:53:26.131 D/NxpTml  ( 1670): PN54X - Read requested.....
09-23 13:53:26.131 D/NxpTml  ( 1670): PN54X - Invoking I2C Read.....
09-23 13:53:26.251 D/NxpTml  ( 1670): PN54X - I2C Read successful.....
09-23 13:53:26.251 D/NxpNciR ( 1670): len =   7 > 61090402020100
09-23 13:53:26.251 D/NxpTml  ( 1670): PN54X - Posting read message.....
09-23 13:53:26.251 D/NxpHal  ( 1670): read successful status = 0x0
09-23 13:53:26.251 D/NfcAdaptation( 1670): NfcAdaptation::HalDeviceContextDataCallback: len=7
09-23 13:53:26.251 I/BrcmNfcNfa( 1670): nfc_ncif_process_event: entering...
09-23 13:53:26.251 I/BrcmNfcNfa( 1670): NFC received ntf gid:1
09-23 13:53:26.251 I/BrcmNfcNfa( 1670): nfa_dm_nfc_response_cback () NFC_EE_ACTION_REVT(0x5008)
09-23 13:53:26.251 I/BrcmNfcNfa( 1670): nfa_ee_proc_evt: event=0x5008 int_event:0x212
09-23 13:53:26.251 I/BrcmNfcNfa( 1670): nfa_ee_evt_hdlr (): Event NCI_ACTION(0x212), State: INIT_DONE(1)
09-23 13:53:26.251 D/BrcmNfcJni( 1670): checkforTranscation: enter; event=0xE transaction_data.current_transcation_state = 0x0
09-23 13:53:26.251 D/BrcmNfcJni( 1670): checkforTranscation: exit; event=0xE transaction_data.current_transcation_state = 0x0
09-23 13:53:26.251 D/BrcmNfcJni( 1670): RoutingManager::nfaEeCallback: NFA_EE_ACTION_EVT; h=0x402; trigger=rf tech (0x2)
09-23 13:53:26.251 I/BrcmNfcNfa( 1670): nfc_ncif_process_event: exiting... free = 1
09-23 13:53:26.251 D/NxpTml  ( 1670): PN54X - Read requested.....
09-23 13:53:26.251 D/NxpTml  ( 1670): PN54X - Invoking I2C Read.....
09-23 13:53:26.261 I/art     ( 1395): Explicit concurrent mark sweep GC freed 2601(145KB) AllocSpace objects, 1(20KB) LOS objects, 39% free, 24MB/40MB, paused 861us total 65.251ms at Binder_3 thread CareAboutPauseTimes 1
09-23 13:53:26.351 I/art     ( 1395): Explicit concurrent mark sweep GC freed 200(8KB) AllocSpace objects, 2(32KB) LOS objects, 39% free, 24MB/40MB, paused 998us total 62.062ms at Binder_3 thread CareAboutPauseTimes 1
09-23 13:53:26.381 D/NxpTml  ( 1670): PN54X - I2C Read successful.....
09-23 13:53:26.381 D/NxpNciR ( 1670): len =   7 > 61090402020100
09-23 13:53:26.381 D/NxpTml  ( 1670): PN54X - Posting read message.....
09-23 13:53:26.381 D/NxpHal  ( 1670): read successful status = 0x0
09-23 13:53:26.381 D/NfcAdaptation( 1670): NfcAdaptation::HalDeviceContextDataCallback: len=7
09-23 13:53:26.381 I/BrcmNfcNfa( 1670): nfc_ncif_process_event: entering...
09-23 13:53:26.381 I/BrcmNfcNfa( 1670): NFC received ntf gid:1
09-23 13:53:26.381 I/BrcmNfcNfa( 1670): nfa_dm_nfc_response_cback () NFC_EE_ACTION_REVT(0x5008)
09-23 13:53:26.381 I/BrcmNfcNfa( 1670): nfa_ee_proc_evt: event=0x5008 int_event:0x212
09-23 13:53:26.381 I/BrcmNfcNfa( 1670): nfa_ee_evt_hdlr (): Event NCI_ACTION(0x212), State: INIT_DONE(1)
09-23 13:53:26.381 D/BrcmNfcJni( 1670): checkforTranscation: enter; event=0xE transaction_data.current_transcation_state = 0x0
09-23 13:53:26.381 D/BrcmNfcJni( 1670): checkforTranscation: exit; event=0xE transaction_data.current_transcation_state = 0x0
09-23 13:53:26.381 D/BrcmNfcJni( 1670): RoutingManager::nfaEeCallback: NFA_EE_ACTION_EVT; h=0x402; trigger=rf tech (0x2)
09-23 13:53:26.381 I/BrcmNfcNfa( 1670): nfc_ncif_process_event: exiting... free = 1
09-23 13:53:26.381 D/NxpTml  ( 1670): PN54X - Read requested.....
09-23 13:53:26.381 D/NxpTml  ( 1670): PN54X - Invoking I2C Read.....
09-23 13:53:26.441 I/art     ( 1395): Explicit concurrent mark sweep GC freed 3(96B) AllocSpace objects, 0(0B) LOS objects, 39% free, 24MB/40MB, paused 1.007ms total 53.562ms at Binder_3 thread CareAboutPauseTimes 1
09-23 13:53:26.501 D/NxpTml  ( 1670): PN54X - I2C Read successful.....
09-23 13:53:26.501 D/NxpNciR ( 1670): len =   7 > 61090402020100
09-23 13:53:26.501 D/NxpTml  ( 1670): PN54X - Posting read message.....
09-23 13:53:26.501 D/NxpHal  ( 1670): read successful status = 0x0
09-23 13:53:26.501 D/NfcAdaptation( 1670): NfcAdaptation::HalDeviceContextDataCallback: len=7
09-23 13:53:26.501 I/BrcmNfcNfa( 1670): nfc_ncif_process_event: entering...
09-23 13:53:26.501 I/BrcmNfcNfa( 1670): NFC received ntf gid:1
09-23 13:53:26.501 I/BrcmNfcNfa( 1670): nfa_dm_nfc_response_cback () NFC_EE_ACTION_REVT(0x5008)
09-23 13:53:26.501 I/BrcmNfcNfa( 1670): nfa_ee_proc_evt: event=0x5008 int_event:0x212
09-23 13:53:26.501 I/BrcmNfcNfa( 1670): nfa_ee_evt_hdlr (): Event NCI_ACTION(0x212), State: INIT_DONE(1)
09-23 13:53:26.501 D/BrcmNfcJni( 1670): checkforTranscation: enter; event=0xE transaction_data.current_transcation_state = 0x0
09-23 13:53:26.501 D/BrcmNfcJni( 1670): checkforTranscation: exit; event=0xE transaction_data.current_transcation_state = 0x0
09-23 13:53:26.501 D/BrcmNfcJni( 1670): RoutingManager::nfaEeCallback: NFA_EE_ACTION_EVT; h=0x402; trigger=rf tech (0x2)
09-23 13:53:26.501 I/BrcmNfcNfa( 1670): nfc_ncif_process_event: exiting... free = 1
09-23 13:53:26.501 D/NxpTml  ( 1670): PN54X - Read requested.....
09-23 13:53:26.501 D/NxpTml  ( 1670): PN54X - Invoking I2C Read.....
09-23 13:53:26.521 I/art     ( 1395): Explicit concurrent mark sweep GC freed 3(96B) AllocSpace objects, 0(0B) LOS objects, 39% free, 24MB/40MB, paused 778us total 50.511ms at Binder_3 thread CareAboutPauseTimes 1
09-23 13:53:26.601 I/art     ( 1395): Explicit concurrent mark sweep GC freed 3(96B) AllocSpace objects, 0(0B) LOS objects, 39% free, 24MB/40MB, paused 1.066ms total 56.285ms at Binder_3 thread CareAboutPauseTimes 1
09-23 13:53:26.631 D/NxpTml  ( 1670): PN54X - I2C Read successful.....
09-23 13:53:26.631 D/NxpNciR ( 1670): len =   7 > 61090402020100
09-23 13:53:26.631 D/NxpTml  ( 1670): PN54X - Posting read message.....
09-23 13:53:26.631 D/NxpHal  ( 1670): read successful status = 0x0
09-23 13:53:26.631 D/NfcAdaptation( 1670): NfcAdaptation::HalDeviceContextDataCallback: len=7
09-23 13:53:26.631 I/BrcmNfcNfa( 1670): nfc_ncif_process_event: entering...
09-23 13:53:26.631 I/BrcmNfcNfa( 1670): NFC received ntf gid:1
09-23 13:53:26.631 I/BrcmNfcNfa( 1670): nfa_dm_nfc_response_cback () NFC_EE_ACTION_REVT(0x5008)
09-23 13:53:26.631 I/BrcmNfcNfa( 1670): nfa_ee_proc_evt: event=0x5008 int_event:0x212
09-23 13:53:26.631 I/BrcmNfcNfa( 1670): nfa_ee_evt_hdlr (): Event NCI_ACTION(0x212), State: INIT_DONE(1)
09-23 13:53:26.631 D/BrcmNfcJni( 1670): checkforTranscation: enter; event=0xE transaction_data.current_transcation_state = 0x0
09-23 13:53:26.631 D/BrcmNfcJni( 1670): checkforTranscation: exit; event=0xE transaction_data.current_transcation_state = 0x0
09-23 13:53:26.631 D/BrcmNfcJni( 1670): RoutingManager::nfaEeCallback: NFA_EE_ACTION_EVT; h=0x402; trigger=rf tech (0x2)
09-23 13:53:26.631 I/BrcmNfcNfa( 1670): nfc_ncif_process_event: exiting... free = 1
09-23 13:53:26.631 D/NxpTml  ( 1670): PN54X - Read requested.....
09-23 13:53:26.631 D/NxpTml  ( 1670): PN54X - Invoking I2C Read.....
09-23 13:53:26.751 I/art     ( 1370): Explicit concurrent mark sweep GC freed 1468(87KB) AllocSpace objects, 1(20KB) LOS objects, 41% free, 16MB/28MB, paused 897us total 35.316ms at Binder_2 thread CareAboutPauseTimes 1
09-23 13:53:26.751 D/NxpTml  ( 1670): PN54X - I2C Read successful.....
09-23 13:53:26.751 D/NxpNciR ( 1670): len =   7 > 61090402020100
09-23 13:53:26.751 D/NxpTml  ( 1670): PN54X - Posting read message.....
09-23 13:53:26.751 D/NxpHal  ( 1670): read successful status = 0x0
09-23 13:53:26.751 D/NfcAdaptation( 1670): NfcAdaptation::HalDeviceContextDataCallback: len=7
09-23 13:53:26.751 I/BrcmNfcNfa( 1670): nfc_ncif_process_event: entering...
09-23 13:53:26.751 I/BrcmNfcNfa( 1670): NFC received ntf gid:1
09-23 13:53:26.751 I/BrcmNfcNfa( 1670): nfa_dm_nfc_response_cback () NFC_EE_ACTION_REVT(0x5008)
09-23 13:53:26.751 I/BrcmNfcNfa( 1670): nfa_ee_proc_evt: event=0x5008 int_event:0x212
09-23 13:53:26.751 I/BrcmNfcNfa( 1670): nfa_ee_evt_hdlr (): Event NCI_ACTION(0x212), State: INIT_DONE(1)
09-23 13:53:26.751 D/BrcmNfcJni( 1670): checkforTranscation: enter; event=0xE transaction_data.current_transcation_state = 0x0
09-23 13:53:26.751 D/BrcmNfcJni( 1670): checkforTranscation: exit; event=0xE transaction_data.current_transcation_state = 0x0
09-23 13:53:26.751 D/BrcmNfcJni( 1670): RoutingManager::nfaEeCallback: NFA_EE_ACTION_EVT; h=0x402; trigger=rf tech (0x2)
09-23 13:53:26.751 I/BrcmNfcNfa( 1670): nfc_ncif_process_event: exiting... free = 1
09-23 13:53:26.751 D/NxpTml  ( 1670): PN54X - Read requested.....
09-23 13:53:26.751 D/NxpTml  ( 1670): PN54X - Invoking I2C Read.....
09-23 13:53:26.811 I/art     ( 1370): Explicit concurrent mark sweep GC freed 54(1888B) AllocSpace objects, 0(0B) LOS objects, 41% free, 16MB/28MB, paused 1.835ms total 30.622ms at Binder_2 thread CareAboutPauseTimes 1
09-23 13:53:26.871 I/art     ( 1370): Explicit concurrent mark sweep GC freed 3(96B) AllocSpace objects, 0(0B) LOS objects, 41% free, 16MB/28MB, paused 932us total 34.788ms at Binder_2 thread CareAboutPauseTimes 1
09-23 13:53:26.881 D/NxpTml  ( 1670): PN54X - I2C Read successful.....
09-23 13:53:26.881 D/NxpNciR ( 1670): len =   7 > 61090402020100
09-23 13:53:26.881 D/NxpTml  ( 1670): PN54X - Posting read message.....
09-23 13:53:26.881 D/NxpHal  ( 1670): read successful status = 0x0
09-23 13:53:26.881 D/NfcAdaptation( 1670): NfcAdaptation::HalDeviceContextDataCallback: len=7
09-23 13:53:26.881 D/NxpTml  ( 1670): PN54X - Read requested.....
09-23 13:53:26.881 D/NxpTml  ( 1670): PN54X - Invoking I2C Read.....
09-23 13:53:26.881 I/BrcmNfcNfa( 1670): nfc_ncif_process_event: entering...
09-23 13:53:26.881 I/BrcmNfcNfa( 1670): NFC received ntf gid:1
09-23 13:53:26.881 I/BrcmNfcNfa( 1670): nfa_dm_nfc_response_cback () NFC_EE_ACTION_REVT(0x5008)
09-23 13:53:26.881 I/BrcmNfcNfa( 1670): nfa_ee_proc_evt: event=0x5008 int_event:0x212
09-23 13:53:26.881 I/BrcmNfcNfa( 1670): nfa_ee_evt_hdlr (): Event NCI_ACTION(0x212), State: INIT_DONE(1)
09-23 13:53:26.881 D/BrcmNfcJni( 1670): checkforTranscation: enter; event=0xE transaction_data.current_transcation_state = 0x0
09-23 13:53:26.881 D/BrcmNfcJni( 1670): checkforTranscation: exit; event=0xE transaction_data.current_transcation_state = 0x0
09-23 13:53:26.881 D/BrcmNfcJni( 1670): RoutingManager::nfaEeCallback: NFA_EE_ACTION_EVT; h=0x402; trigger=rf tech (0x2)
09-23 13:53:26.881 I/BrcmNfcNfa( 1670): nfc_ncif_process_event: exiting... free = 1
09-23 13:53:26.931 I/art     ( 1370): Explicit concurrent mark sweep GC freed 3(96B) AllocSpace objects, 0(0B) LOS objects, 41% free, 16MB/28MB, paused 1.071ms total 29.184ms at Binder_2 thread CareAboutPauseTimes 1
09-23 13:53:26.991 I/art     ( 1370): Explicit concurrent mark sweep GC freed 3(96B) AllocSpace objects, 0(0B) LOS objects, 41% free, 16MB/28MB, paused 729us total 32.258ms at Binder_2 thread CareAboutPauseTimes 1
09-23 13:53:27.001 D/NxpTml  ( 1670): PN54X - I2C Read successful.....
09-23 13:53:27.001 D/NxpNciR ( 1670): len =   7 > 61090402020100
09-23 13:53:27.001 D/NxpTml  ( 1670): PN54X - Posting read message.....
09-23 13:53:27.001 D/NxpHal  ( 1670): read successful status = 0x0
09-23 13:53:27.001 D/NfcAdaptation( 1670): NfcAdaptation::HalDeviceContextDataCallback: len=7
09-23 13:53:27.001 I/BrcmNfcNfa( 1670): nfc_ncif_process_event: entering...
09-23 13:53:27.001 I/BrcmNfcNfa( 1670): NFC received ntf gid:1
09-23 13:53:27.001 I/BrcmNfcNfa( 1670): nfa_dm_nfc_response_cback () NFC_EE_ACTION_REVT(0x5008)
09-23 13:53:27.001 I/BrcmNfcNfa( 1670): nfa_ee_proc_evt: event=0x5008 int_event:0x212
09-23 13:53:27.001 I/BrcmNfcNfa( 1670): nfa_ee_evt_hdlr (): Event NCI_ACTION(0x212), State: INIT_DONE(1)
09-23 13:53:27.001 D/BrcmNfcJni( 1670): checkforTranscation: enter; event=0xE transaction_data.current_transcation_state = 0x0
09-23 13:53:27.001 D/BrcmNfcJni( 1670): checkforTranscation: exit; event=0xE transaction_data.current_transcation_state = 0x0
09-23 13:53:27.001 D/BrcmNfcJni( 1670): RoutingManager::nfaEeCallback: NFA_EE_ACTION_EVT; h=0x402; trigger=rf tech (0x2)
09-23 13:53:27.001 I/BrcmNfcNfa( 1670): nfc_ncif_process_event: exiting... free = 1
09-23 13:53:27.001 D/NxpTml  ( 1670): PN54X - Read requested.....
09-23 13:53:27.001 D/NxpTml  ( 1670): PN54X - Invoking I2C Read.....
09-23 13:53:27.101 I/art     ( 1347): Explicit concurrent mark sweep GC freed 1401(84KB) AllocSpace objects, 1(16KB) LOS objects, 41% free, 16MB/28MB, paused 865us total 28.471ms at Binder_1 thread CareAboutPauseTimes 1
09-23 13:53:27.131 D/NxpTml  ( 1670): PN54X - I2C Read successful.....
09-23 13:53:27.131 D/NxpNciR ( 1670): len =   7 > 61090402020100
09-23 13:53:27.131 D/NxpTml  ( 1670): PN54X - Posting read message.....
09-23 13:53:27.131 D/NxpHal  ( 1670): read successful status = 0x0
09-23 13:53:27.131 D/NfcAdaptation( 1670): NfcAdaptation::HalDeviceContextDataCallback: len=7
09-23 13:53:27.131 I/BrcmNfcNfa( 1670): nfc_ncif_process_event: entering...
09-23 13:53:27.131 I/BrcmNfcNfa( 1670): NFC received ntf gid:1
09-23 13:53:27.131 I/BrcmNfcNfa( 1670): nfa_dm_nfc_response_cback () NFC_EE_ACTION_REVT(0x5008)
09-23 13:53:27.131 I/BrcmNfcNfa( 1670): nfa_ee_proc_evt: event=0x5008 int_event:0x212
09-23 13:53:27.131 I/BrcmNfcNfa( 1670): nfa_ee_evt_hdlr (): Event NCI_ACTION(0x212), State: INIT_DONE(1)
09-23 13:53:27.131 D/BrcmNfcJni( 1670): checkforTranscation: enter; event=0xE transaction_data.current_transcation_state = 0x0
09-23 13:53:27.131 D/BrcmNfcJni( 1670): checkforTranscation: exit; event=0xE transaction_data.current_transcation_state = 0x0
09-23 13:53:27.131 D/BrcmNfcJni( 1670): RoutingManager::nfaEeCallback: NFA_EE_ACTION_EVT; h=0x402; trigger=rf tech (0x2)
09-23 13:53:27.131 I/BrcmNfcNfa( 1670): nfc_ncif_process_event: exiting... free = 1
09-23 13:53:27.131 D/NxpTml  ( 1670): PN54X - Read requested.....
09-23 13:53:27.131 D/NxpTml  ( 1670): PN54X - Invoking I2C Read.....
09-23 13:53:27.161 I/art     ( 1347): Explicit concurrent mark sweep GC freed 18(632B) AllocSpace objects, 0(0B) LOS objects, 41% free, 16MB/28MB, paused 801us total 26.571ms at Binder_1 thread CareAboutPauseTimes 1
09-23 13:53:27.231 I/art     ( 1347): Explicit concurrent mark sweep GC freed 3(96B) AllocSpace objects, 0(0B) LOS objects, 41% free, 16MB/28MB, paused 869us total 32.256ms at Binder_1 thread CareAboutPauseTimes 1
09-23 13:53:27.251 D/NxpTml  ( 1670): PN54X - I2C Read successful.....
09-23 13:53:27.251 D/NxpNciR ( 1670): len =   7 > 61090402020100
09-23 13:53:27.251 D/NxpTml  ( 1670): PN54X - Posting read message.....
09-23 13:53:27.251 D/NxpHal  ( 1670): read successful status = 0x0
09-23 13:53:27.251 D/NfcAdaptation( 1670): NfcAdaptation::HalDeviceContextDataCallback: len=7
09-23 13:53:27.251 I/BrcmNfcNfa( 1670): nfc_ncif_process_event: entering...
09-23 13:53:27.251 I/BrcmNfcNfa( 1670): NFC received ntf gid:1
09-23 13:53:27.251 I/BrcmNfcNfa( 1670): nfa_dm_nfc_response_cback () NFC_EE_ACTION_REVT(0x5008)
09-23 13:53:27.251 I/BrcmNfcNfa( 1670): nfa_ee_proc_evt: event=0x5008 int_event:0x212
09-23 13:53:27.251 I/BrcmNfcNfa( 1670): nfa_ee_evt_hdlr (): Event NCI_ACTION(0x212), State: INIT_DONE(1)
09-23 13:53:27.251 D/BrcmNfcJni( 1670): checkforTranscation: enter; event=0xE transaction_data.current_transcation_state = 0x0
09-23 13:53:27.251 D/BrcmNfcJni( 1670): checkforTranscation: exit; event=0xE transaction_data.current_transcation_state = 0x0
09-23 13:53:27.251 D/BrcmNfcJni( 1670): RoutingManager::nfaEeCallback: NFA_EE_ACTION_EVT; h=0x402; trigger=rf tech (0x2)
09-23 13:53:27.251 I/BrcmNfcNfa( 1670): nfc_ncif_process_event: exiting... free = 1
09-23 13:53:27.251 D/NxpTml  ( 1670): PN54X - Read requested.....
09-23 13:53:27.251 D/NxpTml  ( 1670): PN54X - Invoking I2C Read.....
09-23 13:53:27.301 I/art     ( 1347): Explicit concurrent mark sweep GC freed 3(96B) AllocSpace objects, 0(0B) LOS objects, 41% free, 16MB/28MB, paused 1.011ms total 30.574ms at Binder_1 thread CareAboutPauseTimes 1
09-23 13:53:27.361 I/art     ( 1347): Explicit concurrent mark sweep GC freed 3(96B) AllocSpace objects, 0(0B) LOS objects, 41% free, 16MB/28MB, paused 803us total 25.677ms at Binder_1 thread CareAboutPauseTimes 1
09-23 13:53:27.391 D/NxpTml  ( 1670): PN54X - I2C Read successful.....
09-23 13:53:27.391 D/NxpNciR ( 1670): len =   7 > 61090402020100
09-23 13:53:27.391 D/NxpTml  ( 1670): PN54X - Posting read message.....
09-23 13:53:27.391 D/NxpHal  ( 1670): read successful status = 0x0
09-23 13:53:27.391 D/NfcAdaptation( 1670): NfcAdaptation::HalDeviceContextDataCallback: len=7
09-23 13:53:27.391 I/BrcmNfcNfa( 1670): nfc_ncif_process_event: entering...
09-23 13:53:27.391 I/BrcmNfcNfa( 1670): NFC received ntf gid:1
09-23 13:53:27.391 I/BrcmNfcNfa( 1670): nfa_dm_nfc_response_cback () NFC_EE_ACTION_REVT(0x5008)
09-23 13:53:27.391 I/BrcmNfcNfa( 1670): nfa_ee_proc_evt: event=0x5008 int_event:0x212
09-23 13:53:27.391 I/BrcmNfcNfa( 1670): nfa_ee_evt_hdlr (): Event NCI_ACTION(0x212), State: INIT_DONE(1)
09-23 13:53:27.391 D/BrcmNfcJni( 1670): checkforTranscation: enter; event=0xE transaction_data.current_transcation_state = 0x0
09-23 13:53:27.391 D/BrcmNfcJni( 1670): checkforTranscation: exit; event=0xE transaction_data.current_transcation_state = 0x0
09-23 13:53:27.391 D/BrcmNfcJni( 1670): RoutingManager::nfaEeCallback: NFA_EE_ACTION_EVT; h=0x402; trigger=rf tech (0x2)
09-23 13:53:27.391 I/BrcmNfcNfa( 1670): nfc_ncif_process_event: exiting... free = 1
09-23 13:53:27.391 D/NxpTml  ( 1670): PN54X - Read requested.....
09-23 13:53:27.391 D/NxpTml  ( 1670): PN54X - Invoking I2C Read.....
09-23 13:53:27.501 D/NxpTml  ( 1670): PN54X - I2C Read successful.....
09-23 13:53:27.501 D/NxpNciR ( 1670): len =   7 > 61090402020100
09-23 13:53:27.501 D/NxpTml  ( 1670): PN54X - Posting read message.....
09-23 13:53:27.501 D/NxpHal  ( 1670): read successful status = 0x0
09-23 13:53:27.501 D/NfcAdaptation( 1670): NfcAdaptation::HalDeviceContextDataCallback: len=7
09-23 13:53:27.501 I/BrcmNfcNfa( 1670): nfc_ncif_process_event: entering...
09-23 13:53:27.501 I/BrcmNfcNfa( 1670): NFC received ntf gid:1
09-23 13:53:27.501 I/BrcmNfcNfa( 1670): nfa_dm_nfc_response_cback () NFC_EE_ACTION_REVT(0x5008)
09-23 13:53:27.501 I/BrcmNfcNfa( 1670): nfa_ee_proc_evt: event=0x5008 int_event:0x212
09-23 13:53:27.501 I/BrcmNfcNfa( 1670): nfa_ee_evt_hdlr (): Event NCI_ACTION(0x212), State: INIT_DONE(1)
09-23 13:53:27.501 D/BrcmNfcJni( 1670): checkforTranscation: enter; event=0xE transaction_data.current_transcation_state = 0x0
09-23 13:53:27.501 D/BrcmNfcJni( 1670): checkforTranscation: exit; event=0xE transaction_data.current_transcation_state = 0x0
09-23 13:53:27.501 D/BrcmNfcJni( 1670): RoutingManager::nfaEeCallback: NFA_EE_ACTION_EVT; h=0x402; trigger=rf tech (0x2)
09-23 13:53:27.501 I/BrcmNfcNfa( 1670): nfc_ncif_process_event: exiting... free = 1
09-23 13:53:27.501 D/NxpTml  ( 1670): PN54X - Read requested.....
09-23 13:53:27.501 D/NxpTml  ( 1670): PN54X - Invoking I2C Read.....
09-23 13:53:27.631 D/NxpTml  ( 1670): PN54X - I2C Read successful.....
09-23 13:53:27.631 D/NxpNciR ( 1670): len =   7 > 61090402020100
09-23 13:53:27.631 D/NxpTml  ( 1670): PN54X - Posting read message.....
09-23 13:53:27.631 D/NxpHal  ( 1670): read successful status = 0x0
09-23 13:53:27.631 D/NfcAdaptation( 1670): NfcAdaptation::HalDeviceContextDataCallback: len=7
09-23 13:53:27.631 I/BrcmNfcNfa( 1670): nfc_ncif_process_event: entering...
09-23 13:53:27.631 I/BrcmNfcNfa( 1670): NFC received ntf gid:1
09-23 13:53:27.631 I/BrcmNfcNfa( 1670): nfa_dm_nfc_response_cback () NFC_EE_ACTION_REVT(0x5008)
09-23 13:53:27.631 I/BrcmNfcNfa( 1670): nfa_ee_proc_evt: event=0x5008 int_event:0x212
