01-03 06:48:57.276  1227  1711 D RegisteredNfcid2Cache: updateRoutingLocked:  mNfcid2Cache size 0
01-03 06:48:57.276  1227  1711 D RegisteredNfcid2Cache: Finding NFCID2s to be removed
01-03 06:48:57.276  1227  1711 D Nfcid2RoutingManager: Not committing routing because table not dirty.
01-03 06:48:57.278  1227  1711 D NdefPushServer: start, thread = null
01-03 06:48:57.278  1227  1711 D NdefPushServer: starting new server thread
01-03 06:48:57.281  1227  1723 D NdefPushServer: about create LLCP service socket
01-03 06:48:57.282  1227  1723 D NdefPushServer: created LLCP service socket
01-03 06:48:57.283  1227  1723 D NdefPushServer: about to accept
01-05 13:37:23.532  1711  1711 W com.android.nfc: type=1400 audit(0.0:11): avc: denied { write } for comm=4173796E635461736B202332 name="nfc" dev="dm-0" ino=719489 scontext=u:r:nfc:s0 tcontext=u:object_r:system_data_file:s0 tclass=dir permissive=0
01-03 06:48:57.283  1227  1711 I NfcService: Enter: NfcAlaService constructor
01-03 06:48:57.283  1227  1711 I NfcService: Enter: NfcAlaService constructor file open
01-03 06:48:57.284  1227  1711 I NfcService: FileNotFound ls backup
01-03 06:48:57.285  1227  1711 I NfcService: FileNotFoundException Raised during LS Initialization
01-03 06:48:57.289  1227  1227 E NfcService: Loader service update start from NFC_ON Broadcast
01-03 06:48:57.301  1227  1711 E NfcService: applyRouting -3
01-03 06:48:57.303  1227  1716 D NxpExtns: const nxp::CNfcParam* nxp::CNfcConfig::find(const char*) const found MIFARE_READER_ENABLE=(0x1)
01-03 06:48:57.303  1227  1719 D NxpTml  : PN54X - Write requested.....
01-03 06:48:57.303  1227  1719 D NxpTml  : PN54X - Invoking I2C Write.....(4)
01-03 06:48:57.303  1227  1719 D NxpTml  : numWrote=0, nNbBytesToWrite=4
01-03 06:48:57.303  1227  1719 D NxpTml  : WRITING: bytes to write = 4
01-03 06:48:57.305  1227  1719 D NxpTml  : phTmlNfc_i2c_write: exiting... numWrote=4
01-03 06:48:57.305  1227  1726 E WVMExtractor: Failed to open libwvm.so: dlopen failed: library "libwvm.so" not found
01-03 06:48:57.305  1227  1719 D NxpTml  : PN54X - I2C Write returned (4)
01-03 06:48:57.305  1227  1719 D NxpTml  : PN54X - Printing packet.....
01-03 06:48:57.305  1227  1719 D NxpNciX : len =   4 > 2F150100
01-03 06:48:57.305  1227  1719 D NxpTml  : PN54X - I2C Write successful.....
01-03 06:48:57.305  1227  1719 D NxpTml  : PN54X - Posting Fresh Write message.....
01-03 06:48:57.305  1227  1719 D NxpTml  : PN54X - Tml Writer Thread Running................
01-03 06:48:57.305  1227  1718 D NxpTml  : phTmlNfc_i2c_read: ret_Read=3
01-03 06:48:57.305  1227  1718 D NxpTml  : phTmlNfc_i2c_read(219): totalBtyesToRead=4, numRead=3
01-03 06:48:57.305  1227  1721 D NxpHal  : write successful status = 0x0
01-03 06:48:57.314  1227  1718 D NxpTml  : phTmlNfc_i2c_read: ret_Read=1
01-03 06:48:57.314  1227  1718 D NxpTml  : PN54X - I2C Read successful.....
01-03 06:48:57.314  1227  1718 D NxpNciR : len =   4 > 4F150100
01-03 06:48:57.314  1227  1718 D NxpTml  : PN54X - Posting read message.....
01-03 06:48:57.315  1227  1721 D NxpHal  : read successful status = 0x0
01-03 06:48:57.315  1227  1711 D NfcService: applyRouting - enter force = true mScreenState = 3
01-03 06:48:57.316  1227  1711 D NxpExtns: const nxp::CNfcParam* nxp::CNfcConfig::find(const char*) const found DEFAULT_DESFIRE_ROUTE=(0x2)
01-03 06:48:57.316  1227  1711 D NfcService: GetDefaultMifareDesfireRouteEntry :2
01-03 06:48:57.316  1227  1711 D NxpExtns: const nxp::CNfcParam* nxp::CNfcConfig::find(const char*) const found DEFAULT_DESFIRE_ROUTE=(0x2)
01-03 06:48:57.316  1227  1727 I OMXClient: Using client-side OMX mux.
01-03 06:48:57.316  1227  1711 D NxpExtns: const nxp::CNfcParam* nxp::CNfcConfig::find(const char*) const found DEFAULT_AID_ROUTE=(0x0)
01-03 06:48:57.316  1227  1711 D NfcService: GetDefaultRouteEntry :1
01-03 06:48:57.316  1227  1711 D NxpExtns: const nxp::CNfcParam* nxp::CNfcConfig::find(const char*) const found DEFAULT_MIFARE_CLT_ROUTE=(0x2)
01-03 06:48:57.316  1227  1711 D NfcService: getDefaultMifareCLTRoute :2
01-03 06:48:57.317  1227  1711 D NxpExtns: const nxp::CNfcParam* nxp::CNfcConfig::find(const char*) const found DEFAULT_MIFARE_CLT_ROUTE=(0x2)
01-03 06:48:57.317  1227  1711 D NfcService: Set default Route Entry
01-03 06:48:57.317  1227  1718 D NxpTml  : PN54X - Read requested.....
01-03 06:48:57.317  1227  1711 D BrcmNfcJni: RoutingManager::setDefaultRoute: enter, defaultRoute:1 protoRoute:0x13 TechRoute:0x33 
01-03 06:48:57.317  1227  1718 D NxpTml  : PN54X - Invoking I2C Read.....
01-03 06:48:57.317  1227  1711 D BrcmNfcJni: RoutingManager::setDefaultRoute: enter, defaultSeID:400 defaultPowerstate:0x1
01-03 06:48:57.317  1227  1718 D NxpTml  : phTmlNfc_i2c_read(168): totalBtyesToRead=3, numRead=0
01-03 06:48:57.317  1227  1711 D BrcmNfcJni: RoutingManager::setDefaultRoute: enter, defaultProtoSeID:402 defaultProtoPowerstate:0x3
01-03 06:48:57.317  1227  1711 D BrcmNfcJni: RoutingManager::setDefaultRoute: enter, defaultTechSeID:402 defaultTechAPowerstate:0x3,defaultTechType:0x1
01-03 06:48:57.317  1227  1716 D BrcmNfcJni: RoutingManager::nfaEeCallback: NFA_EE_SET_TECH_CFG_EVT; status=0x0
01-03 06:48:57.318  1227  1716 D BrcmNfcJni: RoutingManager::nfaEeCallback: NFA_EE_SET_PROTO_CFG_EVT; status=0x0
01-03 06:48:57.318  1227  1711 D BrcmNfcJni: RoutingManager::setDefaultRoute: enter, isDefaultProtoSeIDPresent:0
01-03 06:48:57.318  1227  1716 E BrcmNfcNfa: CE_T4tRegisterAID (): only one wildcard AID can be registered at time.
01-03 06:48:57.318  1227  1716 E BrcmNfcNfa: Unable to register AID
01-03 06:48:57.318  1227  1716 D BrcmNfcJni: RoutingManager::stackCallback: event=0x15
01-03 06:48:57.318  1227  1716 D BrcmNfcJni: RoutingManager::stackCallback: NFA_CE_REGISTERED_EVT; status=0x3; h=0xFFFF
01-03 06:48:57.318  1227  1716 D BrcmNfcJni: RoutingManager::nfaEeCallback: NFA_EE_SET_PROTO_CFG_EVT; status=0x0
01-03 06:48:57.332  1227  1711 D BrcmNfcJni: RoutingManager::setDefaultRoute: enter, defaultHandle:ffff
01-03 06:48:57.332  1227  1711 D BrcmNfcJni: RoutingManager::setDefaultRoute: enter, preferred_defaultHandle:402
01-03 06:48:57.332  1227  1711 D BrcmNfcJni: RoutingManager::setDefaultRoute: enter,max_tech_mask :0
01-03 06:48:57.332  1227  1711 D BrcmNfcJni: RoutingManager::setDefaultRoute: enter, defaultTechSeID:402
01-03 06:48:57.332  1227  1716 D BrcmNfcJni: RoutingManager::nfaEeCallback: NFA_EE_SET_TECH_CFG_EVT; status=0x0
01-03 06:48:57.333  1227  1711 D BrcmNfcJni: setDefaultRoute:UICC_TECH_MASK=0x07;
01-03 06:48:57.333  1227  1711 D BrcmNfcJni: RoutingManager::commitRouting
01-03 06:48:57.334  1227  1716 D NxpExtns: const nxp::CNfcParam* nxp::CNfcConfig::find(const char*) const found MIFARE_READER_ENABLE=(0x1)
01-03 06:48:57.334  1227  1719 D NxpTml  : PN54X - Write requested.....
01-03 06:48:57.334  1227  1719 D NxpTml  : PN54X - Invoking I2C Write.....(25)
01-03 06:48:57.334  1227  1719 D NxpTml  : numWrote=0, nNbBytesToWrite=25
01-03 06:48:57.334  1227  1719 D NxpTml  : WRITING: bytes to write = 25
01-03 06:48:57.336  1227  1719 D NxpTml  : phTmlNfc_i2c_write: exiting... numWrote=25
01-03 06:48:57.336  1227  1719 D NxpTml  : PN54X - I2C Write returned (25)
01-03 06:48:57.336  1227  1719 D NxpTml  : PN54X - Printing packet.....
01-03 06:48:57.336  1227  1719 D NxpNciX : len =  25 > 21011600040103004103010300410401030041A00103000105
01-03 06:48:57.336  1227  1719 D NxpTml  : PN54X - I2C Write successful.....
01-03 06:48:57.336  1227  1719 D NxpTml  : PN54X - Posting Fresh Write message.....
01-03 06:48:57.336  1227  1719 D NxpTml  : PN54X - Tml Writer Thread Running................
01-03 06:48:57.337  1227  1721 D NxpHal  : write successful status = 0x0
01-03 06:48:57.342  1227  1718 D NxpTml  : phTmlNfc_i2c_read: ret_Read=3
01-03 06:48:57.342  1227  1718 D NxpTml  : phTmlNfc_i2c_read(219): totalBtyesToRead=4, numRead=3
01-03 06:48:57.343  1227  1718 D NxpTml  : phTmlNfc_i2c_read: ret_Read=1
01-03 06:48:57.344  1227  1718 D NxpTml  : PN54X - I2C Read successful.....
01-03 06:48:57.344  1227  1718 D NxpNciR : len =   4 > 41010100
01-03 06:48:57.344  1227  1718 D NxpTml  : PN54X - Posting read message.....
01-03 06:48:57.344  1227  1721 D NxpHal  : read successful status = 0x0
01-03 06:48:57.344  1227  1718 D NxpTml  : PN54X - Read requested.....
01-03 06:48:57.344  1227  1716 D BrcmNfcJni: RoutingManager::nfaEeCallback: NFA_EE_UPDATED_EVT
01-03 06:48:57.344  1227  1718 D NxpTml  : PN54X - Invoking I2C Read.....
01-03 06:48:57.345  1227  1718 D NxpTml  : phTmlNfc_i2c_read(168): totalBtyesToRead=3, numRead=0
01-03 06:48:57.457  1227  1732 I OMXClient: Using client-side OMX mux.
01-03 06:48:57.556  1227  1735 I OMXClient: Using client-side OMX mux.
01-03 06:48:57.760   476   476 E QC-QMI  : qmi_client [476]: unable to connect to server, errno=[2:No such file or directory], attempt=24
01-03 06:48:58.346  1227  1716 D NxpExtns: const nxp::CNfcParam* nxp::CNfcConfig::find(const char*) const found MIFARE_READER_ENABLE=(0x1)
01-03 06:48:58.346  1227  1719 D NxpTml  : PN54X - Write requested.....
01-03 06:48:58.346  1227  1719 D NxpTml  : PN54X - Invoking I2C Write.....(19)
01-03 06:48:58.346  1227  1719 D NxpTml  : numWrote=0, nNbBytesToWrite=19
01-03 06:48:58.347  1227  1719 D NxpTml  : WRITING: bytes to write = 19
01-03 06:48:58.407  1227  1719 D NxpTml  : phTmlNfc_i2c_write: exiting... numWrote=19
01-03 06:48:58.407  1227  1719 D NxpTml  : PN54X - I2C Write returned (19)
01-03 06:48:58.407  1227  1719 D NxpTml  : PN54X - Printing packet.....
01-03 06:48:58.407  1227  1719 D NxpNciX : len =  19 > 20021005320120300104310100380101500100
01-03 06:48:58.408  1227  1719 D NxpTml  : PN54X - I2C Write successful.....
01-03 06:48:58.408  1227  1719 D NxpTml  : PN54X - Posting Fresh Write message.....
01-03 06:48:58.408  1227  1719 D NxpTml  : PN54X - Tml Writer Thread Running................
01-03 06:48:58.408  1227  1721 D NxpHal  : write successful status = 0x0
01-03 06:48:58.423  1227  1718 D NxpTml  : phTmlNfc_i2c_read: ret_Read=3
01-03 06:48:58.423  1227  1718 D NxpTml  : phTmlNfc_i2c_read(219): totalBtyesToRead=5, numRead=3
01-03 06:48:58.425  1227  1718 D NxpTml  : phTmlNfc_i2c_read: ret_Read=2
01-03 06:48:58.425  1227  1718 D NxpTml  : PN54X - I2C Read successful.....
01-03 06:48:58.425  1227  1718 D NxpNciR : len =   5 > 4002020000
01-03 06:48:58.425  1227  1718 D NxpTml  : PN54X - Posting read message.....
01-03 06:48:58.426  1227  1721 D NxpHal  : read successful status = 0x0
01-03 06:48:58.426  1227  1721 D NxpHal  : phNxpNciHal_print_res_status: response status =STATUS_OK
01-03 06:48:58.426  1227  1716 D NxpExtns: const nxp::CNfcParam* nxp::CNfcConfig::find(const char*) const found MIFARE_READER_ENABLE=(0x1)
01-03 06:48:58.426  1227  1718 D NxpTml  : PN54X - Read requested.....
01-03 06:48:58.427  1227  1718 D NxpTml  : PN54X - Invoking I2C Read.....
01-03 06:48:58.427  1227  1718 D NxpTml  : phTmlNfc_i2c_read(168): totalBtyesToRead=3, numRead=0
01-03 06:48:58.427  1227  1719 D NxpTml  : PN54X - Write requested.....
01-03 06:48:58.427  1227  1719 D NxpTml  : PN54X - Invoking I2C Write.....(8)
01-03 06:48:58.427  1227  1719 D NxpTml  : numWrote=0, nNbBytesToWrite=8
01-03 06:48:58.427  1227  1719 D NxpTml  : WRITING: bytes to write = 8
01-03 06:48:58.429  1227  1719 D NxpTml  : phTmlNfc_i2c_write: exiting... numWrote=8
01-03 06:48:58.429  1227  1719 D NxpTml  : PN54X - I2C Write returned (8)
01-03 06:48:58.429  1227  1719 D NxpTml  : PN54X - Printing packet.....
01-03 06:48:58.430  1227  1719 D NxpNciX : len =   8 > 200205010002F401
01-03 06:48:58.430  1227  1719 D NxpTml  : PN54X - I2C Write successful.....
01-03 06:48:58.430  1227  1719 D NxpTml  : PN54X - Posting Fresh Write message.....
01-03 06:48:58.430  1227  1719 D NxpTml  : PN54X - Tml Writer Thread Running................
01-03 06:48:58.430  1227  1721 D NxpHal  : write successful status = 0x0
01-03 06:48:58.433  1227  1718 D NxpTml  : phTmlNfc_i2c_read: ret_Read=3
01-03 06:48:58.433  1227  1718 D NxpTml  : phTmlNfc_i2c_read(219): totalBtyesToRead=5, numRead=3
01-03 06:48:58.435  1227  1718 D NxpTml  : phTmlNfc_i2c_read: ret_Read=2
01-03 06:48:58.435  1227  1718 D NxpTml  : PN54X - I2C Read successful.....
01-03 06:48:58.436  1227  1718 D NxpNciR : len =   5 > 4002020000
01-03 06:48:58.436  1227  1718 D NxpTml  : PN54X - Posting read message.....
01-03 06:48:58.436  1227  1721 D NxpHal  : read successful status = 0x0
01-03 06:48:58.436  1227  1721 D NxpHal  : phNxpNciHal_print_res_status: response status =STATUS_OK
01-03 06:48:58.437  1227  1718 D NxpTml  : PN54X - Read requested.....
01-03 06:48:58.437  1227  1716 D NxpExtns: const nxp::CNfcParam* nxp::CNfcConfig::find(const char*) const found MIFARE_READER_ENABLE=(0x1)
01-03 06:48:58.437  1227  1718 D NxpTml  : PN54X - Invoking I2C Read.....
01-03 06:48:58.437  1227  1716 D NxpHal  : > Polling Loop Started
01-03 06:48:58.437  1227  1718 D NxpTml  : phTmlNfc_i2c_read(168): totalBtyesToRead=3, numRead=0
01-03 06:48:58.437  1227  1719 D NxpTml  : PN54X - Write requested.....
01-03 06:48:58.438  1227  1719 D NxpTml  : PN54X - Invoking I2C Write.....(8)
01-03 06:48:58.438  1227  1719 D NxpTml  : numWrote=0, nNbBytesToWrite=8
01-03 06:48:58.438  1227  1719 D NxpTml  : WRITING: bytes to write = 8
01-03 06:48:58.440  1227  1719 D NxpTml  : phTmlNfc_i2c_write: exiting... numWrote=8
01-03 06:48:58.440  1227  1719 D NxpTml  : PN54X - I2C Write returned (8)
01-03 06:48:58.440  1227  1719 D NxpTml  : PN54X - Printing packet.....
01-03 06:48:58.440  1227  1719 D NxpNciX : len =   8 > 2103050280018101
01-03 06:48:58.440  1227  1719 D NxpTml  : PN54X - I2C Write successful.....
01-03 06:48:58.441  1227  1719 D NxpTml  : PN54X - Posting Fresh Write message.....
01-03 06:48:58.441  1227  1719 D NxpTml  : PN54X - Tml Writer Thread Running................
01-03 06:48:58.441  1227  1721 D NxpHal  : write successful status = 0x0
01-03 06:48:58.441  1227  1718 D NxpTml  : phTmlNfc_i2c_read: ret_Read=3
01-03 06:48:58.441  1227  1718 D NxpTml  : phTmlNfc_i2c_read(219): totalBtyesToRead=4, numRead=3
01-03 06:48:58.443  1227  1718 D NxpTml  : phTmlNfc_i2c_read: ret_Read=1
01-03 06:48:58.443  1227  1718 D NxpTml  : PN54X - I2C Read successful.....
01-03 06:48:58.443  1227  1718 D NxpNciR : len =   4 > 41030100
01-03 06:48:58.443  1227  1718 D NxpTml  : PN54X - Posting read message.....
01-03 06:48:58.444  1227  1721 D NxpHal  : read successful status = 0x0
01-03 06:48:58.444  1227  1718 D NxpTml  : PN54X - Read requested.....
01-03 06:48:58.445  1227  1718 D NxpTml  : PN54X - Invoking I2C Read.....
01-03 06:48:58.445  1227  1718 D NxpTml  : phTmlNfc_i2c_read(168): totalBtyesToRead=3, numRead=0
01-03 06:48:58.445  1227  1716 D NxpExtns: const nxp::CNfcParam* nxp::CNfcConfig::find(const char*) const found MIFARE_READER_ENABLE=(0x1)
01-03 06:48:58.445  1227  1719 D NxpTml  : PN54X - Write requested.....
01-03 06:48:58.446  1227  1719 D NxpTml  : PN54X - Invoking I2C Write.....(4)
01-03 06:48:58.446  1227  1719 D NxpTml  : numWrote=0, nNbBytesToWrite=4
01-03 06:48:58.446  1227  1719 D NxpTml  : WRITING: bytes to write = 4
01-03 06:48:58.448  1227  1719 D NxpTml  : phTmlNfc_i2c_write: exiting... numWrote=4
01-03 06:48:58.448  1227  1719 D NxpTml  : PN54X - I2C Write returned (4)
01-03 06:48:58.448  1227  1719 D NxpTml  : PN54X - Printing packet.....
01-03 06:48:58.448  1227  1719 D NxpNciX : len =   4 > 21060100
01-03 06:48:58.448  1227  1719 D NxpTml  : PN54X - I2C Write successful.....
01-03 06:48:58.448  1227  1719 D NxpTml  : PN54X - Posting Fresh Write message.....
01-03 06:48:58.448  1227  1719 D NxpTml  : PN54X - Tml Writer Thread Running................
01-03 06:48:58.449  1227  1721 D NxpHal  : write successful status = 0x0
01-03 06:48:58.449  1227  1718 D NxpTml  : phTmlNfc_i2c_read: ret_Read=3
01-03 06:48:58.449  1227  1718 D NxpTml  : phTmlNfc_i2c_read(219): totalBtyesToRead=4, numRead=3
01-03 06:48:58.452  1227  1718 D NxpTml  : phTmlNfc_i2c_read: ret_Read=1
01-03 06:48:58.452  1227  1718 D NxpTml  : PN54X - I2C Read successful.....
01-03 06:48:58.452  1227  1718 D NxpNciR : len =   4 > 41060100
01-03 06:48:58.452  1227  1718 D NxpTml  : PN54X - Posting read message.....
01-03 06:48:58.453  1227  1721 D NxpHal  : read successful status = 0x0
01-03 06:48:58.454  1227  1716 E BrcmNfcJni: getReconnectState = 0x0
01-03 06:48:58.454  1227  1718 D NxpTml  : PN54X - Read requested.....
01-03 06:48:58.454  1227  1718 D NxpTml  : PN54X - Invoking I2C Read.....
01-03 06:48:58.454  1227  1718 D NxpTml  : phTmlNfc_i2c_read(168): totalBtyesToRead=3, numRead=0
01-03 06:48:58.454  1227  1711 E BrcmNfcJni: nfcManager_enableDiscovery:UICC_LISTEN_MASK=0x07;
01-03 06:48:58.455  1227  1716 D NxpExtns: const nxp::CNfcParam* nxp::CNfcConfig::find(const char*) const found MIFARE_READER_ENABLE=(0x1)
01-03 06:48:58.455  1227  1719 D NxpTml  : PN54X - Write requested.....
01-03 06:48:58.455  1227  1719 D NxpTml  : PN54X - Invoking I2C Write.....(5)
01-03 06:48:58.455  1227  1719 D NxpTml  : numWrote=0, nNbBytesToWrite=5
01-03 06:48:58.456  1227  1719 D NxpTml  : WRITING: bytes to write = 5
01-03 06:48:58.457  1227  1719 D NxpTml  : phTmlNfc_i2c_write: exiting... numWrote=5
01-03 06:48:58.457  1227  1719 D NxpTml  : PN54X - I2C Write returned (5)
01-03 06:48:58.458  1227  1719 D NxpTml  : PN54X - Printing packet.....
01-03 06:48:58.458  1227  1719 D NxpNciX : len =   5 > 20030201B9
01-03 06:48:58.458  1227  1719 D NxpTml  : PN54X - I2C Write successful.....
01-03 06:48:58.458  1227  1719 D NxpTml  : PN54X - Posting Fresh Write message.....
01-03 06:48:58.458  1227  1719 D NxpTml  : PN54X - Tml Writer Thread Running................
01-03 06:48:58.458  1227  1718 D NxpTml  : phTmlNfc_i2c_read: ret_Read=3
01-03 06:48:58.458  1227  1718 D NxpTml  : phTmlNfc_i2c_read(219): totalBtyesToRead=7, numRead=3
01-03 06:48:58.459  1227  1721 D NxpHal  : write successful status = 0x0
01-03 06:48:58.460  1227  1718 D NxpTml  : phTmlNfc_i2c_read: ret_Read=4
01-03 06:48:58.460  1227  1718 D NxpTml  : PN54X - I2C Read successful.....
01-03 06:48:58.460  1227  1718 D NxpNciR : len =   7 > 4003040901B900
01-03 06:48:58.461  1227  1718 D NxpTml  : PN54X - Posting read message.....
01-03 06:48:58.461  1227  1721 D NxpHal  : read successful status = 0x0
01-03 06:48:58.461  1227  1721 D NxpHal  : phNxpNciHal_print_res_status: response status =STATUS_INVALID_PARAM
01-03 06:48:58.461  1227  1716 E BrcmNfcJni: nfaDeviceManagementCallback: NFA_DM_GET_CONFIG failed
01-03 06:48:58.461  1227  1711 E BrcmNfcJni: enableDisableLptd: Config TLV length 0 returned is too short
01-03 06:48:58.462  1227  1718 D NxpTml  : PN54X - Read requested.....
01-03 06:48:58.462  1227  1718 D NxpTml  : PN54X - Invoking I2C Read.....
01-03 06:48:58.462  1227  1718 D NxpTml  : phTmlNfc_i2c_read(168): totalBtyesToRead=3, numRead=0
01-03 06:48:58.462  1227  1716 E BrcmNfcJni: nfaConnectionCallback: unknown event ????
01-03 06:48:58.463  1227  1716 E BrcmNfcNfa: nfa_ce_api_dereg_listen (): cannot find listen_info for UICC/ESE
01-03 06:48:58.463  1227  1716 E BrcmNfcNfa: UICC/ESE[0x402] is not activated
01-03 06:48:58.464  1227  1716 D NxpExtns: const nxp::CNfcParam* nxp::CNfcConfig::find(const char*) const found MIFARE_READER_ENABLE=(0x1)
01-03 06:48:58.464  1227  1719 D NxpTml  : PN54X - Write requested.....
01-03 06:48:58.464  1227  1719 D NxpTml  : PN54X - Invoking I2C Write.....(26)
01-03 06:48:58.464  1227  1719 D NxpTml  : numWrote=0, nNbBytesToWrite=26
01-03 06:48:58.464  1227  1719 D NxpTml  : WRITING: bytes to write = 26
01-03 06:48:58.466  1227  1719 D NxpTml  : phTmlNfc_i2c_write: exiting... numWrote=26
01-03 06:48:58.466  1227  1719 D NxpTml  : PN54X - I2C Write returned (26)
01-03 06:48:58.466  1227  1719 D NxpTml  : PN54X - Printing packet.....
01-03 06:48:58.466  1227  1719 D NxpNciX : len =  26 > 20021701291446666D010112020207FF03020013040164070103
01-03 06:48:58.467  1227  1719 D NxpTml  : PN54X - I2C Write successful.....
01-03 06:48:58.467  1227  1719 D NxpTml  : PN54X - Posting Fresh Write message.....
01-03 06:48:58.467  1227  1719 D NxpTml  : PN54X - Tml Writer Thread Running................
01-03 06:48:58.467  1227  1721 D NxpHal  : write successful status = 0x0
01-03 06:48:58.472  1227  1718 D NxpTml  : phTmlNfc_i2c_read: ret_Read=3
01-03 06:48:58.473  1227  1718 D NxpTml  : phTmlNfc_i2c_read(219): totalBtyesToRead=5, numRead=3
01-03 06:48:58.474  1227  1718 D NxpTml  : phTmlNfc_i2c_read: ret_Read=2
01-03 06:48:58.474  1227  1718 D NxpTml  : PN54X - I2C Read successful.....
01-03 06:48:58.474  1227  1718 D NxpNciR : len =   5 > 4002020000
01-03 06:48:58.475  1227  1718 D NxpTml  : PN54X - Posting read message.....
01-03 06:48:58.475  1227  1721 D NxpHal  : read successful status = 0x0
01-03 06:48:58.475  1227  1721 D NxpHal  : phNxpNciHal_print_res_status: response status =STATUS_OK
01-03 06:48:58.475  1227  1716 D NxpExtns: const nxp::CNfcParam* nxp::CNfcConfig::find(const char*) const found MIFARE_READER_ENABLE=(0x1)
01-03 06:48:58.476  1227  1718 D NxpTml  : PN54X - Read requested.....
01-03 06:48:58.476  1227  1719 D NxpTml  : PN54X - Write requested.....
01-03 06:48:58.476  1227  1718 D NxpTml  : PN54X - Invoking I2C Read.....
01-03 06:48:58.476  1227  1719 D NxpTml  : PN54X - Invoking I2C Write.....(29)
01-03 06:48:58.476  1227  1718 D NxpTml  : phTmlNfc_i2c_read(168): totalBtyesToRead=3, numRead=0
01-03 06:48:58.476  1227  1719 D NxpTml  : numWrote=0, nNbBytesToWrite=29
01-03 06:48:58.476  1227  1719 D NxpTml  : WRITING: bytes to write = 29
01-03 06:48:58.478  1227  1719 D NxpTml  : phTmlNfc_i2c_write: exiting... numWrote=29
01-03 06:48:58.478  1227  1719 D NxpTml  : PN54X - I2C Write returned (29)
01-03 06:48:58.478  1227  1719 D NxpTml  : PN54X - Printing packet.....
01-03 06:48:58.478  1227  1719 D NxpNciX : len =  29 > 20021A02611446666D010112020207FF03020013040164070103600107
01-03 06:48:58.479  1227  1719 D NxpTml  : PN54X - I2C Write successful.....
01-03 06:48:58.479  1227  1719 D NxpTml  : PN54X - Posting Fresh Write message.....
01-03 06:48:58.479  1227  1719 D NxpTml  : PN54X - Tml Writer Thread Running................
01-03 06:48:58.479  1227  1721 D NxpHal  : write successful status = 0x0
01-03 06:48:58.491  1227  1718 D NxpTml  : phTmlNfc_i2c_read: ret_Read=3
01-03 06:48:58.491  1227  1718 D NxpTml  : phTmlNfc_i2c_read(219): totalBtyesToRead=5, numRead=3
01-03 06:48:58.492  1227  1718 D NxpTml  : phTmlNfc_i2c_read: ret_Read=2
01-03 06:48:58.493  1227  1718 D NxpTml  : PN54X - I2C Read successful.....
01-03 06:48:58.493  1227  1718 D NxpNciR : len =   5 > 4002020000
01-03 06:48:58.493  1227  1718 D NxpTml  : PN54X - Posting read message.....
01-03 06:48:58.493  1227  1721 D NxpHal  : read successful status = 0x0
01-03 06:48:58.493  1227  1721 D NxpHal  : phNxpNciHal_print_res_status: response status =STATUS_OK
01-03 06:48:58.494  1227  1716 D NxpExtns: const nxp::CNfcParam* nxp::CNfcConfig::find(const char*) const found MIFARE_READER_ENABLE=(0x1)
01-03 06:48:58.494  1227  1718 D NxpTml  : PN54X - Read requested.....
01-03 06:48:58.494  1227  1718 D NxpTml  : PN54X - Invoking I2C Read.....
01-03 06:48:58.494  1227  1718 D NxpTml  : phTmlNfc_i2c_read(168): totalBtyesToRead=3, numRead=0
01-03 06:48:58.494  1227  1719 D NxpTml  : PN54X - Write requested.....
01-03 06:48:58.494  1227  1719 D NxpTml  : PN54X - Invoking I2C Write.....(16)
01-03 06:48:58.494  1227  1719 D NxpTml  : numWrote=0, nNbBytesToWrite=16
01-03 06:48:58.494  1227  1719 D NxpTml  : WRITING: bytes to write = 16
01-03 06:48:58.496  1227  1719 D NxpTml  : phTmlNfc_i2c_write: exiting... numWrote=16
01-03 06:48:58.496  1227  1719 D NxpTml  : PN54X - I2C Write returned (16)
01-03 06:48:58.496  1227  1719 D NxpTml  : PN54X - Printing packet.....
01-03 06:48:58.496  1227  1719 D NxpNciX : len =  16 > 20020D04320160310100380101500102
01-03 06:48:58.496  1227  1719 D NxpTml  : PN54X - I2C Write successful.....
01-03 06:48:58.496  1227  1719 D NxpTml  : PN54X - Posting Fresh Write message.....
01-03 06:48:58.496  1227  1719 D NxpTml  : PN54X - Tml Writer Thread Running................
01-03 06:48:58.497  1227  1721 D NxpHal  : write successful status = 0x0
01-03 06:48:58.503  1227  1718 D NxpTml  : phTmlNfc_i2c_read: ret_Read=3
01-03 06:48:58.503  1227  1718 D NxpTml  : phTmlNfc_i2c_read(219): totalBtyesToRead=5, numRead=3
01-03 06:48:58.505  1227  1718 D NxpTml  : phTmlNfc_i2c_read: ret_Read=2
01-03 06:48:58.505  1227  1718 D NxpTml  : PN54X - I2C Read successful.....
01-03 06:48:58.505  1227  1718 D NxpNciR : len =   5 > 4002020000
01-03 06:48:58.505  1227  1718 D NxpTml  : PN54X - Posting read message.....
01-03 06:48:58.505  1227  1721 D NxpHal  : read successful status = 0x0
01-03 06:48:58.505  1227  1721 D NxpHal  : phNxpNciHal_print_res_status: response status =STATUS_OK
01-03 06:48:58.506  1227  1716 D NxpExtns: const nxp::CNfcParam* nxp::CNfcConfig::find(const char*) const found MIFARE_READER_ENABLE=(0x1)
01-03 06:48:58.506  1227  1716 D NxpHal  : > Polling Loop Started
01-03 06:48:58.506  1227  1719 D NxpTml  : PN54X - Write requested.....
01-03 06:48:58.506  1227  1719 D NxpTml  : PN54X - Invoking I2C Write.....(28)
01-03 06:48:58.506  1227  1719 D NxpTml  : numWrote=0, nNbBytesToWrite=28
01-03 06:48:58.506  1227  1718 D NxpTml  : PN54X - Read requested.....
01-03 06:48:58.506  1227  1719 D NxpTml  : WRITING: bytes to write = 28
01-03 06:48:58.506  1227  1718 D NxpTml  : PN54X - Invoking I2C Read.....
01-03 06:48:58.506  1227  1718 D NxpTml  : phTmlNfc_i2c_read(168): totalBtyesToRead=3, numRead=0
01-03 06:48:58.508  1227  1719 D NxpTml  : phTmlNfc_i2c_write: exiting... numWrote=28
01-03 06:48:58.508  1227  1719 D NxpTml  : PN54X - I2C Write returned (28)
01-03 06:48:58.508  1227  1719 D NxpTml  : PN54X - Printing packet.....
01-03 06:48:58.508  1227  1719 D NxpNciX : len =  28 > 2103190C000101010201030105018001810182018301850106017001
01-03 06:48:58.508  1227  1719 D NxpTml  : PN54X - I2C Write successful.....
01-03 06:48:58.508  1227  1719 D NxpTml  : PN54X - Posting Fresh Write message.....
01-03 06:48:58.508  1227  1719 D NxpTml  : PN54X - Tml Writer Thread Running................
01-03 06:48:58.508  1227  1721 D NxpHal  : write successful status = 0x0
01-03 06:48:58.509  1227  1718 D NxpTml  : phTmlNfc_i2c_read: ret_Read=3
01-03 06:48:58.509  1227  1718 D NxpTml  : phTmlNfc_i2c_read(219): totalBtyesToRead=4, numRead=3
01-03 06:48:58.511  1227  1718 D NxpTml  : phTmlNfc_i2c_read: ret_Read=1
01-03 06:48:58.511  1227  1718 D NxpTml  : PN54X - I2C Read successful.....
01-03 06:48:58.511  1227  1718 D NxpNciR : len =   4 > 41030100
01-03 06:48:58.511  1227  1718 D NxpTml  : PN54X - Posting read message.....
01-03 06:48:58.511  1227  1721 D NxpHal  : read successful status = 0x0
01-03 06:48:58.511  1227  1718 D NxpTml  : PN54X - Read requested.....
01-03 06:48:58.512  1227  1718 D NxpTml  : PN54X - Invoking I2C Read.....
01-03 06:48:58.512  1227  1718 D NxpTml  : phTmlNfc_i2c_read(168): totalBtyesToRead=3, numRead=0
01-03 06:48:58.512  1227  1227 W Settings: Setting airplane_mode_radios has moved from android.provider.Settings.System to android.provider.Settings.Global, returning read-only value.
01-03 06:48:58.512  1227  1227 W Settings: Setting airplane_mode_toggleable_radios has moved from android.provider.Settings.System to android.provider.Settings.Global, returning read-only value.
01-03 06:48:58.761   476   476 E QC-QMI  : qmi_client [476]: unable to connect to server, errno=[2:No such file or directory], attempt=25
01-03 06:48:59.762   476   476 E QC-QMI  : qmi_client [476]: unable to connect to server, errno=[2:No such file or directory], attempt=26
01-03 06:49:00.763   476   476 E QC-QMI  : qmi_client [476]: unable to connect to server, errno=[2:No such file or directory], attempt=27
01-03 06:49:00.836   768   782 I ActivityManager: Waited long enough for: ServiceRecord{79843a4 u0 com.android.calendar/.alerts.InitAlarmsService}
01-03 06:49:01.763   476   476 E QC-QMI  : qmi_client [476]: unable to connect to server, errno=[2:No such file or directory], attempt=28
01-03 06:49:02.764   476   476 E QC-QMI  : qmi_client [476]: unable to connect to server, errno=[2:No such file or directory], attempt=29
01-03 06:49:03.765   476   476 E QC-QMI  : qmi_client [476]: unable to connect to server, errno=[2:No such file or directory], attempt=30
01-03 06:49:04.766   476   476 E QC-QMI  : qmi_client [476]: unable to connect to server, errno=[2:No such file or directory], attempt=31
01-03 06:49:05.767   476   476 E QC-QMI  : qmi_client [476]: unable to connect to server, errno=[2:No such file or directory], attempt=32
01-03 06:49:06.769   476   476 E QC-QMI  : qmi_client [476]: unable to connect to server, errno=[2:No such file or directory], attempt=33
01-03 06:49:07.770   476   476 E QC-QMI  : qmi_client [476]: unable to connect to server, errno=[2:No such file or directory], attempt=34
01-03 06:49:08.771   476   476 E QC-QMI  : qmi_client [476]: unable to connect to server, errno=[2:No such file or directory], attempt=35
01-03 06:49:09.773   476   476 E QC-QMI  : qmi_client [476]: unable to connect to server, errno=[2:No such file or directory], attempt=36
01-03 06:49:10.774   476   476 E QC-QMI  : qmi_client [476]: unable to connect to server, errno=[2:No such file or directory], attempt=37
01-03 06:49:11.775   476   476 E QC-QMI  : qmi_client [476]: unable to connect to server, errno=[2:No such file or directory], attempt=38
01-03 06:49:12.776   476   476 E QC-QMI  : qmi_client [476]: unable to connect to server, errno=[2:No such file or directory], attempt=39
01-03 06:49:13.777   476   476 E QC-QMI  : qmi_client [476]: unable to connect to server, errno=[2:No such file or directory], attempt=40
01-03 06:49:14.778   476   476 E QC-QMI  : qmi_client [476]: unable to connect to server, errno=[2:No such file or directory], attempt=41
01-03 06:49:15.780   476   476 E QC-QMI  : qmi_client [476]: unable to connect to server, errno=[2:No such file or directory], attempt=42
01-03 06:49:15.860  1567  1607 D InitAlarmsService: Clearing and rescheduling alarms.
01-03 06:49:16.781   476   476 E QC-QMI  : qmi_client [476]: unable to connect to server, errno=[2:No such file or directory], attempt=43
01-03 06:49:17.782   476   476 E QC-QMI  : qmi_client [476]: unable to connect to server, errno=[2:No such file or directory], attempt=44
01-03 06:49:18.784   476   476 E QC-QMI  : qmi_client [476]: unable to connect to server, errno=[2:No such file or directory], attempt=45
01-03 06:49:19.786   476   476 E QC-QMI  : qmi_client [476]: unable to connect to server, errno=[2:No such file or directory], attempt=46
01-03 06:49:20.788   476   476 E QC-QMI  : qmi_client [476]: unable to connect to server, errno=[2:No such file or directory], attempt=47
01-03 06:49:21.789   476   476 E QC-QMI  : qmi_client [476]: unable to connect to server, errno=[2:No such file or directory], attempt=48
01-03 06:49:22.791   476   476 E QC-QMI  : qmi_client [476]: unable to connect to server, errno=[2:No such file or directory], attempt=49
01-03 06:49:23.794   476   476 E QC-QMI  : qmi_client [476]: unable to connect to server, errno=[2:No such file or directory], attempt=50
01-03 06:49:24.796   476   476 E QC-QMI  : qmi_client [476]: unable to connect to server, errno=[2:No such file or directory], attempt=51
01-03 06:49:25.798   476   476 E QC-QMI  : qmi_client [476]: unable to connect to server, errno=[2:No such file or directory], attempt=52
01-03 06:49:26.800   476   476 E QC-QMI  : qmi_client [476]: unable to connect to server, errno=[2:No such file or directory], attempt=53
01-03 06:49:27.801   476   476 E QC-QMI  : qmi_client [476]: unable to connect to server, errno=[2:No such file or directory], attempt=54
01-03 06:49:28.805   476   476 E QC-QMI  : qmi_client [476]: unable to connect to server, errno=[2:No such file or directory], attempt=55
01-03 06:49:29.807   476   476 E QC-QMI  : qmi_client [476]: unable to connect to server, errno=[2:No such file or directory], attempt=56
01-03 06:49:30.809   476   476 E QC-QMI  : qmi_client [476]: unable to connect to server, errno=[2:No such file or directory], attempt=57
01-03 06:49:31.811   476   476 E QC-QMI  : qmi_client [476]: unable to connect to server, errno=[2:No such file or directory], attempt=58
01-03 06:49:32.812   476   476 E QC-QMI  : qmi_client [476]: unable to connect to server, errno=[2:No such file or directory], attempt=59
01-03 06:49:33.812   476   476 E QC-QMI  : qmi_client [476]: unable to connect to server, errno=[2:No such file or directory], attempt=60
01-03 06:49:34.813   476   476 E QC-QMI  : qmi_client [476]: unable to connect to server after 60 tries... giving up
01-03 06:49:34.814   476   476 E QC-QMI  : qmi_qmux_if_pwr_up_init_ex:  Initialization failed, rc = -1
01-03 06:49:34.814   476   476 E QMI_FW  : QMUXD: WARNING qmi_qmux_if_pwr_up_init failed! rc=-1
01-03 06:49:34.815   476   476 I libmdmdetect: ESOC framework not supported
01-03 06:49:34.816   476   476 I libmdmdetect: Found internal modem: modem
01-03 06:49:34.820   476   476 E QC-QMI  : qmi_client [476]: unable to connect to server, errno=[2:No such file or directory], attempt=1
