01-03 06:48:41.978   768   875 W PackageManager: Unknown permission com.google.android.googleapps.permission.GOOGLE_AUTH.mail in package com.android.calendar
01-03 06:48:41.978   768   875 W PackageManager: Unknown permission com.android.launcher.permission.READ_SETTINGS in package com.android.onetimeinitializer
01-03 06:48:41.978   768   875 W PackageManager: Unknown permission com.android.launcher.permission.WRITE_SETTINGS in package com.android.onetimeinitializer
01-03 06:48:41.979   768   875 W PackageManager: Not granting permission android.permission.DELETE_PACKAGES to package com.svox.pico (protectionLevel=18 flags=0x3808be45)
01-03 06:48:41.979   768   875 W PackageManager: Unknown permission com.google.android.gallery3d.permission.PICASA_STORE in package com.android.dreams.phototable
01-03 06:48:41.979   768   768 I SystemServiceManager: Starting com.android.server.PersistentDataBlockService
01-03 06:48:41.979   768   875 W PackageManager: Unknown permission com.google.android.googleapps.permission.GOOGLE_AUTH in package com.android.settings
01-03 06:48:41.979   768   875 W PackageManager: Unknown permission com.android.launcher.permission.READ_SETTINGS in package com.android.settings
01-03 06:48:41.979   768   875 W PackageManager: Unknown permission com.android.launcher.permission.WRITE_SETTINGS in package com.android.settings
01-03 06:48:41.980   768   875 W PackageManager: Unknown permission com.google.android.gallery3d.permission.GALLERY_PROVIDER in package com.android.bluetooth
01-03 06:48:41.989   473   473 I AudioPolicyService: AudioPolicyService CSTOR in new mode
01-03 06:48:41.991   473   473 I APM::ConfigParsingUtils: loadAudioPolicyConfig() loaded /system/etc/audio_policy.conf
01-03 06:48:41.997   473   473 D audio_hw_primary: adev_open: enter
01-03 06:48:42.011   768   874 W EventHub: Unable to disable kernel key repeat for /dev/input/event0: Function not implemented
01-03 06:48:42.011   768   874 I EventHub: New device: id=7, fd=85, path='/dev/input/event0', name='synaptics_dsx', classes=0x15, configuration='/system/usr/idc/synaptics_dsx.idc', keyLayout='/system/usr/keylayout/Generic.kl', keyCharacterMap='/system/usr/keychars/Generic.kcm', builtinKeyboard=false, wakeMechanism=EPOLLWAKEUP, usingClockIoctl=true
01-03 06:48:42.015   768   874 I InputReader: Device added: id=-1, name='Virtual', sources=0x00000301
01-03 06:48:42.016   768   874 I InputReader:   Touch device 'synaptics_dsx' could not query the properties of its associated display.  The device will be inoperable until the display size becomes available.
01-03 06:48:42.016   768   874 I InputReader: Device added: id=7, name='synaptics_dsx', sources=0x00001103
01-03 06:48:42.016   768   874 I InputReader: Device added: id=6, name='gpio-keys', sources=0x00000101
01-03 06:48:42.016   768   874 I InputReader: Device added: id=4, name='qpnp_pon', sources=0x00000101
01-03 06:48:42.016   768   874 I InputReader: Device added: id=3, name='msm8994-tomtom-mtp-snd-card Button Jack', sources=0x00000101
01-03 06:48:42.016   768   874 I InputReader: Device added: id=2, name='msm8994-tomtom-mtp-snd-card Headset Jack', sources=0x80000000
01-03 06:48:42.016   768   874 I InputReader: Device added: id=1, name='uinput-folio', sources=0x80000000
01-03 06:48:42.017   768   874 I InputReader: Reconfiguring input devices.  changes=0x00000004
01-03 06:48:42.017   768   874 I InputReader: Device reconfigured: id=7, name='synaptics_dsx', size 1440x2560, orientation 0, mode 1, display id 0
01-03 06:48:42.017   768   873 I ActivityManager: Config changes=8 {1.0 ?mcc?mnc en_US ldltr sw411dp w411dp h659dp 560dpi nrml port finger -keyb/v/h -nav/h s.5}
01-03 06:48:42.032   473   473 D msm8974_platform: platform_init: snd_card_name: msm8994-tomtom-mtp-snd-card
01-03 06:48:42.035   768   875 W MountService: No primary storage defined yet; hacking together a stub
01-03 06:48:42.036   768   875 W MountService: No primary storage defined yet; hacking together a stub
01-03 06:48:42.037   768   875 W MountService: No primary storage mounted!
01-03 06:48:42.037   768   875 D VoldConnector: SND -> {2 asec list}
01-03 06:48:42.037   768   768 E PersistentDataBlockService: not able to find package 
01-03 06:48:42.037   768   768 E PersistentDataBlockService: android.content.pm.PackageManager$NameNotFoundException: 
01-03 06:48:42.037   768   768 E PersistentDataBlockService: 	at android.app.ApplicationPackageManager.getPackageUid(ApplicationPackageManager.java:231)
01-03 06:48:42.037   768   768 E PersistentDataBlockService: 	at com.android.server.PersistentDataBlockService.getAllowedUid(PersistentDataBlockService.java:96)
01-03 06:48:42.037   768   768 E PersistentDataBlockService: 	at com.android.server.PersistentDataBlockService.<init>(PersistentDataBlockService.java:87)
01-03 06:48:42.037   768   768 E PersistentDataBlockService: 	at java.lang.reflect.Constructor.newInstance(Native Method)
01-03 06:48:42.037   768   768 E PersistentDataBlockService: 	at com.android.server.SystemServiceManager.startService(SystemServiceManager.java:89)
01-03 06:48:42.037   768   768 E PersistentDataBlockService: 	at com.android.server.SystemServer.startOtherServices(SystemServer.java:617)
01-03 06:48:42.037   768   768 E PersistentDataBlockService: 	at com.android.server.SystemServer.run(SystemServer.java:270)
01-03 06:48:42.037   768   768 E PersistentDataBlockService: 	at com.android.server.SystemServer.main(SystemServer.java:168)
01-03 06:48:42.037   768   768 E PersistentDataBlockService: 	at java.lang.reflect.Method.invoke(Native Method)
01-03 06:48:42.037   768   768 E PersistentDataBlockService: 	at com.android.internal.os.ZygoteInit$MethodAndArgsCaller.run(ZygoteInit.java:726)
01-03 06:48:42.037   768   768 E PersistentDataBlockService: 	at com.android.internal.os.ZygoteInit.main(ZygoteInit.java:616)
01-03 06:48:42.037   768   876 D VoldConnector: RCV <- {200 2 asec operation succeeded}
01-03 06:48:42.055   768   768 I SystemServiceManager: Starting com.android.server.DeviceIdleController
01-03 06:48:42.059   768   768 I SystemServiceManager: Starting com.android.server.devicepolicy.DevicePolicyManagerService$Lifecycle
01-03 06:48:42.064   768   768 I SystemServer: Status Bar
01-03 06:48:42.066   768   768 I SystemServer: Clipboard Service
01-03 06:48:42.067   768   768 I SystemServer: NetworkManagement Service
01-03 06:48:42.072   768   768 I SystemServer: Text Service Manager Service
01-03 06:48:42.074   768   768 I SystemServer: Network Score Service
01-03 06:48:42.075   768   768 I SystemServer: NetworkStats Service
01-03 06:48:42.082   768   768 I SystemServer: NetworkPolicy Service
01-03 06:48:42.093   768   768 I SystemServiceManager: Starting com.android.server.wifi.p2p.WifiP2pService
01-03 06:48:42.101   473   473 E audio_route: Control 'MultiMedia4 Mixer MI2S_TX' doesn't exist - skipping
01-03 06:48:42.102   473   473 E audio_route: Control 'MultiMedia7 Mixer MI2S_TX' doesn't exist - skipping
01-03 06:48:42.102   473   473 E audio_route: Control 'MultiMedia10 Mixer MI2S_TX' doesn't exist - skipping
01-03 06:48:42.102   473   473 E audio_route: Control 'MultiMedia11 Mixer MI2S_TX' doesn't exist - skipping
01-03 06:48:42.102   473   473 E audio_route: Control 'MultiMedia12 Mixer MI2S_TX' doesn't exist - skipping
01-03 06:48:42.102   473   473 E audio_route: Control 'MultiMedia13 Mixer MI2S_TX' doesn't exist - skipping
01-03 06:48:42.102   473   473 E audio_route: Control 'MultiMedia14 Mixer MI2S_TX' doesn't exist - skipping
01-03 06:48:42.102   473   473 E audio_route: Control 'MultiMedia15 Mixer MI2S_TX' doesn't exist - skipping
01-03 06:48:42.102   473   473 E audio_route: Control 'MultiMedia16 Mixer MI2S_TX' doesn't exist - skipping
01-03 06:48:42.104   473   473 E audio_route: Control 'RX4 DSM MUX' doesn't exist - skipping
01-03 06:48:42.105   473   473 E audio_route: Control 'RX6 DSM MUX' doesn't exist - skipping
01-03 06:48:42.105   473   473 E audio_route: Control 'AFE_PCM_RX Port Mixer PRI_MI2S_TX' doesn't exist - skipping
01-03 06:48:42.107   473   473 E audio_route: Control 'MultiMedia8 Mixer SEC_AUX_PCM_UL_TX' doesn't exist - skipping
01-03 06:48:42.107   473   473 E audio_route: Control 'MultiMedia5 Mixer SEC_AUX_PCM_UL_TX' doesn't exist - skipping
01-03 06:48:42.107   473   473 E audio_route: Control 'MultiMedia5 Mixer PRI_MI2S_TX' doesn't exist - skipping
01-03 06:48:42.108   473   473 E audio_route: Control 'QUAT_MI2S_RX Port Mixer SEC_AUX_PCM_UL_TX' doesn't exist - skipping
01-03 06:48:42.124   473   473 D msm8974_platform: platform_init: Opened sound card:0
01-03 06:48:42.132   473   473 E ACDB-LOADER: ACDB -> No .acdb files found in /etc!
01-03 06:48:42.132   473   473 E ACDB-LOADER: ACDB -> Error: Could not open any directory! Failed for /etc
01-03 06:48:42.132   473   473 E ACDB-LOADER: ACDB -> Could not load .acdb files!
01-03 06:48:42.132   473   473 D hardware_cal: hw_util_open: Opening device /dev/snd/hwC0D1000
01-03 06:48:42.132   473   473 D hardware_cal: hw_util_open: success
01-03 06:48:42.132   473   473 E ACDB-LOADER: Error: ACDB ANC returned = -1
01-03 06:48:42.132   473   473 E ACDB-LOADER: Error: ACDB ANC returned = -1
01-03 06:48:42.132   473   473 E ACDB-LOADER: Error: ACDB ANC returned = -1
01-03 06:48:42.132   473   473 E ACDB-LOADER: Error: ACDB ANC returned = -1
01-03 06:48:42.132   473   473 E ACDB-LOADER: Error: ACDB ANC returned = -1
01-03 06:48:42.132   473   473 E ACDB-LOADER: Error: ACDB ANC returned = -1
01-03 06:48:42.132   473   473 E ACDB-LOADER: Error: ACDB ANC returned = -1
01-03 06:48:42.132   473   473 E ACDB-LOADER: Error: ACDB ANC returned = -1
01-03 06:48:42.132   473   473 E ACDB-LOADER: Error: ACDB ANC returned = -1
01-03 06:48:42.132   473   473 D hardware_cal: send_codec_cal cal sent for anc_cal
01-03 06:48:42.132   473   473 E ACDB-LOADER: ACDB -> send_codec_cal
01-03 06:48:42.132   473   473 E ACDB-LOADER: ACDB -> ACDB_CMD_GET_CODEC_CAL_DATA
01-03 06:48:42.133   473   473 E ACDB-LOADER: Error: ACDB CODEC CAL returned = -1
01-03 06:48:42.133   473   473 E hardware_cal: Failed to call ioctl  for mad_cal err=14
01-03 06:48:42.133   473   473 D hardware_cal: send_codec_cal cal sent for mad_cal
01-03 06:48:42.133   473   473 E ACDB-LOADER: Error reading MBHC general config returned = ffffffff
01-03 06:48:42.133   473   473 E hardware_cal: Failed to call ioctl  for mbhc_cal err=14
01-03 06:48:42.133   473   473 D hardware_cal: send_codec_cal cal sent for mbhc_cal
01-03 06:48:42.134   473   473 E ext_speaker: open_speaker_bundle: DLOPEN failed for /system/lib/soundfx/libspeakerbundle.so
01-03 06:48:42.136   473   473 D audio_hw_extn: audio_extn_perf_lock_init: Perf lock handles Success
01-03 06:48:42.136   473   473 I AudioFlinger: loadHwModule() Loaded primary audio interface from QCOM Audio HAL (audio) handle 1
01-03 06:48:42.137   473   473 I AudioFlinger: openOutput(), module 1 Device 2, SamplingRate 48000, Format 0x000001, Channels 3, flags 6
01-03 06:48:42.137   473   473 I AudioFlinger: AudioStreamOut::open(), mHalFormatIsLinearPcm = 1
01-03 06:48:42.137   473   473 I AudioFlinger: HAL output buffer size 192 frames, normal sink buffer size 1152 frames
01-03 06:48:42.141   473   473 W EffectsFactory: loadLibrary() failed to open /system/lib/soundfx/libfmas.so
01-03 06:48:42.146   473   473 W EffectsFactory: loadEffect() could not get library fmas
01-03 06:48:42.147   473   473 W EffectsFactory: loadEffect() could not get library fmas
01-03 06:48:42.147   473   473 W BufferProvider: unable to find downmix effect
01-03 06:48:42.148   473   473 E MonoPipe: Failed to fetch local time frequency when constructing a MonoPipe (res = -32).  getNextWriteTimestamp calls will be non-functional
01-03 06:48:42.148   473   473 I AudioFlinger: Using module 1 has the primary audio interface
01-03 06:48:42.148   473   886 I AudioFlinger: AudioFlinger's thread 0xf4380000 ready to run
01-03 06:48:42.148   473   886 D audio_hw_primary: out_set_parameters: enter: usecase(1: low-latency-playback) kvpairs: routing=2
01-03 06:48:42.148   473   886 E AudioFlinger: no wake lock to update!
01-03 06:48:42.150   473   473 I AudioFlinger: openOutput(), module 1 Device 2, SamplingRate 48000, Format 0x000001, Channels 3, flags 104
01-03 06:48:42.150   473   473 I AudioFlinger: AudioStreamOut::open(), mHalFormatIsLinearPcm = 1
01-03 06:48:42.150   473   473 I AudioFlinger: HAL output buffer size 192 frames, normal sink buffer size 1152 frames
01-03 06:48:42.150   473   888 I AudioFlinger: AudioFlinger's thread 0xf4040000 ready to run
01-03 06:48:42.150   473   888 D audio_hw_primary: out_set_parameters: enter: usecase(5: audio-ull-playback) kvpairs: routing=2
01-03 06:48:42.151   473   888 E AudioFlinger: no wake lock to update!
01-03 06:48:42.151   473   473 I AudioFlinger: openOutput(), module 1 Device 2, SamplingRate 48000, Format 0x000001, Channels 3, flags 8
01-03 06:48:42.151   473   473 I AudioFlinger: AudioStreamOut::open(), mHalFormatIsLinearPcm = 1
01-03 06:48:42.151   473   473 I AudioFlinger: HAL output buffer size 1920 frames, normal sink buffer size 1920 frames
01-03 06:48:42.152   473   889 I AudioFlinger: AudioFlinger's thread 0xf3d00000 ready to run
01-03 06:48:42.152   768   768 I WifiP2pService: Registering wifip2p
01-03 06:48:42.152   473   889 D audio_hw_primary: out_set_parameters: enter: usecase(0: deep-buffer-playback) kvpairs: routing=2
01-03 06:48:42.152   473   889 E AudioFlinger: no wake lock to update!
01-03 06:48:42.153   473   473 I AudioFlinger: openOutput(), module 1 Device 10000, SamplingRate 48000, Format 0x000001, Channels 3, flags 0
01-03 06:48:42.153   473   473 I AudioFlinger: AudioStreamOut::open(), mHalFormatIsLinearPcm = 1
01-03 06:48:42.153   473   473 I AudioFlinger: HAL output buffer size 768 frames, normal sink buffer size 1152 frames
01-03 06:48:42.153   473   891 I AudioFlinger: AudioFlinger's thread 0xf3b80000 ready to run
01-03 06:48:42.154   473   891 D audio_hw_primary: out_set_parameters: enter: usecase(20: afe-proxy-playback) kvpairs: routing=65536
01-03 06:48:42.154   473   891 E AudioFlinger: no wake lock to update!
01-03 06:48:42.154   768   768 I SystemServiceManager: Starting com.android.server.wifi.WifiService
01-03 06:48:42.155   473   473 I AudioFlinger: openOutput(), module 1 Device 2, SamplingRate 48000, Format 0x000001, Channels 3, flags 80
01-03 06:48:42.155   473   473 I AudioFlinger: AudioStreamOut::open(), mHalFormatIsLinearPcm = 1
01-03 06:48:42.155   473   473 I AudioFlinger: HAL output buffer size 1920 frames, normal sink buffer size 1920 frames
01-03 06:48:42.155   473   892 I AudioFlinger: AudioFlinger's thread 0xf3840000 ready to run
01-03 06:48:42.155   473   892 D audio_hw_primary: out_set_parameters: enter: usecase(4: audio-tts-playback) kvpairs: routing=2
01-03 06:48:42.156   473   892 E AudioFlinger: no wake lock to update!
01-03 06:48:42.157   473   893 I AudioFlinger: AudioFlinger's thread 0xf3640000 ready to run
01-03 06:48:42.157   473   894 I AudioFlinger: AudioFlinger's thread 0xf3640000 ready to run
01-03 06:48:42.160   473   473 I bt_a2dp_hw: adev_open:  adev_open in A2dp_hw module
01-03 06:48:42.160   473   473 I AudioFlinger: loadHwModule() Loaded a2dp audio interface from A2DP Audio HW HAL (audio) handle 14
01-03 06:48:42.162   473   473 I AudioFlinger: loadHwModule() Loaded usb audio interface from USB audio HW HAL (audio) handle 15
01-03 06:48:42.163   473   473 I r_submix: adev_open(name=audio_hw_if)
01-03 06:48:42.163   473   473 I r_submix: adev_init_check()
01-03 06:48:42.163   473   473 I AudioFlinger: loadHwModule() Loaded r_submix audio interface from Wifi Display audio HAL (audio) handle 16
01-03 06:48:42.163   473   473 D r_submix: adev_open_input_stream(addr=0)
01-03 06:48:42.163   473   473 D r_submix: submix_audio_device_create_pipe_l(addr=0, idx=9)
01-03 06:48:42.163   473   473 D r_submix:   now using address 0 for route 9
01-03 06:48:42.164   473   895 I AudioFlinger: AudioFlinger's thread 0xf35c0000 ready to run
01-03 06:48:42.164   473   473 D r_submix: adev_close_input_stream()
01-03 06:48:42.164   473   473 D r_submix: submix_audio_device_release_pipe_l(idx=9) addr=0
01-03 06:48:42.164   473   473 D r_submix: submix_audio_device_destroy_pipe_l(): pipe destroyed
01-03 06:48:42.166   473   473 D sound_trigger_hw: stdev_open: Enter
01-03 06:48:42.166   473   473 I sound_trigger_platform: platform_stdev_init: Enter
01-03 06:48:42.221   768   768 D HS20    : Passpoint is enabled
01-03 06:48:42.227   768   768 D WifiStateMachine: initializing with and will revert to US on MCC loss
01-03 06:48:42.231   768   768 D WifiController: isAirplaneModeOn = false, isWifiEnabled = false, isScanningAvailable = false
01-03 06:48:42.232   768   768 I WifiService: Registering wifi
01-03 06:48:42.233   768   768 I SystemServiceManager: Starting com.android.server.wifi.WifiScanningService
01-03 06:48:42.233   768   768 I WifiScanningService: Creating wifiscanner
01-03 06:48:42.234   768   768 I WifiScanningService: Starting wifiscanner
01-03 06:48:42.234   768   768 I SystemServiceManager: Starting com.android.server.wifi.RttService
01-03 06:48:42.234   768   768 I RttService: Creating rttmanager
01-03 06:48:42.235   768   768 I RttService: Starting rttmanager
01-03 06:48:42.235   768   768 I SystemServiceManager: Starting com.android.server.ethernet.EthernetService
01-03 06:48:42.237   768   768 I EthernetServiceImpl: Creating EthernetConfigStore
01-03 06:48:42.238   768   768 E IpConfigStore: Error parsing configuration: java.io.FileNotFoundException: /data/misc/ethernet/ipconfig.txt: open failed: ENOENT (No such file or directory)
01-03 06:48:42.238   768   768 W EthernetConfigStore: No Ethernet configuration found. Using default.
01-03 06:48:42.238   768   768 I EthernetServiceImpl: Read stored IP configuration: IP assignment: DHCP
01-03 06:48:42.238   768   768 I EthernetServiceImpl: Proxy settings: NONE
01-03 06:48:42.238   768   768 I EthernetService: Registering service ethernet
01-03 06:48:42.239   768   768 I SystemServer: Connectivity Service
01-03 06:48:42.241   768   768 D ConnectivityService: ConnectivityService starting up
01-03 06:48:42.244   768   768 D ConnectivityService: wifiOnly=false
01-03 06:48:42.245   473   473 I sound_trigger_platform: platform_stdev_init: acdb_init: msm8994-tomtom-mtp-snd-card
01-03 06:48:42.246   473   473 E ACDB-LOADER: ACDB -> No .acdb files found in /etc!
01-03 06:48:42.246   473   473 E ACDB-LOADER: ACDB -> Error: Could not open any directory! Failed for /etc
01-03 06:48:42.246   473   473 E ACDB-LOADER: ACDB -> Could not load .acdb files!
01-03 06:48:42.246   473   473 E sound_trigger_platform: platform_stdev_init: ERROR. acdb_loader_init_v2 failed status -19
01-03 06:48:42.247   473   473 E sound_trigger_hw: stdev_open: ERROR. platform init failed
01-03 06:48:42.247   473   473 D sound_trigger_hw: stdev_open: Exit status -19
01-03 06:48:42.247   473   473 E SoundTriggerHwService: couldn't open sound trigger hw device in sound_trigger.primary (No such device)
01-03 06:48:42.248   473   473 I RadioService: RadioService
01-03 06:48:42.248   473   473 I RadioService: onFirstRef
01-03 06:48:42.248   473   473 E RadioService: couldn't load radio module radio.primary (No such file or directory)
01-03 06:48:42.248   768   768 I SystemServer: Network Service Discovery Service
01-03 06:48:42.250   768   768 D NsdService: Network service discovery enabled true
01-03 06:48:42.251   768   768 I SystemServer: UpdateLock Service
01-03 06:48:42.252   768   768 I SystemServiceManager: Starting com.android.server.notification.NotificationManagerService
01-03 06:48:42.263   768   768 I SystemServiceManager: Starting com.android.server.storage.DeviceStorageMonitorService
01-03 06:48:42.265   768   768 I SystemServer: Location Manager
01-03 06:48:42.266   768   768 I SystemServer: Country Detector
01-03 06:48:42.267   768   768 I SystemServer: Search Service
01-03 06:48:42.268   768   768 I SystemServer: DropBox Service
01-03 06:48:42.269   768   768 I SystemServer: Wallpaper Service
01-03 06:48:42.272   768   768 I SystemServer: Audio Service
01-03 06:48:42.280   768   768 W TelecomManager: Telecom Service not found.
01-03 06:48:42.282   473   899 D PermissionCache: checking android.permission.MODIFY_AUDIO_SETTINGS for uid=1000 => granted (605 us)
01-03 06:48:42.283   473   905 D audio_hw_primary: adev_set_mic_mute: state 0
01-03 06:48:42.307   768   768 I sensors : batch
01-03 06:48:42.307   768   768 I sensors : activate
01-03 06:48:42.308   768   768 I SystemServiceManager: Starting com.android.server.DockObserver
01-03 06:48:42.308   768   768 W DockObserver: This kernel does not have dock station support
01-03 06:48:42.309   768   768 I SystemServer: Wired Accessory Manager
01-03 06:48:42.310   768   768 W WiredAccessoryManager: This kernel does not have usb audio support
01-03 06:48:42.310   768   768 W WiredAccessoryManager: This kernel does not have HDMI audio support
01-03 06:48:42.310   768   768 I SystemServiceManager: Starting com.android.server.midi.MidiService$Lifecycle
01-03 06:48:42.311   768   795 I hubconnection: sensorhub said: 'batch 31 flags:0, sampling_rate_Hz:15.00, max_report_latency_us:0'
01-03 06:48:42.312   768   768 I SystemServiceManager: Starting com.android.server.usb.UsbService$Lifecycle
01-03 06:48:42.313   768   795 I hubconnection: sensorhub said: 'activate 31 enable:1'
01-03 06:48:42.320   768   768 I SystemServer: Serial Service
01-03 06:48:42.321   768   768 I SystemServiceManager: Starting com.android.server.twilight.TwilightService
01-03 06:48:42.322   768   768 I SystemServiceManager: Starting com.android.server.job.JobSchedulerService
01-03 06:48:42.327   768   768 I SystemServiceManager: Starting com.android.server.backup.BackupManagerService$Lifecycle
01-03 06:48:42.329   768   768 I SystemServiceManager: Starting com.android.server.appwidget.AppWidgetService
01-03 06:48:42.330   768   768 I SystemServiceManager: Starting com.android.server.voiceinteraction.VoiceInteractionManagerService
01-03 06:48:42.331   473   906 D PermissionCache: checking android.permission.CAPTURE_AUDIO_HOTWORD for uid=1000 => granted (151 us)
01-03 06:48:42.331   768   768 W SoundTriggerHelper: listModules status=0, # of modules=0
01-03 06:48:42.332   768   768 I SystemServer: Gesture Launcher Service
01-03 06:48:42.332   768   768 I SystemServiceManager: Starting com.android.server.GestureLauncherService
01-03 06:48:42.333   768   768 I SystemServer: DiskStats Service
01-03 06:48:42.333   768   768 I SystemServer: SamplingProfiler Service
01-03 06:48:42.345   768   768 I SystemServer: NetworkTimeUpdateService
01-03 06:48:42.345   768   768 I SystemServer: CommonTimeManagementService
01-03 06:48:42.346   768   768 I SystemServer: CertBlacklister
01-03 06:48:42.347   768   768 I SystemServiceManager: Starting com.android.server.dreams.DreamManagerService
01-03 06:48:42.348   768   768 I SystemServer: Assets Atlas Service
01-03 06:48:42.352   768   768 I SystemServiceManager: Starting com.android.server.print.PrintManagerService
01-03 06:48:42.354   768   768 I SystemServiceManager: Starting com.android.server.restrictions.RestrictionsManagerService
01-03 06:48:42.354   768   908 D AssetAtlas: Loaded configuration: SliceMinArea (2048x1984) flags=0x2 count=352
01-03 06:48:42.355   768   768 I SystemServiceManager: Starting com.android.server.media.MediaSessionService
01-03 06:48:42.372   768   768 I SystemServer: Media Router Service
01-03 06:48:42.375   768   768 I SystemServiceManager: Starting com.android.server.trust.TrustManagerService
01-03 06:48:42.376   768   768 I SystemServiceManager: Starting com.android.server.fingerprint.FingerprintService
01-03 06:48:42.378   768   768 W FingerprintService: fingerprint service not available
01-03 06:48:42.378   768   768 V FingerprintService: Fingerprint HAL id: 0
01-03 06:48:42.378   768   768 I SystemServer: BackgroundDexOptService
01-03 06:48:42.379   768   768 I SystemServiceManager: Starting com.android.server.pm.LauncherAppsService
01-03 06:48:42.380   768   768 I SystemServiceManager: Starting com.android.server.media.projection.MediaProjectionManagerService
01-03 06:48:42.384   768   768 I WindowManager: SAFE MODE not enabled
01-03 06:48:42.386   768   768 I SystemServiceManager: Starting com.android.server.MmsServiceBroker
01-03 06:48:42.403   768   768 E LockSettingsStorage: Cannot read file java.io.FileNotFoundException: /data/system/gatekeeper.password.key: open failed: ENOENT (No such file or directory)
01-03 06:48:42.403   768   768 E LockSettingsStorage: Cannot read file java.io.FileNotFoundException: /data/system/password.key: open failed: ENOENT (No such file or directory)
01-03 06:48:42.403   768   768 E LockSettingsStorage: Cannot read file java.io.FileNotFoundException: /data/system/gatekeeper.pattern.key: open failed: ENOENT (No such file or directory)
01-03 06:48:42.404   768   768 E LockSettingsStorage: Cannot read file java.io.FileNotFoundException: /data/system/gatekeeper.gesture.key: open failed: ENOENT (No such file or directory)
01-03 06:48:42.404   768   768 E LockSettingsStorage: Cannot read file java.io.FileNotFoundException: /data/system/gesture.key: open failed: ENOENT (No such file or directory)
01-03 06:48:42.404   768   768 I SystemServiceManager: Starting phase 480
01-03 06:48:42.408   768   768 I SystemServiceManager: Starting phase 500
01-03 06:48:42.412   768   768 D BluetoothService: onBootPhase: PHASE_SYSTEM_SERVICES_READY
01-03 06:48:42.413   768   768 I WifiService: WifiService starting up with Wi-Fi disabled
01-03 06:48:42.418   768   897 D WifiService: New client listening to asynchronous messages
01-03 06:48:42.418   768   768 I WifiScanningService: Registering wifiscanner
01-03 06:48:42.420   768   768 I RttService: Registering rttmanager
01-03 06:48:42.422   768   768 I EthernetServiceImpl: Starting Ethernet service
01-03 06:48:42.424   768   768 D Ethernet: Registering NetworkFactory
01-03 06:48:42.424   768   898 D ConnectivityService: Got NetworkFactory Messenger for Ethernet
01-03 06:48:42.424   768   914 D Ethernet: got request NetworkRequest [ id=1, legacyType=-1, [ Capabilities: INTERNET&NOT_RESTRICTED&TRUSTED&NOT_VPN] ] with score 0
01-03 06:48:42.430   768   768 V BackupManagerService: No ancestral data
01-03 06:48:42.431   768   896 D WifiApConfigStore: 2G band allowed channels are:6
01-03 06:48:42.448   768   908 I Adreno  : QUALCOMM build                   : fcf4852, I1af360237c
01-03 06:48:42.448   768   908 I Adreno  : Build Date                       : 09/23/15
01-03 06:48:42.448   768   908 I Adreno  : OpenGL ES Shader Compiler Version: XE031.05.13.02
01-03 06:48:42.448   768   908 I Adreno  : Local Branch                     : mybranch14465806
01-03 06:48:42.448   768   908 I Adreno  : Remote Branch                    : quic/LA.BF64.1.2.9_v2
01-03 06:48:42.448   768   908 I Adreno  : Remote Branch                    : NONE
01-03 06:48:42.448   768   908 I Adreno  : Reconstruct Branch               : NOTHING
01-03 06:48:42.456   768   768 V KeyValueBackupJob: Scheduling k/v pass in 243 minutes
01-03 06:48:42.480   768   908 D AssetAtlas: Rendered atlas in 113.33ms (77.91+35.41ms)
01-03 06:48:42.483   768   768 V BackupManagerService: Starting with transport android/com.android.internal.backup.LocalTransport
01-03 06:48:42.483   768   768 V BackupManagerService: Found transports: 1
01-03 06:48:42.486   768   768 I BackupManagerService: Found stale backup journal, scheduling
01-03 06:48:42.512   768   789 W KeyguardServiceDelegate: onScreenTurningOn(): no keyguard service!
01-03 06:48:42.513   768   789 I sensors : batch
01-03 06:48:42.513   768   789 I sensors : activate
01-03 06:48:42.518   768   795 I hubconnection: sensorhub said: 'batch 7 flags:0, sampling_rate_Hz:4.00, max_report_latency_us:0'
01-03 06:48:42.519   768   795 I hubconnection: sensorhub said: 'activate 7 enable:1'
01-03 06:48:42.519   768   768 I ActivityManager: System now ready
01-03 06:48:42.521   768   768 I SystemServer: Making services ready
01-03 06:48:42.522   768   768 I SystemServiceManager: Starting phase 550
01-03 06:48:42.524   768   875 D MountService: Thinking about reset, mSystemReady=true, mDaemonConnected=true
01-03 06:48:42.524   768   875 D VoldConnector: SND -> {3 volume reset}
01-03 06:48:42.524   768   782 I ActivityManager: Force stopping com.android.providers.media appid=10006 user=-1: vold reset
01-03 06:48:42.524   768   876 D VoldConnector: RCV <- {651 emulated 7}
01-03 06:48:42.525   768   876 D VoldConnector: RCV <- {659 emulated}
01-03 06:48:42.525   768   768 D UsbAlsaManager: Adding ALSA device AlsaDevice: [card: 0, device: 0, type: 2]
01-03 06:48:42.525   768   876 D VoldConnector: RCV <- {650 emulated 2 "" ""}
01-03 06:48:42.525   768   768 D UsbAlsaManager: Adding ALSA device AlsaDevice: [card: 0, device: 0, type: 1]
01-03 06:48:42.525   768   876 D VoldConnector: RCV <- {651 emulated 0}
01-03 06:48:42.525   768   768 D UsbAlsaManager: Adding ALSA device AlsaDevice: [card: 0, device: 1, type: 2]
01-03 06:48:42.525   768   768 D UsbAlsaManager: Adding ALSA device AlsaDevice: [card: 0, device: 1, type: 1]
01-03 06:48:42.525   768   876 D VoldConnector: RCV <- {200 3 Command succeeded}
01-03 06:48:42.525   768   768 D UsbAlsaManager: Adding ALSA device AlsaDevice: [card: 0, device: 2, type: 2]
01-03 06:48:42.525   768   768 D UsbAlsaManager: Adding ALSA device AlsaDevice: [card: 0, device: 2, type: 1]
01-03 06:48:42.525   768   768 D UsbAlsaManager: Adding ALSA device AlsaDevice: [card: 0, device: 3, type: 2]
01-03 06:48:42.525   768   768 D UsbAlsaManager: Adding ALSA device AlsaDevice: [card: 0, device: 3, type: 1]
01-03 06:48:42.525   768   768 D UsbAlsaManager: Adding ALSA device AlsaDevice: [card: 0, device: 4, type: 1]
01-03 06:48:42.525   768   768 D UsbAlsaManager: Adding ALSA device AlsaDevice: [card: 0, device: 5, type: 2]
01-03 06:48:42.525   768   768 D UsbAlsaManager: Adding ALSA device AlsaDevice: [card: 0, device: 5, type: 1]
01-03 06:48:42.525   768   768 D UsbAlsaManager: Adding ALSA device AlsaDevice: [card: 0, device: 6, type: 2]
01-03 06:48:42.525   768   768 D UsbAlsaManager: Adding ALSA device AlsaDevice: [card: 0, device: 7, type: 1]
01-03 06:48:42.525   768   768 D UsbAlsaManager: Adding ALSA device AlsaDevice: [card: 0, device: 8, type: 2]
01-03 06:48:42.525   768   768 D UsbAlsaManager: Adding ALSA device AlsaDevice: [card: 0, device: 10, type: 2]
01-03 06:48:42.525   768   875 D VoldConnector: SND -> {4 volume user_added 0 0}
01-03 06:48:42.525   768   768 D UsbAlsaManager: Adding ALSA device AlsaDevice: [card: 0, device: 10, type: 1]
01-03 06:48:42.525   768   768 D UsbAlsaManager: Adding ALSA device AlsaDevice: [card: 0, device: 11, type: 2]
01-03 06:48:42.526   768   768 D UsbAlsaManager: Adding ALSA device AlsaDevice: [card: 0, device: 11, type: 1]
01-03 06:48:42.526   768   768 D UsbAlsaManager: Adding ALSA device AlsaDevice: [card: 0, device: 12, type: 2]
01-03 06:48:42.526   768   768 D UsbAlsaManager: Adding ALSA device AlsaDevice: [card: 0, device: 12, type: 1]
01-03 06:48:42.526   768   768 D UsbAlsaManager: Adding ALSA device AlsaDevice: [card: 0, device: 13, type: 2]
01-03 06:48:42.526   768   768 D UsbAlsaManager: Adding ALSA device AlsaDevice: [card: 0, device: 13, type: 1]
01-03 06:48:42.526   768   768 D UsbAlsaManager: Adding ALSA device AlsaDevice: [card: 0, device: 14, type: 2]
01-03 06:48:42.526   768   876 D VoldConnector: RCV <- {200 4 Command succeeded}
01-03 06:48:42.526   768   768 D UsbAlsaManager: Adding ALSA device AlsaDevice: [card: 0, device: 14, type: 1]
01-03 06:48:42.526   768   768 D UsbAlsaManager: Adding ALSA device AlsaDevice: [card: 0, device: 15, type: 2]
01-03 06:48:42.526   768   768 D UsbAlsaManager: Adding ALSA device AlsaDevice: [card: 0, device: 15, type: 1]
01-03 06:48:42.526   768   768 D UsbAlsaManager: Adding ALSA device AlsaDevice: [card: 0, device: 16, type: 2]
01-03 06:48:42.526   768   768 D UsbAlsaManager: Adding ALSA device AlsaDevice: [card: 0, device: 19, type: 2]
01-03 06:48:42.526   768   768 D UsbAlsaManager: Adding ALSA device AlsaDevice: [card: 0, device: 19, type: 1]
01-03 06:48:42.526   768   768 D UsbAlsaManager: Adding ALSA device AlsaDevice: [card: 0, device: 20, type: 2]
01-03 06:48:42.526   768   768 D UsbAlsaManager: Adding ALSA device AlsaDevice: [card: 0, device: 20, type: 1]
01-03 06:48:42.526   768   768 D UsbAlsaManager: Adding ALSA device AlsaDevice: [card: 0, device: 21, type: 1]
01-03 06:48:42.526   768   768 D UsbAlsaManager: Adding ALSA device AlsaDevice: [card: 0, device: 22, type: 2]
01-03 06:48:42.526   768   768 D UsbAlsaManager: Adding ALSA device AlsaDevice: [card: 0, device: 22, type: 1]
01-03 06:48:42.526   768   768 D UsbAlsaManager: Adding ALSA device AlsaDevice: [card: 0, device: 23, type: 2]
01-03 06:48:42.526   768   768 D UsbAlsaManager: Adding ALSA device AlsaDevice: [card: 0, device: 23, type: 1]
01-03 06:48:42.526   768   768 D UsbAlsaManager: Adding ALSA device AlsaDevice: [card: 0, device: 24, type: 2]
01-03 06:48:42.526   768   768 D UsbAlsaManager: Adding ALSA device AlsaDevice: [card: 0, device: 24, type: 1]
01-03 06:48:42.527   768   768 D UsbAlsaManager: Adding ALSA device AlsaDevice: [card: 0, device: 25, type: 2]
01-03 06:48:42.527   768   768 D UsbAlsaManager: Adding ALSA device AlsaDevice: [card: 0, device: 26, type: 1]
01-03 06:48:42.527   768   768 D UsbAlsaManager: Adding ALSA device AlsaDevice: [card: 0, device: 27, type: 2]
01-03 06:48:42.527   768   768 D UsbAlsaManager: Adding ALSA device AlsaDevice: [card: 0, device: 28, type: 2]
01-03 06:48:42.527   768   768 D UsbAlsaManager: Adding ALSA device AlsaDevice: [card: 0, device: 29, type: 2]
01-03 06:48:42.527   768   768 D UsbAlsaManager: Adding ALSA device AlsaDevice: [card: 0, device: 30, type: 2]
01-03 06:48:42.527   768   768 D UsbAlsaManager: Adding ALSA device AlsaDevice: [card: 0, device: 31, type: 2]
01-03 06:48:42.527   768   768 D UsbAlsaManager: Adding ALSA device AlsaDevice: [card: 0, device: 32, type: 2]
01-03 06:48:42.527   768   768 D UsbAlsaManager: Adding ALSA device AlsaDevice: [card: 0, device: 33, type: 2]
01-03 06:48:42.527   768   768 D UsbAlsaManager: Adding ALSA device AlsaDevice: [card: 0, device: 34, type: 2]
01-03 06:48:42.527   768   768 D UsbAlsaManager: Adding ALSA device AlsaDevice: [card: 0, device: 35, type: 2]
01-03 06:48:42.527   768   768 D UsbAlsaManager: Adding ALSA device AlsaDevice: [card: 0, device: 35, type: 1]
01-03 06:48:42.527   768   768 D UsbAlsaManager: Adding ALSA device AlsaDevice: [card: 0, device: 36, type: 2]
01-03 06:48:42.527   768   768 D UsbAlsaManager: Adding ALSA device AlsaDevice: [card: 0, device: 36, type: 1]
01-03 06:48:42.527   768   784 V MountService: Found primary storage at VolumeInfo{emulated}:
01-03 06:48:42.527   768   784 V MountService:     type=EMULATED diskId=null partGuid=null mountFlags=0 mountUserId=-1 
01-03 06:48:42.527   768   784 V MountService:     state=UNMOUNTED 
01-03 06:48:42.527   768   784 V MountService:     fsType=null fsUuid=null fsLabel=null 
01-03 06:48:42.527   768   784 V MountService:     path=null internalPath=null 
01-03 06:48:42.527   768   768 D UsbAlsaManager: Adding ALSA device AlsaDevice: [card: 0, device: 43, type: 2]
01-03 06:48:42.527   768   768 D UsbAlsaManager: Adding ALSA device AlsaDevice: [card: 0, device: 44, type: 2]
01-03 06:48:42.527   768   768 D UsbAlsaManager: Adding ALSA device AlsaDevice: [card: 0, device: 44, type: 1]
01-03 06:48:42.527   768   875 D VoldConnector: SND -> {5 volume mount emulated 3 -1}
01-03 06:48:42.527   768   768 D UsbAlsaManager: Adding ALSA device AlsaDevice: [card: 0, device: 45, type: 2]
01-03 06:48:42.527   768   768 D UsbAlsaManager: Adding ALSA device AlsaDevice: [card: 0, device: 45, type: 1]
01-03 06:48:42.529   341   378 V vold    : Waiting for FUSE to spin up...
01-03 06:48:42.529   768   876 D VoldConnector: RCV <- {651 emulated 1}
01-03 06:48:42.529   768   876 D VoldConnector: RCV <- {656 emulated /data/media}
01-03 06:48:42.529   768   876 D VoldConnector: RCV <- {655 emulated /storage/emulated}
01-03 06:48:42.531   768   768 I SystemServer: WebViewFactory preparation
01-03 06:48:42.537   768   784 I UsbPortManager: USB port added: port=UsbPort{id=otg_default, supportedModes=dual}, status=UsbPortStatus{connected=false, currentMode=none, currentPowerRole=no-power, currentDataRole=no-data, supportedRoleCombinations=[no-power:no-data]}, canChangeMode=true, canChangePowerRole=false, canChangeDataRole=false
01-03 06:48:42.545   768   782 I Zygote  : Process: zygote socket opened, supported ABIS: arm64-v8a
01-03 06:48:42.546   477   772 I art     : Starting a blocking GC HeapTrim
01-03 06:48:42.556   768   782 I ActivityManager: Start proc 932:android.process.media/u0a6 for broadcast com.android.providers.media/.MtpReceiver
01-03 06:48:42.558   768   768 I Zygote  : Process: zygote socket opened, supported ABIS: armeabi-v7a,armeabi
01-03 06:48:42.560   478   478 I art     : Starting a blocking GC Background
01-03 06:48:42.580   768   876 D VoldConnector: RCV <- {651 emulated 2}
01-03 06:48:42.580   768   876 D VoldConnector: RCV <- {200 5 Command succeeded}
01-03 06:48:42.590   768   768 I ActivityManager: Start proc 945:WebViewLoader-armeabi-v7a/1037 [android.webkit.WebViewFactory$RelroFileCreator] for 
01-03 06:48:42.600   945   945 V WebViewFactory: RelroFileCreator (64bit = false),  32-bit lib: /system/app/webview/webview.apk!/lib/armeabi-v7a/libwebviewchromium.so, 64-bit lib: /system/app/webview/webview.apk!/lib/arm64-v8a/libwebviewchromium.so
01-03 06:48:42.601   768   768 I ActivityManager: Start proc 957:WebViewLoader-arm64-v8a/1037 [android.webkit.WebViewFactory$RelroFileCreator] for 
01-03 06:48:42.609   957   957 V WebViewFactory: RelroFileCreator (64bit = true),  32-bit lib: /system/app/webview/webview.apk!/lib/armeabi-v7a/libwebviewchromium.so, 64-bit lib: /system/app/webview/webview.apk!/lib/arm64-v8a/libwebviewchromium.so
01-03 06:48:42.613   768   782 I ActivityManager: Start proc 972:com.android.externalstorage/u0a7 for broadcast com.android.externalstorage/.MountReceiver
01-03 06:48:42.626   768   768 I ActivityManager: Start proc 985:com.android.systemui/u0a16 for service com.android.systemui/.SystemUIService
01-03 06:48:42.626   768   768 D NetworkManagement: enabling bandwidth control
01-03 06:48:42.645   932   932 W System  : ClassLoader referenced unknown path: /system/priv-app/MediaProvider/lib/arm64
01-03 06:48:42.650   932   932 W System  : ClassLoader referenced unknown path: /system/priv-app/DownloadProvider/lib/arm64
01-03 06:48:42.660   972   972 W System  : ClassLoader referenced unknown path: /system/priv-app/ExternalStorageProvider/lib/arm64
01-03 06:48:42.666   972   972 D ExternalStorage: After updating volumes, found 1 active roots
01-03 06:48:42.667   985   985 W System  : ClassLoader referenced unknown path: /system/priv-app/SystemUI/lib/arm64
01-03 06:48:42.669   972   972 D ExternalStorage: After updating volumes, found 1 active roots
01-03 06:48:42.671   972   972 D ExternalStorage: After updating volumes, found 1 active roots
01-03 06:48:42.695   945   945 I art     : System.exit called, status: 0
01-03 06:48:42.695   945   945 I AndroidRuntime: VM exiting with result code 0, cleanup skipped.
01-03 06:48:42.742   957   957 I art     : System.exit called, status: 0
01-03 06:48:42.742   957   957 I AndroidRuntime: VM exiting with result code 0, cleanup skipped.
01-03 06:48:42.751   476   476 E QC-QMI  : qmi_client [476]: unable to connect to server, errno=[2:No such file or directory], attempt=9
01-03 06:48:42.758   985   985 V SystemUIService: Starting SystemUI services.
01-03 06:48:42.791   768   795 I hubconnection: sensorhub said: 'Found Bosch BMM150 Mag Sensor'
01-03 06:48:42.813   985  1025 E WVMExtractor: Failed to open libwvm.so: dlopen failed: library "libwvm.so" not found
01-03 06:48:42.820   932   932 D MtpService: starting MTP server in MTP mode
01-03 06:48:42.824   473   905 E OMXMaster: A component of name 'OMX.qcom.audio.decoder.aac' already exists, ignoring this one.
01-03 06:48:42.934   468   765 I iptables: iptables: No chain/target/match by that name.
01-03 06:48:42.935   468   765 I iptables: iptables terminated by exit(1)
01-03 06:48:42.935   468   765 E Netd    : exec() res=0, status=256 for /system/bin/iptables -w -F st_penalty_log 
01-03 06:48:42.943   468   765 I ip6tables: ip6tables: No chain/target/match by that name.
01-03 06:48:42.944   468   765 I ip6tables: ip6tables terminated by exit(1)
01-03 06:48:42.944   468   765 E Netd    : exec() res=0, status=256 for /system/bin/ip6tables -w -F st_penalty_log 
01-03 06:48:42.952   468   765 I iptables: iptables: No chain/target/match by that name.
01-03 06:48:42.953   468   765 I iptables: iptables terminated by exit(1)
01-03 06:48:42.953   468   765 E Netd    : exec() res=0, status=256 for /system/bin/iptables -w -F st_penalty_reject 
01-03 06:48:42.961   468   765 I ip6tables: ip6tables: No chain/target/match by that name.
01-03 06:48:42.961   468   765 I ip6tables: ip6tables terminated by exit(1)
01-03 06:48:42.961   468   765 E Netd    : exec() res=0, status=256 for /system/bin/ip6tables -w -F st_penalty_reject 
01-03 06:48:42.965   985   985 I vol.Events: writeEvent collection_started
01-03 06:48:42.969   985  1082 I vol.Events: writeEvent external_ringer_mode_changed vibrate
01-03 06:48:42.969   985  1082 I vol.Events: writeEvent internal_ringer_mode_changed vibrate
01-03 06:48:42.970   468   765 I iptables: iptables: No chain/target/match by that name.
01-03 06:48:42.971   468   765 I iptables: iptables terminated by exit(1)
01-03 06:48:42.971   468   765 E Netd    : exec() res=0, status=256 for /system/bin/iptables -w -F st_clear_caught 
01-03 06:48:42.971   473   905 E OMX-VENC: Setting session priority failed
01-03 06:48:42.973   473   905 I OMX-VENC: Component_init : OMX.qcom.video.encoder.mpeg4 : return = 0x0
01-03 06:48:42.973   473   905 E OMX-VENC: get_parameter: OMX_IndexParamVideoProfileLevelQuerySupported nProfileIndex ret NoMore 2
01-03 06:48:42.973   473   905 W ACodec  : do not know color format 0x7fa30c04 = 2141391876
01-03 06:48:42.973   473   905 W ACodec  : do not know color format 0x7f000789 = 2130708361
01-03 06:48:42.974   473   905 I OMX-VENC: Component Deinit
01-03 06:48:42.977   473   905 E OMX-VENC: Setting session priority failed
01-03 06:48:42.978   473   905 I OMX-VENC: Component_init : OMX.qcom.video.encoder.h263 : return = 0x0
01-03 06:48:42.978   473   905 E OMX-VENC: get_parameter: OMX_IndexParamVideoProfileLevelQuerySupported nProfileIndex ret NoMore 1
01-03 06:48:42.978   473   905 W ACodec  : do not know color format 0x7fa30c04 = 2141391876
01-03 06:48:42.978   473   905 W ACodec  : do not know color format 0x7f000789 = 2130708361
01-03 06:48:42.979   473   905 I OMX-VENC: Component Deinit
01-03 06:48:42.979   468   765 I ip6tables: ip6tables: No chain/target/match by that name.
01-03 06:48:42.980   468   765 I ip6tables: ip6tables terminated by exit(1)
01-03 06:48:42.980   468   765 E Netd    : exec() res=0, status=256 for /system/bin/ip6tables -w -F st_clear_caught 
01-03 06:48:42.982   473   905 E OMX-VENC: Setting session priority failed
01-03 06:48:42.983   473   905 I OMX-VENC: Component_init : OMX.qcom.video.encoder.avc : return = 0x0
01-03 06:48:42.983   473   905 W ACodec  : do not know color format 0x7fa30c04 = 2141391876
01-03 06:48:42.983   473   905 W ACodec  : do not know color format 0x7f000789 = 2130708361
01-03 06:48:42.984   473   905 I OMX-VENC: Component Deinit
01-03 06:48:42.987   473   905 E OMX-VENC: Setting session priority failed
01-03 06:48:42.988   473   905 I OMX-VENC: Component_init : OMX.qcom.video.encoder.vp8 : return = 0x0
01-03 06:48:42.988   473   905 W ACodec  : do not know color format 0x7fa30c04 = 2141391876
01-03 06:48:42.989   473   905 W ACodec  : do not know color format 0x7f000789 = 2130708361
01-03 06:48:42.989   468   765 I iptables: iptables: No chain/target/match by that name.
01-03 06:48:42.989   473   905 I OMX-VENC: Component Deinit
01-03 06:48:42.990   468   765 I iptables: iptables terminated by exit(1)
01-03 06:48:42.990   468   765 E Netd    : exec() res=0, status=256 for /system/bin/iptables -w -F st_clear_detect 
01-03 06:48:42.994   985  1082 I vol.Events: writeEvent level_changed STREAM_ALARM 6
01-03 06:48:42.994   473   905 I OMX-VDEC-1080P: component_init: OMX.qcom.video.decoder.avc : fd=14
01-03 06:48:42.995   985  1082 I vol.Events: writeEvent level_changed STREAM_BLUETOOTH_SCO 7
01-03 06:48:42.995   473   905 I OMX-VDEC-1080P: Capabilities: driver_name = msm_vidc_driver, card = msm_vdec_8974, bus_info = , version = 1, capabilities = 4003000
01-03 06:48:42.996   985  1082 I vol.Events: writeEvent level_changed STREAM_MUSIC 11
01-03 06:48:42.997   985  1082 I vol.Events: writeEvent mute_changed STREAM_RING true
01-03 06:48:42.998   468   765 I ip6tables: ip6tables: No chain/target/match by that name.
01-03 06:48:42.998   985  1082 I vol.Events: writeEvent mute_changed STREAM_SYSTEM true
01-03 06:48:42.998   468   765 I ip6tables: ip6tables terminated by exit(1)
01-03 06:48:42.998   468   765 E Netd    : exec() res=0, status=256 for /system/bin/ip6tables -w -F st_clear_detect 
01-03 06:48:42.999   985  1082 I vol.Events: writeEvent level_changed STREAM_VOICE_CALL 4
01-03 06:48:43.000   473   905 I OMX-VDEC-1080P: Enabling default extradata for OMX.qcom.video.decoder.avc
01-03 06:48:43.003   473   905 I OMX-VDEC-1080P: omx_vdec::component_init() success : fd=14
01-03 06:48:43.003   473   905 E OMXNodeInstance: getParameter(13:qcom.decoder.avc, ??(0x7f000044)) ERROR: UnsupportedSetting(0x80001019)
01-03 06:48:43.003   473   905 E OMXNodeInstance: getParameter(13:qcom.decoder.avc, ??(0x7f000044)) ERROR: UnsupportedSetting(0x80001019)
01-03 06:48:43.003   473   905 E OMX-VDEC-1080P: Extension: OMX.google.android.index.storeANWBufferInMetadata not implemented
01-03 06:48:43.003   473   905 I OMX-VDEC-1080P: omx_vdec::component_deinit() complete
01-03 06:48:43.005   473   905 I OMX-VDEC-1080P: Exit OMX vdec Destructor: fd=14
01-03 06:48:43.006   985   985 D StorageNotification: Notifying about private volume: VolumeInfo{private}:
01-03 06:48:43.006   985   985 D StorageNotification:     type=PRIVATE diskId=null partGuid=null mountFlags=0 mountUserId=-1 
01-03 06:48:43.006   985   985 D StorageNotification:     state=MOUNTED 
01-03 06:48:43.006   985   985 D StorageNotification:     fsType=null fsUuid=null fsLabel=null 
01-03 06:48:43.006   985   985 D StorageNotification:     path=/data internalPath=null 
01-03 06:48:43.006   473   905 I OMX-VDEC-1080P: component_init: OMX.qcom.video.decoder.avc : fd=14
01-03 06:48:43.006   473   905 I OMX-VDEC-1080P: Capabilities: driver_name = msm_vidc_driver, card = msm_vdec_8974, bus_info = , version = 1, capabilities = 4003000
01-03 06:48:43.007   468   765 I iptables: iptables: No chain/target/match by that name.
01-03 06:48:43.008   468   765 I iptables: iptables terminated by exit(1)
01-03 06:48:43.008   468   765 E Netd    : exec() res=0, status=256 for /system/bin/iptables -w -X st_penalty_log 
01-03 06:48:43.011   473   905 I OMX-VDEC-1080P: Enabling default extradata for OMX.qcom.video.decoder.avc
01-03 06:48:43.014   473   905 I OMX-VDEC-1080P: omx_vdec::component_init() success : fd=14
01-03 06:48:43.014   473   905 E OMXNodeInstance: getParameter(14:qcom.decoder.avc.secure, ??(0x7f000044)) ERROR: UnsupportedSetting(0x80001019)
01-03 06:48:43.014   473   905 E OMXNodeInstance: getParameter(14:qcom.decoder.avc.secure, ??(0x7f000044)) ERROR: UnsupportedSetting(0x80001019)
01-03 06:48:43.015   473   905 E OMX-VDEC-1080P: Extension: OMX.google.android.index.storeANWBufferInMetadata not implemented
01-03 06:48:43.015   473   905 I OMX-VDEC-1080P: omx_vdec::component_deinit() complete
01-03 06:48:43.016   473   905 I OMX-VDEC-1080P: Exit OMX vdec Destructor: fd=14
01-03 06:48:43.017   473   905 I OMX-VDEC-1080P: component_init: OMX.qcom.video.decoder.mpeg4 : fd=14
01-03 06:48:43.017   473   905 I OMX-VDEC-1080P: Capabilities: driver_name = msm_vidc_driver, card = msm_vdec_8974, bus_info = , version = 1, capabilities = 4003000
01-03 06:48:43.019   468   765 I ip6tables: ip6tables: No chain/target/match by that name.
01-03 06:48:43.020   468   765 I ip6tables: ip6tables terminated by exit(1)
01-03 06:48:43.020   468   765 E Netd    : exec() res=0, status=256 for /system/bin/ip6tables -w -X st_penalty_log 
01-03 06:48:43.020   473   905 I OMX-VDEC-1080P: omx_vdec::component_init() success : fd=14
01-03 06:48:43.020   473   905 E OMXNodeInstance: getParameter(15:qcom.decoder.mpeg4, ??(0x7f000044)) ERROR: UnsupportedSetting(0x80001019)
01-03 06:48:43.021   473   905 E OMXNodeInstance: getParameter(15:qcom.decoder.mpeg4, ??(0x7f000044)) ERROR: UnsupportedSetting(0x80001019)
01-03 06:48:43.021   473   905 E OMX-VDEC-1080P: Extension: OMX.google.android.index.storeANWBufferInMetadata not implemented
01-03 06:48:43.021   473   905 I OMX-VDEC-1080P: omx_vdec::component_deinit() complete
01-03 06:48:43.022   473   905 I OMX-VDEC-1080P: Exit OMX vdec Destructor: fd=14
01-03 06:48:43.023   473   905 I OMX-VDEC-1080P: component_init: OMX.qcom.video.decoder.h263 : fd=14
01-03 06:48:43.024   473   905 I OMX-VDEC-1080P: Capabilities: driver_name = msm_vidc_driver, card = msm_vdec_8974, bus_info = , version = 1, capabilities = 4003000
