--------- beginning of main
05-19 20:50:45.177 E/QCOMPowerHAL(  767): Failed to acquire lock.
05-19 20:50:45.178 E/QCOMPowerHAL(  767): Failed to acquire lock.
05-19 20:50:45.178 E/QCOMPowerHAL(  767): Failed to acquire lock.
05-19 20:50:45.178 E/QCOMPowerHAL(  767): Failed to acquire lock.
--------- beginning of system
05-19 20:50:45.259 I/ActivityManager(  767): START u0 {act=android.intent.action.MAIN cat=[android.intent.category.LAUNCHER] flg=0x10200000 cmp=com.android.settings/.Settings (has extras)} from uid 10008 on display 0
05-19 20:50:45.261 D/audio_hw_primary(  471): out_set_parameters: enter: usecase(1: low-latency-playback) kvpairs: routing=2
05-19 20:50:45.274 D/audio_hw_primary(  471): select_devices: out_snd_device(2: speaker) in_snd_device(0: none)
05-19 20:50:45.274 D/msm8974_platform(  471): platform_send_audio_calibration: sending audio calibration for snd_device(2) acdb_id(15)
05-19 20:50:45.274 E/ACDB-LOADER(  471): ACDB -> Not correctly initialized!
05-19 20:50:45.274 D/audio_hw_primary(  471): enable_snd_device: snd_device(2: speaker)
05-19 20:50:45.279 D/audio_hw_primary(  471): enable_audio_route: apply and update mixer path: low-latency-playback speaker
05-19 20:50:45.340 D/Index   ( 1449): Locale 'en_US' is already indexed
05-19 20:50:45.396 D/DashboardSummary( 1449): rebuildUI took: 40 ms
05-19 20:50:45.496 I/ActivityManager(  767): Displayed com.android.settings/.Settings: +204ms
05-19 20:50:45.842 D/audio_hw_primary(  471): disable_audio_route: reset and update mixer path: low-latency-playback speaker
05-19 20:50:45.847 D/audio_hw_primary(  471): disable_snd_device: snd_device(2: speaker)
05-19 20:50:46.687 E/QCOMPowerHAL(  767): Failed to acquire lock.
05-19 20:50:46.687 E/QCOMPowerHAL(  767): Failed to acquire lock.
05-19 20:50:46.687 E/QCOMPowerHAL(  767): Failed to acquire lock.
05-19 20:50:46.687 E/QCOMPowerHAL(  767): Failed to acquire lock.
05-19 20:50:46.775 I/ActivityManager(  767): START u0 {act=android.intent.action.MAIN cmp=com.android.settings/.SubSettings (has extras)} from uid 1000 on display 0
05-19 20:50:46.778 D/audio_hw_primary(  471): out_set_parameters: enter: usecase(1: low-latency-playback) kvpairs: routing=2
05-19 20:50:46.791 D/audio_hw_primary(  471): select_devices: out_snd_device(2: speaker) in_snd_device(0: none)
05-19 20:50:46.791 D/msm8974_platform(  471): platform_send_audio_calibration: sending audio calibration for snd_device(2) acdb_id(15)
05-19 20:50:46.791 E/ACDB-LOADER(  471): ACDB -> Not correctly initialized!
05-19 20:50:46.791 D/audio_hw_primary(  471): enable_snd_device: snd_device(2: speaker)
05-19 20:50:46.796 D/audio_hw_primary(  471): enable_audio_route: apply and update mixer path: low-latency-playback speaker
05-19 20:50:46.820 D/SubSettings( 1449): Launching fragment com.android.settings.WirelessSettings
05-19 20:50:46.820 D/WirelessSettings( 1449): onCreate: mManageMobilePlanMessage=null
05-19 20:50:46.985 I/ActivityManager(  767): Displayed com.android.settings/.SubSettings: +189ms
05-19 20:50:47.021 D/OpenGLRenderer( 1449): endAllStagingAnimators on 0x7f8e33c000 (RippleDrawable) with handle 0x7fa0dd9ec0
05-19 20:50:47.392 D/audio_hw_primary(  471): disable_audio_route: reset and update mixer path: low-latency-playback speaker
05-19 20:50:47.396 D/audio_hw_primary(  471): disable_snd_device: snd_device(2: speaker)
05-19 20:50:52.163 E/QCOMPowerHAL(  767): Failed to acquire lock.
05-19 20:50:52.163 E/QCOMPowerHAL(  767): Failed to acquire lock.
05-19 20:50:52.163 E/QCOMPowerHAL(  767): Failed to acquire lock.
05-19 20:50:52.163 E/QCOMPowerHAL(  767): Failed to acquire lock.
05-19 20:50:52.286 D/NxpExtns( 1233): const nxp::CNfcParam* nxp::CNfcConfig::find(const char*) const found NXP_DEFAULT_SE=(0x2)
05-19 20:50:52.286 I/NfcService( 1233): getDefaultSE 2
05-19 20:50:52.287 W/Settings( 1233): Setting airplane_mode_on has moved from android.provider.Settings.System to android.provider.Settings.Global, returning read-only value.
05-19 20:50:52.288 D/audio_hw_primary(  471): out_set_parameters: enter: usecase(1: low-latency-playback) kvpairs: routing=2
05-19 20:50:52.294 D/WirelessSettings( 1449): onPreferenceTreeClick: preference=NFC Allow data exchange when the phone touches another device
05-19 20:50:52.295 I/NfcService( 1233): Enabling NFC
05-19 20:50:52.298 D/NxpExtns( 1233): const nxp::CNfcParam* nxp::CNfcConfig::find(const char*) const found NXP_DEFAULT_NFCEE_TIMEOUT=(0x6)
05-19 20:50:52.299 I/NfcService( 1233): Enabling NFC timeout90000
05-19 20:50:52.302 D/audio_hw_primary(  471): select_devices: out_snd_device(2: speaker) in_snd_device(0: none)
05-19 20:50:52.302 D/msm8974_platform(  471): platform_send_audio_calibration: sending audio calibration for snd_device(2) acdb_id(15)
05-19 20:50:52.302 E/ACDB-LOADER(  471): ACDB -> Not correctly initialized!
05-19 20:50:52.302 D/audio_hw_primary(  471): enable_snd_device: snd_device(2: speaker)
05-19 20:50:52.307 D/audio_hw_primary(  471): enable_audio_route: apply and update mixer path: low-latency-playback speaker
05-19 20:50:52.318 E/NfcAdaptation( 1233): NfcAdaptation::Initialize: ver=NFCDROID-AOSP_L_00.01 nfa=NFA_PI_1.03.66+
05-19 20:50:52.319 I/BrcmNfcNfa( 1233): NFC_TASK started.
05-19 20:50:52.320 D/NxpNfcNciHal( 1233): nfc_open: enter; name=nci
05-19 20:50:52.320 D/NxpNfcNciHal( 1233): nfc_open: exit 0
05-19 20:50:52.320 I/BrcmNfcNfa( 1233): nfa_dm_init ()
05-19 20:50:52.320 I/BrcmNfcNfa( 1233): nfa_sys_register () id=1, enable_cplt_mask=0x0
05-19 20:50:52.320 I/BrcmNfcNfa( 1233): nfa_sys_register () id=3, enable_cplt_mask=0x8
05-19 20:50:52.320 I/BrcmNfcNfa( 1233): nfa_rw_init ()
05-19 20:50:52.320 I/BrcmNfcNfa( 1233): nfa_sys_register () id=6, enable_cplt_mask=0x48
05-19 20:50:52.320 I/BrcmNfcNfa( 1233): nfa_ce_init ()
05-19 20:50:52.321 I/BrcmNfcNfa( 1233): nfa_sys_register () id=7, enable_cplt_mask=0xc8
05-19 20:50:52.321 I/BrcmNfcNfa( 1233): nfa_ee_init ()
05-19 20:50:52.321 I/BrcmNfcNfa( 1233): nfa_sys_register () id=2, enable_cplt_mask=0xcc
05-19 20:50:52.321 I/BrcmNfcNfa( 1233): nfa_hci_init ()
05-19 20:50:52.321 I/BrcmNfcNfa( 1233): nfa_sys_register () id=8, enable_cplt_mask=0x1cc
05-19 20:50:52.321 I/BrcmNfcNfa( 1233): LLCP - llcp_init ()
05-19 20:50:52.321 I/BrcmNfcNfa( 1233): num_rx_buff = 21, rx_congest_start = 14, rx_congest_end = 10, max_num_ll_rx_buff = 6
05-19 20:50:52.321 I/BrcmNfcNfa( 1233): max_num_tx_buff = 49, max_num_ll_tx_buff = 14
05-19 20:50:52.321 I/BrcmNfcNfa( 1233): LLCP_RegisterServer (): SAP:0x1, link_type:0x2, ServiceName:<urn:nfc:sn:sdp>
05-19 20:50:52.321 I/BrcmNfcNfa( 1233): LLCP_RegisterServer (): Registered SAP = 0x01
05-19 20:50:52.321 I/BrcmNfcNfa( 1233): NFA_Enable ()
05-19 20:50:52.321 I/BrcmNfcNfa( 1233): NFC_SetTraceLevel () new_level = 1
05-19 20:50:52.342 D/NxpExtns( 1233): const CNfcParam* CNfcConfig::find(const char*) const found NXPLOG_TML_LOGLEVEL=(0x3)
05-19 20:50:52.342 D/NxpExtns( 1233): const CNfcParam* CNfcConfig::find(const char*) const found NXPLOG_FWDNLD_LOGLEVEL=(0x3)
05-19 20:50:52.343 D/NxpExtns( 1233): const CNfcParam* CNfcConfig::find(const char*) const found NXPLOG_NCIX_LOGLEVEL=(0x3)
05-19 20:50:52.343 D/NxpExtns( 1233): const CNfcParam* CNfcConfig::find(const char*) const found NXPLOG_NCIR_LOGLEVEL=(0x3)
05-19 20:50:52.343 D/        ( 1233): phNxpLog_InitializeLogLevel: global =1, Fwdnld =3, extns =3,                 hal =3, tml =3, ncir =3,                 ncix =3
05-19 20:50:52.343 D/NxpHal  ( 1233): Entering phNxpNciHal_init_monitor
05-19 20:50:52.343 D/NxpHal  ( 1233): Returning with SUCCESS
05-19 20:50:52.343 D/NxpTml  ( 1233): Opening port=/dev/pn54x
05-19 20:50:52.343 D/NxpTml  ( 1233): phTmlNfc_i2c_reset(), VEN level 1
05-19 20:50:52.584 D/NxpTml  ( 1233): phTmlNfc_i2c_reset(), VEN level 0
05-19 20:50:52.864 D/NxpTml  ( 1233): phTmlNfc_i2c_reset(), VEN level 1
05-19 20:50:52.881 D/audio_hw_primary(  471): disable_audio_route: reset and update mixer path: low-latency-playback speaker
05-19 20:50:52.884 D/audio_hw_primary(  471): disable_snd_device: snd_device(2: speaker)
05-19 20:50:53.004 D/NxpTml  ( 1233): PN54X - Tml Reader Thread Started................
05-19 20:50:53.004 D/NxpTml  ( 1233): PN54X - Tml Writer Thread Started................
05-19 20:50:53.004 D/NxpTml  ( 1233): PN54X - Tml Writer Thread Running................
05-19 20:50:53.006 D/NxpTml  ( 1233): PN54X - Write requested.....
05-19 20:50:53.006 D/NxpTml  ( 1233): PN54X - Read requested.....
05-19 20:50:53.006 D/NxpTml  ( 1233): PN54X - Invoking I2C Write.....
05-19 20:50:53.006 D/NxpTml  ( 1233): PN54X - Invoking I2C Read.....
05-19 20:50:53.007 D/NxpHal  ( 1233): thread started
05-19 20:50:53.009 D/NxpNciX ( 1233): len =   4 > 20000101
05-19 20:50:53.009 D/NxpTml  ( 1233): PN54X - I2C Write successful.....
05-19 20:50:53.009 D/NxpTml  ( 1233): PN54X - Posting Fresh Write message.....
05-19 20:50:53.010 D/NxpTml  ( 1233): PN54X - Tml Writer Thread Running................
05-19 20:50:53.010 D/NxpHal  ( 1233): write successful status = 0x0
05-19 20:50:53.010 D/NxpHal  ( 1233): Response timer started
05-19 20:50:53.011 D/NxpHal  ( 1233): Waiting after ext cmd sent
05-19 20:50:53.036 D/NxpTml  ( 1233): PN54X - I2C Read successful.....
05-19 20:50:53.036 D/NxpNciR ( 1233): len =   6 > 400003001101
05-19 20:50:53.036 D/NxpTml  ( 1233): PN54X - Posting read message.....
05-19 20:50:53.036 D/NxpHal  ( 1233): read successful status = 0x0
05-19 20:50:53.037 D/NxpHal  ( 1233): Response timer stopped
05-19 20:50:53.037 D/NxpHal  ( 1233): Checking response
05-19 20:50:53.037 D/NxpTml  ( 1233): PN54X - Read requested.....
05-19 20:50:53.037 D/NxpTml  ( 1233): PN54X - Write requested.....
05-19 20:50:53.037 D/NxpTml  ( 1233): PN54X - Invoking I2C Read.....
05-19 20:50:53.037 D/NxpTml  ( 1233): PN54X - Invoking I2C Write.....
05-19 20:50:53.038 D/NxpNciX ( 1233): len =   3 > 200100
05-19 20:50:53.039 D/NxpTml  ( 1233): PN54X - I2C Write successful.....
05-19 20:50:53.039 D/NxpTml  ( 1233): PN54X - Posting Fresh Write message.....
05-19 20:50:53.039 D/NxpTml  ( 1233): PN54X - Tml Writer Thread Running................
05-19 20:50:53.040 D/NxpHal  ( 1233): write successful status = 0x0
05-19 20:50:53.040 D/NxpTml  ( 1233): PN54X - I2C Read successful.....
05-19 20:50:53.040 D/NxpNciR ( 1233): len =  28 > 40011900031E030008000102038081828302D002FF0200043810011A
05-19 20:50:53.041 D/NxpHal  ( 1233): Response timer started
05-19 20:50:53.041 D/NxpTml  ( 1233): PN54X - Posting read message.....
05-19 20:50:53.041 D/NxpHal  ( 1233): Waiting after ext cmd sent
05-19 20:50:53.041 D/NxpHal  ( 1233): read successful status = 0x0
05-19 20:50:53.041 D/NxpHal  ( 1233): NxpNci> FW Version: 10.1.1a
05-19 20:50:53.041 D/NxpHal  ( 1233): Response timer stopped
05-19 20:50:53.041 D/NxpHal  ( 1233): Checking response
05-19 20:50:53.041 D/NxpExtns( 1233): const CNfcParam* CNfcConfig::find(const char*) const found NXP_I2C_FRAGMENTATION_ENABLED=(0x0)
05-19 20:50:53.041 D/NxpTml  ( 1233): PN54X - Read requested.....
05-19 20:50:53.041 D/NxpTml  ( 1233): PN54X - Write requested.....
05-19 20:50:53.042 D/NxpTml  ( 1233): PN54X - Invoking I2C Read.....
05-19 20:50:53.042 D/NxpTml  ( 1233): PN54X - Invoking I2C Write.....
05-19 20:50:53.043 D/NxpNciX ( 1233): len =   6 > 20030301A005
05-19 20:50:53.043 D/NxpTml  ( 1233): PN54X - I2C Write successful.....
05-19 20:50:53.043 D/NxpTml  ( 1233): PN54X - Posting Fresh Write message.....
05-19 20:50:53.043 D/NxpTml  ( 1233): PN54X - Tml Writer Thread Running................
05-19 20:50:53.044 D/NxpHal  ( 1233): write successful status = 0x0
05-19 20:50:53.044 D/NxpHal  ( 1233): Response timer started
05-19 20:50:53.044 D/NxpHal  ( 1233): Waiting after ext cmd sent
05-19 20:50:53.045 D/NxpTml  ( 1233): PN54X - I2C Read successful.....
05-19 20:50:53.045 D/NxpNciR ( 1233): len =   9 > 4003060001A0050100
05-19 20:50:53.045 D/NxpTml  ( 1233): PN54X - Posting read message.....
05-19 20:50:53.046 D/NxpHal  ( 1233): read successful status = 0x0
05-19 20:50:53.046 D/NxpHal  ( 1233): phNxpNciHal_print_res_status: response status =STATUS_OK
05-19 20:50:53.046 D/NxpHal  ( 1233): Response timer stopped
05-19 20:50:53.046 D/NxpHal  ( 1233): Checking response
05-19 20:50:53.046 E/NxpHal  ( 1233): i2c_fragmentation_status existing
05-19 20:50:53.047 D/NxpFwDnld( 1233): @@@/system/vendor/firmware/libpn548ad_fw.so
05-19 20:50:53.047 E/NxpFwDnld( 1233): NULL handler : unable to load the library file, specify correct path
05-19 20:50:53.047 D/NxpFwDnld( 1233): FW Image Length - ImageInfoLen 0
05-19 20:50:53.048 D/NxpFwDnld( 1233): FW Image Info Pointer - pImageInfo 0
05-19 20:50:53.048 E/NxpFwDnld( 1233): Image extraction Failed - invalid imginfo or imginfolen!!
05-19 20:50:53.048 E/NxpFwDnld( 1233): Error loading libpn54x_fw !!
05-19 20:50:53.048 D/NxpHal  ( 1233): FW version for FW file = 0x0
05-19 20:50:53.048 D/NxpHal  ( 1233): FW version from device = 0x10011a
05-19 20:50:53.048 D/NxpHal  ( 1233): phNxpNciHal_CheckValidFwVersion current_major_no = 0x0
05-19 20:50:53.048 E/NxpHal  ( 1233): Wrong FW Version >>> Firmware download not allowed
05-19 20:50:53.048 D/NxpTml  ( 1233): PN54X - Read requested.....
05-19 20:50:53.049 D/NxpTml  ( 1233): PN54X - Invoking I2C Read.....
05-19 20:50:53.049 D/NxpExtns( 1233): const CNfcParam* CNfcConfig::find(const char*) const found MIFARE_READER_ENABLE=(0x1)
05-19 20:50:53.049 D/NxpTml  ( 1233): PN54X - Write requested.....
05-19 20:50:53.049 D/NxpTml  ( 1233): PN54X - Invoking I2C Write.....
05-19 20:50:53.051 D/NxpNciX ( 1233): len =   4 > 20000101
05-19 20:50:53.051 D/NxpTml  ( 1233): PN54X - I2C Write successful.....
05-19 20:50:53.051 D/NxpTml  ( 1233): PN54X - Posting Fresh Write message.....
05-19 20:50:53.051 D/NxpTml  ( 1233): PN54X - Tml Writer Thread Running................
05-19 20:50:53.052 D/NxpHal  ( 1233): write successful status = 0x0
05-19 20:50:53.055 D/NxpTml  ( 1233): PN54X - I2C Read successful.....
05-19 20:50:53.055 D/NxpNciR ( 1233): len =   6 > 400003001101
05-19 20:50:53.055 D/NxpTml  ( 1233): PN54X - Posting read message.....
05-19 20:50:53.055 D/NxpHal  ( 1233): read successful status = 0x0
05-19 20:50:53.055 E/BrcmNfcNfa( 1233): reset notification nfc_state : #### 1
05-19 20:50:53.056 E/BrcmNfcNfa( 1233): NCI version mismatch!!:0x10 != 0x11 
05-19 20:50:53.056 E/BrcmNfcNfa( 1233): reset notification sending core init
05-19 20:50:53.056 D/NxpTml  ( 1233): PN54X - Read requested.....
05-19 20:50:53.056 D/NxpTml  ( 1233): PN54X - Invoking I2C Read.....
05-19 20:50:53.056 D/NxpExtns( 1233): const CNfcParam* CNfcConfig::find(const char*) const found MIFARE_READER_ENABLE=(0x1)
05-19 20:50:53.056 D/NxpTml  ( 1233): PN54X - Write requested.....
05-19 20:50:53.056 D/NxpTml  ( 1233): PN54X - Invoking I2C Write.....
05-19 20:50:53.057 D/NxpNciX ( 1233): len =   3 > 200100
05-19 20:50:53.058 D/NxpTml  ( 1233): PN54X - I2C Write successful.....
05-19 20:50:53.058 D/NxpTml  ( 1233): PN54X - Posting Fresh Write message.....
05-19 20:50:53.058 D/NxpTml  ( 1233): PN54X - Tml Writer Thread Running................
05-19 20:50:53.058 D/NxpHal  ( 1233): write successful status = 0x0
05-19 20:50:53.061 D/NxpTml  ( 1233): PN54X - I2C Read successful.....
05-19 20:50:53.061 D/NxpNciR ( 1233): len =  28 > 40011900031E030008000102038081828302D002FF0200043810011A
05-19 20:50:53.061 D/NxpTml  ( 1233): PN54X - Posting read message.....
05-19 20:50:53.061 D/NxpHal  ( 1233): read successful status = 0x0
05-19 20:50:53.062 D/NxpHal  ( 1233): NxpNci> FW Version: 10.1.1a
05-19 20:50:53.062 D/NxpExtns( 1233): const CNfcParam* CNfcConfig::find(const char*) const found NXP_ACT_PROP_EXTN=/
05-19 20:50:53.062 D/NxpTml  ( 1233): PN54X - Write requested.....
05-19 20:50:53.062 D/NxpTml  ( 1233): PN54X - Invoking I2C Write.....
05-19 20:50:53.062 D/NxpTml  ( 1233): PN54X - Read requested.....
05-19 20:50:53.062 D/NxpTml  ( 1233): PN54X - Invoking I2C Read.....
05-19 20:50:53.065 D/NxpTml  ( 1233): PN54X - I2C Read successful.....
05-19 20:50:53.065 D/NxpNciR ( 1233): len =   8 > 4F0205000000A1A8
05-19 20:50:53.065 D/NxpTml  ( 1233): PN54X - Posting read message.....
05-19 20:50:53.066 D/NxpHal  ( 1233): read successful status = 0x0
05-19 20:50:53.066 D/NxpNciX ( 1233): len =   3 > 2F0200
05-19 20:50:53.066 D/NxpTml  ( 1233): PN54X - Read requested.....
05-19 20:50:53.066 D/NxpTml  ( 1233): PN54X - I2C Write successful.....
05-19 20:50:53.066 D/NxpTml  ( 1233): PN54X - Invoking I2C Read.....
05-19 20:50:53.066 D/NxpTml  ( 1233): PN54X - Posting Fresh Write message.....
05-19 20:50:53.066 D/NxpTml  ( 1233): PN54X - Tml Writer Thread Running................
05-19 20:50:53.066 D/NxpHal  ( 1233): write successful status = 0x0
05-19 20:50:53.066 D/NxpHal  ( 1233): Response timer started
05-19 20:50:53.066 D/NxpHal  ( 1233): Waiting after ext cmd sent
05-19 20:50:53.066 D/NxpHal  ( 1233): Response timer stopped
05-19 20:50:53.067 D/NxpHal  ( 1233): Checking response
05-19 20:50:53.067 D/NxpTml  ( 1233): PN54X - Write requested.....
05-19 20:50:53.067 D/NxpTml  ( 1233): PN54X - Invoking I2C Write.....
05-19 20:50:53.068 D/NxpNciX ( 1233): len =   6 > 20030301A00F
05-19 20:50:53.068 D/NxpTml  ( 1233): PN54X - I2C Write successful.....
05-19 20:50:53.068 D/NxpTml  ( 1233): PN54X - Posting Fresh Write message.....
05-19 20:50:53.068 D/NxpTml  ( 1233): PN54X - Tml Writer Thread Running................
05-19 20:50:53.068 D/NxpHal  ( 1233): write successful status = 0x0
05-19 20:50:53.069 D/NxpHal  ( 1233): Response timer started
05-19 20:50:53.069 D/NxpHal  ( 1233): Waiting after ext cmd sent
05-19 20:50:53.070 D/NxpTml  ( 1233): PN54X - I2C Read successful.....
05-19 20:50:53.071 D/NxpNciR ( 1233): len =  40 > 4003250001A00F2000011A0106000600000000000000000000000000000000000000000000000000
05-19 20:50:53.071 D/NxpTml  ( 1233): PN54X - Posting read message.....
05-19 20:50:53.071 D/NxpHal  ( 1233): read successful status = 0x0
05-19 20:50:53.071 D/NxpHal  ( 1233): phNxpNciHal_print_res_status: response status =STATUS_OK
05-19 20:50:53.071 D/NxpTml  ( 1233): PN54X - Read requested.....
05-19 20:50:53.071 D/NxpHal  ( 1233): Response timer stopped
05-19 20:50:53.071 D/NxpTml  ( 1233): PN54X - Invoking I2C Read.....
05-19 20:50:53.071 D/NxpHal  ( 1233): Checking response
05-19 20:50:53.071 D/NxpExtns( 1233): const CNfcParam* CNfcConfig::find(const char*) const found NXP_SYS_CLK_SRC_SEL=(0x2)
05-19 20:50:53.071 D/NxpExtns( 1233): const CNfcParam* CNfcConfig::find(const char*) const found NXP_SYS_CLK_FREQ_SEL=(0x2)
05-19 20:50:53.071 D/NxpExtns( 1233): const CNfcParam* CNfcConfig::find(const char*) const found NXP_SYS_CLOCK_TO_CFG=(0x1)
05-19 20:50:53.071 D/NxpFwDnld( 1233): gphNxpNciHal_fw_IoctlCtx.bClkSrcVal = 0x2
05-19 20:50:53.071 D/NxpFwDnld( 1233): gphNxpNciHal_fw_IoctlCtx.bClkFreqVal = 0x2
05-19 20:50:53.071 D/NxpFwDnld( 1233): gphNxpNciHal_fw_IoctlCtx.bClkFreqVal = 0x1
05-19 20:50:53.072 D/NxpTml  ( 1233): PN54X - Write requested.....
05-19 20:50:53.072 D/NxpTml  ( 1233): PN54X - Invoking I2C Write.....
05-19 20:50:53.073 D/NxpNciX ( 1233): len =  10 > 20030703A002A003A004
05-19 20:50:53.073 D/NxpTml  ( 1233): PN54X - I2C Write successful.....
05-19 20:50:53.074 D/NxpTml  ( 1233): PN54X - Posting Fresh Write message.....
05-19 20:50:53.074 D/NxpTml  ( 1233): PN54X - Tml Writer Thread Running................
05-19 20:50:53.074 D/NxpHal  ( 1233): write successful status = 0x0
05-19 20:50:53.074 D/NxpHal  ( 1233): Response timer started
05-19 20:50:53.074 D/NxpHal  ( 1233): Waiting after ext cmd sent
05-19 20:50:53.075 D/NxpTml  ( 1233): PN54X - I2C Read successful.....
05-19 20:50:53.075 D/NxpNciR ( 1233): len =  17 > 40030E0003A0020101A0030111A0040101
05-19 20:50:53.075 D/NxpTml  ( 1233): PN54X - Posting read message.....
05-19 20:50:53.076 D/NxpHal  ( 1233): read successful status = 0x0
05-19 20:50:53.076 D/NxpHal  ( 1233): phNxpNciHal_print_res_status: response status =STATUS_OK
05-19 20:50:53.076 D/NxpTml  ( 1233): PN54X - Read requested.....
05-19 20:50:53.076 D/NxpHal  ( 1233): Response timer stopped
05-19 20:50:53.076 D/NxpHal  ( 1233): Checking response
05-19 20:50:53.076 D/NxpTml  ( 1233): PN54X - Invoking I2C Read.....
05-19 20:50:53.076 D/        ( 1233): int CNfcConfig::checkTimestamp() file not exist.
05-19 20:50:53.076 D/NxpTml  ( 1233): PN54X - Write requested.....
05-19 20:50:53.076 D/NxpTml  ( 1233): PN54X - Invoking I2C Write.....
05-19 20:50:53.077 D/NxpNciX ( 1233): len =  12 > 20020902A0030111A0040101
05-19 20:50:53.078 D/NxpTml  ( 1233): PN54X - I2C Write successful.....
05-19 20:50:53.078 D/NxpTml  ( 1233): PN54X - Posting Fresh Write message.....
05-19 20:50:53.078 D/NxpTml  ( 1233): PN54X - Tml Writer Thread Running................
05-19 20:50:53.078 D/NxpHal  ( 1233): write successful status = 0x0
05-19 20:50:53.078 D/NxpHal  ( 1233): Response timer started
05-19 20:50:53.078 D/NxpHal  ( 1233): Waiting after ext cmd sent
05-19 20:50:53.079 D/NxpTml  ( 1233): PN54X - I2C Read successful.....
05-19 20:50:53.079 D/NxpNciR ( 1233): len =   5 > 4002020000
05-19 20:50:53.079 D/NxpTml  ( 1233): PN54X - Posting read message.....
05-19 20:50:53.079 D/NxpHal  ( 1233): read successful status = 0x0
05-19 20:50:53.080 D/NxpHal  ( 1233): phNxpNciHal_print_res_status: response status =STATUS_OK
05-19 20:50:53.080 D/NxpHal  ( 1233): Response timer stopped
05-19 20:50:53.080 D/NxpTml  ( 1233): PN54X - Read requested.....
05-19 20:50:53.080 D/NxpHal  ( 1233): Checking response
05-19 20:50:53.080 D/NxpTml  ( 1233): PN54X - Invoking I2C Read.....
05-19 20:50:53.080 D/NxpHal  ( 1233): phNxpNciHal_check_factory_reset file not present = /data/nfc/nfaStorage.bin1
05-19 20:50:53.080 D/NxpTml  ( 1233): PN54X - Write requested.....
05-19 20:50:53.080 D/NxpTml  ( 1233): PN54X - Invoking I2C Write.....
05-19 20:50:53.081 D/NxpNciX ( 1233): len =  26 > 20021702A0EA08FFFFFFFFFFFFFFFFA0EB08FFFFFFFFFFFFFFFF
05-19 20:50:53.081 D/NxpTml  ( 1233): PN54X - I2C Write successful.....
05-19 20:50:53.082 D/NxpTml  ( 1233): PN54X - Posting Fresh Write message.....
05-19 20:50:53.082 D/NxpTml  ( 1233): PN54X - Tml Writer Thread Running................
05-19 20:50:53.082 D/NxpHal  ( 1233): write successful status = 0x0
05-19 20:50:53.082 D/NxpHal  ( 1233): Response timer started
05-19 20:50:53.082 D/NxpHal  ( 1233): Waiting after ext cmd sent
05-19 20:50:53.083 D/NxpTml  ( 1233): PN54X - I2C Read successful.....
05-19 20:50:53.084 D/NxpNciR ( 1233): len =   5 > 4002020000
05-19 20:50:53.084 D/NxpTml  ( 1233): PN54X - Posting read message.....
05-19 20:50:53.084 D/NxpHal  ( 1233): read successful status = 0x0
05-19 20:50:53.084 D/NxpHal  ( 1233): phNxpNciHal_print_res_status: response status =STATUS_OK
05-19 20:50:53.084 D/NxpHal  ( 1233): Response timer stopped
05-19 20:50:53.084 D/NxpHal  ( 1233): Checking response
05-19 20:50:53.084 D/NxpExtns( 1233): const CNfcParam* CNfcConfig::find(const char*) const found NXP_NFC_PROFILE_EXTN=  D
05-19 20:50:53.084 D/NxpTml  ( 1233): PN54X - Write requested.....
05-19 20:50:53.084 D/NxpTml  ( 1233): PN54X - Read requested.....
05-19 20:50:53.084 D/NxpTml  ( 1233): PN54X - Invoking I2C Write.....
05-19 20:50:53.084 D/NxpTml  ( 1233): PN54X - Invoking I2C Read.....
05-19 20:50:53.085 D/NxpNciX ( 1233): len =   8 > 20020501A0440100
05-19 20:50:53.086 D/NxpTml  ( 1233): PN54X - I2C Write successful.....
05-19 20:50:53.086 D/NxpTml  ( 1233): PN54X - Posting Fresh Write message.....
05-19 20:50:53.086 D/NxpTml  ( 1233): PN54X - Tml Writer Thread Running................
05-19 20:50:53.086 D/NxpHal  ( 1233): write successful status = 0x0
05-19 20:50:53.086 D/NxpHal  ( 1233): Response timer started
05-19 20:50:53.086 D/NxpHal  ( 1233): Waiting after ext cmd sent
05-19 20:50:53.087 D/NxpTml  ( 1233): PN54X - I2C Read successful.....
05-19 20:50:53.087 D/NxpNciR ( 1233): len =   5 > 4002020000
05-19 20:50:53.087 D/NxpTml  ( 1233): PN54X - Posting read message.....
05-19 20:50:53.087 D/NxpHal  ( 1233): read successful status = 0x0
05-19 20:50:53.087 D/NxpHal  ( 1233): phNxpNciHal_print_res_status: response status =STATUS_OK
05-19 20:50:53.087 D/NxpHal  ( 1233): Response timer stopped
05-19 20:50:53.087 D/NxpHal  ( 1233): Checking response
05-19 20:50:53.088 D/        ( 1233): int CNfcConfig::checkTimestamp() file not exist.
05-19 20:50:53.088 D/NxpHal  ( 1233): Performing TVDD Settings
05-19 20:50:53.088 D/NxpExtns( 1233): const CNfcParam* CNfcConfig::find(const char*) const found NXP_EXT_TVDD_CFG=(0x2)
05-19 20:50:53.088 D/NxpExtns( 1233): const CNfcParam* CNfcConfig::find(const char*) const found NXP_EXT_TVDD_CFG_2=  f
05-19 20:50:53.088 D/NxpTml  ( 1233): PN54X - Read requested.....
05-19 20:50:53.088 D/NxpTml  ( 1233): PN54X - Write requested.....
05-19 20:50:53.088 D/NxpTml  ( 1233): PN54X - Invoking I2C Read.....
05-19 20:50:53.088 D/NxpTml  ( 1233): PN54X - Invoking I2C Write.....
05-19 20:50:53.089 D/NxpNciX ( 1233): len =  14 > 20020B02A0660100A00E03566401
05-19 20:50:53.089 D/NxpTml  ( 1233): PN54X - I2C Write successful.....
05-19 20:50:53.089 D/NxpTml  ( 1233): PN54X - Posting Fresh Write message.....
05-19 20:50:53.089 D/NxpTml  ( 1233): PN54X - Tml Writer Thread Running................
05-19 20:50:53.089 D/NxpHal  ( 1233): write successful status = 0x0
05-19 20:50:53.089 D/NxpHal  ( 1233): Response timer started
05-19 20:50:53.090 D/NxpHal  ( 1233): Waiting after ext cmd sent
05-19 20:50:53.091 D/NxpTml  ( 1233): PN54X - I2C Read successful.....
05-19 20:50:53.091 D/NxpNciR ( 1233): len =   5 > 4002020000
05-19 20:50:53.091 D/NxpTml  ( 1233): PN54X - Posting read message.....
05-19 20:50:53.091 D/NxpHal  ( 1233): read successful status = 0x0
05-19 20:50:53.091 D/NxpHal  ( 1233): phNxpNciHal_print_res_status: response status =STATUS_OK
05-19 20:50:53.091 D/NxpTml  ( 1233): PN54X - Read requested.....
05-19 20:50:53.091 D/NxpHal  ( 1233): Response timer stopped
05-19 20:50:53.091 D/NxpHal  ( 1233): Checking response
05-19 20:50:53.091 D/NxpTml  ( 1233): PN54X - Invoking I2C Read.....
05-19 20:50:53.092 D/NxpHal  ( 1233): Performing RF Settings BLK 1
05-19 20:50:53.092 D/NxpExtns( 1233): const CNfcParam* CNfcConfig::find(const char*) const found NXP_RF_CONF_BLK_1= ô 
05-19 20:50:53.092 D/NxpTml  ( 1233): PN54X - Write requested.....
05-19 20:50:53.092 D/NxpTml  ( 1233): PN54X - Invoking I2C Write.....
05-19 20:50:53.096 D/NxpNciX ( 1233): len = 247 > 2002F41FA00D03004001A00D0600FF05040600A00D060035FF01FF02A00D06003307400000A00D03044320A00D03044702A00D060435F401F401A00D0604FF05000000A00D060644A3900300A00D03064702A00D060635FF030002A00D060634F77F1010A00D06063307400000A00D060630C8006400A00D06062FAF058017A00D060603006D0020A00D03064320A00D0606420002FFFFA00D03064140A00D03063708A00D03061600A00D03061500A00D03063F04A00D03068003A00D0606FF05000000A00D03073F00A00D06073500020002A00D0618340000E103A00D0618330F830000A00D061C340000E103A00D061C330F830000
05-19 20:50:53.096 D/NxpTml  ( 1233): PN54X - I2C Write successful.....
05-19 20:50:53.096 D/NxpTml  ( 1233): PN54X - Posting Fresh Write message.....
05-19 20:50:53.096 D/NxpTml  ( 1233): PN54X - Tml Writer Thread Running................
05-19 20:50:53.096 D/NxpHal  ( 1233): write successful status = 0x0
05-19 20:50:53.096 D/NxpHal  ( 1233): Response timer started
05-19 20:50:53.096 D/NxpHal  ( 1233): Waiting after ext cmd sent
05-19 20:50:53.100 D/NxpTml  ( 1233): PN54X - I2C Read successful.....
05-19 20:50:53.100 D/NxpNciR ( 1233): len =   5 > 4002020000
05-19 20:50:53.100 D/NxpTml  ( 1233): PN54X - Posting read message.....
05-19 20:50:53.100 D/NxpHal  ( 1233): read successful status = 0x0
05-19 20:50:53.100 D/NxpHal  ( 1233): phNxpNciHal_print_res_status: response status =STATUS_OK
05-19 20:50:53.100 D/NxpHal  ( 1233): Response timer stopped
05-19 20:50:53.100 D/NxpTml  ( 1233): PN54X - Read requested.....
05-19 20:50:53.100 D/NxpHal  ( 1233): Checking response
05-19 20:50:53.100 D/NxpTml  ( 1233): PN54X - Invoking I2C Read.....
05-19 20:50:53.100 D/NxpHal  ( 1233): Performing RF Settings BLK 2
05-19 20:50:53.100 D/NxpExtns( 1233): const CNfcParam* CNfcConfig::find(const char*) const found NXP_RF_CONF_BLK_2= ù   J
05-19 20:50:53.100 D/NxpTml  ( 1233): PN54X - Write requested.....
05-19 20:50:53.100 D/NxpTml  ( 1233): PN54X - Invoking I2C Write.....
05-19 20:50:53.104 D/NxpNciX ( 1233): len = 252 > 2002F920A00D06204A00000000A00D0620428810FFFFA00D03201600A00D03201500A00D0422442200A00D06222D50440C00A00D043203403DA00D063242F810FFFFA00D03321600A00D03321501A00D03320D22A00D03321422A00D06324A33070008A00D06342D24470C00A00D0634340000EC03A00D0634330F010170A00D0434442200A00D06384A33070008A00D0638426810FFFFA00D03381600A00D03381500A00D043A442600A00D063A2D15470D00A00D063A340000E103A00D063A330B830000A00D063C4A5207001BA00D063C426810FFFFA00D033C1600A00D033C1500A00D043E442600A00D063E2D15470D00A00D063E340000E103
05-19 20:50:53.105 D/NxpTml  ( 1233): PN54X - I2C Write successful.....
05-19 20:50:53.105 D/NxpTml  ( 1233): PN54X - Posting Fresh Write message.....
05-19 20:50:53.105 D/NxpTml  ( 1233): PN54X - Tml Writer Thread Running................
05-19 20:50:53.105 D/NxpHal  ( 1233): write successful status = 0x0
05-19 20:50:53.105 D/NxpHal  ( 1233): Response timer started
05-19 20:50:53.105 D/NxpHal  ( 1233): Waiting after ext cmd sent
05-19 20:50:53.108 D/NxpTml  ( 1233): PN54X - I2C Read successful.....
05-19 20:50:53.108 D/NxpNciR ( 1233): len =   5 > 4002020000
05-19 20:50:53.108 D/NxpTml  ( 1233): PN54X - Posting read message.....
05-19 20:50:53.108 D/NxpHal  ( 1233): read successful status = 0x0
05-19 20:50:53.108 D/NxpHal  ( 1233): phNxpNciHal_print_res_status: response status =STATUS_OK
05-19 20:50:53.108 D/NxpHal  ( 1233): Response timer stopped
05-19 20:50:53.108 D/NxpTml  ( 1233): PN54X - Read requested.....
05-19 20:50:53.108 D/NxpHal  ( 1233): Checking response
05-19 20:50:53.108 D/NxpTml  ( 1233): PN54X - Invoking I2C Read.....
05-19 20:50:53.108 D/NxpHal  ( 1233): Performing RF Settings BLK 3
05-19 20:50:53.108 D/NxpExtns( 1233): const CNfcParam* CNfcConfig::find(const char*) const found NXP_RF_CONF_BLK_3= ù  >3ƒ
05-19 20:50:53.109 D/NxpTml  ( 1233): PN54X - Write requested.....
05-19 20:50:53.109 D/NxpTml  ( 1233): PN54X - Invoking I2C Write.....
05-19 20:50:53.113 D/NxpNciX ( 1233): len = 252 > 2002F920A00D063E330B830000A00D064042F010FFFFA00D03400D02A00D03401402A00D06404A12070000A00D03401600A00D03401500A00D0442442600A00D06422D15470D00A00D0642340000E103A00D0642330B830000A00D0446442600A00D06462D15250D00A00D06444A21070007A00D0644428810FFFFA00D03441600A00D03441500A00D044A442100A00D064A2D159D0D00A00D06484A21070007A00D0648428810FFFFA00D03481600A00D03481500A00D044E442600A00D064E2D15250D00A00D064C4A21070007A00D064C428810FFFFA00D034C1600A00D034C1500A00D0452442600A00D06522D15250D00A00D0650429010FFFF
05-19 20:50:53.113 D/NxpTml  ( 1233): PN54X - I2C Write successful.....
05-19 20:50:53.113 D/NxpTml  ( 1233): PN54X - Posting Fresh Write message.....
05-19 20:50:53.113 D/NxpTml  ( 1233): PN54X - Tml Writer Thread Running................
05-19 20:50:53.114 D/NxpHal  ( 1233): write successful status = 0x0
05-19 20:50:53.114 D/NxpHal  ( 1233): Response timer started
05-19 20:50:53.114 D/NxpHal  ( 1233): Waiting after ext cmd sent
05-19 20:50:53.156 D/NxpTml  ( 1233): PN54X - I2C Read successful.....
05-19 20:50:53.156 D/NxpNciR ( 1233): len =   5 > 4002020000
05-19 20:50:53.156 D/NxpTml  ( 1233): PN54X - Posting read message.....
05-19 20:50:53.156 D/NxpHal  ( 1233): read successful status = 0x0
05-19 20:50:53.156 D/NxpHal  ( 1233): phNxpNciHal_print_res_status: response status =STATUS_OK
05-19 20:50:53.156 D/NxpHal  ( 1233): Response timer stopped
05-19 20:50:53.156 D/NxpTml  ( 1233): PN54X - Read requested.....
05-19 20:50:53.156 D/NxpHal  ( 1233): Checking response
05-19 20:50:53.156 D/NxpTml  ( 1233): PN54X - Invoking I2C Read.....
05-19 20:50:53.156 D/NxpHal  ( 1233): Performing RF Settings BLK 4
05-19 20:50:53.156 D/NxpExtns( 1233): const CNfcParam* CNfcConfig::find(const char*) const found NXP_RF_CONF_BLK_4= ó PJ!
05-19 20:50:53.156 D/NxpTml  ( 1233): PN54X - Write requested.....
05-19 20:50:53.156 D/NxpTml  ( 1233): PN54X - Invoking I2C Write.....
05-19 20:50:53.161 D/NxpNciX ( 1233): len = 246 > 2002F31EA00D06504A21070007A00D03501600A00D03501500A00D06562D059E0C00A00D0456442200A00D065C2D059E0C00A00D045C442600A00D0654428810FFFFA00D06544A33070107A00D03541600A00D03541500A00D065A429010FFFFA00D065A4A31070107A00D035A1600A00D035A1500A00D06982FCF058017A00D0698420002FFFFA00D069A420002FFFFA00D06304412900300A00D066C44A3900300A00D066C30CF000800A00D066C2F8F05800CA00D06702F8F058012A00D067030CF000800A00D03702E40A00D03704530A00D067044A3900300A00D06742F6F058012A00D067430D5004000A00D067444A3900300
05-19 20:50:53.161 D/NxpTml  ( 1233): PN54X - I2C Write successful.....
05-19 20:50:53.161 D/NxpTml  ( 1233): PN54X - Posting Fresh Write message.....
05-19 20:50:53.161 D/NxpTml  ( 1233): PN54X - Tml Writer Thread Running................
05-19 20:50:53.161 D/NxpHal  ( 1233): write successful status = 0x0
05-19 20:50:53.161 D/NxpHal  ( 1233): Response timer started
05-19 20:50:53.161 D/NxpHal  ( 1233): Waiting after ext cmd sent
05-19 20:50:53.225 D/NxpTml  ( 1233): PN54X - I2C Read successful.....
05-19 20:50:53.225 D/NxpNciR ( 1233): len =   5 > 4002020000
05-19 20:50:53.225 D/NxpTml  ( 1233): PN54X - Posting read message.....
05-19 20:50:53.225 D/NxpHal  ( 1233): read successful status = 0x0
05-19 20:50:53.225 D/NxpHal  ( 1233): phNxpNciHal_print_res_status: response status =STATUS_OK
05-19 20:50:53.225 D/NxpTml  ( 1233): PN54X - Read requested.....
05-19 20:50:53.225 D/NxpHal  ( 1233): Response timer stopped
05-19 20:50:53.225 D/NxpTml  ( 1233): PN54X - Invoking I2C Read.....
05-19 20:50:53.225 D/NxpHal  ( 1233): Checking response
05-19 20:50:53.226 D/NxpHal  ( 1233): Performing RF Settings BLK 5
05-19 20:50:53.226 D/NxpExtns( 1233): const CNfcParam* CNfcConfig::find(const char*) const found NXP_RF_CONF_BLK_5= ÷ x/?€Á x0P
05-19 20:50:53.226 D/NxpTml  ( 1233): PN54X - Write requested.....
05-19 20:50:53.226 D/NxpTml  ( 1233): PN54X - Invoking I2C Write.....
05-19 20:50:53.231 D/NxpNciX ( 1233): len = 250 > 2002F71DA00D06782F3F0780C1A00D06783050001000A00D067844A3900300A00D067C2FCF058017A00D067C30C8006400A00D067C44A3900300A00D06802FCF058017A00D068030C8006400A00D068044A3900300A00D06842FCF058017A00D068430C8006400A00D068444A3900300A00D06882FB1058017A00D068830A8006400A00D068844A3900300A00D068E4412900300A00D06944412900300A00D03104320A00D06103500020002A00D061034F77F1000A00D066A42F810FFFFA00D036A1600A00D036A1501A00D066A4A300F011FA00D068C428810FFFFA00D068C4A33070107A00D038C1600A00D038C1500A00D0692429010FFFF
05-19 20:50:53.231 D/NxpTml  ( 1233): PN54X - I2C Write successful.....
05-19 20:50:53.231 D/NxpTml  ( 1233): PN54X - Posting Fresh Write message.....
05-19 20:50:53.231 D/NxpTml  ( 1233): PN54X - Tml Writer Thread Running................
05-19 20:50:53.231 D/NxpHal  ( 1233): write successful status = 0x0
05-19 20:50:53.231 D/NxpHal  ( 1233): Response timer started
05-19 20:50:53.231 D/NxpHal  ( 1233): Waiting after ext cmd sent
05-19 20:50:53.299 D/NxpTml  ( 1233): PN54X - I2C Read successful.....
05-19 20:50:53.300 D/NxpNciR ( 1233): len =   5 > 4002020000
05-19 20:50:53.300 D/NxpTml  ( 1233): PN54X - Posting read message.....
05-19 20:50:53.300 D/NxpHal  ( 1233): read successful status = 0x0
05-19 20:50:53.300 D/NxpHal  ( 1233): phNxpNciHal_print_res_status: response status =STATUS_OK
05-19 20:50:53.300 D/NxpHal  ( 1233): Response timer stopped
05-19 20:50:53.300 D/NxpTml  ( 1233): PN54X - Read requested.....
05-19 20:50:53.300 D/NxpHal  ( 1233): Checking response
05-19 20:50:53.301 D/NxpTml  ( 1233): PN54X - Invoking I2C Read.....
05-19 20:50:53.301 D/NxpHal  ( 1233): Performing RF Settings BLK 6
05-19 20:50:53.301 D/NxpExtns( 1233): const CNfcParam* CNfcConfig::find(const char*) const found NXP_RF_CONF_BLK_6= ’ ’J1 ’
05-19 20:50:53.301 D/NxpTml  ( 1233): PN54X - Write requested.....
05-19 20:50:53.301 D/NxpTml  ( 1233): PN54X - Invoking I2C Write.....
05-19 20:50:53.305 D/NxpNciX ( 1233): len = 149 > 20029210A00D06924A31070107A00D03921600A00D03921500A00D03244140A00D0624420002F3F3A00D03284140A00D038A4140A00D03904140A00D060A30C8006400A00D060A2FAF058017A00D030A4810A00D060A44A3900300A00D060A342665E503A00D060A330F010070A01D115333141700AA850080552A040063000000A01E111C131414006F9700000010040063020000
05-19 20:50:53.305 D/NxpTml  ( 1233): PN54X - I2C Write successful.....
05-19 20:50:53.305 D/NxpTml  ( 1233): PN54X - Posting Fresh Write message.....
05-19 20:50:53.305 D/NxpTml  ( 1233): PN54X - Tml Writer Thread Running................
05-19 20:50:53.306 D/NxpHal  ( 1233): write successful status = 0x0
05-19 20:50:53.306 D/NxpHal  ( 1233): Response timer started
05-19 20:50:53.306 D/NxpHal  ( 1233): Waiting after ext cmd sent
05-19 20:50:53.325 D/NxpTml  ( 1233): PN54X - I2C Read successful.....
05-19 20:50:53.325 D/NxpNciR ( 1233): len =   5 > 4002020000
05-19 20:50:53.325 D/NxpTml  ( 1233): PN54X - Posting read message.....
05-19 20:50:53.325 D/NxpHal  ( 1233): read successful status = 0x0
05-19 20:50:53.326 D/NxpHal  ( 1233): phNxpNciHal_print_res_status: response status =STATUS_OK
05-19 20:50:53.326 D/NxpHal  ( 1233): Response timer stopped
05-19 20:50:53.326 D/NxpTml  ( 1233): PN54X - Read requested.....
05-19 20:50:53.326 D/NxpHal  ( 1233): Checking response
05-19 20:50:53.326 D/NxpTml  ( 1233): PN54X - Invoking I2C Read.....
05-19 20:50:53.326 D/NxpHal  ( 1233): Performing NAME_NXP_CORE_CONF_EXTN Settings
05-19 20:50:53.326 D/NxpExtns( 1233): const CNfcParam* CNfcConfig::find(const char*) const found NXP_CORE_CONF_EXTN= :  	è 
05-19 20:50:53.326 D/NxpTml  ( 1233): PN54X - Write requested.....
05-19 20:50:53.326 D/NxpTml  ( 1233): PN54X - Invoking I2C Write.....
05-19 20:50:53.329 D/NxpNciX ( 1233): len =  61 > 20023A0EA0020101A00902E803A0120100A0400101A0410105A042010FA0430100A05E0101A0610153A0960101A0DD012DA0EC0100A0ED0100A0F20100
05-19 20:50:53.329 D/NxpTml  ( 1233): PN54X - I2C Write successful.....
05-19 20:50:53.329 D/NxpTml  ( 1233): PN54X - Posting Fresh Write message.....
05-19 20:50:53.329 D/NxpTml  ( 1233): PN54X - Tml Writer Thread Running................
05-19 20:50:53.329 D/NxpHal  ( 1233): write successful status = 0x0
05-19 20:50:53.329 D/NxpHal  ( 1233): Response timer started
05-19 20:50:53.329 D/NxpHal  ( 1233): Waiting after ext cmd sent
05-19 20:50:53.332 D/NxpTml  ( 1233): PN54X - I2C Read successful.....
05-19 20:50:53.333 D/NxpNciR ( 1233): len =   5 > 4002020000
05-19 20:50:53.333 D/NxpTml  ( 1233): PN54X - Posting read message.....
05-19 20:50:53.333 D/NxpHal  ( 1233): read successful status = 0x0
05-19 20:50:53.333 D/NxpHal  ( 1233): phNxpNciHal_print_res_status: response status =STATUS_OK
05-19 20:50:53.333 D/NxpHal  ( 1233): Response timer stopped
05-19 20:50:53.333 D/NxpTml  ( 1233): PN54X - Read requested.....
05-19 20:50:53.333 D/NxpHal  ( 1233): Checking response
05-19 20:50:53.333 D/NxpTml  ( 1233): PN54X - Invoking I2C Read.....
05-19 20:50:53.333 D/NxpExtns( 1233): const CNfcParam* CNfcConfig::find(const char*) const found NXP_CORE_RF_FIELD=  b
05-19 20:50:53.333 D/NxpTml  ( 1233): PN54X - Write requested.....
05-19 20:50:53.333 D/NxpTml  ( 1233): PN54X - Invoking I2C Write.....
05-19 20:50:53.335 D/NxpNciX ( 1233): len =   8 > 20020501A0620101
05-19 20:50:53.335 D/NxpTml  ( 1233): PN54X - I2C Write successful.....
05-19 20:50:53.335 D/NxpTml  ( 1233): PN54X - Posting Fresh Write message.....
05-19 20:50:53.335 D/NxpTml  ( 1233): PN54X - Tml Writer Thread Running................
05-19 20:50:53.335 D/NxpHal  ( 1233): write successful status = 0x0
05-19 20:50:53.335 D/NxpHal  ( 1233): Response timer started
05-19 20:50:53.335 D/NxpHal  ( 1233): Waiting after ext cmd sent
05-19 20:50:53.336 D/NxpTml  ( 1233): PN54X - I2C Read successful.....
05-19 20:50:53.336 D/NxpNciR ( 1233): len =   5 > 4002020000
05-19 20:50:53.337 D/NxpTml  ( 1233): PN54X - Posting read message.....
05-19 20:50:53.337 D/NxpHal  ( 1233): read successful status = 0x0
05-19 20:50:53.337 D/NxpHal  ( 1233): phNxpNciHal_print_res_status: response status =STATUS_OK
05-19 20:50:53.337 D/NxpHal  ( 1233): Response timer stopped
05-19 20:50:53.337 D/NxpTml  ( 1233): PN54X - Read requested.....
05-19 20:50:53.337 D/NxpHal  ( 1233): Checking response
05-19 20:50:53.337 D/NxpTml  ( 1233): PN54X - Invoking I2C Read.....
05-19 20:50:53.337 D/NxpExtns( 1233): const CNfcParam* CNfcConfig::find(const char*) const found NXP_SWP_SWITCH_TIMEOUT=(0xa)
05-19 20:50:53.337 D/NxpTml  ( 1233): PN54X - Write requested.....
05-19 20:50:53.337 D/NxpTml  ( 1233): PN54X - Invoking I2C Write.....
05-19 20:50:53.339 D/NxpNciX ( 1233): len =   9 > 20020601A0F3021027
05-19 20:50:53.339 D/NxpTml  ( 1233): PN54X - I2C Write successful.....
05-19 20:50:53.339 D/NxpTml  ( 1233): PN54X - Posting Fresh Write message.....
05-19 20:50:53.339 D/NxpTml  ( 1233): PN54X - Tml Writer Thread Running................
05-19 20:50:53.339 D/NxpHal  ( 1233): write successful status = 0x0
05-19 20:50:53.339 D/NxpHal  ( 1233): Response timer started
05-19 20:50:53.339 D/NxpHal  ( 1233): Waiting after ext cmd sent
05-19 20:50:53.340 D/NxpTml  ( 1233): PN54X - I2C Read successful.....
05-19 20:50:53.341 D/NxpNciR ( 1233): len =   5 > 4002020000
05-19 20:50:53.341 D/NxpTml  ( 1233): PN54X - Posting read message.....
05-19 20:50:53.341 D/NxpHal  ( 1233): read successful status = 0x0
05-19 20:50:53.341 D/NxpHal  ( 1233): phNxpNciHal_print_res_status: response status =STATUS_OK
05-19 20:50:53.341 D/NxpTml  ( 1233): PN54X - Read requested.....
05-19 20:50:53.341 D/NxpTml  ( 1233): PN54X - Invoking I2C Read.....
05-19 20:50:53.341 D/NxpHal  ( 1233): Response timer stopped
05-19 20:50:53.341 D/NxpHal  ( 1233): Checking response
05-19 20:50:53.341 D/NxpTml  ( 1233): PN54X - Write requested.....
05-19 20:50:53.341 D/NxpTml  ( 1233): PN54X - Invoking I2C Write.....
05-19 20:50:53.343 D/NxpNciX ( 1233): len =   6 > 20030301A085
05-19 20:50:53.343 D/NxpTml  ( 1233): PN54X - I2C Write successful.....
05-19 20:50:53.343 D/NxpTml  ( 1233): PN54X - Posting Fresh Write message.....
05-19 20:50:53.343 D/NxpTml  ( 1233): PN54X - Tml Writer Thread Running................
05-19 20:50:53.343 D/NxpHal  ( 1233): write successful status = 0x0
05-19 20:50:53.343 D/NxpHal  ( 1233): Response timer started
05-19 20:50:53.343 D/NxpHal  ( 1233): Waiting after ext cmd sent
05-19 20:50:53.346 D/NxpTml  ( 1233): PN54X - I2C Read successful.....
05-19 20:50:53.346 D/NxpNciR ( 1233): len =  12 > 4003090001A0850450082800
05-19 20:50:53.346 D/NxpTml  ( 1233): PN54X - Posting read message.....
05-19 20:50:53.346 D/NxpHal  ( 1233): read successful status = 0x0
05-19 20:50:53.346 D/NxpHal  ( 1233): phNxpNciHal_print_res_status: response status =STATUS_OK
05-19 20:50:53.346 D/NxpTml  ( 1233): PN54X - Read requested.....
05-19 20:50:53.346 D/NxpHal  ( 1233): Response timer stopped
05-19 20:50:53.346 D/NxpHal  ( 1233): Checking response
05-19 20:50:53.346 D/NxpTml  ( 1233): PN54X - Invoking I2C Read.....
05-19 20:50:53.346 D/NxpExtns( 1233): const CNfcParam* CNfcConfig::find(const char*) const found NXP_CHINA_TIANJIN_RF_ENABLED=(0x1)
05-19 20:50:53.346 D/NxpTml  ( 1233): PN54X - Write requested.....
05-19 20:50:53.346 D/NxpTml  ( 1233): PN54X - Invoking I2C Write.....
05-19 20:50:53.348 D/NxpNciX ( 1233): len =  39 > 20022401A00F2000011A0106000600000000000000000000000000000000000000000000000000
05-19 20:50:53.348 D/NxpTml  ( 1233): PN54X - I2C Write successful.....
05-19 20:50:53.348 D/NxpTml  ( 1233): PN54X - Posting Fresh Write message.....
05-19 20:50:53.348 D/NxpTml  ( 1233): PN54X - Tml Writer Thread Running................
05-19 20:50:53.348 D/NxpHal  ( 1233): write successful status = 0x0
05-19 20:50:53.348 D/NxpHal  ( 1233): Response timer started
05-19 20:50:53.348 D/NxpHal  ( 1233): Waiting after ext cmd sent
05-19 20:50:53.350 D/NxpTml  ( 1233): PN54X - I2C Read successful.....
05-19 20:50:53.350 D/NxpNciR ( 1233): len =   5 > 4002020000
05-19 20:50:53.350 D/NxpTml  ( 1233): PN54X - Posting read message.....
05-19 20:50:53.350 D/NxpHal  ( 1233): read successful status = 0x0
05-19 20:50:53.350 D/NxpHal  ( 1233): phNxpNciHal_print_res_status: response status =STATUS_OK
05-19 20:50:53.350 D/NxpHal  ( 1233): Response timer stopped
05-19 20:50:53.350 D/NxpTml  ( 1233): PN54X - Read requested.....
05-19 20:50:53.350 D/NxpHal  ( 1233): Checking response
05-19 20:50:53.350 D/NxpTml  ( 1233): PN54X - Invoking I2C Read.....
05-19 20:50:53.350 D/NxpExtns( 1233): const CNfcParam* CNfcConfig::find(const char*) const found NXP_CORE_STANDBY=/
05-19 20:50:53.350 D/NxpTml  ( 1233): PN54X - Write requested.....
05-19 20:50:53.350 D/NxpTml  ( 1233): PN54X - Invoking I2C Write.....
05-19 20:50:53.352 D/NxpNciX ( 1233): len =   4 > 2F000101
05-19 20:50:53.352 D/NxpTml  ( 1233): PN54X - I2C Write successful.....
05-19 20:50:53.352 D/NxpTml  ( 1233): PN54X - Posting Fresh Write message.....
05-19 20:50:53.352 D/NxpTml  ( 1233): PN54X - Tml Writer Thread Running................
05-19 20:50:53.352 D/NxpHal  ( 1233): write successful status = 0x0
05-19 20:50:53.352 D/NxpHal  ( 1233): Response timer started
05-19 20:50:53.353 D/NxpHal  ( 1233): Waiting after ext cmd sent
05-19 20:50:53.353 D/NxpTml  ( 1233): PN54X - I2C Read successful.....
05-19 20:50:53.353 D/NxpNciR ( 1233): len =   4 > 4F000100
05-19 20:50:53.353 D/NxpTml  ( 1233): PN54X - Posting read message.....
05-19 20:50:53.353 D/NxpHal  ( 1233): read successful status = 0x0
05-19 20:50:53.354 D/NxpHal  ( 1233): Response timer stopped
05-19 20:50:53.354 D/NxpHal  ( 1233): Checking response
05-19 20:50:53.354 D/NxpTml  ( 1233): PN54X - Read requested.....
05-19 20:50:53.354 D/NxpExtns( 1233): const CNfcParam* CNfcConfig::find(const char*) const found NXP_CORE_CONF= +!
05-19 20:50:53.354 D/NxpTml  ( 1233): PN54X - Invoking I2C Read.....
05-19 20:50:53.354 D/NxpTml  ( 1233): PN54X - Write requested.....
05-19 20:50:53.354 D/NxpTml  ( 1233): PN54X - Invoking I2C Write.....
05-19 20:50:53.356 D/NxpNciX ( 1233): len =  46 > 20022B0D1801012101002801003001083101033304010203045001025401065B010060010E80010181010182010E
05-19 20:50:53.356 D/NxpTml  ( 1233): PN54X - I2C Write successful.....
05-19 20:50:53.356 D/NxpTml  ( 1233): PN54X - Posting Fresh Write message.....
05-19 20:50:53.356 D/NxpTml  ( 1233): PN54X - Tml Writer Thread Running................
05-19 20:50:53.356 D/NxpHal  ( 1233): write successful status = 0x0
05-19 20:50:53.356 D/NxpHal  ( 1233): Response timer started
05-19 20:50:53.356 D/NxpHal  ( 1233): Waiting after ext cmd sent
05-19 20:50:53.377 D/NxpTml  ( 1233): PN54X - I2C Read successful.....
05-19 20:50:53.377 D/NxpNciR ( 1233): len =   5 > 4002020000
05-19 20:50:53.377 D/NxpTml  ( 1233): PN54X - Posting read message.....
05-19 20:50:53.377 D/NxpHal  ( 1233): read successful status = 0x0
05-19 20:50:53.377 D/NxpHal  ( 1233): phNxpNciHal_print_res_status: response status =STATUS_OK
05-19 20:50:53.377 D/NxpHal  ( 1233): Response timer stopped
05-19 20:50:53.377 D/NxpTml  ( 1233): PN54X - Read requested.....
05-19 20:50:53.377 D/NxpHal  ( 1233): Checking response
05-19 20:50:53.377 D/NxpTml  ( 1233): PN54X - Invoking I2C Read.....
05-19 20:50:53.377 D/NxpTml  ( 1233): PN54X - Write requested.....
05-19 20:50:53.377 D/NxpTml  ( 1233): PN54X - Invoking I2C Write.....
05-19 20:50:53.379 D/NxpNciX ( 1233): len =  10 > 21010700010103000105
05-19 20:50:53.379 D/NxpTml  ( 1233): PN54X - I2C Write successful.....
05-19 20:50:53.379 D/NxpTml  ( 1233): PN54X - Posting Fresh Write message.....
05-19 20:50:53.379 D/NxpTml  ( 1233): PN54X - Tml Writer Thread Running................
05-19 20:50:53.379 D/NxpHal  ( 1233): write successful status = 0x0
05-19 20:50:53.379 D/NxpHal  ( 1233): Response timer started
05-19 20:50:53.379 D/NxpHal  ( 1233): Waiting after ext cmd sent
05-19 20:50:53.386 D/NxpTml  ( 1233): PN54X - I2C Read successful.....
05-19 20:50:53.386 D/NxpNciR ( 1233): len =   4 > 41010100
05-19 20:50:53.386 D/NxpTml  ( 1233): PN54X - Posting read message.....
05-19 20:50:53.386 D/NxpHal  ( 1233): read successful status = 0x0
05-19 20:50:53.386 D/NxpHal  ( 1233): Response timer stopped
05-19 20:50:53.386 D/NxpTml  ( 1233): PN54X - Read requested.....
05-19 20:50:53.386 D/NxpHal  ( 1233): Checking response
05-19 20:50:53.386 D/NxpTml  ( 1233): PN54X - Invoking I2C Read.....
05-19 20:50:53.386 D/NxpExtns( 1233): const CNfcParam* CNfcConfig::find(const char*) const found NXP_SWP_FULL_PWR_ON=(0x0)
05-19 20:50:53.386 D/NxpTml  ( 1233): PN54X - Write requested.....
05-19 20:50:53.387 D/NxpTml  ( 1233): PN54X - Invoking I2C Write.....
05-19 20:50:53.388 D/NxpNciX ( 1233): len =   8 > 20020501A0F10100
05-19 20:50:53.388 D/NxpTml  ( 1233): PN54X - I2C Write successful.....
05-19 20:50:53.388 D/NxpTml  ( 1233): PN54X - Posting Fresh Write message.....
05-19 20:50:53.388 D/NxpTml  ( 1233): PN54X - Tml Writer Thread Running................
05-19 20:50:53.388 D/NxpHal  ( 1233): write successful status = 0x0
05-19 20:50:53.388 D/NxpHal  ( 1233): Response timer started
05-19 20:50:53.388 D/NxpHal  ( 1233): Waiting after ext cmd sent
05-19 20:50:53.390 D/NxpTml  ( 1233): PN54X - I2C Read successful.....
05-19 20:50:53.390 D/NxpNciR ( 1233): len =   5 > 4002020000
05-19 20:50:53.390 D/NxpTml  ( 1233): PN54X - Posting read message.....
05-19 20:50:53.390 D/NxpHal  ( 1233): read successful status = 0x0
05-19 20:50:53.390 D/NxpHal  ( 1233): phNxpNciHal_print_res_status: response status =STATUS_OK
