--------- beginning of main
01-03 06:48:27.252   339   339 W auditd  : type=2000 audit(0.0:1): initialized
--------- beginning of system
01-03 06:48:32.037   341   341 I vold    : Vold 3.0 (the awakening) firing up
01-03 06:48:32.038   341   341 V vold    : Detected support for: ext4 vfat
01-03 06:48:32.234   373   373 I lowmemorykiller: Using in-kernel low memory killer interface
01-03 06:48:32.235   376   376 D QSEECOMD: : qseecom listener services process entry PPID = 1
01-03 06:48:32.235   376   376 E QSEECOMD: : Listener: index = 0, hierarchy = 0
01-03 06:48:32.244   376   376 D QSEECOMD: : Init dlopen(librpmb.so, RTLD_NOW) succeeds
01-03 06:48:32.244   376   376 D QSEECOMD: : Init::Init dlsym(g_FSHandle rpmb_init_service) succeeds
01-03 06:48:32.244   376   376 I rpmb_emmc: RPMB Mult = 16384, Rel_sec_cnt = 1
01-03 06:48:32.244   376   376 E DrmLibRpmb: rpmb_init succeeded! with ret = 0
01-03 06:48:32.244   376   376 D QSEECOMD: : Init rpmb_init_service ret = 0
01-03 06:48:32.244   376   376 D QSEECOMD: : RPMB system services: init (Listener ID = 8192)
01-03 06:48:32.244   376   376 E QSEECOMD: : Listener: index = 1, hierarchy = 0
01-03 06:48:32.246   376   376 D QSEECOMD: : Init dlopen(libssd.so, RTLD_NOW) succeeds
01-03 06:48:32.246   376   376 D QSEECOMD: : Init::Init dlsym(g_FSHandle ssd_init_service) succeeds
01-03 06:48:32.246   376   376 E SSD     : ssd_init_service succeeded!
01-03 06:48:32.246   376   376 D QSEECOMD: : Init ssd_init_service ret = 0
01-03 06:48:32.246   376   376 D QSEECOMD: : SSD system services: init (Listener ID = 12288)
01-03 06:48:32.246   376   376 E QSEECOMD: : Listener: index = 2, hierarchy = 0
01-03 06:48:32.246   376   376 E QSEECOMD: : Init dlopen(libsecureui.so, RLTD_NOW) is failed....
01-03 06:48:32.246   376   376 D QSEECOMD: : SEC_UI_INIT failed, shall not start secure ui listener
01-03 06:48:32.246   376   376 E QSEECOMD: : Listener: index = 5, hierarchy = 0
01-03 06:48:32.247   376   376 E QSEECOMD: : Init dlopen(libmdtp.so, RLTD_NOW) is failed....
01-03 06:48:32.247   376   376 D QSEECOMD: : ERROR: MDTP_INIT failed, shall not start MDTP listener
01-03 06:48:32.247   376   376 D QSEECOMD: : Parent qseecom daemon process paused!! 
01-03 06:48:32.248   383   383 D QSEECOMD: : qseecom listener service threads starting!!! 
01-03 06:48:32.248   383   383 D QSEECOMD: : Total listener services to start = 7
01-03 06:48:32.248   383   383 E QSEECOMD: : Listener: index = 0, hierarchy = 1
01-03 06:48:32.248   383   383 D QSEECOMD: : Init dlopen(librpmb.so, RTLD_NOW) succeeds
01-03 06:48:32.248   383   383 D QSEECOMD: : Init::Init dlsym(g_FSHandle rpmb_start) succeeds
01-03 06:48:32.248   383   383 D QSEECOMAPI: : QSEECom_register_listener 8192 sb_length = 0x5000
01-03 06:48:32.250   383   383 D QSEECOMD: : Init rpmb_start ret = 0
01-03 06:48:32.250   383   383 D QSEECOMD: : RPMB system services: Started (Listener ID = 8192)
01-03 06:48:32.250   383   383 E QSEECOMD: : Listener: index = 1, hierarchy = 1
01-03 06:48:32.250   383   383 D QSEECOMD: : Init dlopen(libssd.so, RTLD_NOW) succeeds
01-03 06:48:32.250   383   383 D QSEECOMD: : Init::Init dlsym(g_FSHandle ssd_start) succeeds
01-03 06:48:32.250   383   383 D QSEECOMAPI: : QSEECom_register_listener 12288 sb_length = 0x5000
01-03 06:48:32.251   383   383 D QSEECOMD: : Init ssd_start ret = 0
01-03 06:48:32.251   383   383 D QSEECOMD: : SSD system services: Started (Listener ID = 12288)
01-03 06:48:32.251   383   383 E QSEECOMD: : Listener: index = 2, hierarchy = 1
01-03 06:48:32.251   383   383 E QSEECOMD: : Init dlopen(libsecureui.so, RLTD_NOW) is failed....
01-03 06:48:32.251   383   383 E QSEECOMD: : Listener: index = 3, hierarchy = 1
01-03 06:48:32.254   383   383 D QSEECOMD: : Init dlopen(libdrmtime.so, RTLD_NOW) succeeds
01-03 06:48:32.254   383   383 D QSEECOMD: : Init::Init dlsym(g_FSHandle atime_start) succeeds
01-03 06:48:32.254   383   383 D DrmLibTime: QSEE Time Listener: atime_start
01-03 06:48:32.254   383   383 D QSEECOMAPI: : QSEECom_register_listener 11 sb_length = 0x5000
01-03 06:48:32.255   383   383 D DrmLibTime: registering fs service to QSEECom is done!
01-03 06:48:32.255   383   383 D DrmLibTime: begin to create a thread!
01-03 06:48:32.255   383   383 D DrmLibTime: Creating a pthread in atime_start is done! return 0
01-03 06:48:32.255   383   383 D QSEECOMD: : Init atime_start ret = 0
01-03 06:48:32.255   383   383 D QSEECOMD: : time services: Started (Listener ID = 11)
01-03 06:48:32.255   383   383 E QSEECOMD: : Listener: index = 4, hierarchy = 1
01-03 06:48:32.256   383   383 D QSEECOMD: : Init dlopen(libdrmfs.so, RTLD_NOW) succeeds
01-03 06:48:32.256   383   383 D QSEECOMD: : Init::Init dlsym(g_FSHandle fs_start) succeeds
01-03 06:48:32.256   383   383 D QSEECOMAPI: : QSEECom_register_listener 10 sb_length = 0x5000
01-03 06:48:32.256   383   383 D QSEECOMD: : Init fs_start ret = 0
01-03 06:48:32.256   383   383 D QSEECOMD: : file system services: Started (Listener ID = 10)
01-03 06:48:32.256   383   383 E QSEECOMD: : Listener: index = 5, hierarchy = 1
01-03 06:48:32.257   383   383 E QSEECOMD: : Init dlopen(libmdtp.so, RLTD_NOW) is failed....
01-03 06:48:32.257   383   383 E QSEECOMD: : Listener: index = 6, hierarchy = 1
01-03 06:48:32.257   383   383 D QSEECOMD: : Init dlopen(libdrmfs.so, RTLD_NOW) succeeds
01-03 06:48:32.257   383   383 D QSEECOMD: : Init::Init dlsym(g_FSHandle gpfs_start) succeeds
01-03 06:48:32.257   383   383 D QSEECOMAPI: : QSEECom_register_listener 28672 sb_length = 0x7e000
01-03 06:48:32.264   383   383 D QSEECOMD: : Init gpfs_start ret = 0
01-03 06:48:32.264   383   383 D QSEECOMD: : gpfile system services: Started (Listener ID = 28672)
01-03 06:48:32.264   383   383 D QSEECOMAPI: : QSEECom_get_handle sb_length = 0x400
01-03 06:48:32.264   383   383 D QSEECOMAPI: : App is not loaded in QSEE
01-03 06:48:32.273   383   386 D DrmLibTime: QSEE Time Listener: dispatch
01-03 06:48:32.273   383   386 D DrmLibTime: before calling ioctl to read the next time_cmd
01-03 06:48:32.274   383   383 E QSEECOMAPI: : Error::Cannot open the file /firmware/image/keymaste.mdt
01-03 06:48:32.274   383   383 E QSEECOMAPI: : Error::Loading image failed with ret = -1
01-03 06:48:32.274   383   383 E QSEECOMD: : Loading keymaster app failed
01-03 06:48:32.274   383   383 D QSEECOMD: : QSEECOM DAEMON RUNNING 
01-03 06:48:32.295   375   375 I SurfaceFlinger: SurfaceFlinger is starting
01-03 06:48:32.296   375   375 I SurfaceFlinger: SurfaceFlinger's main thread ready to run. Initializing graphics H/W...
01-03 06:48:32.303   375   375 D libEGL  : loaded /vendor/lib64/egl/libEGL_adreno.so
01-03 06:48:32.437   341   379 D VoldCryptCmdListener: cryptfs mountdefaultencrypted
01-03 06:48:32.437   341   379 I Ext4Crypt: ext4 crypto complete called on /data
01-03 06:48:32.437   341   379 I Ext4Crypt: No master key, so not ext4enc
01-03 06:48:32.438   375   375 D libEGL  : loaded /vendor/lib64/egl/libGLESv1_CM_adreno.so
01-03 06:48:32.438   341   379 I Cryptfs : cryptfs_check_passwd
01-03 06:48:32.438   341   379 I Ext4Crypt: ext4 crypto complete called on /data
01-03 06:48:32.438   341   379 I Ext4Crypt: No master key, so not ext4enc
01-03 06:48:32.439   341   379 D Cryptfs : crypt_ftr->fs_size = 53554167
01-03 06:48:32.439   341   379 I Cryptfs : Using scrypt with keymaster for cryptfs KDF
01-03 06:48:32.449   375   375 D libEGL  : loaded /vendor/lib64/egl/libGLESv2_adreno.so
01-03 06:48:32.470   375   375 I Adreno  : QUALCOMM build                   : fcf4852, I1af360237c
01-03 06:48:32.470   375   375 I Adreno  : Build Date                       : 09/23/15
01-03 06:48:32.470   375   375 I Adreno  : OpenGL ES Shader Compiler Version: XE031.05.13.02
01-03 06:48:32.470   375   375 I Adreno  : Local Branch                     : mybranch14465806
01-03 06:48:32.470   375   375 I Adreno  : Remote Branch                    : quic/LA.BF64.1.2.9_v2
01-03 06:48:32.470   375   375 I Adreno  : Remote Branch                    : NONE
01-03 06:48:32.470   375   375 I Adreno  : Reconstruct Branch               : NOTHING
01-03 06:48:32.608   375   375 I qdutils : PartialUpdate status: Enabled
01-03 06:48:32.608   375   375 I qdutils : Left Align: 8
01-03 06:48:32.608   375   375 I qdutils : Width Align: 8
01-03 06:48:32.608   375   375 I qdutils : Top Align: 1
01-03 06:48:32.608   375   375 I qdutils : Height Align: 1
01-03 06:48:32.608   375   375 I qdutils : Min ROI Width: 1
01-03 06:48:32.608   375   375 I qdutils : Min ROI Height: 1
01-03 06:48:32.608   375   375 I qdutils : Needs ROI Merge: 1
01-03 06:48:32.608   375   375 I qdutils : Dynamic Fps: Disabled
01-03 06:48:32.608   375   375 I qdutils : Min Panel fps: 0
01-03 06:48:32.608   375   375 I qdutils : Max Panel fps: 0
01-03 06:48:32.609   375   375 I qdutils : Left Split=720
01-03 06:48:32.609   375   375 I qdutils : Right Split=720
01-03 06:48:32.609   375   375 D qdutils : int qdutils::getHDMINode(): fb node 2 not present
01-03 06:48:32.609   375   375 I qdutils : int qdutils::getHDMINode(): No HDMI node on this device
01-03 06:48:32.617   375   375 W qdhwcomposer: Unable to load libmm-qdcm
01-03 06:48:32.617   375   375 I qdhwcomposer: Initializing Qualcomm Hardware Composer
01-03 06:48:32.617   375   375 I qdhwcomposer: MDP version: 500
01-03 06:48:32.617   375   375 I SurfaceFlinger: Using composer version 1.5
01-03 06:48:32.617   375   375 I qdhwcomposer: hwc_registerProcs
01-03 06:48:32.617   375   375 I qdhwcomposer: Initializing UEVENT Thread
01-03 06:48:32.617   375   375 I qdhwcomposer: Initializing VSYNC Thread
01-03 06:48:32.617   375   375 D qdhwcomposer: hwc_getDisplayAttributes disp = 0, width = 1440
01-03 06:48:32.617   375   438 I qdhwcomposer: vsync_loop: Reading event 0 for dpy 0 from /sys/class/graphics/fb0/vsync_event
01-03 06:48:32.617   375   375 D qdhwcomposer: hwc_getDisplayAttributes disp = 0, height = 2560
01-03 06:48:32.617   375   375 E qdhwcomposer: hwc_getDisplayConfigs display (1) is inactive
01-03 06:48:32.617   375   438 I qdhwcomposer: vsync_loop: Reading event 1 for dpy 0 from /sys/class/graphics/fb0/show_blank_event
01-03 06:48:32.617   375   438 I qdhwcomposer: vsync_loop: Reading event 2 for dpy 0 from /sys/class/graphics/fb0/msm_fb_thermal_level
01-03 06:48:32.617   375   438 I qdhwcomposer: vsync_loop: Reading event 0 for dpy 1 from /sys/class/graphics/fb-1/vsync_event
01-03 06:48:32.618   375   438 I qdhwcomposer: vsync_loop: Reading event 1 for dpy 1 from /sys/class/graphics/fb-1/show_blank_event
01-03 06:48:32.618   375   438 I qdhwcomposer: vsync_loop: Reading event 2 for dpy 1 from /sys/class/graphics/fb-1/msm_fb_thermal_level
01-03 06:48:32.619   375   375 I SurfaceFlinger: EGL information:
01-03 06:48:32.619   375   375 I SurfaceFlinger: vendor    : Android
01-03 06:48:32.619   375   375 I SurfaceFlinger: version   : 1.4 Android META-EGL
01-03 06:48:32.619   375   375 I SurfaceFlinger: extensions: EGL_KHR_get_all_proc_addresses EGL_ANDROID_presentation_time EGL_KHR_swap_buffers_with_damage EGL_KHR_image EGL_KHR_image_base EGL_KHR_lock_surface EGL_KHR_gl_texture_2D_image EGL_KHR_gl_texture_3D_image EGL_KHR_gl_texture_cubemap_image EGL_KHR_gl_renderbuffer_image EGL_KHR_reusable_sync EGL_KHR_fence_sync EGL_KHR_create_context EGL_KHR_surfaceless_context EGL_EXT_create_context_robustness EGL_ANDROID_image_native_buffer EGL_KHR_wait_sync EGL_ANDROID_recordable EGL_KHR_partial_update EGL_KHR_create_context_no_error 
01-03 06:48:32.619   375   375 I SurfaceFlinger: Client API: OpenGL_ES
01-03 06:48:32.619   375   375 I SurfaceFlinger: EGLSurface: 8-8-8-8, config=0x7fa05d1900
01-03 06:48:32.624   375   375 I SurfaceFlinger: OpenGL ES informations:
01-03 06:48:32.624   375   375 I SurfaceFlinger: vendor    : Qualcomm
01-03 06:48:32.624   375   375 I SurfaceFlinger: renderer  : Adreno (TM) 430
01-03 06:48:32.624   375   375 I SurfaceFlinger: version   : OpenGL ES 3.1 V@127.0 (GIT@I1af360237c)
01-03 06:48:32.624   375   375 I SurfaceFlinger: extensions: GL_OES_EGL_image GL_OES_EGL_image_external GL_OES_EGL_sync GL_OES_vertex_half_float GL_OES_framebuffer_object GL_OES_rgb8_rgba8 GL_OES_compressed_ETC1_RGB8_texture GL_AMD_compressed_ATC_texture GL_KHR_texture_compression_astc_ldr GL_OES_texture_npot GL_EXT_texture_filter_anisotropic GL_EXT_texture_format_BGRA8888 GL_OES_texture_3D GL_EXT_color_buffer_float GL_EXT_color_buffer_half_float GL_QCOM_alpha_test GL_OES_depth24 GL_OES_packed_depth_stencil GL_OES_depth_texture GL_OES_depth_texture_cube_map GL_EXT_sRGB GL_OES_texture_float GL_OES_texture_float_linear GL_OES_texture_half_float GL_OES_texture_half_float_linear GL_EXT_texture_type_2_10_10_10_REV GL_EXT_texture_sRGB_decode GL_OES_element_index_uint GL_EXT_copy_image GL_EXT_geometry_shader GL_EXT_tessellation_shader GL_OES_texture_stencil8 GL_EXT_shader_io_blocks GL_OES_shader_image_atomic GL_OES_sample_variables GL_EXT_texture_border_clamp GL_EXT_multisampled_render_to_texture GL_OES_shader_multisample_interpolation GL_EXT_texture_cube_map_arr
01-03 06:48:32.624   375   375 I SurfaceFlinger: GL_MAX_TEXTURE_SIZE = 16384
01-03 06:48:32.624   375   375 I SurfaceFlinger: GL_MAX_VIEWPORT_DIMS = 16384
01-03 06:48:32.626   375   375 D SurfaceFlinger: Set power mode=2, type=0 flinger=0x7fa05c3c00
01-03 06:48:32.626   375   375 D qdhwcomposer: hwc_setPowerMode: Setting mode 2 on display: 0
01-03 06:48:32.627   375   438 I qdhwcomposer: handle_blank_event: dpy:0 panel power state: 1
01-03 06:48:32.627   375   375 D qdhwcomposer: hwc_setPowerMode: Done setting mode 2 on display 0
01-03 06:48:32.720   440   443 D libEGL  : loaded /vendor/lib64/egl/libEGL_adreno.so
01-03 06:48:32.759   440   443 D libEGL  : loaded /vendor/lib64/egl/libGLESv1_CM_adreno.so
01-03 06:48:32.766   440   443 D libEGL  : loaded /vendor/lib64/egl/libGLESv2_adreno.so
01-03 06:48:32.775   440   443 I Adreno  : QUALCOMM build                   : fcf4852, I1af360237c
01-03 06:48:32.775   440   443 I Adreno  : Build Date                       : 09/23/15
01-03 06:48:32.775   440   443 I Adreno  : OpenGL ES Shader Compiler Version: XE031.05.13.02
01-03 06:48:32.775   440   443 I Adreno  : Local Branch                     : mybranch14465806
01-03 06:48:32.775   440   443 I Adreno  : Remote Branch                    : quic/LA.BF64.1.2.9_v2
01-03 06:48:32.775   440   443 I Adreno  : Remote Branch                    : NONE
01-03 06:48:32.775   440   443 I Adreno  : Reconstruct Branch               : NOTHING
01-03 06:48:32.959   341   379 I Cryptfs : keymaster module name is Keymaster QTI HAL
01-03 06:48:32.959   341   379 I Cryptfs : keymaster version is 256
01-03 06:48:32.959   341   379 I Cryptfs : Found keymaster1 module, using keymaster1 API.
01-03 06:48:32.959   341   379 D QSEECOMAPI: : QSEECom_get_handle sb_length = 0xa000
01-03 06:48:32.960   341   379 D QSEECOMAPI: : App is already loaded QSEE and app id = 3
01-03 06:48:32.961   341   379 E keymaster1_device: TA API Major Verion: 1
01-03 06:48:32.961   341   379 E keymaster1_device: TA API Minor Verion: 0
01-03 06:48:32.961   341   379 E keymaster1_device: TA Major Verion: 1
01-03 06:48:32.961   341   379 E keymaster1_device: TA Minor Verion: 5
01-03 06:48:32.961   341   379 I Cryptfs : Signing safely-padded object
01-03 06:48:32.969   375   375 D MDP_SCALE: Debug enabled = 0, Max mixer width= 2048
01-03 06:48:32.996   383   386 D DrmLibTime: got the req here! ret=0
01-03 06:48:32.997   383   386 D DrmLibTime: command id, time_cmd_id = 770
01-03 06:48:32.997   383   386 D DrmLibTime: time_getutcsec starts!
01-03 06:48:32.997   383   386 D DrmLibTime: QSEE Time Listener: time_getutcsec
01-03 06:48:32.997   383   386 D DrmLibTime: QSEE Time Listener: get_utc_seconds
01-03 06:48:32.997   383   386 D DrmLibTime: QSEE Time Listener: time_get_modem_time
01-03 06:48:32.997   383   386 D DrmLibTime: QSEE Time Listener: Checking if ATS_MODEM is set or not.
01-03 06:48:32.997   383   386 D QC-time-services: Lib:time_genoff_operation: pargs->base = 13
01-03 06:48:32.997   383   386 D QC-time-services: Lib:time_genoff_operation: pargs->operation = 2
01-03 06:48:32.997   383   386 D QC-time-services: Lib:time_genoff_operation: pargs->ts_val = 0
01-03 06:48:32.997   383   386 E QC-time-services: Lib:time_genoff_operation: Connection failed !!
01-03 06:48:32.997   383   386 D DrmLibTime: QSEE Time Listener: ATS_MODEM is not set. Fallback to Android system time.
01-03 06:48:32.997   383   386 D DrmLibTime: QSEE Time Listener: Retrieved Android system time: 197312
01-03 06:48:32.997   383   386 D DrmLibTime: time_getutcsec returns 0, sec = 197312; nsec = 0
01-03 06:48:32.997   383   386 D DrmLibTime: time_getutcsec finished! 
01-03 06:48:32.997   383   386 D DrmLibTime: iotcl_continue_command finished! and return 0 
01-03 06:48:32.997   383   386 D DrmLibTime: before calling ioctl to read the next time_cmd
01-03 06:48:33.051   341   379 E keymaster1_device: HwKmClose
01-03 06:48:33.051   341   379 D QSEECOMAPI: : QSEECom_dealloc_memory 
01-03 06:48:33.051   341   379 D QSEECOMAPI: : QSEECom_shutdown_app, app_id = 3
01-03 06:48:33.336   375   375 D SurfaceFlinger: shader cache generated - 24 shaders in 366.413208 ms
01-03 06:48:33.357   375   375 D qdutils : DEBUG_CALC_FPS: 0
01-03 06:48:33.357   375   375 D qdutils : period: 10
01-03 06:48:33.358   375   375 D qdutils : ignorethresh_us: 500000
01-03 06:48:33.528   341   379 I Cryptfs : Enabling support for allow_discards in dmcrypt.
01-03 06:48:33.532   341   368 D vold    : Disk at 253:0 changed
01-05 13:36:57.272   339   339 I auditd  : type=1403 audit(0.0:2): policy loaded auid=4294967295 ses=4294967295
01-05 13:36:57.272   339   339 W auditd  : type=1404 audit(0.0:3): enforcing=1 old_enforcing=0 auid=4294967295 ses=4294967295
01-05 13:36:58.622   396   396 W irq/449-wcd9xxx: type=1400 audit(0.0:4): avc: granted { setsched } for scontext=u:r:kernel:s0 tcontext=u:r:kernel:s0 tclass=process
01-05 13:36:58.662   413   413 W irq/215-fc38800: type=1400 audit(0.0:5): avc: granted { setsched } for scontext=u:r:kernel:s0 tcontext=u:r:kernel:s0 tclass=process
01-05 13:36:58.852   436   436 W mdss_fb0: type=1400 audit(0.0:6): avc: granted { setsched } for scontext=u:r:kernel:s0 tcontext=u:r:kernel:s0 tclass=process
01-03 06:48:34.028   341   379 I Cryptfs : Password matches
01-03 06:48:34.029   341   379 D Cryptfs : test_mount_encrypted_fs(): Master key saved
01-03 06:48:34.029   341   379 I Cryptfs : keymaster module name is Keymaster QTI HAL
01-03 06:48:34.029   341   379 I Cryptfs : keymaster version is 256
01-03 06:48:34.030   341   379 I Cryptfs : Found keymaster1 module, using keymaster1 API.
01-03 06:48:34.030   341   379 D QSEECOMAPI: : QSEECom_get_handle sb_length = 0xa000
01-03 06:48:34.030   341   379 D QSEECOMAPI: : App is already loaded QSEE and app id = 3
01-03 06:48:34.031   341   379 E keymaster1_device: TA API Major Verion: 1
01-03 06:48:34.031   341   379 E keymaster1_device: TA API Minor Verion: 0
01-03 06:48:34.031   341   379 E keymaster1_device: TA Major Verion: 1
01-03 06:48:34.031   341   379 E keymaster1_device: TA Minor Verion: 5
01-03 06:48:34.031   341   379 E keymaster1_device: HwKmClose
01-03 06:48:34.031   341   379 D QSEECOMAPI: : QSEECom_dealloc_memory 
01-03 06:48:34.031   341   379 D QSEECOMAPI: : QSEECom_shutdown_app, app_id = 3
01-03 06:48:34.031   341   379 D Cryptfs : Password is default - restarting filesystem
01-03 06:48:34.032   341   379 D Cryptfs : unmounting /data succeeded
01-05 13:37:00.302   461   461 W e2fsck  : type=1400 audit(0.0:7): avc: denied { getattr } for path="/dev/block/zram0" dev="tmpfs" ino=1312 scontext=u:r:vold:s0 tcontext=u:object_r:swap_block_device:s0 tclass=blk_file permissive=0
01-03 06:48:34.128   341   379 D Cryptfs : Just triggered post_fs_data
01-03 06:48:34.177   467   467 I /system/bin/tzdatacheck: tzdata file /data/misc/zoneinfo/current/tzdata does not exist. No action required.
01-03 06:48:34.229   341   379 D Cryptfs : post_fs_data done
01-03 06:48:34.229   341   379 D Cryptfs : Just triggered restart_framework
01-03 06:48:34.255   470   470 I         : debuggerd: Dec  7 2015 23:57:57
01-03 06:48:34.280   475   475 I keystore: Found keymaster1 module Keymaster QTI HAL, version 100
01-03 06:48:34.280   475   475 I SoftKeymaster: system/keymaster/soft_keymaster_device.cpp, Line 122: Creating device
01-03 06:48:34.280   475   475 D SoftKeymaster: system/keymaster/soft_keymaster_device.cpp, Line 123: Device address: 0x7f7d2a3000
01-03 06:48:34.281   475   475 D QSEECOMAPI: : QSEECom_get_handle sb_length = 0xa000
01-03 06:48:34.281   475   475 D QSEECOMAPI: : App is already loaded QSEE and app id = 3
01-03 06:48:34.283   475   475 E keymaster1_device: TA API Major Verion: 1
01-03 06:48:34.283   475   475 E keymaster1_device: TA API Minor Verion: 0
01-03 06:48:34.283   475   475 E keymaster1_device: TA Major Verion: 1
01-03 06:48:34.283   475   475 E keymaster1_device: TA Minor Verion: 5
01-03 06:48:34.283   475   475 D SoftKeymaster: system/keymaster/soft_keymaster_device.cpp, Line 173: Reinitializing SoftKeymasterDevice to use HW keymaster1
01-03 06:48:34.286   475   475 I keystore: Keymaster1 module is incomplete, using SoftKeymasterDevice wrapper
01-03 06:48:34.286   475   475 I SoftKeymaster: system/keymaster/soft_keymaster_device.cpp, Line 122: Creating device
01-03 06:48:34.286   475   475 D SoftKeymaster: system/keymaster/soft_keymaster_device.cpp, Line 123: Device address: 0x7f7d2a3300
01-03 06:48:34.301   474   474 I installd: installd firing up
01-03 06:48:34.308   468   468 I Netd    : Netd 1.0 starting
01-03 06:48:34.320   468   468 D TetherController: Setting IP forward enable = 0
01-03 06:48:34.337   479   479 I gatekeeperd: Starting gatekeeperd...
01-03 06:48:34.374   480   480 I perfprofd: starting Android Wide Profiling daemon
01-03 06:48:34.404   479   479 D gatekeeper_device: HwKmOpen called
01-03 06:48:34.404   479   479 D QSEECOMAPI: : QSEECom_get_handle sb_length = 0xa000
01-03 06:48:34.404   479   479 D QSEECOMAPI: : App is already loaded QSEE and app id = 3
01-03 06:48:34.496   469   469 I         : debuggerd: Dec  7 2015 23:57:56
01-03 06:48:34.613   480   480 E perfprofd: unable to open configuration file /data/data/com.google.android.gms/files/perfprofd.conf
01-03 06:48:34.613   480   480 I perfprofd: random seed set to 1554230909
01-03 06:48:34.698   473   473 I mediaserver: ServiceManager: 0xf62ce120
01-03 06:48:34.698   473   473 I AudioFlinger: Using 300 mSec as standby time.
01-03 06:48:34.699   473   473 E         : batterystats service unavailable!
01-03 06:48:34.699   473   473 E         : batterystats service unavailable!
01-03 06:48:34.699   473   473 I CameraService: CameraService started (pid=473)
01-03 06:48:34.699   473   473 I CameraService: CameraService process starting
01-03 06:48:34.699   473   473 E         : batterystats service unavailable!
01-03 06:48:34.699   473   473 E         : batterystats service unavailable!
01-03 06:48:34.745   476   476 I libmdmdetect: ESOC framework not supported
01-03 06:48:34.745   476   476 I libmdmdetect: Found internal modem: modem
01-03 06:48:34.747   476   476 E QC-QMI  : qmi_client [476]: unable to connect to server, errno=[2:No such file or directory], attempt=1
01-03 06:48:35.107   477   477 D AndroidRuntime: >>>>>> START com.android.internal.os.ZygoteInit uid 0 <<<<<<
01-03 06:48:35.137   477   477 D AndroidRuntime: CheckJNI is OFF
01-03 06:48:35.144   477   477 I art     : option[0]=-Xzygote
01-03 06:48:35.145   477   477 I art     : option[1]=-Xstacktracefile:/data/anr/traces.txt
01-03 06:48:35.145   477   477 I art     : option[2]=exit
01-03 06:48:35.145   477   477 I art     : option[3]=vfprintf
01-03 06:48:35.145   477   477 I art     : option[4]=sensitiveThread
01-03 06:48:35.145   477   477 I art     : option[5]=-verbose:gc
01-03 06:48:35.145   477   477 I art     : option[6]=-Xms8m
01-03 06:48:35.145   477   477 I art     : option[7]=-Xmx512m
01-03 06:48:35.145   477   477 I art     : option[8]=-XX:HeapGrowthLimit=192m
01-03 06:48:35.145   477   477 I art     : option[9]=-XX:HeapMinFree=512k
01-03 06:48:35.145   477   477 I art     : option[10]=-XX:HeapMaxFree=8m
01-03 06:48:35.145   477   477 I art     : option[11]=-XX:HeapTargetUtilization=0.75
01-03 06:48:35.145   477   477 I art     : option[12]=-agentlib:jdwp=transport=dt_android_adb,suspend=n,server=y
01-03 06:48:35.145   477   477 I art     : option[13]=-Xlockprofthreshold:500
01-03 06:48:35.145   477   477 I art     : option[14]=-Ximage-compiler-option
01-03 06:48:35.145   477   477 I art     : option[15]=--runtime-arg
01-03 06:48:35.145   477   477 I art     : option[16]=-Ximage-compiler-option
01-03 06:48:35.145   477   477 I art     : option[17]=-Xms64m
01-03 06:48:35.145   477   477 I art     : option[18]=-Ximage-compiler-option
01-03 06:48:35.145   477   477 I art     : option[19]=--runtime-arg
01-03 06:48:35.145   477   477 I art     : option[20]=-Ximage-compiler-option
01-03 06:48:35.145   477   477 I art     : option[21]=-Xmx64m
01-03 06:48:35.145   477   477 I art     : option[22]=-Ximage-compiler-option
01-03 06:48:35.145   477   477 I art     : option[23]=--image-classes=/system/etc/preloaded-classes
01-03 06:48:35.146   477   477 I art     : option[24]=-Xcompiler-option
01-03 06:48:35.146   477   477 I art     : option[25]=--runtime-arg
01-03 06:48:35.146   477   477 I art     : option[26]=-Xcompiler-option
01-03 06:48:35.146   477   477 I art     : option[27]=-Xms64m
01-03 06:48:35.146   477   477 I art     : option[28]=-Xcompiler-option
01-03 06:48:35.146   477   477 I art     : option[29]=--runtime-arg
01-03 06:48:35.146   477   477 I art     : option[30]=-Xcompiler-option
01-03 06:48:35.146   477   477 I art     : option[31]=-Xmx512m
01-03 06:48:35.146   477   477 I art     : option[32]=-Xcompiler-option
01-03 06:48:35.146   477   477 I art     : option[33]=-j2
01-03 06:48:35.146   477   477 I art     : option[34]=-Ximage-compiler-option
01-03 06:48:35.146   477   477 I art     : option[35]=-j4
01-03 06:48:35.146   477   477 I art     : option[36]=-Ximage-compiler-option
01-03 06:48:35.146   477   477 I art     : option[37]=--instruction-set-variant=cortex-a53
01-03 06:48:35.146   477   477 I art     : option[38]=-Xcompiler-option
01-03 06:48:35.146   477   477 I art     : option[39]=--instruction-set-variant=cortex-a53
01-03 06:48:35.146   477   477 I art     : option[40]=-Ximage-compiler-option
01-03 06:48:35.146   477   477 I art     : option[41]=--instruction-set-features=default
01-03 06:48:35.146   477   477 I art     : option[42]=-Xcompiler-option
01-03 06:48:35.146   477   477 I art     : option[43]=--instruction-set-features=default
01-03 06:48:35.146   477   477 I art     : option[44]=-Duser.locale=en-US
01-03 06:48:35.146   477   477 I art     : option[45]=--cpu-abilist=arm64-v8a
01-03 06:48:35.146   477   477 I art     : option[46]=-Xfingerprint:Android/aosp_angler/angler:6.0/MDB08M/jian11170133:userdebug/test-keys
01-03 06:48:35.204   478   478 D AndroidRuntime: >>>>>> START com.android.internal.os.ZygoteInit uid 0 <<<<<<
01-03 06:48:35.228   478   478 D AndroidRuntime: CheckJNI is OFF
01-03 06:48:35.236   478   478 I art     : option[0]=-Xzygote
01-03 06:48:35.236   478   478 I art     : option[1]=-Xstacktracefile:/data/anr/traces.txt
01-03 06:48:35.236   478   478 I art     : option[2]=exit
01-03 06:48:35.236   478   478 I art     : option[3]=vfprintf
01-03 06:48:35.236   478   478 I art     : option[4]=sensitiveThread
01-03 06:48:35.236   478   478 I art     : option[5]=-verbose:gc
01-03 06:48:35.236   478   478 I art     : option[6]=-Xms8m
01-03 06:48:35.236   478   478 I art     : option[7]=-Xmx512m
01-03 06:48:35.236   478   478 I art     : option[8]=-XX:HeapGrowthLimit=192m
01-03 06:48:35.236   478   478 I art     : option[9]=-XX:HeapMinFree=512k
01-03 06:48:35.236   478   478 I art     : option[10]=-XX:HeapMaxFree=8m
01-03 06:48:35.236   478   478 I art     : option[11]=-XX:HeapTargetUtilization=0.75
01-03 06:48:35.236   478   478 I art     : option[12]=-agentlib:jdwp=transport=dt_android_adb,suspend=n,server=y
01-03 06:48:35.237   478   478 I art     : option[13]=-Xlockprofthreshold:500
01-03 06:48:35.237   478   478 I art     : option[14]=-Ximage-compiler-option
01-03 06:48:35.237   478   478 I art     : option[15]=--runtime-arg
01-03 06:48:35.237   478   478 I art     : option[16]=-Ximage-compiler-option
01-03 06:48:35.237   478   478 I art     : option[17]=-Xms64m
01-03 06:48:35.237   478   478 I art     : option[18]=-Ximage-compiler-option
01-03 06:48:35.237   478   478 I art     : option[19]=--runtime-arg
01-03 06:48:35.237   478   478 I art     : option[20]=-Ximage-compiler-option
01-03 06:48:35.237   478   478 I art     : option[21]=-Xmx64m
01-03 06:48:35.237   478   478 I art     : option[22]=-Ximage-compiler-option
01-03 06:48:35.237   478   478 I art     : option[23]=--image-classes=/system/etc/preloaded-classes
01-03 06:48:35.237   478   478 I art     : option[24]=-Xcompiler-option
01-03 06:48:35.237   478   478 I art     : option[25]=--runtime-arg
01-03 06:48:35.237   478   478 I art     : option[26]=-Xcompiler-option
01-03 06:48:35.237   478   478 I art     : option[27]=-Xms64m
01-03 06:48:35.237   478   478 I art     : option[28]=-Xcompiler-option
01-03 06:48:35.237   478   478 I art     : option[29]=--runtime-arg
01-03 06:48:35.237   478   478 I art     : option[30]=-Xcompiler-option
01-03 06:48:35.237   478   478 I art     : option[31]=-Xmx512m
01-03 06:48:35.237   478   478 I art     : option[32]=-Xcompiler-option
01-03 06:48:35.237   478   478 I art     : option[33]=-j2
01-03 06:48:35.237   478   478 I art     : option[34]=-Ximage-compiler-option
01-03 06:48:35.237   478   478 I art     : option[35]=-j4
01-03 06:48:35.237   478   478 I art     : option[36]=-Ximage-compiler-option
01-03 06:48:35.237   478   478 I art     : option[37]=--instruction-set-variant=cortex-a7
01-03 06:48:35.238   478   478 I art     : option[38]=-Xcompiler-option
01-03 06:48:35.238   478   478 I art     : option[39]=--instruction-set-variant=cortex-a7
01-03 06:48:35.238   478   478 I art     : option[40]=-Ximage-compiler-option
01-03 06:48:35.238   478   478 I art     : option[41]=--instruction-set-features=default
01-03 06:48:35.238   478   478 I art     : option[42]=-Xcompiler-option
01-03 06:48:35.238   478   478 I art     : option[43]=--instruction-set-features=default
01-03 06:48:35.238   478   478 I art     : option[44]=-Duser.locale=en-US
01-03 06:48:35.238   478   478 I art     : option[45]=--cpu-abilist=armeabi-v7a,armeabi
01-03 06:48:35.238   478   478 I art     : option[46]=-Xfingerprint:Android/aosp_angler/angler:6.0/MDB08M/jian11170133:userdebug/test-keys
01-03 06:48:35.506   481   481 I mm-camera: server_process_module_init:59, int mods
01-03 06:48:35.507   481   481 E mm-camera-sensor: eebin_read:387failed!
01-03 06:48:35.507   481   481 E mm-camera-sensor: eebin_read:387failed!
01-03 06:48:35.507   481   481 E mm-camera-sensor: sensor_init_probe:484failed: to oribe eeprom bin sensors
01-03 06:48:35.507   481   481 E mm-camera-sensor: add_external_sensor:109NO external sensor lib: no external path
01-03 06:48:35.582   478   478 D ICU     : No timezone override file found: /data/misc/zoneinfo/current/icu/icu_tzdata.dat
01-03 06:48:35.667   477   477 D ICU     : No timezone override file found: /data/misc/zoneinfo/current/icu/icu_tzdata.dat
01-03 06:48:35.685   481   481 E mm-camera-sensor: sensor_probe:275failed: to load imx214
01-03 06:48:35.686   481   481 E mm-camera-sensor: sensor_probe:275failed: to load imx230
01-03 06:48:35.686   481   481 E mm-camera-sensor: sensor_probe:275failed: to load s5k3m2xx
01-03 06:48:35.705   481   481 E mm-camera-sensor: sensor_probe:275failed: to load s5k3m2xm
01-03 06:48:35.706   481   481 E mm-camera-sensor: sensor_probe:275failed: to load ov4688
01-03 06:48:35.706   481   481 E mm-camera-sensor: sensor_probe:275failed: to load imx258
01-03 06:48:35.706   481   481 E mm-camera: module_sensor_find_other_subdev:6416subdev_name /dev/v4l-subdev0 subdev id 0
01-03 06:48:35.706   473   473 D mm-camera-intf: index = 0 flag = 101 mount_angle = 90 facing = 1
01-03 06:48:35.706   481   481 E mm-camera: module_sensor_find_other_subdev:6416subdev_name /dev/v4l-subdev1 subdev id 1
01-03 06:48:35.707   481   481 E mm-camera: module_sensor_find_other_subdev:6416subdev_name /dev/v4l-subdev2 subdev id 2
01-03 06:48:35.707   473   473 D mm-camera-intf: index = 1 flag = 1 mount_angle = 90 facing = 0
01-03 06:48:35.707   481   481 E mm-camera: module_sensor_find_other_subdev:6416subdev_name /dev/v4l-subdev3 subdev id 0
01-03 06:48:35.707   481   481 E mm-camera: module_sensor_find_other_subdev:6416subdev_name /dev/v4l-subdev4 subdev id 1
01-03 06:48:35.707   481   481 E mm-camera: module_sensor_find_other_subdev:6416subdev_name /dev/v4l-subdev5 subdev id 2
01-03 06:48:35.707   481   481 E mm-camera: module_sensor_find_other_subdev:6416subdev_name /dev/v4l-subdev6 subdev id 3
01-03 06:48:35.707   481   481 E mm-camera: module_sensor_find_other_subdev:6416subdev_name /dev/v4l-subdev7 subdev id 0
01-03 06:48:35.707   481   481 E mm-camera: module_sensor_find_other_subdev:6416subdev_name /dev/v4l-subdev8 subdev id 1
01-03 06:48:35.707   481   481 E mm-camera: module_sensor_find_other_subdev:6416subdev_name /dev/v4l-subdev9 subdev id 0
01-03 06:48:35.707   481   481 E mm-camera: module_sensor_find_other_subdev:6416subdev_name /dev/v4l-subdev10 subdev id 1
01-03 06:48:35.707   481   481 E mm-camera: module_sensor_find_other_subdev:6416subdev_name /dev/v4l-subdev11 subdev id 5
01-03 06:48:35.707   481   481 E mm-camera: module_sensor_find_other_subdev:6416subdev_name /dev/v4l-subdev12 subdev id 0
01-03 06:48:35.715   481   481 E mm-camera-sdk: sony_imx179_match_module_id:223 module id match successfully! cam_module_id = 205  expect cam_module_id = 205
01-03 06:48:35.715   481   481 E mm-camera-sdk: sony_imx179_format_wbdata:265 otp read module_id = 0, module_integrator_id = 0x00
01-03 06:48:35.715   481   481 E mm-camera-sdk: sony_imx179_format_wbdata:265 otp read module_id = 0, module_integrator_id = 0x00
01-03 06:48:35.715   481   481 E mm-camera-sdk: sony_imx179_format_wbdata:265 otp read module_id = 3, module_integrator_id = 0x30
01-03 06:48:35.715   481   481 E mm-camera-sdk: sony_imx179_fill_regs:100  ENTER 
01-03 06:48:35.715   481   481 E mm-camera-sdk: sony_imx179_fill_regs:191  X 
01-03 06:48:35.747   476   476 E QC-QMI  : qmi_client [476]: unable to connect to server, errno=[2:No such file or directory], attempt=2
01-03 06:48:35.761   481   481 E mm-camera-isp2: module_chroma_enhan40_init:90 name chroma_enhan40
01-03 06:48:35.787   481   481 E mm-camera-isp2: module_color_correct46_init:98 name color_correct46
01-03 06:48:35.802   481   481 E mm-camera-isp2: module_hdr46_init:82 name hdr46
01-03 06:48:35.824   478   478 I Radio-JNI: register_android_hardware_Radio DONE
01-03 06:48:35.926   478   478 I SamplingProfilerIntegration: Profiling disabled.
01-03 06:48:35.931   478   478 D Zygote  : begin preload
01-03 06:48:35.939   478   478 I Zygote  : Preloading classes...
01-03 06:48:36.051   468   468 V NatController: runCmd(/system/bin/iptables -w -F natctrl_FORWARD) res=0
01-03 06:48:36.061   468   468 V NatController: runCmd(/system/bin/iptables -w -A natctrl_FORWARD -j DROP) res=0
01-03 06:48:36.069   477   477 I Radio-JNI: register_android_hardware_Radio DONE
01-03 06:48:36.071   468   468 V NatController: runCmd(/system/bin/iptables -w -t nat -F natctrl_nat_POSTROUTING) res=0
01-03 06:48:36.082   468   468 V NatController: runCmd(/system/bin/iptables -w -F natctrl_tether_counters) res=1
01-03 06:48:36.088   481   481 E mm-camera-isp2: module_chroma_enhan40_init:90 name chroma_enhan40
01-03 06:48:36.089   481   481 E mm-camera-isp2: module_color_correct46_init:98 name color_correct46
01-03 06:48:36.091   481   481 E mm-camera-isp2: module_hdr46_init:82 name hdr46
01-03 06:48:36.094   481   481 E mm-camera-isp2: isp_resource_gen_hws_caps:3628 i 0 isp id 0
01-03 06:48:36.094   481   481 E mm-camera-isp2: isp_resource_gen_hws_caps:3628 i 1 isp id 1
01-03 06:48:36.094   481   481 E mm-camera-isp2: module_isp_init:776 module 0xf4e571a0
01-03 06:48:36.094   481   481 E mm-camera: cpp_module_init:68 name=cpp
01-03 06:48:36.095   468   468 V NatController: runCmd(/system/bin/iptables -w -X natctrl_tether_counters) res=1
01-03 06:48:36.099   481   481 E mm-camera: cpp_hardware_load_firmware:490, info: hw_version=0x50000000, fw_version=0x10080000
01-03 06:48:36.105   468   468 V NatController: runCmd(/system/bin/iptables -w -N natctrl_tether_counters) res=0
01-03 06:48:36.114   468   468 V NatController: runCmd(/system/bin/iptables -w -t mangle -A natctrl_mangle_FORWARD -p tcp --tcp-flags SYN SYN -j TCPMSS --clamp-mss-to-pmtu) res=0
01-03 06:48:36.147   477   477 I SamplingProfilerIntegration: Profiling disabled.
01-03 06:48:36.152   477   477 D Zygote  : begin preload
01-03 06:48:36.160   477   477 I Zygote  : Preloading classes...
01-03 06:48:36.181   481   481 E mm-camera: cpp_hardware_load_firmware:506, info: cpp firmware loaded: cpp_firmware_v1_8_0.fw
01-03 06:48:36.182   481   481 E mm-camera: cpp_module_init:110: info: CPP module_init successful
01-03 06:48:36.182   481   481 E mm-camera: vpe_module_init:26 name=vpe
01-03 06:48:36.182   481   481 E mm-camera: vpe_hardware_find_subdev:719: entity.name=video0 entity.revision=0
01-03 06:48:36.182   481   481 E mm-camera: vpe_hardware_find_subdev:719: entity.name=msm_cci entity.revision=0
01-03 06:48:36.182   481   481 E mm-camera: vpe_hardware_find_subdev:719: entity.name=v4l-subdev0 entity.revision=0
01-03 06:48:36.182   481   481 E mm-camera: vpe_hardware_find_subdev:719: entity.name=v4l-subdev1 entity.revision=0
01-03 06:48:36.182   481   481 E mm-camera: vpe_hardware_find_subdev:719: entity.name=v4l-subdev2 entity.revision=0
01-03 06:48:36.182   481   481 E mm-camera: vpe_hardware_find_subdev:719: entity.name=v4l-subdev3 entity.revision=0
01-03 06:48:36.182   481   481 E mm-camera: vpe_hardware_find_subdev:719: entity.name=v4l-subdev4 entity.revision=0
01-03 06:48:36.182   481   481 E mm-camera: vpe_hardware_find_subdev:719: entity.name=v4l-subdev5 entity.revision=0
01-03 06:48:36.182   481   481 E mm-camera: vpe_hardware_find_subdev:719: entity.name=v4l-subdev6 entity.revision=0
01-03 06:48:36.182   481   481 E mm-camera: vpe_hardware_find_subdev:719: entity.name=v4l-subdev7 entity.revision=0
01-03 06:48:36.182   481   481 E mm-camera: vpe_hardware_find_subdev:719: entity.name=v4l-subdev8 entity.revision=0
01-03 06:48:36.183   481   481 E mm-camera: vpe_hardware_find_subdev:719: entity.name=v4l-subdev9 entity.revision=0
01-03 06:48:36.183   481   481 E mm-camera: vpe_hardware_find_subdev:719: entity.name=v4l-subdev10 entity.revision=0
01-03 06:48:36.183   481   481 E mm-camera: vpe_hardware_find_subdev:719: entity.name=v4l-subdev11 entity.revision=0
01-03 06:48:36.183   481   481 E mm-camera: vpe_hardware_find_subdev:719: entity.name=v4l-subdev12 entity.revision=0
01-03 06:48:36.183   481   481 E mm-camera: vpe_hardware_find_subdev:719: entity.name=v4l-subdev13 entity.revision=0
01-03 06:48:36.183   481   481 E mm-camera: vpe_hardware_find_subdev:719: entity.name=v4l-subdev14 entity.revision=14
01-03 06:48:36.183   481   481 E mm-camera: vpe_hardware_find_subdev:719: entity.name=v4l-subdev15 entity.revision=0
01-03 06:48:36.183   481   481 E mm-camera: vpe_hardware_find_subdev:719: entity.name=v4l-subdev16 entity.revision=0
01-03 06:48:36.183   481   481 E mm-camera: vpe_hardware_find_subdev:719: entity.name=v4l-subdev17 entity.revision=0
01-03 06:48:36.183   481   481 E mm-camera: vpe_hardware_find_subdev:719: entity.name=v4l-subdev18 entity.revision=0
01-03 06:48:36.183   481   481 E mm-camera: vpe_hardware_find_subdev:719: entity.name=v4l-subdev19 entity.revision=0
01-03 06:48:36.183   481   481 E mm-camera: vpe_hardware_find_subdev:719: entity.name=v4l-subdev20 entity.revision=0
01-03 06:48:36.183   481   481 E mm-camera: vpe_hardware_find_subdev:714: done enumerating media entities
01-03 06:48:36.183   481   481 E mm-camera: vpe_hardware_find_subdev:719: entity.name=video2 entity.revision=0
01-03 06:48:36.183   481   481 E mm-camera: vpe_hardware_find_subdev:714: done enumerating media entities
01-03 06:48:36.183   481   481 E mm-camera: vpe_hardware_find_subdev:719: entity.name=video3 entity.revision=0
01-03 06:48:36.183   481   481 E mm-camera: vpe_hardware_find_subdev:714: done enumerating media entities
01-03 06:48:36.183   481   481 E mm-camera: vpe_hardware_find_subdev:686: no more media devices
01-03 06:48:36.183   481   481 E mm-camera: vpe_hardware_find_subdev:731: no vpe device found.
01-03 06:48:36.183   481   481 E mm-camera: vpe_hardware_create:31: error: cannot find vpe subdev
01-03 06:48:36.183   481   481 E mm-camera: vpe_module_create_vpe_ctrl:141, failed, cannnot create vpe hardware instance
01-03 06:48:36.183   481   481 E mm-camera: vpe_module_init:34 failed
01-03 06:48:36.184   481   481 E mm-camera: c2d_module_init:50 name=c2d
01-03 06:48:36.184   481   481 E mm-camera: c2d_module_init:92: info: C2D module_init successful
01-03 06:48:36.184   481   481 E mm-camera-vpu: vpu_module_init:54, INFO name=vpu
01-03 06:48:36.184   481   481 E mm-camera-pp: [INFO] base_module_init:142, name=tmod
01-03 06:48:36.224   481   481 E mm-camera-pp: [INFO] base_module_init:142, name=ezt
01-03 06:48:36.225   481   481 E mm-camera-eztune: Tuning lib open failed: dlopen failed: library "libmmcamera_tuning.so" not found
01-03 06:48:36.225   481   481 E mm-camera-img: frameproc_comp_load:843] Error opening frameproc library libmmcamera_llvd.so error dlopen failed: library "libmmcamera_llvd.so" not found
01-03 06:48:36.225   481   481 E mm-camera: module_imgbase_init_llvd:2207] Error rc -6
01-03 06:48:36.235   481   481 I mm-camera-img: module_goog_eis_load:217 successfully loaded goog_eis library
01-03 06:48:36.235   481   481 I mm-camera-img: module_goog_eis_init:2119] successfully return
01-03 06:48:36.344   481   699 V RenderScript: 0xf41a6000 Launching thread(s), CPUs 8
01-03 06:48:36.419   478   478 E Minikin : addFont failed to create font /system/fonts/NanumGothic.ttf
01-03 06:48:36.420   477   477 E Minikin : addFont failed to create font /system/fonts/NanumGothic.ttf
01-03 06:48:36.420   478   478 E Minikin : addFont failed to create font /system/fonts/DroidSansFallback.ttf
01-03 06:48:36.420   478   478 E Minikin : addFont failed to create font /system/fonts/MTLmr3m.ttf
01-03 06:48:36.420   477   477 E Minikin : addFont failed to create font /system/fonts/DroidSansFallback.ttf
01-03 06:48:36.420   477   477 E Minikin : addFont failed to create font /system/fonts/MTLmr3m.ttf
01-03 06:48:36.454   481   699 V RenderScript: Successfully loaded runtime: libRSDriver_adreno.so
01-03 06:48:36.456   481   699 E RenderScript: Couldn't create cache directory: /system/vendor
01-03 06:48:36.456   481   699 E RenderScript: Error: Read-only file system
01-03 06:48:36.456   481   699 E RenderScript: Couldn't create cache directory: /system/vendor
01-03 06:48:36.456   481   699 E RenderScript: Error: Read-only file system
01-03 06:48:36.457   481   481 E mm-camera-img: cac2_comp_load:1528] cds_proc_type 1
01-03 06:48:36.457   481   481 E mm-camera: pproc_module_init:2986 num_sub_mods:7
01-03 06:48:36.467   481   481 E mm-camera-img: hdr_comp_load:1258] Error opening hdr library
01-03 06:48:36.467   481   481 E hdr     : Cannot load hdr lib in module_hdr_lib_load
01-03 06:48:36.467   481   481 E hdr     : Cannot load library in hdr module
01-03 06:48:36.467   481   481 E mm-camera-img: module_imglib_create_topology:742] Can not init the module hdr
01-03 06:48:36.467   481   481 E mm-camera-img: frameproc_comp_load:843] Error opening frameproc library libmmcamera_chromaflash_lib.so error dlopen failed: library "libmmcamera_chromaflash_lib.so" not found
01-03 06:48:36.467   481   481 E mm-camera: module_imgbase_init_imglib_chroma_flash:2207] Error rc -6
01-03 06:48:36.467   481   481 E mm-camera-img: module_imglib_create_topology:742] Can not init the module imglib_chroma_flash
01-03 06:48:36.468   481   481 E mm-camera-img: frameproc_comp_load:843] Error opening frameproc library libmmcamera_optizoom_lib.so error dlopen failed: library "libmmcamera_optizoom_lib.so" not found
01-03 06:48:36.468   481   481 E mm-camera: module_imgbase_init_imglib_optizoom:2207] Error rc -6
01-03 06:48:36.468   481   481 E mm-camera-img: module_imglib_create_topology:742] Can not init the module imglib_optizoom
01-03 06:48:36.468   481   481 E mm-camera-img: frameproc_comp_load:843] Error opening frameproc library libmmcamera_ubifocus_lib.so error dlopen failed: library "libmmcamera_ubifocus_lib.so" not found
01-03 06:48:36.468   481   481 E mm-camera: module_imgbase_init_imglib_ubifocus:2207] Error rc -6
01-03 06:48:36.468   481   481 E mm-camera-img: module_imglib_create_topology:742] Can not init the module imglib_ubifocus
01-03 06:48:36.468   481   481 E mm-camera-img: frameproc_comp_load:843] Error opening frameproc library libmmcamera_ubifocus_lib.so error dlopen failed: library "libmmcamera_ubifocus_lib.so" not found
01-03 06:48:36.469   481   481 E mm-camera: module_imgbase_init_imglib_refocus:2207] Error rc -6
01-03 06:48:36.469   481   481 E mm-camera-img: module_imglib_create_topology:742] Can not init the module imglib_refocus
01-03 06:48:36.469   481   481 E mm-camera-img: frameproc_comp_load:843] Error opening frameproc library libmmcamera_trueportrait_lib.so error dlopen failed: library "libmmcamera_trueportrait_lib.so" not found
01-03 06:48:36.469   481   481 E mm-camera: module_imgbase_init_imglib_trueportrait:2207] Error rc -6
01-03 06:48:36.469   481   481 E mm-camera-img: module_imglib_create_topology:742] Can not init the module imglib_trueportrait
01-03 06:48:36.469   481   481 E mm-camera-img: frameproc_comp_load:843] Error opening frameproc library libmmcamera_stillmore_lib.so error dlopen failed: library "libmmcamera_stillmore_lib.so" not found
01-03 06:48:36.469   481   481 E mm-camera: module_imgbase_init_imglib_stillmore:2207] Error rc -6
01-03 06:48:36.469   481   481 E mm-camera-img: module_imglib_create_topology:742] Can not init the module imglib_stillmore
01-03 06:48:36.507   478   478 V DngCreator_JNI: DngCreator_nativeClassInit:
01-03 06:48:36.511   477   477 V DngCreator_JNI: DngCreator_nativeClassInit:
01-03 06:48:36.607   478   478 I art     : Thread[1,tid=478,Native,Thread*=0xf5636500,peer=0x12c35100,"main"] recursive attempt to load library "/system/lib/libmedia_jni.so"
01-03 06:48:36.607   478   478 D MtpDeviceJNI: register_android_mtp_MtpDevice
01-03 06:48:36.607   478   478 I art     : Thread[1,tid=478,Native,Thread*=0xf5636500,peer=0x12c35100,"main"] recursive attempt to load library "/system/lib/libmedia_jni.so"
01-03 06:48:36.608   478   478 I art     : Thread[1,tid=478,Native,Thread*=0xf5636500,peer=0x12c35100,"main"] recursive attempt to load library "/system/lib/libmedia_jni.so"
01-03 06:48:36.609   477   477 I art     : Thread[1,tid=477,Native,Thread*=0x7f9cb7ba00,peer=0x12c2c100,"main"] recursive attempt to load library "/system/lib64/libmedia_jni.so"
01-03 06:48:36.610   477   477 D MtpDeviceJNI: register_android_mtp_MtpDevice
01-03 06:48:36.610   477   477 I art     : Thread[1,tid=477,Native,Thread*=0x7f9cb7ba00,peer=0x12c2c100,"main"] recursive attempt to load library "/system/lib64/libmedia_jni.so"
01-03 06:48:36.610   477   477 I art     : Thread[1,tid=477,Native,Thread*=0x7f9cb7ba00,peer=0x12c2c100,"main"] recursive attempt to load library "/system/lib64/libmedia_jni.so"
01-03 06:48:36.636   478   478 E EmojiFactory_jni: Failed to load libemoji.so: dlopen failed: library "libemoji.so" not found
01-03 06:48:36.639   477   477 E EmojiFactory_jni: Failed to load libemoji.so: dlopen failed: library "libemoji.so" not found
01-03 06:48:36.719   468   468 D MDnsDS  : MDnsSdListener::Hander starting up
01-03 06:48:36.719   468   762 D MDnsDS  : MDnsSdListener starting to monitor
01-03 06:48:36.719   468   762 D MDnsDS  : Going to poll with pollCount 1
01-03 06:48:36.747   476   476 E QC-QMI  : qmi_client [476]: unable to connect to server, errno=[2:No such file or directory], attempt=3
01-03 06:48:36.758   478   478 I System  : Loaded time zone names for "" in 21ms (21ms in ICU)
01-03 06:48:36.759   477   477 I System  : Loaded time zone names for "" in 18ms (16ms in ICU)
01-03 06:48:36.772   478   478 I System  : Loaded time zone names for "en_US" in 13ms (13ms in ICU)
01-03 06:48:36.780   477   477 I System  : Loaded time zone names for "en_US" in 21ms (21ms in ICU)
01-03 06:48:36.793   477   659 I art     : Background concurrent mark sweep GC freed 27649(4MB) AllocSpace objects, 121(2MB) LOS objects, 47% free, 1114KB/2MB, paused 5.195ms total 30.171ms
01-03 06:48:36.795   478   478 I Zygote  : ...preloaded 3831 classes in 855ms.
01-03 06:48:36.795   478   478 I art     : VMRuntime.preloadDexCaches starting
01-03 06:48:36.798   477   477 I Zygote  : ...preloaded 3831 classes in 638ms.
01-03 06:48:36.798   477   477 I art     : VMRuntime.preloadDexCaches starting
01-03 06:48:36.840   477   477 I art     : VMRuntime.preloadDexCaches strings total=244240 before=43841 after=43841
01-03 06:48:36.840   477   477 I art     : VMRuntime.preloadDexCaches types total=20192 before=6880 after=6906
01-03 06:48:36.840   477   477 I art     : VMRuntime.preloadDexCaches fields total=98371 before=35710 after=35915
