01-03 06:48:43.027   473   905 I OMX-VDEC-1080P: omx_vdec::component_init() success : fd=14
01-03 06:48:43.027   473   905 E OMXNodeInstance: getParameter(16:qcom.decoder.h263, ??(0x7f000044)) ERROR: UnsupportedSetting(0x80001019)
01-03 06:48:43.027   473   905 E OMXNodeInstance: getParameter(16:qcom.decoder.h263, ??(0x7f000044)) ERROR: UnsupportedSetting(0x80001019)
01-03 06:48:43.027   473   905 E OMX-VDEC-1080P: Extension: OMX.google.android.index.storeANWBufferInMetadata not implemented
01-03 06:48:43.027   473   905 I OMX-VDEC-1080P: omx_vdec::component_deinit() complete
01-03 06:48:43.028   473   905 I OMX-VDEC-1080P: Exit OMX vdec Destructor: fd=14
01-03 06:48:43.029   468   765 I iptables: iptables: No chain/target/match by that name.
01-03 06:48:43.029   473   905 I OMX-VDEC-1080P: component_init: OMX.qcom.video.decoder.vp8 : fd=14
01-03 06:48:43.030   473   905 I OMX-VDEC-1080P: Capabilities: driver_name = msm_vidc_driver, card = msm_vdec_8974, bus_info = , version = 1, capabilities = 4003000
01-03 06:48:43.030   468   765 I iptables: iptables terminated by exit(1)
01-03 06:48:43.030   468   765 E Netd    : exec() res=0, status=256 for /system/bin/iptables -w -X st_penalty_reject 
01-03 06:48:43.032   473   905 I OMX-VDEC-1080P: omx_vdec::component_init() success : fd=14
01-03 06:48:43.033   473   905 E OMXNodeInstance: getParameter(17:qcom.decoder.vp8, ??(0x7f000044)) ERROR: UnsupportedSetting(0x80001019)
01-03 06:48:43.033   473   905 E OMXNodeInstance: getParameter(17:qcom.decoder.vp8, ??(0x7f000044)) ERROR: UnsupportedSetting(0x80001019)
01-03 06:48:43.033   473   905 E OMX-VDEC-1080P: Extension: OMX.google.android.index.storeANWBufferInMetadata not implemented
01-03 06:48:43.033   473   905 I OMX-VDEC-1080P: omx_vdec::component_deinit() complete
01-03 06:48:43.034   473   905 I OMX-VDEC-1080P: Exit OMX vdec Destructor: fd=14
01-03 06:48:43.036   473   905 I OMX-VDEC-1080P: component_init: OMX.qcom.video.decoder.hevc : fd=14
01-03 06:48:43.036   473   905 I OMX-VDEC-1080P: Capabilities: driver_name = msm_vidc_driver, card = msm_vdec_8974, bus_info = , version = 1, capabilities = 4003000
01-03 06:48:43.038   468   765 I ip6tables: ip6tables: No chain/target/match by that name.
01-03 06:48:43.039   468   765 I ip6tables: ip6tables terminated by exit(1)
01-03 06:48:43.039   468   765 E Netd    : exec() res=0, status=256 for /system/bin/ip6tables -w -X st_penalty_reject 
01-03 06:48:43.040   473   905 I OMX-VDEC-1080P: omx_vdec::component_init() success : fd=14
01-03 06:48:43.040   473   905 E OMXNodeInstance: getParameter(18:qcom.decoder.hevc, ??(0x7f000044)) ERROR: UnsupportedSetting(0x80001019)
01-03 06:48:43.040   473   905 E OMXNodeInstance: getParameter(18:qcom.decoder.hevc, ??(0x7f000044)) ERROR: UnsupportedSetting(0x80001019)
01-03 06:48:43.041   473   905 E OMX-VDEC-1080P: Extension: OMX.google.android.index.storeANWBufferInMetadata not implemented
01-03 06:48:43.041   473   905 I OMX-VDEC-1080P: omx_vdec::component_deinit() complete
01-03 06:48:43.043   473   905 I OMX-VDEC-1080P: Exit OMX vdec Destructor: fd=14
01-03 06:48:43.044   473   905 I OMX-VDEC-1080P: component_init: OMX.qcom.video.decoder.hevc : fd=14
01-03 06:48:43.044   473   905 I OMX-VDEC-1080P: Capabilities: driver_name = msm_vidc_driver, card = msm_vdec_8974, bus_info = , version = 1, capabilities = 4003000
01-03 06:48:43.045   768   992 I StatusBarManagerService: registerStatusBar bar=com.android.internal.statusbar.IStatusBar$Stub$Proxy@ed62a66
01-03 06:48:43.048   468   765 I iptables: iptables: No chain/target/match by that name.
01-03 06:48:43.049   468   765 I iptables: iptables terminated by exit(1)
01-03 06:48:43.049   468   765 E Netd    : exec() res=0, status=256 for /system/bin/iptables -w -X st_clear_caught 
01-03 06:48:43.049   473   905 I OMX-VDEC-1080P: omx_vdec::component_init() success : fd=14
01-03 06:48:43.050   473   905 E OMXNodeInstance: getParameter(19:qcom.decoder.hevc.secure, ??(0x7f000044)) ERROR: UnsupportedSetting(0x80001019)
01-03 06:48:43.050   473   905 E OMXNodeInstance: getParameter(19:qcom.decoder.hevc.secure, ??(0x7f000044)) ERROR: UnsupportedSetting(0x80001019)
01-03 06:48:43.050   473   905 E OMX-VDEC-1080P: Extension: OMX.google.android.index.storeANWBufferInMetadata not implemented
01-03 06:48:43.050   473   905 I OMX-VDEC-1080P: omx_vdec::component_deinit() complete
01-03 06:48:43.052   473   905 I OMX-VDEC-1080P: Exit OMX vdec Destructor: fd=14
01-03 06:48:43.056   473   905 W OMXNodeInstance: [1a:google.mpeg4.decoder] component does not support metadata mode; using fallback
01-03 06:48:43.059   468   765 I ip6tables: ip6tables: No chain/target/match by that name.
01-03 06:48:43.060   468   765 I ip6tables: ip6tables terminated by exit(1)
01-03 06:48:43.060   468   765 E Netd    : exec() res=0, status=256 for /system/bin/ip6tables -w -X st_clear_caught 
01-03 06:48:43.061   473   905 W OMXNodeInstance: [1b:google.h263.decoder] component does not support metadata mode; using fallback
01-03 06:48:43.067   473   905 W OMXNodeInstance: [1c:google.h264.decoder] component does not support metadata mode; using fallback
01-03 06:48:43.069   468   765 I iptables: iptables: No chain/target/match by that name.
01-03 06:48:43.069   468   765 I iptables: iptables terminated by exit(1)
01-03 06:48:43.069   468   765 E Netd    : exec() res=0, status=256 for /system/bin/iptables -w -X st_clear_detect 
01-03 06:48:43.074   473   905 D SoftHEVC: Number of CPU cores: 8
01-03 06:48:43.074   473   905 D SoftHEVC: Initializing decoder
01-03 06:48:43.075   473   905 D SoftHEVC: Set number of cores to 4
01-03 06:48:43.075   473   905 D SoftHEVC: Ittiam decoder version number: @(#)Id:HEVCDEC_production Ver:04.04 Released by ITTIAM Build: Nov 17 2015 @ 02:00:41
01-03 06:48:43.075   473   905 W OMXNodeInstance: [1d:google.hevc.decoder] component does not support metadata mode; using fallback
01-03 06:48:43.075   473   905 D SoftHEVC: Freeing codec memory
01-03 06:48:43.076   473   905 D SoftHEVC: Number of CPU cores: 8
01-03 06:48:43.076   473   905 D SoftHEVC: Initializing decoder
01-03 06:48:43.076   473   905 D SoftHEVC: Set number of cores to 4
01-03 06:48:43.076   473   905 D SoftHEVC: Ittiam decoder version number: @(#)Id:HEVCDEC_production Ver:04.04 Released by ITTIAM Build: Nov 17 2015 @ 02:00:41
01-03 06:48:43.076   473   905 D SoftHEVC: In SoftHEVC::~SoftHEVC
01-03 06:48:43.076   473   905 D SoftHEVC: Freeing codec memory
01-03 06:48:43.078   468   765 I ip6tables: ip6tables: No chain/target/match by that name.
01-03 06:48:43.079   468   765 I ip6tables: ip6tables terminated by exit(1)
01-03 06:48:43.079   468   765 E Netd    : exec() res=0, status=256 for /system/bin/ip6tables -w -X st_clear_detect 
01-03 06:48:43.083   473   905 W OMXNodeInstance: [1e:google.vp8.decoder] component does not support metadata mode; using fallback
01-03 06:48:43.087   473   905 W OMXNodeInstance: [1f:google.vp9.decoder] component does not support metadata mode; using fallback
01-03 06:48:43.091   473   905 I SoftMPEG4Encoder: Construct SoftMPEG4Encoder
01-03 06:48:43.091   473   905 W ACodec  : do not know color format 0x7f000789 = 2130708361
01-03 06:48:43.097   473   905 W ACodec  : do not know color format 0x7f000789 = 2130708361
01-03 06:48:43.100   473   905 I SoftMPEG4Encoder: Construct SoftMPEG4Encoder
01-03 06:48:43.100   473   905 W ACodec  : do not know color format 0x7f000789 = 2130708361
01-03 06:48:43.107   473   905 W ACodec  : do not know color format 0x7f000789 = 2130708361
01-03 06:48:43.113   473   905 W MediaCodecList: unable to open media codecs configuration xml file: /data/misc/media/media_codecs_profiling_results.xml
01-03 06:48:43.114   985  1030 I OMXClient: Using client-side OMX mux.
01-03 06:48:43.183   985  1159 I OMXClient: Using client-side OMX mux.
01-03 06:48:43.252   985  1169 I OMXClient: Using client-side OMX mux.
01-03 06:48:43.292   768   897 D WifiService: New client listening to asynchronous messages
01-03 06:48:43.458   768   786 D BluetoothManagerService: Added callback: android.bluetooth.IBluetoothManagerCallback$Stub$Proxy@fbf8e57:true
01-03 06:48:43.471   985   985 D LocalBluetoothProfileManager: Adding local MAP profile
01-03 06:48:43.474   985   985 D BluetoothMap: Create BluetoothMap proxy object
01-03 06:48:43.479   985   985 D LocalBluetoothProfileManager: LocalBluetoothProfileManager construction complete
01-03 06:48:43.485   768   992 D ConnectivityService: listenForNetwork for Listen from uid/pid:10016/985 for NetworkRequest [ id=3, legacyType=-1, [] ]
01-03 06:48:43.494   768   768 D PermissionMonitor: Monitoring
01-03 06:48:43.500   768   768 D PermissionMonitor: Users: 1, Apps: 59
01-03 06:48:43.502   985   985 I CameraManagerGlobal: Connecting to camera service
01-03 06:48:43.505   768   768 I SystemServiceManager: Starting phase 600
01-03 06:48:43.505   473   906 D audio_hw_primary: adev_set_parameters: enter: A2dpSuspended=false
01-03 06:48:43.505   768   786 D BluetoothManagerService: Added callback: android.bluetooth.BluetoothAdapter$1@369acd3:true
01-03 06:48:43.510   473   906 I AudioFlinger: systemReady
01-03 06:48:43.512   768   768 I BackupManagerService: Backup enabled => false
01-03 06:48:43.512   768   783 W WindowManager: Keyguard drawn timeout. Setting mKeyguardDrawComplete
01-03 06:48:43.522   768   768 E InputMethodManagerService: Ignoring updateSystemUiLocked due to an invalid token. uid:1000 token:null
01-03 06:48:43.529   768  1201 E WVMExtractor: Failed to open libwvm.so: dlopen failed: library "libwvm.so" not found
01-03 06:48:43.540   768  1205 I OMXClient: Using client-side OMX mux.
01-03 06:48:43.544   768   768 I ActivityManager: Start proc 1207:com.android.inputmethod.latin/u0a37 for service com.android.inputmethod.latin/.LatinIME
01-03 06:48:43.544   768   768 V InputMethodManagerService: Adding window token: android.os.Binder@16b4c15
01-03 06:48:43.551   768   768 W LocationManagerService: no network location provider found
01-03 06:48:43.555   768   768 E LocationManagerService: no geocoder provider found
01-03 06:48:43.560   768   768 E HAL     : load: module=/vendor/lib64/hw/flp.default.so
01-03 06:48:43.560   768   768 E HAL     : dlopen failed: library "libloc_core.so" not found
01-03 06:48:43.560   768   768 E FlpHardwareProvider: Error hw_get_module 'flp': -22
01-03 06:48:43.560   768   768 E LocationManagerService: FLP HAL not supported
01-03 06:48:43.562   768   768 E LocationManagerService: Unable to bind FLP Geofence proxy.
01-03 06:48:43.565   768   768 I ActivityRecognitionHAL: open_activity
01-03 06:48:43.565   768   768 I ActivityRecognitionHAL: registerActivityCallback
01-03 06:48:43.566   768   768 I ActivityRecognitionHAL: registerActivityCallback
01-03 06:48:43.566   768   768 I ActivityRecognitionHAL: get_activity_list
01-03 06:48:43.567   768   768 E ActivityRecognitionProxy: ServiceWatcher could not start.
01-03 06:48:43.567   768   768 E LocationManagerService: Unable to bind ActivityRecognitionProxy.
01-03 06:48:43.570   768   795 I hubconnection: sensorhub said: 'activate 14 enable:0'
01-03 06:48:43.571   768   768 I CommonTimeManagementService: No common time service detected on this platform.  Common time services will be unavailable.
01-03 06:48:43.573   768   874 I InputReader: Reconfiguring input devices.  changes=0x00000020
01-03 06:48:43.573   768   768 I MmsServiceBroker: Delay connecting to MmsService until an API is called
01-03 06:48:43.575   768   768 D MountService: onStartUser 0
01-03 06:48:43.575   768   768 D VoldConnector: SND -> {6 volume user_started 0}
01-03 06:48:43.576   768   874 I InputReader: Reconfiguring input devices.  changes=0x00000010
01-03 06:48:43.576   341   378 D vold    : Linking /storage/emulated/0 to /mnt/user/0/primary
01-03 06:48:43.577   768   876 D VoldConnector: RCV <- {200 6 Command succeeded}
01-03 06:48:43.578   768   875 D MountService: Volume emulated broadcasting mounted to UserHandle{0}
01-03 06:48:43.579   768   768 W VoiceInteractionManagerService: no available voice interaction services found for user 0
01-03 06:48:43.579   768   768 W VoiceInteractionManagerService: no available voice recognition services found for user 0
01-03 06:48:43.579   932   932 D MtpService: onStorageStateChanged /storage/emulated/0 mounted -> mounted
01-03 06:48:43.595   768   768 I ActivityManager: Start proc 1227:com.android.nfc/1027 for added application com.android.nfc
01-03 06:48:43.610   768   768 I ActivityManager: Start proc 1239:com.android.phone/1001 for added application com.android.phone
01-03 06:48:43.612   768   768 I ActivityManager: START u0 {act=android.intent.action.MAIN cat=[android.intent.category.HOME] flg=0x10000000 cmp=com.android.launcher3/.Launcher} from uid 0 on display 0
01-03 06:48:43.633   768   768 I ActivityManager: Start proc 1255:com.android.launcher3/u0a8 for activity com.android.launcher3/.Launcher
01-03 06:48:43.636   768   768 E Build   : Mismatched fingerprints; system reported Android/aosp_angler/angler:6.0/MDB08M/jian11170133:userdebug/test-keys but vendor reported google/angler/angler:6.0/MDB08M/2353240:user/release-keys
01-03 06:48:43.636   768   768 E ActivityManager: Build fingerprint is not consistent, warning user
01-03 06:48:43.638   768   768 I SystemServer: Enabled StrictMode for system server main thread.
01-03 06:48:43.660   768   781 I ActivityManager: Start proc 1272:com.android.printspooler/u0a47 for service com.android.printspooler/.model.PrintSpoolerService
01-03 06:48:43.662   768   768 D RttService: SCAN_AVAILABLE : 1
01-03 06:48:43.663  1239  1239 W System  : ClassLoader referenced unknown path: /system/priv-app/TeleService/lib/arm64
01-03 06:48:43.664   768   913 D RttService: DefaultState got{ when=0 what=160513 target=com.android.internal.util.StateMachine$SmHandler }
01-03 06:48:43.666   768  1277 I OMXClient: Using client-side OMX mux.
01-03 06:48:43.668   768  1269 D OpenGLRenderer: Use EGL_SWAP_BEHAVIOR_PRESERVED: true
01-03 06:48:43.674   768   947 I ActivityManager: Start proc 1281:android.process.acore/u0a2 for content provider com.android.providers.contacts/.ContactsProvider2
01-03 06:48:43.688   768   768 I Choreographer: Skipped 71 frames!  The application may be doing too much work on its main thread.
01-03 06:48:43.691   985  1302 D OpenGLRenderer: Use EGL_SWAP_BEHAVIOR_PRESERVED: true
01-03 06:48:43.691   985  1302 D OpenGLRenderer: profile bars disabled
01-03 06:48:43.692   985  1302 D OpenGLRenderer: ambientRatio = 1.50
01-03 06:48:43.697  1255  1255 W System  : ClassLoader referenced unknown path: /system/priv-app/Launcher3/lib/arm64
01-03 06:48:43.700   768   768 W System  : ClassLoader referenced unknown path: /system/priv-app/Telecom/lib/arm64
01-03 06:48:43.706  1239  1239 W System  : ClassLoader referenced unknown path: /system/priv-app/TelephonyProvider/lib/arm64
01-03 06:48:43.713  1207  1207 I LatinIME: Hardware accelerated drawing: true
01-03 06:48:43.721  1227  1227 I NfcService: Starting NFC service
01-03 06:48:43.733  1239  1239 D TelephonyProvider: dbh.onOpen: ok, queried table=siminfo
01-03 06:48:43.734  1239  1239 D TelephonyProvider: dbh.onOpen: ok, queried table=carriers
01-03 06:48:43.739   985   985 D PhoneStatusBar: disable: < expand icons alerts system_info back home recent clock search quick_settings >
01-03 06:48:43.740  1281  1281 W System  : ClassLoader referenced unknown path: /system/priv-app/ContactsProvider/lib/arm64
01-03 06:48:43.751   476   476 E QC-QMI  : qmi_client [476]: unable to connect to server, errno=[2:No such file or directory], attempt=10
01-03 06:48:43.752   768   768 I Telecom : Class: TelecomSystem.INSTANCE being set
01-03 06:48:43.753   768   768 W ContextImpl: Calling a method in the system process without a qualified user: android.app.ContextImpl.startService:1221 android.content.ContextWrapper.startService:581 com.android.server.telecom.components.TelecomService.initializeTelecomSystem:107 com.android.server.telecom.components.TelecomService.onBind:46 android.app.ActivityThread.handleBindService:2904 
01-03 06:48:43.756   768  1269 I Adreno  : QUALCOMM build                   : fcf4852, I1af360237c
01-03 06:48:43.756   768  1269 I Adreno  : Build Date                       : 09/23/15
01-03 06:48:43.756   768  1269 I Adreno  : OpenGL ES Shader Compiler Version: XE031.05.13.02
01-03 06:48:43.756   768  1269 I Adreno  : Local Branch                     : mybranch14465806
01-03 06:48:43.756   768  1269 I Adreno  : Remote Branch                    : quic/LA.BF64.1.2.9_v2
01-03 06:48:43.756   768  1269 I Adreno  : Remote Branch                    : NONE
01-03 06:48:43.756   768  1269 I Adreno  : Reconstruct Branch               : NOTHING
01-03 06:48:43.757   768  1309 I OMXClient: Using client-side OMX mux.
01-03 06:48:43.762  1272  1272 I PrintSpoolerService: No existing print spooler state.
01-03 06:48:43.778   985   985 D PhoneStatusBar: heads up is enabled
01-03 06:48:43.782   768  1269 I OpenGLRenderer: Initialized EGL, version 1.4
01-03 06:48:43.785   985   985 D ViewRootImpl: changeCanvasOpacity: opaque=true
01-03 06:48:43.790  1227  1227 D BrcmNfcJni: JNI_OnLoad: enter
01-03 06:48:43.790  1227  1227 I BrcmNfcJni: NFC Service: loading nci JNI
01-03 06:48:43.790  1227  1227 D BrcmNfcJni: register_com_android_nfc_NativeNfcManager: enter
01-03 06:48:43.790  1227  1227 D BrcmNfcJni: PowerSwitch::initialize: level=PS-UNKNOWN (0)
01-03 06:48:43.791  1227  1227 D NfcAdaptation: bool CNfcConfig::readConfig(const char*, bool) Opened base config /etc/libnfc-brcm.conf
01-03 06:48:43.799   768   768 W System  : ClassLoader referenced unknown path: /system/priv-app/FusedLocation/lib/arm64
01-03 06:48:43.805  1227  1227 D NfcAdaptation: const CNfcParam* CNfcConfig::find(const char*) const found SCREEN_OFF_POWER_STATE=(0x1)
01-03 06:48:43.805  1227  1227 D BrcmNfcJni: PowerSwitch::initialize: desired screen-off state=1
01-03 06:48:43.805  1227  1227 D BrcmNfcJni: register_com_android_nfc_NativeNfcManager: exit
01-03 06:48:43.806  1227  1227 D BrcmNfcJni: register_com_android_nfc_NativeNfcTag
01-03 06:48:43.806  1227  1227 D BrcmNfcJni: RoutingManager::RoutingManager(): default route is 0x00
01-03 06:48:43.806  1227  1227 D NfcAdaptation: const CNfcParam* CNfcConfig::find(const char*) const found DEFAULT_OFFHOST_ROUTE=(0x2)
01-03 06:48:43.806  1227  1227 D NfcAdaptation: const CNfcParam* CNfcConfig::find(const char*) const found AID_MATCHING_MODE=(0x1)
01-03 06:48:43.809   932   932 D MediaScannerReceiver: action: android.intent.action.MEDIA_MOUNTED path: /storage/emulated/0
01-03 06:48:43.811   768   768 V WiredAccessoryManager: notifyWiredAccessoryChanged: when=0 bits= mask=54
01-03 06:48:43.811   768   768 V WiredAccessoryManager: newName=h2w newState=0 headsetState=0 prev headsetState=0
01-03 06:48:43.811   768   768 E WiredAccessoryManager: No state change.
01-03 06:48:43.811   768   768 V WiredAccessoryManager: init()
01-03 06:48:43.820  1281  1281 W System  : ClassLoader referenced unknown path: /system/app/UserDictionaryProvider/lib/arm64
01-03 06:48:43.827   375   390 D PermissionCache: checking android.permission.HARDWARE_TEST for uid=1000 => granted (561 us)
01-03 06:48:43.828   473   905 D audio_hw_primary: adev_set_mic_mute: state 0
01-03 06:48:43.834   768   768 V BackupManagerService: Connected to transport ComponentInfo{android/com.android.internal.backup.LocalTransportService}
01-03 06:48:43.835   768   768 V BackupManagerService: Registering transport android/com.android.internal.backup.LocalTransportService::android/com.android.internal.backup.LocalTransport = android.app.backup.BackupTransport$TransportImpl@e0eb06c
01-03 06:48:43.846   768  1339 I OMXClient: Using client-side OMX mux.
01-03 06:48:43.861  1227  1227 D BrcmNfcJni: RoutingManager::RoutingManager(): mOffHostEe=0x02 mAidMatchingMode=0x 1
01-03 06:48:43.861  1227  1227 D BrcmNfcJni: RoutingManager::registerJniFunctions
01-03 06:48:43.861  1227  1227 D BrcmNfcJni: JNI_OnLoad: exit
01-03 06:48:43.861  1227  1227 D BrcmNfcJni: nfcManager_initNativeStruc: enter
01-03 06:48:43.862  1227  1227 D BrcmNfcJni: nfcManager_initNativeStruc: exit
01-03 06:48:43.865   768   786 D BluetoothManagerService: Added callback: android.bluetooth.IBluetoothManagerCallback$Stub$Proxy@a5b6aca:true
01-03 06:48:43.865  1227  1227 W Settings: Setting device_provisioned has moved from android.provider.Settings.Secure to android.provider.Settings.Global.
01-03 06:48:43.883   985  1302 I Adreno  : QUALCOMM build                   : fcf4852, I1af360237c
01-03 06:48:43.883   985  1302 I Adreno  : Build Date                       : 09/23/15
01-03 06:48:43.883   985  1302 I Adreno  : OpenGL ES Shader Compiler Version: XE031.05.13.02
01-03 06:48:43.883   985  1302 I Adreno  : Local Branch                     : mybranch14465806
01-03 06:48:43.883   985  1302 I Adreno  : Remote Branch                    : quic/LA.BF64.1.2.9_v2
01-03 06:48:43.883   985  1302 I Adreno  : Remote Branch                    : NONE
01-03 06:48:43.883   985  1302 I Adreno  : Reconstruct Branch               : NOTHING
01-03 06:48:43.897   985  1302 I OpenGLRenderer: Initialized EGL, version 1.4
01-03 06:48:43.901  1255  1255 V Launcher: LauncherAppState inited
01-03 06:48:43.906  1227  1227 W NfceeAccess: could not find /etc/nfcee_access.xml, no NFCEE access allowed
01-03 06:48:43.906  1227  1227 I NfceeAccess: read 0 signature(s) for NFCEE access
01-03 06:48:43.907  1227  1227 W NfcSccAccess: could not find /etc/nfcscc_access.xml, no NFCSCC access allowed
01-03 06:48:43.907  1227  1227 I NfcSccAccess: read 0 signature(s) for NFCSCC access
01-03 06:48:43.907  1227  1227 W NfcSeAccess: could not find /etc/nfcse_access.xml, no NFCSE access allowed
01-03 06:48:43.907  1227  1227 I NfcSeAccess: read 0 signature(s) for NFCSE access
01-03 06:48:43.909  1227  1227 D NfcService: Enforcing a policy change on user: UserHandle{0}, isActiveForUser = true
01-03 06:48:43.910  1227  1227 W Settings: Setting airplane_mode_radios has moved from android.provider.Settings.System to android.provider.Settings.Global, returning read-only value.
01-03 06:48:43.911  1227  1227 W Settings: Setting airplane_mode_toggleable_radios has moved from android.provider.Settings.System to android.provider.Settings.Global, returning read-only value.
01-03 06:48:43.924   768   903 D NotificationSQLiteLog: Pruned event entries: 0
01-03 06:48:43.929  1227  1227 D AidRoutingManager: mDefaultRoute=0x0
01-03 06:48:43.929  1227  1227 D AidRoutingManager: mDefaultOffHostRoute=0x2
01-03 06:48:43.929  1227  1227 D AidRoutingManager: mAidMatchingSupport=0x1
01-03 06:48:43.929  1227  1227 D AidRoutingManager: mAidMatchingPlatform=0x1
01-03 06:48:43.929  1227  1227 D AidRoutingManager: mAidTableSize=0x294
01-03 06:48:43.930   768   897 D WifiService: New client listening to asynchronous messages
01-03 06:48:43.930   768   768 I AccountManagerService: getTypesVisibleToCaller: isPermitted? true
01-03 06:48:43.930  1227  1227 D RegisteredAidCache: Controller supports AID prefix routing
01-03 06:48:43.934   768  1348 I OMXClient: Using client-side OMX mux.
01-03 06:48:43.947  1207  1207 W InputAttributes: No editor info for this field. Bug?
01-03 06:48:43.947  1255  1255 D Launcher.Model: Old launcher provider: content://com.android.launcher2.settings/favorites?notify=true
01-03 06:48:43.947  1255  1255 D Launcher.Model: Old launcher provider does not exist.
01-03 06:48:43.947  1227  1227 D RegisteredServicesCache: Dynamic AIDs file does not exist.
01-03 06:48:43.948  1227  1227 D RegisteredNxpServicesCache: Dynamic APDU Service file does not exist.
01-03 06:48:43.950  1227  1227 D CardEmulationManager: Current default: null
01-03 06:48:43.950  1227  1227 D CardEmulationManager: No default set, last payment service removed.
01-03 06:48:43.950  1227  1227 D RegisteredAidCache: onServicesUpdated
01-03 06:48:43.950  1227  1227 D RegisteredAidCache: Not updating routing table because NFC is off.
01-03 06:48:43.951  1227  1227 D RegisteredNfcid2Cache: onServicesUpdated
01-03 06:48:43.951  1227  1227 D RegisteredNfcid2Cache: generateAidCacheLocked: mNfcid2Cache size 0
01-03 06:48:43.951  1227  1227 D RegisteredNfcid2Cache: Not updating routing table because NFC is off.
01-03 06:48:43.951  1227  1227 D NfcService: Before mIsHceCapable
01-03 06:48:43.955  1227  1362 D NfcService: checking on firmware download
01-03 06:48:43.955  1227  1362 I NfcService: checking PREF_NFC_ON...
01-03 06:48:43.955  1227  1362 W Settings: Setting airplane_mode_on has moved from android.provider.Settings.System to android.provider.Settings.Global, returning read-only value.
01-03 06:48:43.956  1227  1362 D NfcService: NFC is on. Doing normal stuff
01-03 06:48:43.959  1227  1227 W Settings: Setting airplane_mode_radios has moved from android.provider.Settings.System to android.provider.Settings.Global, returning read-only value.
01-03 06:48:43.959  1227  1227 W Settings: Setting airplane_mode_toggleable_radios has moved from android.provider.Settings.System to android.provider.Settings.Global, returning read-only value.
01-03 06:48:43.960   768   768 I FusedLocation: engine started (com.android.location.fused)
01-03 06:48:43.965  1207  1367 I LatinIME:LogUtils: Dictionary info: dictionary = contacts.en_US ; version = 197323 ; date = ?
01-03 06:48:43.968   768  1252 I AccountManagerService: getTypesVisibleToCaller: isPermitted? true
01-03 06:48:44.025  1281  1320 I ContactLocale: AddressBook Labels [en-US]: [, A, B, C, D, E, F, G, H, I, J, K, L, M, N, O, P, Q, R, S, T, U, V, W, X, Y, Z, , , , , , , , , , , , , , , , , , , , , , , , , , , , , , , , , , , , , , , , , , , , , , , , , , , , , , , , , , , , , , , , , , , , , , , , , , , , , , , , , , , , , , , , , , , , , , , , , , , , , , , , , , , , , , , , , , , , , , , , , , , , , , , , , , , , , , , , , , , , , , , , , , , , , , , , , , , , , , , , , , , , , , , , , , , , , , , , , , , , , , , , , , , #, ]
01-03 06:48:44.035   768  1374 I OMXClient: Using client-side OMX mux.
01-03 06:48:44.041   932  1328 V MediaScanner: pruneDeadThumbnailFiles... android.database.sqlite.SQLiteCursor@5c28afd
01-03 06:48:44.046   932  1328 V MediaScanner: /pruneDeadThumbnailFiles... android.database.sqlite.SQLiteCursor@5c28afd
01-03 06:48:44.055   768  1251 I ActivityManager: Start proc 1379:com.android.smspush/u0a51 for service com.android.smspush/.WapPushManager
01-03 06:48:44.068   768   915 V KeyValueBackupJob: Scheduling k/v pass in 245 minutes
01-03 06:48:44.082  1239  1403 E DcSwitchStateMachine-0: DctController is not ready
01-03 06:48:44.084   768   898 E ConnectivityService: Failed to find Messenger in unregisterNetworkFactory
01-03 06:48:44.085   768   898 D ConnectivityService: Got NetworkFactory Messenger for Telephony
01-03 06:48:44.103   768   782 I ActivityManager: Start proc 1405:com.android.music/u0a40 for broadcast com.android.music/.MediaButtonIntentReceiver
01-03 06:48:44.104  1379  1379 W System  : ClassLoader referenced unknown path: /system/app/WAPPushManager/lib/arm64
01-03 06:48:44.120   768   768 I ActivityManager: Start proc 1418:com.android.quicksearchbox/u0a49 for broadcast com.android.quicksearchbox/.SearchWidgetProvider
01-03 06:48:44.137  1405  1405 W System  : ClassLoader referenced unknown path: /system/app/Music/lib/arm64
01-03 06:48:44.146  1239  1239 D CarrierConfigLoader: CarrierConfigLoader has started
01-03 06:48:44.148   768   786 D BluetoothManagerService: Added callback: android.bluetooth.IBluetoothManagerCallback$Stub$Proxy@c5ee9c6:true
01-03 06:48:44.156  1418  1418 W System  : ClassLoader referenced unknown path: /system/app/QuickSearchBox/lib/arm64
01-03 06:48:44.170   473   906 D PermissionCache: checking android.permission.MODIFY_AUDIO_SETTINGS for uid=1001 => granted (2591 us)
01-03 06:48:44.170   473   906 D audio_hw_primary: adev_set_parameters: enter: HACSetting=OFF
01-03 06:48:44.176  1255  1352 W Launcher: setApplicationContext called twice! old=android.app.Application@155f642 new=android.app.Application@155f642
01-03 06:48:44.184  1255  1436 D OpenGLRenderer: Use EGL_SWAP_BEHAVIOR_PRESERVED: true
01-03 06:48:44.187   768  1252 I AccountManagerService: getTypesVisibleToCaller: isPermitted? true
01-03 06:48:44.188  1239  1239 I Telephony: TtyManager: updateUiTtyMode -1 -> 0
01-03 06:48:44.225  1255  1436 I Adreno  : QUALCOMM build                   : fcf4852, I1af360237c
01-03 06:48:44.225  1255  1436 I Adreno  : Build Date                       : 09/23/15
01-03 06:48:44.225  1255  1436 I Adreno  : OpenGL ES Shader Compiler Version: XE031.05.13.02
01-03 06:48:44.225  1255  1436 I Adreno  : Local Branch                     : mybranch14465806
01-03 06:48:44.225  1255  1436 I Adreno  : Remote Branch                    : quic/LA.BF64.1.2.9_v2
01-03 06:48:44.225  1255  1436 I Adreno  : Remote Branch                    : NONE
01-03 06:48:44.225  1255  1436 I Adreno  : Reconstruct Branch               : NOTHING
01-03 06:48:44.232  1255  1436 I OpenGLRenderer: Initialized EGL, version 1.4
01-03 06:48:44.266  1207  1367 I LatinIME:LogUtils: Dictionary info: dictionary = userunigram.en_US ; version = 197324 ; date = ?
01-03 06:48:44.277   768   780 I ActivityManager: Start proc 1444:com.android.settings/1000 for broadcast com.android.settings/.sim.SimSelectNotification
01-03 06:48:44.307  1207  1367 I LatinIME:LogUtils: Dictionary info: dictionary = UserHistoryDictionary.en_US ; version = 197324 ; date = ?
01-03 06:48:44.316   768   787 I ActivityManager: Displayed com.android.launcher3/.Launcher: +691ms
01-03 06:48:44.327  1239  1239 D TelephonyDebugService: TelephonyDebugService()
01-03 06:48:44.331   768   897 D WifiService: New client listening to asynchronous messages
01-03 06:48:44.333  1239  1239 D CarrierConfigLoader: mHandler: 12 phoneId: 0
01-03 06:48:44.336  1444  1444 W System  : ClassLoader referenced unknown path: /system/priv-app/Settings/lib/arm64
01-03 06:48:44.337  1239  1239 E PhoneInterfaceManager: [PhoneIntfMgr] getIccId: No UICC
01-03 06:48:44.344   768   779 I Telecom : PhoneAccountRegistrar: [ComponentInfo{com.android.phone/com.android.services.telephony.TelephonyConnectionService}, [e0184adedf913b076626646d3f52c3b49c39ad6d], UserHandle{0}(icon: Icon(typ=BITMAP size=67x84) -> Icon(typ=BITMAP size=67x84))]
01-03 06:48:44.355   768   779 I Telecom : : Sending phone-account intent as user
01-03 06:48:44.359  1239  1239 I Telephony: AccountEntry: Registered phoneAccount: [[ ] PhoneAccount: ComponentInfo{com.android.phone/com.android.services.telephony.TelephonyConnectionService}, [e0184adedf913b076626646d3f52c3b49c39ad6d], UserHandle{0} Capabilities: 54 Schemes: tel voicemail ] with handle: ComponentInfo{com.android.phone/com.android.services.telephony.TelephonyConnectionService}, [e0184adedf913b076626646d3f52c3b49c39ad6d], UserHandle{0}
01-03 06:48:44.360  1239  1239 I Telephony: PstnIncomingCallNotifier: Registering: Handler (com.android.internal.telephony.gsm.GSMPhone) {836d97c}
01-03 06:48:44.361  1207  1367 I LatinIME:LogUtils: Dictionary info: dictionary = main:en ; version = 54 ; date = 1414726273
01-03 06:48:44.363   768  1258 W Telecom : : No account found for the calling user
01-03 06:48:44.378   768   782 V KeyguardServiceDelegate: *** Keyguard started
01-03 06:48:44.378   768   782 I sensors : flush
01-03 06:48:44.379   768   782 W KeyguardServiceDelegate: onScreenTurningOn(): no keyguard service!
01-03 06:48:44.383   768   795 I hubconnection: sensorhub said: 'flush 31'
01-03 06:48:44.383   768   795 I hubconnection: saw sensor 31 flushed
01-03 06:48:44.398  1239  1462 D SIP     : [SipSharedPreferences] isReceivingCallsEnabled, option not set; use default value, exception: android.provider.Settings$SettingNotFoundException: sip_receive_calls
01-03 06:48:44.420  1255  1436 V RenderScript: 0x7f866a9000 Launching thread(s), CPUs 8
01-03 06:48:44.697   985   985 I Choreographer: Skipped 41 frames!  The application may be doing too much work on its main thread.
01-03 06:48:44.701   985   985 W PathParser: Points are too far apart 4.030360828967057
01-03 06:48:44.701   985   985 W PathParser: Points are too far apart 4.030360538880159
01-03 06:48:44.721   768   768 V KeyguardServiceDelegate: *** Keyguard connected (yay!)
01-03 06:48:44.726   768   947 D CryptdConnector: SND -> {2 cryptfs getpw}
01-03 06:48:44.726   341   379 D VoldCryptCmdListener: cryptfs getpw
01-03 06:48:44.727   341   379 I Ext4Crypt: ext4 crypto complete called on /data
01-03 06:48:44.727   341   379 I Ext4Crypt: No master key, so not ext4enc
01-03 06:48:44.727   341   379 I Ext4Crypt: ext4 crypto complete called on /data
01-03 06:48:44.727   341   379 I Ext4Crypt: No master key, so not ext4enc
01-03 06:48:44.727   768   877 D CryptdConnector: RCV <- {200 2 -1}
01-03 06:48:44.728   768   947 D CryptdConnector: SND -> {3 cryptfs clearpw}
01-03 06:48:44.728   341   379 D VoldCryptCmdListener: cryptfs clearpw
01-03 06:48:44.728   341   379 I Ext4Crypt: ext4 crypto complete called on /data
01-03 06:48:44.729   341   379 I Ext4Crypt: No master key, so not ext4enc
01-03 06:48:44.729   768   877 D CryptdConnector: RCV <- {200 3 0}
01-03 06:48:44.739   985   985 W KeyguardUpdateMonitor: invalid subId in handleSimStateChange()
01-03 06:48:44.742   985   985 W KeyguardUpdateMonitor: invalid subId in handleServiceStateChange()
01-03 06:48:44.752   476   476 E QC-QMI  : qmi_client [476]: unable to connect to server, errno=[2:No such file or directory], attempt=11
01-03 06:48:44.770   985   985 D PhoneStatusBar: disable: < expand ICONS* alerts SYSTEM_INFO* back home recent clock search quick_settings >
01-03 06:48:44.785   985   985 D PhoneStatusBar: disable: < expand ICONS alerts SYSTEM_INFO back home recent clock search quick_settings >
01-03 06:48:44.790   985   985 D PhoneStatusBar: disable: < expand ICONS alerts SYSTEM_INFO back HOME* RECENT* clock SEARCH* quick_settings >
01-03 06:48:44.796   768  1256 V KeyguardServiceDelegate: **** SHOWN CALLED ****
01-03 06:48:44.832   985   985 W PathParser: Points are too far apart 4.030360828967057
01-03 06:48:44.832   985   985 W PathParser: Points are too far apart 4.030360538880159
01-03 06:48:44.906   375  1460 I SurfaceFlinger: Boot is finished (12610 ms)
01-03 06:48:44.920   375   375 D qdhwcomposer: applyDefaultMode: Not able to apply default mode
01-03 06:48:45.124   768   787 I SystemServiceManager: Starting phase 1000
01-03 06:48:45.126   768   787 E QCOMPowerHAL: Failed to acquire lock.
01-03 06:48:45.126   768   787 E QCOMPowerHAL: Failed to acquire lock.
01-03 06:48:45.126   768   787 E QCOMPowerHAL: Failed to acquire lock.
01-03 06:48:45.126   768   787 E QCOMPowerHAL: Failed to acquire lock.
01-03 06:48:45.133   768   768 I AccountManagerService: getTypesVisibleToCaller: isPermitted? true
01-03 06:48:45.161   768  1482 I ActivityManager: Start proc 1485:com.android.keychain/1000 for service com.android.keychain/.KeyChainService
01-03 06:48:45.175   768  1495 I RecoverySystem: No recovery log file
01-03 06:48:45.185   768   947 I ActivityManager: Start proc 1501:com.android.dialer/u0a5 for broadcast com.android.dialer/.calllog.CallLogReceiver
01-03 06:48:45.199  1485  1485 W System  : ClassLoader referenced unknown path: /system/app/KeyChain/lib/arm64
01-03 06:48:45.205   768  1495 I BootReceiver: Copying /sys/fs/pstore/console-ramoops to DropBox (SYSTEM_LAST_KMSG)
01-03 06:48:45.221  1501  1501 W System  : ClassLoader referenced unknown path: /system/priv-app/Dialer/lib/arm64
01-03 06:48:45.298  1501  1501 D ExtensionsFactory: No custom extensions.
01-03 06:48:45.310   768  1495 I BootReceiver: Copying audit failures to DropBox
01-03 06:48:45.324   768  1495 I BootReceiver: Copied 1350 worth of audits to DropBox
01-03 06:48:45.344   768   896 D WIFI    : Registering NetworkFactory
01-03 06:48:45.345   768   896 D WIFI_UT : Registering NetworkFactory
01-03 06:48:45.345   768  1495 I BootReceiver: Checking for fsck errors
01-03 06:48:45.345   768   898 D ConnectivityService: Got NetworkFactory Messenger for WIFI
01-03 06:48:45.345   768   898 D ConnectivityService: Got NetworkFactory Messenger for WIFI_UT
01-03 06:48:45.345   768   896 D WIFI    : got request NetworkRequest [ id=1, legacyType=-1, [ Capabilities: INTERNET&NOT_RESTRICTED&TRUSTED&NOT_VPN] ] with score 0
01-03 06:48:45.346   768   896 D WIFI_UT : got request NetworkRequest [ id=1, legacyType=-1, [ Capabilities: INTERNET&NOT_RESTRICTED&TRUSTED&NOT_VPN] ] with score 0
01-03 06:48:45.360   768   768 I ActivityManager: Start proc 1519:com.android.providers.calendar/u0a1 for broadcast com.android.providers.calendar/.CalendarReceiver
01-03 06:48:45.396  1519  1519 W System  : ClassLoader referenced unknown path: /system/priv-app/CalendarProvider/lib/arm64
01-03 06:48:45.422  1519  1519 I CalendarProvider2: Created com.android.providers.calendar.CalendarAlarmManager@e22648d(com.android.providers.calendar.CalendarProvider2@155f642)
01-03 06:48:45.439   768   992 I AccountManagerService: getTypesVisibleToCaller: isPermitted? true
01-03 06:48:45.455   768  1256 I ActivityManager: Start proc 1536:com.android.managedprovisioning/u0a9 for broadcast com.android.managedprovisioning/.BootReminder
01-03 06:48:45.491  1536  1536 W System  : ClassLoader referenced unknown path: /system/priv-app/ManagedProvisioning/lib/arm64
01-03 06:48:45.631   768  1258 I ActivityManager: Start proc 1552:com.android.onetimeinitializer/u0a11 for broadcast com.android.onetimeinitializer/.OneTimeInitializerReceiver
01-03 06:48:45.664  1552  1552 W System  : ClassLoader referenced unknown path: /system/priv-app/OneTimeInitializer/lib/arm64
01-03 06:48:45.666  1552  1552 V OneTimeInitializerRece: OneTimeInitializerReceiver.onReceive
01-03 06:48:45.682   768  1256 I ActivityManager: Start proc 1567:com.android.calendar/u0a25 for broadcast com.android.calendar/.alerts.AlertReceiver
01-03 06:48:45.720  1567  1567 W System  : ClassLoader referenced unknown path: /system/app/Calendar/lib/arm64
01-03 06:48:45.752   476   476 E QC-QMI  : qmi_client [476]: unable to connect to server, errno=[2:No such file or directory], attempt=12
01-03 06:48:45.787  1567  1567 D ExtensionsFactory: No custom extensions.
01-03 06:48:45.794  1567  1567 D AlertReceiver: onReceive: a=android.intent.action.BOOT_COMPLETED Intent { act=android.intent.action.BOOT_COMPLETED flg=0x8000010 cmp=com.android.calendar/.alerts.AlertReceiver (has extras) }
01-03 06:48:45.816   768  1322 I ActivityManager: Start proc 1586:com.android.deskclock/u0a29 for broadcast com.android.deskclock/.AlarmInitReceiver
01-03 06:48:45.817  1567  1584 D AlertService: 0 Action = android.intent.action.BOOT_COMPLETED
01-03 06:48:45.836  1567  1584 D AlertService: Scheduling next alarm with AlarmScheduler. sEventReminderReceived: null
01-03 06:48:45.854  1586  1586 W System  : ClassLoader referenced unknown path: /system/app/DeskClock/lib/arm64
01-03 06:48:45.874  1586  1586 V AlarmClock: AlarmInitReceiver android.intent.action.BOOT_COMPLETED
01-03 06:48:45.886  1567  1584 D AlarmScheduler: No events found starting within 1 week.
01-03 06:48:45.912  1586  1611 V AlarmClock: AlarmInitReceiver - Reset timers and clear stopwatch data
01-03 06:48:45.933  1586  1611 V AlarmClock: AlarmInitReceiver finished
01-03 06:48:45.947   768   947 I ActivityManager: Start proc 1613:com.android.email/u0a31 for broadcast com.android.email/.service.EmailBroadcastReceiver
01-03 06:48:45.981  1613  1613 W System  : ClassLoader referenced unknown path: /system/app/Email/lib/arm64
01-03 06:48:46.080   768  1322 I ActivityManager: Start proc 1627:com.android.exchange/u0a32 for service com.android.exchange/.service.EasService
01-03 06:48:46.098   768   779 I AccountManagerService: getTypesVisibleToCaller: isPermitted? true
01-03 06:48:46.099  1613  1638 D ActivityThread: Loading provider com.android.email.provider;com.android.email.notifier: com.android.email.provider.EmailProvider
01-03 06:48:46.120  1627  1627 W System  : ClassLoader referenced unknown path: /system/app/Exchange2/lib/arm64
01-03 06:48:46.121   768  1258 I AccountManagerService: getTypesVisibleToCaller: isPermitted? true
01-03 06:48:46.147  1207  1207 I SystemBroadcastReceiver: Boot has been completed
01-03 06:48:46.147  1207  1207 I SystemBroadcastReceiver: toggleAppIcon() : FLAG_SYSTEM = true
01-03 06:48:46.171   768  1251 I ActivityManager: Start proc 1649:com.android.messaging/u0a52 for broadcast com.android.messaging/.receiver.BootAndPackageReplacedReceiver
01-03 06:48:46.216  1649  1649 W System  : ClassLoader referenced unknown path: /system/app/messaging/lib/arm64
01-03 06:48:46.305   768  1256 I AccountManagerService: getTypesVisibleToCaller: isPermitted? true
01-03 06:48:46.308   768  1258 I AccountManagerService: getTypesVisibleToCaller: isPermitted? true
01-03 06:48:46.342  1649  1649 W MessagingApp: PhoneUtils.getForLMR1(): invalid subId = -1
01-03 06:48:46.393  1649  1664 W MessagingApp: PhoneUtils.getForLMR1(): invalid subId = -1
01-03 06:48:46.397  1613  1645 W art     : Long monitor contention event with owner method=long android.database.sqlite.SQLiteConnection.nativeOpen(java.lang.String, int, java.lang.String, boolean, boolean) from SQLiteConnection.java:4294967294 waiters=0 for 236ms
01-03 06:48:46.400  1613  1646 W art     : Long monitor contention event with owner method=long android.database.sqlite.SQLiteConnection.nativeOpen(java.lang.String, int, java.lang.String, boolean, boolean) from SQLiteConnection.java:4294967294 waiters=1 for 239ms
01-03 06:48:46.403  1613  1624 W art     : Long monitor contention event with owner method=long android.database.sqlite.SQLiteConnection.nativeOpen(java.lang.String, int, java.lang.String, boolean, boolean) from SQLiteConnection.java:4294967294 waiters=3 for 197ms
01-03 06:48:46.407  1627  1627 I Exchange: EasService.onCreate
01-03 06:48:46.409  1613  1638 W art     : Long monitor contention event with owner method=long android.database.sqlite.SQLiteConnection.nativeOpen(java.lang.String, int, java.lang.String, boolean, boolean) from SQLiteConnection.java:4294967294 waiters=2 for 245ms
01-03 06:48:46.411  1649  1665 I MessagingAppDataModel: Fixup: Send failed - 0 Download failed - 0
01-03 06:48:46.418  1649  1668 W MessagingApp: PhoneUtils.getForLMR1(): invalid subId = -1
01-03 06:48:46.424  1649  1665 W MessagingApp: PhoneUtils.getForLMR1(): invalid subId = -1
01-03 06:48:46.427  1649  1667 W MessagingApp: PhoneUtils.getForLMR1(): invalid subId = -1
01-03 06:48:46.449  1627  1670 I Exchange: RestartPingTask
01-03 06:48:46.450   768  1322 W ActivityManager: Unable to start service Intent { cmp=com.android.email/.service.AttachmentService } U=0: not found
01-03 06:48:46.456   768  1258 W ActivityManager: Unable to start service Intent { cmp=com.android.email/.service.AttachmentService } U=0: not found
01-03 06:48:46.462  1519  1519 I CalendarProvider2: Sending notification intent: Intent { act=android.intent.action.PROVIDER_CHANGED dat=content://com.android.calendar }
01-03 06:48:46.462  1519  1519 W ContentResolver: Failed to get type for: content://com.android.calendar (Unknown URL content://com.android.calendar)
01-03 06:48:46.465  1567  1567 D AlertReceiver: onReceive: a=android.intent.action.PROVIDER_CHANGED Intent { act=android.intent.action.PROVIDER_CHANGED dat=content://com.android.calendar flg=0x10 cmp=com.android.calendar/.alerts.AlertReceiver }
01-03 06:48:46.489  1649  1668 W MessagingApp: PhoneUtils.getForLMR1(): invalid subId = -1
01-03 06:48:46.490  1649  1668 W MessagingApp: PhoneUtils.getForLMR1(): invalid subId = -1
01-03 06:48:46.495  1649  1668 W MessagingApp: PhoneUtils.getSelfRawNumber: subInfo is null for -1
01-03 06:48:46.498  1649  1668 W MessagingApp: PhoneUtils.getForLMR1(): invalid subId = -1
01-03 06:48:46.508  1567  1675 D AlertService: 0 Action = android.intent.action.PROVIDER_CHANGED
01-03 06:48:46.509   473   473 D audio_hw_primary: adev_set_parameters: enter: A2dpSuspended=false
01-03 06:48:46.535  1627  1627 I Exchange: RestartPingsTask did not start any pings.
01-03 06:48:46.536  1627  1627 I Exchange: PSS stopIfIdle
01-03 06:48:46.536  1627  1627 I Exchange: PSS has no active accounts; stopping service.
01-03 06:48:46.552  1649  1679 I MessagingAppDataModel: SyncMessagesAction: Starting batch for messages from 107763058 to 197326338 (message update limit = 80, message scan limit = 4000)
01-03 06:48:46.558  1649  1665 W MessagingApp: PhoneUtils.getForLMR1(): invalid subId = -1
01-03 06:48:46.643  1649  1680 I MessagingAppDataModel: SyncMessagesAction: All messages now in sync
01-03 06:48:46.684  1613  1672 I Email   : Observing account changes for notifications
01-03 06:48:46.687  1627  1627 I Exchange: onDestroy
01-03 06:48:46.690  1613  1648 W art     : Long monitor contention event with owner method=long android.database.sqlite.SQLiteConnection.nativeOpen(java.lang.String, int, java.lang.String, boolean, boolean) from SQLiteConnection.java:4294967294 waiters=0 for 529ms
01-03 06:48:46.692   768  1258 I AccountManagerService: getTypesVisibleToCaller: isPermitted? true
01-03 06:48:46.692   768  1256 I AccountManagerService: getTypesVisibleToCaller: isPermitted? true
01-03 06:48:46.700  1627  1627 I Exchange: EasService.onCreate
01-03 06:48:46.707  1613  1647 W art     : Long monitor contention event with owner method=long android.database.sqlite.SQLiteConnection.nativeOpen(java.lang.String, int, java.lang.String, boolean, boolean) from SQLiteConnection.java:4294967294 waiters=1 for 546ms
01-03 06:48:46.707   768   992 I AccountManagerService: getTypesVisibleToCaller: isPermitted? true
01-03 06:48:46.711  1613  1613 E ActivityThread: Service com.android.email.service.EmailBroadcastProcessorService has leaked ServiceConnection com.android.emailcommon.service.ServiceProxy$ProxyConnection@e728f4a that was originally bound here
01-03 06:48:46.711  1613  1613 E ActivityThread: android.app.ServiceConnectionLeaked: Service com.android.email.service.EmailBroadcastProcessorService has leaked ServiceConnection com.android.emailcommon.service.ServiceProxy$ProxyConnection@e728f4a that was originally bound here
01-03 06:48:46.711  1613  1613 E ActivityThread: 	at android.app.LoadedApk$ServiceDispatcher.<init>(LoadedApk.java:1092)
01-03 06:48:46.711  1613  1613 E ActivityThread: 	at android.app.LoadedApk.getServiceDispatcher(LoadedApk.java:986)
01-03 06:48:46.711  1613  1613 E ActivityThread: 	at android.app.ContextImpl.bindServiceCommon(ContextImpl.java:1303)
01-03 06:48:46.711  1613  1613 E ActivityThread: 	at android.app.ContextImpl.bindService(ContextImpl.java:1286)
01-03 06:48:46.711  1613  1613 E ActivityThread: 	at android.content.ContextWrapper.bindService(ContextWrapper.java:604)
01-03 06:48:46.711  1613  1613 E ActivityThread: 	at com.android.emailcommon.service.ServiceProxy.setTask(ServiceProxy.java:181)
01-03 06:48:46.711  1613  1613 E ActivityThread: 	at com.android.emailcommon.service.ServiceProxy.test(ServiceProxy.java:224)
01-03 06:48:46.711  1613  1613 E ActivityThread: 	at com.android.email.service.EmailServiceUtils.isServiceAvailable(EmailServiceUtils.java:160)
01-03 06:48:46.711  1613  1613 E ActivityThread: 	at com.android.email.provider.AccountReconciler.reconcileAccountsInternal(AccountReconciler.java:171)
01-03 06:48:46.711  1613  1613 E ActivityThread: 	at com.android.email.provider.AccountReconciler.reconcileAccounts(AccountReconciler.java:115)
01-03 06:48:46.711  1613  1613 E ActivityThread: 	at com.android.email.service.EmailBroadcastProcessorService.reconcileAndStartServices(EmailBroadcastProcessorService.java:305)
01-03 06:48:46.711  1613  1613 E ActivityThread: 	at com.android.email.service.EmailBroadcastProcessorService.onBootCompleted(EmailBroadcastProcessorService.java:295)
01-03 06:48:46.711  1613  1613 E ActivityThread: 	at com.android.email.service.EmailBroadcastProcessorService.onHandleIntent(EmailBroadcastProcessorService.java:130)
01-03 06:48:46.711  1613  1613 E ActivityThread: 	at android.app.IntentService$ServiceHandler.handleMessage(IntentService.java:66)
01-03 06:48:46.711  1613  1613 E ActivityThread: 	at android.os.Handler.dispatchMessage(Handler.java:102)
01-03 06:48:46.711  1613  1613 E ActivityThread: 	at android.os.Looper.loop(Looper.java:148)
01-03 06:48:46.711  1613  1613 E ActivityThread: 	at android.os.HandlerThread.run(HandlerThread.java:61)
01-03 06:48:46.715   768  1256 I AccountManagerService: getTypesVisibleToCaller: isPermitted? true
01-03 06:48:46.716  1613  1684 E EmailServiceProxy: RuntimeException when trying to unbind from service
01-03 06:48:46.716  1613  1684 E EmailServiceProxy: java.lang.IllegalArgumentException: Service not registered: com.android.emailcommon.service.ServiceProxy$ProxyConnection@e728f4a
01-03 06:48:46.716  1613  1684 E EmailServiceProxy: 	at android.app.LoadedApk.forgetServiceDispatcher(LoadedApk.java:1044)
01-03 06:48:46.716  1613  1684 E EmailServiceProxy: 	at android.app.ContextImpl.unbindService(ContextImpl.java:1337)
01-03 06:48:46.716  1613  1684 E EmailServiceProxy: 	at android.content.ContextWrapper.unbindService(ContextWrapper.java:616)
01-03 06:48:46.716  1613  1684 E EmailServiceProxy: 	at com.android.emailcommon.service.ServiceProxy$ProxyConnection$1.doInBackground(ServiceProxy.java:124)
01-03 06:48:46.716  1613  1684 E EmailServiceProxy: 	at com.android.emailcommon.service.ServiceProxy$ProxyConnection$1.doInBackground(ServiceProxy.java:113)
01-03 06:48:46.716  1613  1684 E EmailServiceProxy: 	at android.os.AsyncTask$2.call(AsyncTask.java:295)
